[2026-04-23T18:22:47.656+0000] {local_task_job_runner.py:120} INFO - ::group::Pre task execution logs
[2026-04-23T18:22:47.682+0000] {taskinstance.py:2073} INFO - Dependencies all met for dep_context=non-requeueable deps ti=<TaskInstance: stock_pipeline.dbt_run manual__2026-04-23T18:22:14.249698+00:00 [queued]>
[2026-04-23T18:22:47.689+0000] {taskinstance.py:2073} INFO - Dependencies all met for dep_context=requeueable deps ti=<TaskInstance: stock_pipeline.dbt_run manual__2026-04-23T18:22:14.249698+00:00 [queued]>
[2026-04-23T18:22:47.691+0000] {taskinstance.py:2303} INFO - Starting attempt 1 of 2
[2026-04-23T18:22:47.702+0000] {taskinstance.py:2327} INFO - Executing <Task(BashOperator): dbt_run> on 2026-04-23 18:22:14.249698+00:00
[2026-04-23T18:22:47.708+0000] {standard_task_runner.py:90} INFO - Running: ['***', 'tasks', 'run', 'stock_pipeline', 'dbt_run', 'manual__2026-04-23T18:22:14.249698+00:00', '--job-id', '7', '--raw', '--subdir', 'DAGS_FOLDER/stock_pipeline_dag.py', '--cfg-path', '/tmp/tmpicblb3b8']
[2026-04-23T18:22:47.710+0000] {logging_mixin.py:188} WARNING - /home/***/.local/lib/python3.12/site-packages/***/task/task_runner/standard_task_runner.py:61 DeprecationWarning: This process (pid=276) is multi-threaded, use of fork() may lead to deadlocks in the child.
[2026-04-23T18:22:47.711+0000] {standard_task_runner.py:91} INFO - Job 7: Subtask dbt_run
[2026-04-23T18:22:47.711+0000] {standard_task_runner.py:63} INFO - Started process 277 to run task
[2026-04-23T18:22:47.771+0000] {task_command.py:426} INFO - Running <TaskInstance: stock_pipeline.dbt_run manual__2026-04-23T18:22:14.249698+00:00 [running]> on host 8f0c61881487
[2026-04-23T18:22:47.866+0000] {taskinstance.py:2644} INFO - Exporting env vars: AIRFLOW_CTX_DAG_OWNER='***' AIRFLOW_CTX_DAG_ID='stock_pipeline' AIRFLOW_CTX_TASK_ID='dbt_run' AIRFLOW_CTX_EXECUTION_DATE='2026-04-23T18:22:14.249698+00:00' AIRFLOW_CTX_TRY_NUMBER='1' AIRFLOW_CTX_DAG_RUN_ID='manual__2026-04-23T18:22:14.249698+00:00'
[2026-04-23T18:22:47.868+0000] {taskinstance.py:430} INFO - ::endgroup::
[2026-04-23T18:22:47.880+0000] {subprocess.py:63} INFO - Tmp dir root location: /tmp
[2026-04-23T18:22:47.882+0000] {subprocess.py:75} INFO - Running command: ['/usr/bin/bash', '-c', 'dbt run --project-dir /opt/***/dbt_project --profiles-dir /opt/***/dbt_project --log-path /tmp/dbt-logs']
[2026-04-23T18:22:47.889+0000] {subprocess.py:86} INFO - Output:
[2026-04-23T18:22:49.896+0000] {subprocess.py:93} INFO - [0m18:22:49  Running with dbt=1.7.19
[2026-04-23T18:22:51.000+0000] {subprocess.py:93} INFO - [0m18:22:51  Registered adapter: bigquery=1.7.0
[2026-04-23T18:22:51.210+0000] {subprocess.py:93} INFO - [0m18:22:51  Unable to do partial parsing because of a version mismatch
[2026-04-23T18:22:52.834+0000] {subprocess.py:93} INFO - [0m18:22:52  [[33mWARNING[0m]: Did not find matching node for patch with name 'mart_sector_performance' in the 'models' section of file 'models/marts/schema.yml'
[2026-04-23T18:22:52.930+0000] {subprocess.py:93} INFO - [0m18:22:52  Encountered an error:
[2026-04-23T18:22:52.931+0000] {subprocess.py:93} INFO - Compilation Error in test accepted_values_fct_daily_trading__strong_up_up_flat_down_strong_down___performance_label (models/marts/schema.yml)
[2026-04-23T18:22:52.932+0000] {subprocess.py:93} INFO -   macro 'dbt_macro__test_accepted_values' takes no keyword argument 'arguments'
[2026-04-23T18:22:53.284+0000] {subprocess.py:97} INFO - Command exited with return code 2
[2026-04-23T18:22:53.286+0000] {taskinstance.py:441} INFO - ::group::Post task execution logs
[2026-04-23T18:22:53.293+0000] {taskinstance.py:2890} ERROR - Task failed with exception
Traceback (most recent call last):
  File "/home/airflow/.local/lib/python3.12/site-packages/airflow/models/taskinstance.py", line 465, in _execute_task
    result = _execute_callable(context=context, **execute_callable_kwargs)
             ^^^^^^^^^^^^^^^^^^^^^^^^^^^^^^^^^^^^^^^^^^^^^^^^^^^^^^^^^^^^^
  File "/home/airflow/.local/lib/python3.12/site-packages/airflow/models/taskinstance.py", line 432, in _execute_callable
    return execute_callable(context=context, **execute_callable_kwargs)
           ^^^^^^^^^^^^^^^^^^^^^^^^^^^^^^^^^^^^^^^^^^^^^^^^^^^^^^^^^^^^
  File "/home/airflow/.local/lib/python3.12/site-packages/airflow/models/baseoperator.py", line 400, in wrapper
    return func(self, *args, **kwargs)
           ^^^^^^^^^^^^^^^^^^^^^^^^^^^
  File "/home/airflow/.local/lib/python3.12/site-packages/airflow/operators/bash.py", line 243, in execute
    raise AirflowException(
airflow.exceptions.AirflowException: Bash command failed. The command returned a non-zero exit code 2.
[2026-04-23T18:22:53.297+0000] {taskinstance.py:1205} INFO - Marking task as UP_FOR_RETRY. dag_id=stock_pipeline, task_id=dbt_run, execution_date=20260423T182214, start_date=20260423T182247, end_date=20260423T182253
[2026-04-23T18:22:53.308+0000] {standard_task_runner.py:110} ERROR - Failed to execute job 7 for task dbt_run (Bash command failed. The command returned a non-zero exit code 2.; 277)
[2026-04-23T18:22:53.349+0000] {local_task_job_runner.py:240} INFO - Task exited with return code 1
[2026-04-23T18:22:53.386+0000] {taskinstance.py:3482} INFO - 0 downstream tasks scheduled from follow-on schedule check
[2026-04-23T18:22:53.390+0000] {local_task_job_runner.py:222} INFO - ::endgroup::
