[2026-04-23T18:26:17.712+0000] {local_task_job_runner.py:120} INFO - ::group::Pre task execution logs
[2026-04-23T18:26:17.758+0000] {taskinstance.py:2073} INFO - Dependencies all met for dep_context=non-requeueable deps ti=<TaskInstance: stock_pipeline.dbt_run manual__2026-04-23T18:22:14.249698+00:00 [queued]>
[2026-04-23T18:26:17.775+0000] {taskinstance.py:2073} INFO - Dependencies all met for dep_context=requeueable deps ti=<TaskInstance: stock_pipeline.dbt_run manual__2026-04-23T18:22:14.249698+00:00 [queued]>
[2026-04-23T18:26:17.776+0000] {taskinstance.py:2303} INFO - Starting attempt 3 of 4
[2026-04-23T18:26:17.793+0000] {taskinstance.py:2327} INFO - Executing <Task(BashOperator): dbt_run> on 2026-04-23 18:22:14.249698+00:00
[2026-04-23T18:26:17.804+0000] {logging_mixin.py:188} WARNING - /home/***/.local/lib/python3.12/site-packages/***/task/task_runner/standard_task_runner.py:61 DeprecationWarning: This process (pid=367) is multi-threaded, use of fork() may lead to deadlocks in the child.
[2026-04-23T18:26:17.801+0000] {standard_task_runner.py:90} INFO - Running: ['***', 'tasks', 'run', 'stock_pipeline', 'dbt_run', 'manual__2026-04-23T18:22:14.249698+00:00', '--job-id', '9', '--raw', '--subdir', 'DAGS_FOLDER/stock_pipeline_dag.py', '--cfg-path', '/tmp/tmpznfm57_2']
[2026-04-23T18:26:17.805+0000] {standard_task_runner.py:63} INFO - Started process 368 to run task
[2026-04-23T18:26:17.805+0000] {standard_task_runner.py:91} INFO - Job 9: Subtask dbt_run
[2026-04-23T18:26:17.870+0000] {task_command.py:426} INFO - Running <TaskInstance: stock_pipeline.dbt_run manual__2026-04-23T18:22:14.249698+00:00 [running]> on host 8f0c61881487
[2026-04-23T18:26:17.976+0000] {taskinstance.py:2644} INFO - Exporting env vars: AIRFLOW_CTX_DAG_OWNER='***' AIRFLOW_CTX_DAG_ID='stock_pipeline' AIRFLOW_CTX_TASK_ID='dbt_run' AIRFLOW_CTX_EXECUTION_DATE='2026-04-23T18:22:14.249698+00:00' AIRFLOW_CTX_TRY_NUMBER='3' AIRFLOW_CTX_DAG_RUN_ID='manual__2026-04-23T18:22:14.249698+00:00'
[2026-04-23T18:26:17.977+0000] {taskinstance.py:430} INFO - ::endgroup::
[2026-04-23T18:26:17.996+0000] {subprocess.py:63} INFO - Tmp dir root location: /tmp
[2026-04-23T18:26:17.998+0000] {subprocess.py:75} INFO - Running command: ['/usr/bin/bash', '-c', 'dbt run --project-dir /opt/***/dbt_project --profiles-dir /opt/***/dbt_project --log-path /tmp/dbt-logs']
[2026-04-23T18:26:18.007+0000] {subprocess.py:86} INFO - Output:
[2026-04-23T18:26:20.199+0000] {subprocess.py:93} INFO - [0m18:26:20  Running with dbt=1.7.19
[2026-04-23T18:26:20.981+0000] {subprocess.py:93} INFO - [0m18:26:20  Registered adapter: bigquery=1.7.0
[2026-04-23T18:26:21.029+0000] {subprocess.py:93} INFO - [0m18:26:21  Unable to do partial parsing because of a version mismatch
[2026-04-23T18:26:22.520+0000] {subprocess.py:93} INFO - [0m18:26:22  Encountered an error:
[2026-04-23T18:26:22.522+0000] {subprocess.py:93} INFO - [Errno 13] Permission denied: '/opt/***/dbt_project/target/partial_parse.msgpack'
[2026-04-23T18:26:22.523+0000] {subprocess.py:93} INFO - [0m18:26:22  Traceback (most recent call last):
[2026-04-23T18:26:22.524+0000] {subprocess.py:93} INFO -   File "/home/***/.local/lib/python3.12/site-packages/dbt/cli/requires.py", line 91, in wrapper
[2026-04-23T18:26:22.525+0000] {subprocess.py:93} INFO -     result, success = func(*args, **kwargs)
[2026-04-23T18:26:22.526+0000] {subprocess.py:93} INFO -                       ^^^^^^^^^^^^^^^^^^^^^
[2026-04-23T18:26:22.527+0000] {subprocess.py:93} INFO -   File "/home/***/.local/lib/python3.12/site-packages/dbt/cli/requires.py", line 76, in wrapper
[2026-04-23T18:26:22.528+0000] {subprocess.py:93} INFO -     return func(*args, **kwargs)
[2026-04-23T18:26:22.529+0000] {subprocess.py:93} INFO -            ^^^^^^^^^^^^^^^^^^^^^
[2026-04-23T18:26:22.529+0000] {subprocess.py:93} INFO -   File "/home/***/.local/lib/python3.12/site-packages/dbt/cli/requires.py", line 169, in wrapper
[2026-04-23T18:26:22.530+0000] {subprocess.py:93} INFO -     return func(*args, **kwargs)
[2026-04-23T18:26:22.531+0000] {subprocess.py:93} INFO -            ^^^^^^^^^^^^^^^^^^^^^
[2026-04-23T18:26:22.532+0000] {subprocess.py:93} INFO -   File "/home/***/.local/lib/python3.12/site-packages/dbt/cli/requires.py", line 198, in wrapper
[2026-04-23T18:26:22.532+0000] {subprocess.py:93} INFO -     return func(*args, **kwargs)
[2026-04-23T18:26:22.533+0000] {subprocess.py:93} INFO -            ^^^^^^^^^^^^^^^^^^^^^
[2026-04-23T18:26:22.534+0000] {subprocess.py:93} INFO -   File "/home/***/.local/lib/python3.12/site-packages/dbt/cli/requires.py", line 245, in wrapper
[2026-04-23T18:26:22.535+0000] {subprocess.py:93} INFO -     return func(*args, **kwargs)
[2026-04-23T18:26:22.535+0000] {subprocess.py:93} INFO -            ^^^^^^^^^^^^^^^^^^^^^
[2026-04-23T18:26:22.536+0000] {subprocess.py:93} INFO -   File "/home/***/.local/lib/python3.12/site-packages/dbt/cli/requires.py", line 271, in wrapper
[2026-04-23T18:26:22.537+0000] {subprocess.py:93} INFO -     ctx.obj["manifest"] = parse_manifest(
[2026-04-23T18:26:22.537+0000] {subprocess.py:93} INFO -                           ^^^^^^^^^^^^^^^
[2026-04-23T18:26:22.538+0000] {subprocess.py:93} INFO -   File "/home/***/.local/lib/python3.12/site-packages/dbt/parser/manifest.py", line 1790, in parse_manifest
[2026-04-23T18:26:22.539+0000] {subprocess.py:93} INFO -     manifest = ManifestLoader.get_full_manifest(
[2026-04-23T18:26:22.539+0000] {subprocess.py:93} INFO -                ^^^^^^^^^^^^^^^^^^^^^^^^^^^^^^^^^
[2026-04-23T18:26:22.540+0000] {subprocess.py:93} INFO -   File "/home/***/.local/lib/python3.12/site-packages/dbt/parser/manifest.py", line 318, in get_full_manifest
[2026-04-23T18:26:22.541+0000] {subprocess.py:93} INFO -     manifest = loader.load()
[2026-04-23T18:26:22.542+0000] {subprocess.py:93} INFO -                ^^^^^^^^^^^^^
[2026-04-23T18:26:22.542+0000] {subprocess.py:93} INFO -   File "/home/***/.local/lib/python3.12/site-packages/dbt/parser/manifest.py", line 567, in load
[2026-04-23T18:26:22.543+0000] {subprocess.py:93} INFO -     self.write_manifest_for_partial_parse()
[2026-04-23T18:26:22.544+0000] {subprocess.py:93} INFO -   File "/home/***/.local/lib/python3.12/site-packages/dbt/parser/manifest.py", line 754, in write_manifest_for_partial_parse
[2026-04-23T18:26:22.545+0000] {subprocess.py:93} INFO -     with open(path, "wb") as fp:
[2026-04-23T18:26:22.545+0000] {subprocess.py:93} INFO -          ^^^^^^^^^^^^^^^^
[2026-04-23T18:26:22.546+0000] {subprocess.py:93} INFO - PermissionError: [Errno 13] Permission denied: '/opt/***/dbt_project/target/partial_parse.msgpack'
[2026-04-23T18:26:22.547+0000] {subprocess.py:93} INFO - 
[2026-04-23T18:26:22.883+0000] {subprocess.py:97} INFO - Command exited with return code 2
[2026-04-23T18:26:22.884+0000] {taskinstance.py:441} INFO - ::group::Post task execution logs
[2026-04-23T18:26:22.893+0000] {taskinstance.py:2890} ERROR - Task failed with exception
Traceback (most recent call last):
  File "/home/airflow/.local/lib/python3.12/site-packages/airflow/models/taskinstance.py", line 465, in _execute_task
    result = _execute_callable(context=context, **execute_callable_kwargs)
             ^^^^^^^^^^^^^^^^^^^^^^^^^^^^^^^^^^^^^^^^^^^^^^^^^^^^^^^^^^^^^
  File "/home/airflow/.local/lib/python3.12/site-packages/airflow/models/taskinstance.py", line 432, in _execute_callable
    return execute_callable(context=context, **execute_callable_kwargs)
           ^^^^^^^^^^^^^^^^^^^^^^^^^^^^^^^^^^^^^^^^^^^^^^^^^^^^^^^^^^^^
  File "/home/airflow/.local/lib/python3.12/site-packages/airflow/models/baseoperator.py", line 400, in wrapper
    return func(self, *args, **kwargs)
           ^^^^^^^^^^^^^^^^^^^^^^^^^^^
  File "/home/airflow/.local/lib/python3.12/site-packages/airflow/operators/bash.py", line 243, in execute
    raise AirflowException(
airflow.exceptions.AirflowException: Bash command failed. The command returned a non-zero exit code 2.
[2026-04-23T18:26:22.897+0000] {taskinstance.py:1205} INFO - Marking task as UP_FOR_RETRY. dag_id=stock_pipeline, task_id=dbt_run, execution_date=20260423T182214, start_date=20260423T182617, end_date=20260423T182622
[2026-04-23T18:26:22.909+0000] {standard_task_runner.py:110} ERROR - Failed to execute job 9 for task dbt_run (Bash command failed. The command returned a non-zero exit code 2.; 368)
[2026-04-23T18:26:22.922+0000] {local_task_job_runner.py:240} INFO - Task exited with return code 1
[2026-04-23T18:26:22.946+0000] {taskinstance.py:3482} INFO - 0 downstream tasks scheduled from follow-on schedule check
[2026-04-23T18:26:22.949+0000] {local_task_job_runner.py:222} INFO - ::endgroup::
