[2026-04-23T18:27:36.993+0000] {local_task_job_runner.py:120} INFO - ::group::Pre task execution logs
[2026-04-23T18:27:37.016+0000] {taskinstance.py:2073} INFO - Dependencies all met for dep_context=non-requeueable deps ti=<TaskInstance: stock_pipeline.dbt_run manual__2026-04-23T18:22:14.249698+00:00 [queued]>
[2026-04-23T18:27:37.024+0000] {taskinstance.py:2073} INFO - Dependencies all met for dep_context=requeueable deps ti=<TaskInstance: stock_pipeline.dbt_run manual__2026-04-23T18:22:14.249698+00:00 [queued]>
[2026-04-23T18:27:37.025+0000] {taskinstance.py:2303} INFO - Starting attempt 4 of 5
[2026-04-23T18:27:37.035+0000] {taskinstance.py:2327} INFO - Executing <Task(BashOperator): dbt_run> on 2026-04-23 18:22:14.249698+00:00
[2026-04-23T18:27:37.041+0000] {standard_task_runner.py:90} INFO - Running: ['***', 'tasks', 'run', 'stock_pipeline', 'dbt_run', 'manual__2026-04-23T18:22:14.249698+00:00', '--job-id', '10', '--raw', '--subdir', 'DAGS_FOLDER/stock_pipeline_dag.py', '--cfg-path', '/tmp/tmpqla4xgit']
[2026-04-23T18:27:37.043+0000] {logging_mixin.py:188} WARNING - /home/***/.local/lib/python3.12/site-packages/***/task/task_runner/standard_task_runner.py:61 DeprecationWarning: This process (pid=410) is multi-threaded, use of fork() may lead to deadlocks in the child.
[2026-04-23T18:27:37.044+0000] {standard_task_runner.py:91} INFO - Job 10: Subtask dbt_run
[2026-04-23T18:27:37.044+0000] {standard_task_runner.py:63} INFO - Started process 411 to run task
[2026-04-23T18:27:37.100+0000] {task_command.py:426} INFO - Running <TaskInstance: stock_pipeline.dbt_run manual__2026-04-23T18:22:14.249698+00:00 [running]> on host 8f0c61881487
[2026-04-23T18:27:37.175+0000] {taskinstance.py:2644} INFO - Exporting env vars: AIRFLOW_CTX_DAG_OWNER='***' AIRFLOW_CTX_DAG_ID='stock_pipeline' AIRFLOW_CTX_TASK_ID='dbt_run' AIRFLOW_CTX_EXECUTION_DATE='2026-04-23T18:22:14.249698+00:00' AIRFLOW_CTX_TRY_NUMBER='4' AIRFLOW_CTX_DAG_RUN_ID='manual__2026-04-23T18:22:14.249698+00:00'
[2026-04-23T18:27:37.176+0000] {taskinstance.py:430} INFO - ::endgroup::
[2026-04-23T18:27:37.187+0000] {subprocess.py:63} INFO - Tmp dir root location: /tmp
[2026-04-23T18:27:37.188+0000] {subprocess.py:75} INFO - Running command: ['/usr/bin/bash', '-c', 'dbt run --project-dir /opt/***/dbt_project --profiles-dir /opt/***/dbt_project --log-path /tmp/dbt-logs --target-path /tmp/dbt-target']
[2026-04-23T18:27:37.195+0000] {subprocess.py:86} INFO - Output:
[2026-04-23T18:27:39.220+0000] {subprocess.py:93} INFO - [0m18:27:39  Running with dbt=1.7.19
[2026-04-23T18:27:40.048+0000] {subprocess.py:93} INFO - [0m18:27:40  Registered adapter: bigquery=1.7.0
[2026-04-23T18:27:40.074+0000] {subprocess.py:93} INFO - [0m18:27:40  Unable to do partial parsing because saved manifest not found. Starting full parse.
[2026-04-23T18:27:41.495+0000] {subprocess.py:93} INFO - [0m18:27:41  Found 4 models, 1 seed, 16 tests, 1 source, 0 exposures, 0 metrics, 450 macros, 0 groups, 0 semantic models
[2026-04-23T18:27:41.497+0000] {subprocess.py:93} INFO - [0m18:27:41
[2026-04-23T18:27:42.513+0000] {subprocess.py:93} INFO - [0m18:27:42  Concurrency: 4 threads (target='dev')
[2026-04-23T18:27:42.515+0000] {subprocess.py:93} INFO - [0m18:27:42
[2026-04-23T18:27:42.541+0000] {subprocess.py:93} INFO - [0m18:27:42  1 of 4 START sql table model marts.dim_company ................................. [RUN]
[2026-04-23T18:27:42.542+0000] {subprocess.py:93} INFO - [0m18:27:42  2 of 4 START sql view model staging.stg_stock_quotes ........................... [RUN]
[2026-04-23T18:27:43.610+0000] {subprocess.py:93} INFO - [0m18:27:43  2 of 4 OK created sql view model staging.stg_stock_quotes ...................... [[32mCREATE VIEW (0 processed)[0m in 1.07s]
[2026-04-23T18:27:45.701+0000] {subprocess.py:93} INFO - [0m18:27:45  1 of 4 OK created sql table model marts.dim_company ............................ [[32mCREATE TABLE (20.0 rows, 860.0 Bytes processed)[0m in 3.16s]
[2026-04-23T18:27:45.706+0000] {subprocess.py:93} INFO - [0m18:27:45  3 of 4 START sql table model marts.fct_daily_trading ........................... [RUN]
[2026-04-23T18:27:48.873+0000] {subprocess.py:93} INFO - [0m18:27:48  3 of 4 OK created sql table model marts.fct_daily_trading ...................... [[32mCREATE TABLE (120.0 rows, 10.1 KiB processed)[0m in 3.17s]
[2026-04-23T18:27:48.877+0000] {subprocess.py:93} INFO - [0m18:27:48  4 of 4 START sql table model marts.marts_sector_performance .................... [RUN]
[2026-04-23T18:27:51.903+0000] {subprocess.py:93} INFO - [0m18:27:51  4 of 4 OK created sql table model marts.marts_sector_performance ............... [[32mCREATE TABLE (15.0 rows, 6.4 KiB processed)[0m in 3.02s]
[2026-04-23T18:27:51.916+0000] {subprocess.py:93} INFO - [0m18:27:51
[2026-04-23T18:27:51.921+0000] {subprocess.py:93} INFO - [0m18:27:51  Finished running 1 view model, 3 table models in 0 hours 0 minutes and 10.42 seconds (10.42s).
[2026-04-23T18:27:51.931+0000] {subprocess.py:93} INFO - [0m18:27:51
[2026-04-23T18:27:51.932+0000] {subprocess.py:93} INFO - [0m18:27:51  [32mCompleted successfully[0m
[2026-04-23T18:27:51.932+0000] {subprocess.py:93} INFO - [0m18:27:51
[2026-04-23T18:27:51.933+0000] {subprocess.py:93} INFO - [0m18:27:51  Done. PASS=4 WARN=0 ERROR=0 SKIP=0 TOTAL=4
[2026-04-23T18:27:52.318+0000] {subprocess.py:97} INFO - Command exited with return code 0
[2026-04-23T18:27:52.320+0000] {taskinstance.py:441} INFO - ::group::Post task execution logs
[2026-04-23T18:27:52.339+0000] {taskinstance.py:1205} INFO - Marking task as SUCCESS. dag_id=stock_pipeline, task_id=dbt_run, execution_date=20260423T182214, start_date=20260423T182737, end_date=20260423T182752
[2026-04-23T18:27:52.385+0000] {local_task_job_runner.py:240} INFO - Task exited with return code 0
[2026-04-23T18:27:52.416+0000] {taskinstance.py:3482} INFO - 1 downstream tasks scheduled from follow-on schedule check
[2026-04-23T18:27:52.419+0000] {local_task_job_runner.py:222} INFO - ::endgroup::
