[2026-04-23T18:24:31.972+0000] {local_task_job_runner.py:120} INFO - ::group::Pre task execution logs
[2026-04-23T18:24:31.997+0000] {taskinstance.py:2073} INFO - Dependencies all met for dep_context=non-requeueable deps ti=<TaskInstance: stock_pipeline.dbt_run manual__2026-04-23T18:22:14.249698+00:00 [queued]>
[2026-04-23T18:24:32.004+0000] {taskinstance.py:2073} INFO - Dependencies all met for dep_context=requeueable deps ti=<TaskInstance: stock_pipeline.dbt_run manual__2026-04-23T18:22:14.249698+00:00 [queued]>
[2026-04-23T18:24:32.005+0000] {taskinstance.py:2303} INFO - Starting attempt 2 of 3
[2026-04-23T18:24:32.017+0000] {taskinstance.py:2327} INFO - Executing <Task(BashOperator): dbt_run> on 2026-04-23 18:22:14.249698+00:00
[2026-04-23T18:24:32.023+0000] {standard_task_runner.py:90} INFO - Running: ['***', 'tasks', 'run', 'stock_pipeline', 'dbt_run', 'manual__2026-04-23T18:22:14.249698+00:00', '--job-id', '8', '--raw', '--subdir', 'DAGS_FOLDER/stock_pipeline_dag.py', '--cfg-path', '/tmp/tmp38gsjwt0']
[2026-04-23T18:24:32.024+0000] {logging_mixin.py:188} WARNING - /home/***/.local/lib/python3.12/site-packages/***/task/task_runner/standard_task_runner.py:61 DeprecationWarning: This process (pid=324) is multi-threaded, use of fork() may lead to deadlocks in the child.
[2026-04-23T18:24:32.025+0000] {standard_task_runner.py:91} INFO - Job 8: Subtask dbt_run
[2026-04-23T18:24:32.025+0000] {standard_task_runner.py:63} INFO - Started process 325 to run task
[2026-04-23T18:24:32.087+0000] {task_command.py:426} INFO - Running <TaskInstance: stock_pipeline.dbt_run manual__2026-04-23T18:22:14.249698+00:00 [running]> on host 8f0c61881487
[2026-04-23T18:24:32.175+0000] {taskinstance.py:2644} INFO - Exporting env vars: AIRFLOW_CTX_DAG_OWNER='***' AIRFLOW_CTX_DAG_ID='stock_pipeline' AIRFLOW_CTX_TASK_ID='dbt_run' AIRFLOW_CTX_EXECUTION_DATE='2026-04-23T18:22:14.249698+00:00' AIRFLOW_CTX_TRY_NUMBER='2' AIRFLOW_CTX_DAG_RUN_ID='manual__2026-04-23T18:22:14.249698+00:00'
[2026-04-23T18:24:32.176+0000] {taskinstance.py:430} INFO - ::endgroup::
[2026-04-23T18:24:32.188+0000] {subprocess.py:63} INFO - Tmp dir root location: /tmp
[2026-04-23T18:24:32.190+0000] {subprocess.py:75} INFO - Running command: ['/usr/bin/bash', '-c', 'dbt run --project-dir /opt/***/dbt_project --profiles-dir /opt/***/dbt_project --log-path /tmp/dbt-logs']
[2026-04-23T18:24:32.199+0000] {subprocess.py:86} INFO - Output:
[2026-04-23T18:24:34.260+0000] {subprocess.py:93} INFO - [0m18:24:34  Running with dbt=1.7.19
[2026-04-23T18:24:35.096+0000] {subprocess.py:93} INFO - [0m18:24:35  Registered adapter: bigquery=1.7.0
[2026-04-23T18:24:35.157+0000] {subprocess.py:93} INFO - [0m18:24:35  Unable to do partial parsing because of a version mismatch
[2026-04-23T18:24:36.648+0000] {subprocess.py:93} INFO - [0m18:24:36  Encountered an error:
[2026-04-23T18:24:36.649+0000] {subprocess.py:93} INFO - Compilation Error in test accepted_values_fct_daily_trading__strong_up_up_flat_down_strong_down___performance_label (models/marts/schema.yml)
[2026-04-23T18:24:36.650+0000] {subprocess.py:93} INFO -   macro 'dbt_macro__test_accepted_values' takes no keyword argument 'arguments'
[2026-04-23T18:24:37.018+0000] {subprocess.py:97} INFO - Command exited with return code 2
[2026-04-23T18:24:37.019+0000] {taskinstance.py:441} INFO - ::group::Post task execution logs
[2026-04-23T18:24:37.029+0000] {taskinstance.py:2890} ERROR - Task failed with exception
Traceback (most recent call last):
  File "/home/airflow/.local/lib/python3.12/site-packages/airflow/models/taskinstance.py", line 465, in _execute_task
    result = _execute_callable(context=context, **execute_callable_kwargs)
             ^^^^^^^^^^^^^^^^^^^^^^^^^^^^^^^^^^^^^^^^^^^^^^^^^^^^^^^^^^^^^
  File "/home/airflow/.local/lib/python3.12/site-packages/airflow/models/taskinstance.py", line 432, in _execute_callable
    return execute_callable(context=context, **execute_callable_kwargs)
           ^^^^^^^^^^^^^^^^^^^^^^^^^^^^^^^^^^^^^^^^^^^^^^^^^^^^^^^^^^^^
  File "/home/airflow/.local/lib/python3.12/site-packages/airflow/models/baseoperator.py", line 400, in wrapper
    return func(self, *args, **kwargs)
           ^^^^^^^^^^^^^^^^^^^^^^^^^^^
  File "/home/airflow/.local/lib/python3.12/site-packages/airflow/operators/bash.py", line 243, in execute
    raise AirflowException(
airflow.exceptions.AirflowException: Bash command failed. The command returned a non-zero exit code 2.
[2026-04-23T18:24:37.033+0000] {taskinstance.py:1205} INFO - Marking task as UP_FOR_RETRY. dag_id=stock_pipeline, task_id=dbt_run, execution_date=20260423T182214, start_date=20260423T182431, end_date=20260423T182437
[2026-04-23T18:24:37.045+0000] {standard_task_runner.py:110} ERROR - Failed to execute job 8 for task dbt_run (Bash command failed. The command returned a non-zero exit code 2.; 325)
[2026-04-23T18:24:37.052+0000] {local_task_job_runner.py:240} INFO - Task exited with return code 1
[2026-04-23T18:24:37.071+0000] {taskinstance.py:3482} INFO - 0 downstream tasks scheduled from follow-on schedule check
[2026-04-23T18:24:37.074+0000] {local_task_job_runner.py:222} INFO - ::endgroup::
