[2026-04-23T17:59:50.332+0000] {manager.py:470} INFO - Processing files using up to 2 processes at a time 
[2026-04-23T17:59:50.334+0000] {manager.py:471} INFO - Process each file at most once every 30 seconds
[2026-04-23T17:59:50.336+0000] {manager.py:472} INFO - Checking for new files in /opt/airflow/dags every 300 seconds
[2026-04-23T17:59:50.339+0000] {manager.py:737} INFO - Searching for files in /opt/airflow/dags
[2026-04-23T17:59:50.358+0000] {manager.py:740} INFO - There are 1 files in /opt/airflow/dags
[2026-04-23T17:59:50.473+0000] {manager.py:878} INFO - 
================================================================================
DAG File Processing Stats

File Path                                  PID  Runtime      # DAGs    # Errors  Last Runtime    Last Run
---------------------------------------  -----  ---------  --------  ----------  --------------  ----------
/opt/airflow/dags/stock_pipeline_dag.py    168  0.04s             0           0
================================================================================
[2026-04-23T18:00:20.747+0000] {manager.py:878} INFO - 
================================================================================
DAG File Processing Stats

File Path                                  PID  Runtime      # DAGs    # Errors  Last Runtime    Last Run
---------------------------------------  -----  ---------  --------  ----------  --------------  -------------------
/opt/airflow/dags/stock_pipeline_dag.py    176  0.00s             1           0  0.17s           2026-04-23T17:59:50
================================================================================
[2026-04-23T18:00:51.181+0000] {manager.py:878} INFO - 
================================================================================
DAG File Processing Stats

File Path                                PID    Runtime      # DAGs    # Errors  Last Runtime    Last Run
---------------------------------------  -----  ---------  --------  ----------  --------------  -------------------
/opt/airflow/dags/stock_pipeline_dag.py                           1           0  0.47s           2026-04-23T18:00:21
================================================================================
[2026-04-23T18:01:21.850+0000] {manager.py:878} INFO - 
================================================================================
DAG File Processing Stats

File Path                                  PID  Runtime      # DAGs    # Errors  Last Runtime    Last Run
---------------------------------------  -----  ---------  --------  ----------  --------------  -------------------
/opt/airflow/dags/stock_pipeline_dag.py    201  0.00s             1           0  0.21s           2026-04-23T18:00:51
================================================================================
[2026-04-23T18:01:52.195+0000] {manager.py:878} INFO - 
================================================================================
DAG File Processing Stats

File Path                                  PID  Runtime      # DAGs    # Errors  Last Runtime    Last Run
---------------------------------------  -----  ---------  --------  ----------  --------------  -------------------
/opt/airflow/dags/stock_pipeline_dag.py    206  0.01s             1           0  0.16s           2026-04-23T18:01:22
================================================================================
[2026-04-23T18:02:22.599+0000] {manager.py:878} INFO - 
================================================================================
DAG File Processing Stats

File Path                                  PID  Runtime      # DAGs    # Errors  Last Runtime    Last Run
---------------------------------------  -----  ---------  --------  ----------  --------------  -------------------
/opt/airflow/dags/stock_pipeline_dag.py    211  0.01s             1           0  0.20s           2026-04-23T18:01:52
================================================================================
[2026-04-23T18:02:53.055+0000] {manager.py:878} INFO - 
================================================================================
DAG File Processing Stats

File Path                                  PID  Runtime      # DAGs    # Errors  Last Runtime    Last Run
---------------------------------------  -----  ---------  --------  ----------  --------------  -------------------
/opt/airflow/dags/stock_pipeline_dag.py    216  0.00s             1           0  0.18s           2026-04-23T18:02:22
================================================================================
[2026-04-23T18:03:23.418+0000] {manager.py:878} INFO - 
================================================================================
DAG File Processing Stats

File Path                                  PID  Runtime      # DAGs    # Errors  Last Runtime    Last Run
---------------------------------------  -----  ---------  --------  ----------  --------------  -------------------
/opt/airflow/dags/stock_pipeline_dag.py    221  0.01s             1           0  0.16s           2026-04-23T18:02:53
================================================================================
[2026-04-23T18:03:53.923+0000] {manager.py:878} INFO - 
================================================================================
DAG File Processing Stats

File Path                                  PID  Runtime      # DAGs    # Errors  Last Runtime    Last Run
---------------------------------------  -----  ---------  --------  ----------  --------------  -------------------
/opt/airflow/dags/stock_pipeline_dag.py    226  0.00s             1           0  0.20s           2026-04-23T18:03:23
================================================================================
[2026-04-23T18:04:24.293+0000] {manager.py:878} INFO - 
================================================================================
DAG File Processing Stats

File Path                                  PID  Runtime      # DAGs    # Errors  Last Runtime    Last Run
---------------------------------------  -----  ---------  --------  ----------  --------------  -------------------
/opt/airflow/dags/stock_pipeline_dag.py    231  0.01s             1           0  0.17s           2026-04-23T18:03:54
================================================================================
[2026-04-23T18:04:40.148+0000] {manager.py:452} INFO - Exiting gracefully upon receiving signal 15
[2026-04-23T18:05:10.358+0000] {manager.py:470} INFO - Processing files using up to 2 processes at a time 
[2026-04-23T18:05:10.361+0000] {manager.py:471} INFO - Process each file at most once every 30 seconds
[2026-04-23T18:05:10.363+0000] {manager.py:472} INFO - Checking for new files in /opt/airflow/dags every 300 seconds
[2026-04-23T18:05:10.365+0000] {manager.py:737} INFO - Searching for files in /opt/airflow/dags
[2026-04-23T18:05:10.383+0000] {manager.py:740} INFO - There are 1 files in /opt/airflow/dags
[2026-04-23T18:05:10.498+0000] {manager.py:878} INFO - 
================================================================================
DAG File Processing Stats

File Path                                  PID  Runtime      # DAGs    # Errors  Last Runtime    Last Run
---------------------------------------  -----  ---------  --------  ----------  --------------  ----------
/opt/airflow/dags/stock_pipeline_dag.py    168  0.04s             0           0
================================================================================
[2026-04-23T18:05:40.795+0000] {manager.py:878} INFO - 
================================================================================
DAG File Processing Stats

File Path                                PID    Runtime      # DAGs    # Errors  Last Runtime    Last Run
---------------------------------------  -----  ---------  --------  ----------  --------------  -------------------
/opt/airflow/dags/stock_pipeline_dag.py                           1           0  0.38s           2026-04-23T18:05:10
================================================================================
[2026-04-23T18:06:11.039+0000] {manager.py:452} INFO - Exiting gracefully upon receiving signal 15
[2026-04-23T18:07:03.607+0000] {manager.py:470} INFO - Processing files using up to 2 processes at a time 
[2026-04-23T18:07:03.610+0000] {manager.py:471} INFO - Process each file at most once every 30 seconds
[2026-04-23T18:07:03.612+0000] {manager.py:472} INFO - Checking for new files in /opt/airflow/dags every 300 seconds
[2026-04-23T18:07:03.614+0000] {manager.py:737} INFO - Searching for files in /opt/airflow/dags
[2026-04-23T18:07:03.634+0000] {manager.py:740} INFO - There are 1 files in /opt/airflow/dags
[2026-04-23T18:07:03.748+0000] {manager.py:878} INFO - 
================================================================================
DAG File Processing Stats

File Path                                  PID  Runtime      # DAGs    # Errors  Last Runtime    Last Run
---------------------------------------  -----  ---------  --------  ----------  --------------  ----------
/opt/airflow/dags/stock_pipeline_dag.py    168  0.04s             0           0
================================================================================
[2026-04-23T18:07:34.060+0000] {manager.py:878} INFO - 
================================================================================
DAG File Processing Stats

File Path                                  PID  Runtime      # DAGs    # Errors  Last Runtime    Last Run
---------------------------------------  -----  ---------  --------  ----------  --------------  -------------------
/opt/airflow/dags/stock_pipeline_dag.py    173  0.01s             1           0  0.16s           2026-04-23T18:07:03
================================================================================
[2026-04-23T18:08:04.391+0000] {manager.py:878} INFO - 
================================================================================
DAG File Processing Stats

File Path                                PID    Runtime      # DAGs    # Errors  Last Runtime    Last Run
---------------------------------------  -----  ---------  --------  ----------  --------------  -------------------
/opt/airflow/dags/stock_pipeline_dag.py                           1           0  0.39s           2026-04-23T18:07:34
================================================================================
[2026-04-23T18:08:35.055+0000] {manager.py:878} INFO - 
================================================================================
DAG File Processing Stats

File Path                                PID    Runtime      # DAGs    # Errors  Last Runtime    Last Run
---------------------------------------  -----  ---------  --------  ----------  --------------  -------------------
/opt/airflow/dags/stock_pipeline_dag.py                           1           0  0.35s           2026-04-23T18:08:05
================================================================================
[2026-04-23T18:09:05.813+0000] {manager.py:878} INFO - 
================================================================================
DAG File Processing Stats

File Path                                  PID  Runtime      # DAGs    # Errors  Last Runtime    Last Run
---------------------------------------  -----  ---------  --------  ----------  --------------  -------------------
/opt/airflow/dags/stock_pipeline_dag.py    246  0.01s             1           0  0.30s           2026-04-23T18:08:35
================================================================================
[2026-04-23T18:09:36.147+0000] {manager.py:878} INFO - 
================================================================================
DAG File Processing Stats

File Path                                  PID  Runtime      # DAGs    # Errors  Last Runtime    Last Run
---------------------------------------  -----  ---------  --------  ----------  --------------  -------------------
/opt/airflow/dags/stock_pipeline_dag.py    251  0.01s             1           0  0.19s           2026-04-23T18:09:05
================================================================================
[2026-04-23T18:10:06.673+0000] {manager.py:878} INFO - 
================================================================================
DAG File Processing Stats

File Path                                  PID  Runtime      # DAGs    # Errors  Last Runtime    Last Run
---------------------------------------  -----  ---------  --------  ----------  --------------  -------------------
/opt/airflow/dags/stock_pipeline_dag.py    256  0.01s             1           0  0.15s           2026-04-23T18:09:36
================================================================================
[2026-04-23T18:10:37.014+0000] {manager.py:878} INFO - 
================================================================================
DAG File Processing Stats

File Path                                  PID  Runtime      # DAGs    # Errors  Last Runtime    Last Run
---------------------------------------  -----  ---------  --------  ----------  --------------  -------------------
/opt/airflow/dags/stock_pipeline_dag.py    261  0.00s             1           0  0.17s           2026-04-23T18:10:06
================================================================================
[2026-04-23T18:11:07.512+0000] {manager.py:878} INFO - 
================================================================================
DAG File Processing Stats

File Path                                  PID  Runtime      # DAGs    # Errors  Last Runtime    Last Run
---------------------------------------  -----  ---------  --------  ----------  --------------  -------------------
/opt/airflow/dags/stock_pipeline_dag.py    266  0.01s             1           0  0.17s           2026-04-23T18:10:37
================================================================================
[2026-04-23T18:11:33.799+0000] {manager.py:452} INFO - Exiting gracefully upon receiving signal 15
[2026-04-23T18:16:31.869+0000] {manager.py:470} INFO - Processing files using up to 2 processes at a time 
[2026-04-23T18:16:31.871+0000] {manager.py:471} INFO - Process each file at most once every 30 seconds
[2026-04-23T18:16:31.873+0000] {manager.py:472} INFO - Checking for new files in /opt/airflow/dags every 300 seconds
[2026-04-23T18:16:31.875+0000] {manager.py:737} INFO - Searching for files in /opt/airflow/dags
[2026-04-23T18:16:31.896+0000] {manager.py:740} INFO - There are 1 files in /opt/airflow/dags
[2026-04-23T18:16:32.003+0000] {manager.py:878} INFO - 
================================================================================
DAG File Processing Stats

File Path                                  PID  Runtime      # DAGs    # Errors  Last Runtime    Last Run
---------------------------------------  -----  ---------  --------  ----------  --------------  ----------
/opt/airflow/dags/stock_pipeline_dag.py    168  0.04s             0           0
================================================================================
[2026-04-23T18:17:02.298+0000] {manager.py:878} INFO - 
================================================================================
DAG File Processing Stats

File Path                                  PID  Runtime      # DAGs    # Errors  Last Runtime    Last Run
---------------------------------------  -----  ---------  --------  ----------  --------------  -------------------
/opt/airflow/dags/stock_pipeline_dag.py    176  0.01s             1           0  0.17s           2026-04-23T18:16:32
================================================================================
[2026-04-23T18:17:32.673+0000] {manager.py:878} INFO - 
================================================================================
DAG File Processing Stats

File Path                                PID    Runtime      # DAGs    # Errors  Last Runtime    Last Run
---------------------------------------  -----  ---------  --------  ----------  --------------  -------------------
/opt/airflow/dags/stock_pipeline_dag.py                           1           0  0.40s           2026-04-23T18:17:02
================================================================================
[2026-04-23T18:18:03.344+0000] {manager.py:878} INFO - 
================================================================================
DAG File Processing Stats

File Path                                  PID  Runtime      # DAGs    # Errors  Last Runtime    Last Run
---------------------------------------  -----  ---------  --------  ----------  --------------  -------------------
/opt/airflow/dags/stock_pipeline_dag.py    206  0.00s             1           0  0.19s           2026-04-23T18:17:33
================================================================================
[2026-04-23T18:18:33.772+0000] {manager.py:878} INFO - 
================================================================================
DAG File Processing Stats

File Path                                  PID  Runtime      # DAGs    # Errors  Last Runtime    Last Run
---------------------------------------  -----  ---------  --------  ----------  --------------  -------------------
/opt/airflow/dags/stock_pipeline_dag.py    211  0.00s             1           0  0.15s           2026-04-23T18:18:03
================================================================================
[2026-04-23T18:19:04.055+0000] {manager.py:878} INFO - 
================================================================================
DAG File Processing Stats

File Path                                  PID  Runtime      # DAGs    # Errors  Last Runtime    Last Run
---------------------------------------  -----  ---------  --------  ----------  --------------  -------------------
/opt/airflow/dags/stock_pipeline_dag.py    216  0.00s             1           0  0.15s           2026-04-23T18:18:33
================================================================================
[2026-04-23T18:19:34.518+0000] {manager.py:878} INFO - 
================================================================================
DAG File Processing Stats

File Path                                  PID  Runtime      # DAGs    # Errors  Last Runtime    Last Run
---------------------------------------  -----  ---------  --------  ----------  --------------  -------------------
/opt/airflow/dags/stock_pipeline_dag.py    221  0.00s             1           0  0.16s           2026-04-23T18:19:04
================================================================================
[2026-04-23T18:20:04.873+0000] {manager.py:878} INFO - 
================================================================================
DAG File Processing Stats

File Path                                  PID  Runtime      # DAGs    # Errors  Last Runtime    Last Run
---------------------------------------  -----  ---------  --------  ----------  --------------  -------------------
/opt/airflow/dags/stock_pipeline_dag.py    226  0.01s             1           0  0.15s           2026-04-23T18:19:34
================================================================================
[2026-04-23T18:20:35.263+0000] {manager.py:878} INFO - 
================================================================================
DAG File Processing Stats

File Path                                  PID  Runtime      # DAGs    # Errors  Last Runtime    Last Run
---------------------------------------  -----  ---------  --------  ----------  --------------  -------------------
/opt/airflow/dags/stock_pipeline_dag.py    231  0.01s             1           0  0.22s           2026-04-23T18:20:05
================================================================================
[2026-04-23T18:21:05.803+0000] {manager.py:878} INFO - 
================================================================================
DAG File Processing Stats

File Path                                PID    Runtime      # DAGs    # Errors  Last Runtime    Last Run
---------------------------------------  -----  ---------  --------  ----------  --------------  -------------------
/opt/airflow/dags/stock_pipeline_dag.py                           1           0  0.29s           2026-04-23T18:20:54
================================================================================
[2026-04-23T18:21:32.311+0000] {manager.py:737} INFO - Searching for files in /opt/airflow/dags
[2026-04-23T18:21:32.355+0000] {manager.py:740} INFO - There are 1 files in /opt/airflow/dags
[2026-04-23T18:21:36.430+0000] {manager.py:878} INFO - 
================================================================================
DAG File Processing Stats

File Path                                PID    Runtime      # DAGs    # Errors  Last Runtime    Last Run
---------------------------------------  -----  ---------  --------  ----------  --------------  -------------------
/opt/airflow/dags/stock_pipeline_dag.py                           1           0  0.24s           2026-04-23T18:21:25
================================================================================
[2026-04-23T18:22:06.819+0000] {manager.py:878} INFO - 
================================================================================
DAG File Processing Stats

File Path                                PID    Runtime      # DAGs    # Errors  Last Runtime    Last Run
---------------------------------------  -----  ---------  --------  ----------  --------------  -------------------
/opt/airflow/dags/stock_pipeline_dag.py                           1           0  0.20s           2026-04-23T18:21:55
================================================================================
[2026-04-23T18:22:37.266+0000] {manager.py:878} INFO - 
================================================================================
DAG File Processing Stats

File Path                                PID    Runtime      # DAGs    # Errors  Last Runtime    Last Run
---------------------------------------  -----  ---------  --------  ----------  --------------  -------------------
/opt/airflow/dags/stock_pipeline_dag.py                           1           0  0.17s           2026-04-23T18:22:26
================================================================================
[2026-04-23T18:23:07.591+0000] {manager.py:878} INFO - 
================================================================================
DAG File Processing Stats

File Path                                PID    Runtime      # DAGs    # Errors  Last Runtime    Last Run
---------------------------------------  -----  ---------  --------  ----------  --------------  -------------------
/opt/airflow/dags/stock_pipeline_dag.py                           1           0  0.16s           2026-04-23T18:22:56
================================================================================
[2026-04-23T18:23:38.077+0000] {manager.py:878} INFO - 
================================================================================
DAG File Processing Stats

File Path                                PID    Runtime      # DAGs    # Errors  Last Runtime    Last Run
---------------------------------------  -----  ---------  --------  ----------  --------------  -------------------
/opt/airflow/dags/stock_pipeline_dag.py                           1           0  0.20s           2026-04-23T18:23:27
================================================================================
[2026-04-23T18:24:08.432+0000] {manager.py:878} INFO - 
================================================================================
DAG File Processing Stats

File Path                                PID    Runtime      # DAGs    # Errors  Last Runtime    Last Run
---------------------------------------  -----  ---------  --------  ----------  --------------  -------------------
/opt/airflow/dags/stock_pipeline_dag.py                           1           0  0.22s           2026-04-23T18:23:57
================================================================================
[2026-04-23T18:24:38.933+0000] {manager.py:878} INFO - 
================================================================================
DAG File Processing Stats

File Path                                PID    Runtime      # DAGs    # Errors  Last Runtime    Last Run
---------------------------------------  -----  ---------  --------  ----------  --------------  -------------------
/opt/airflow/dags/stock_pipeline_dag.py                           1           0  0.20s           2026-04-23T18:24:27
================================================================================
[2026-04-23T18:25:09.325+0000] {manager.py:878} INFO - 
================================================================================
DAG File Processing Stats

File Path                                PID    Runtime      # DAGs    # Errors  Last Runtime    Last Run
---------------------------------------  -----  ---------  --------  ----------  --------------  -------------------
/opt/airflow/dags/stock_pipeline_dag.py                           1           0  0.22s           2026-04-23T18:24:58
================================================================================
[2026-04-23T18:25:39.773+0000] {manager.py:878} INFO - 
================================================================================
DAG File Processing Stats

File Path                                PID    Runtime      # DAGs    # Errors  Last Runtime    Last Run
---------------------------------------  -----  ---------  --------  ----------  --------------  -------------------
/opt/airflow/dags/stock_pipeline_dag.py                           1           0  0.16s           2026-04-23T18:25:28
================================================================================
[2026-04-23T18:26:10.168+0000] {manager.py:878} INFO - 
================================================================================
DAG File Processing Stats

File Path                                PID    Runtime      # DAGs    # Errors  Last Runtime    Last Run
---------------------------------------  -----  ---------  --------  ----------  --------------  -------------------
/opt/airflow/dags/stock_pipeline_dag.py                           1           0  0.16s           2026-04-23T18:25:59
================================================================================
[2026-04-23T18:26:32.546+0000] {manager.py:737} INFO - Searching for files in /opt/airflow/dags
[2026-04-23T18:26:32.578+0000] {manager.py:740} INFO - There are 1 files in /opt/airflow/dags
[2026-04-23T18:26:40.698+0000] {manager.py:878} INFO - 
================================================================================
DAG File Processing Stats

File Path                                PID    Runtime      # DAGs    # Errors  Last Runtime    Last Run
---------------------------------------  -----  ---------  --------  ----------  --------------  -------------------
/opt/airflow/dags/stock_pipeline_dag.py                           1           0  0.22s           2026-04-23T18:26:29
================================================================================
[2026-04-23T18:27:11.024+0000] {manager.py:878} INFO - 
================================================================================
DAG File Processing Stats

File Path                                PID    Runtime      # DAGs    # Errors  Last Runtime    Last Run
---------------------------------------  -----  ---------  --------  ----------  --------------  -------------------
/opt/airflow/dags/stock_pipeline_dag.py                           1           0  0.18s           2026-04-23T18:27:00
================================================================================
[2026-04-23T18:27:41.506+0000] {manager.py:878} INFO - 
================================================================================
DAG File Processing Stats

File Path                                PID    Runtime      # DAGs    # Errors  Last Runtime    Last Run
---------------------------------------  -----  ---------  --------  ----------  --------------  -------------------
/opt/airflow/dags/stock_pipeline_dag.py                           1           0  0.26s           2026-04-23T18:27:19
================================================================================
[2026-04-23T18:28:11.809+0000] {manager.py:878} INFO - 
================================================================================
DAG File Processing Stats

File Path                                PID    Runtime      # DAGs    # Errors  Last Runtime    Last Run
---------------------------------------  -----  ---------  --------  ----------  --------------  -------------------
/opt/airflow/dags/stock_pipeline_dag.py                           1           0  0.48s           2026-04-23T18:27:50
================================================================================
[2026-04-23T18:28:42.612+0000] {manager.py:878} INFO - 
================================================================================
DAG File Processing Stats

File Path                                PID    Runtime      # DAGs    # Errors  Last Runtime    Last Run
---------------------------------------  -----  ---------  --------  ----------  --------------  -------------------
/opt/airflow/dags/stock_pipeline_dag.py                           1           0  0.22s           2026-04-23T18:28:20
================================================================================
[2026-04-23T18:29:13.080+0000] {manager.py:878} INFO - 
================================================================================
DAG File Processing Stats

File Path                                PID    Runtime      # DAGs    # Errors  Last Runtime    Last Run
---------------------------------------  -----  ---------  --------  ----------  --------------  -------------------
/opt/airflow/dags/stock_pipeline_dag.py                           1           0  0.16s           2026-04-23T18:28:50
================================================================================
[2026-04-23T18:29:17.255+0000] {manager.py:452} INFO - Exiting gracefully upon receiving signal 15
[2026-04-23T18:32:54.914+0000] {manager.py:470} INFO - Processing files using up to 2 processes at a time 
[2026-04-23T18:32:54.918+0000] {manager.py:471} INFO - Process each file at most once every 30 seconds
[2026-04-23T18:32:54.921+0000] {manager.py:472} INFO - Checking for new files in /opt/airflow/dags every 300 seconds
[2026-04-23T18:32:54.923+0000] {manager.py:737} INFO - Searching for files in /opt/airflow/dags
[2026-04-23T18:32:54.948+0000] {manager.py:740} INFO - There are 1 files in /opt/airflow/dags
[2026-04-23T18:32:55.085+0000] {manager.py:878} INFO - 
================================================================================
DAG File Processing Stats

File Path                                  PID  Runtime      # DAGs    # Errors  Last Runtime    Last Run
---------------------------------------  -----  ---------  --------  ----------  --------------  ----------
/opt/airflow/dags/stock_pipeline_dag.py    168  0.05s             0           0
================================================================================
[2026-04-23T18:33:25.391+0000] {manager.py:878} INFO - 
================================================================================
DAG File Processing Stats

File Path                                  PID  Runtime      # DAGs    # Errors  Last Runtime    Last Run
---------------------------------------  -----  ---------  --------  ----------  --------------  -------------------
/opt/airflow/dags/stock_pipeline_dag.py    173  0.01s             1           0  0.22s           2026-04-23T18:32:55
================================================================================
[2026-04-23T18:33:55.847+0000] {manager.py:878} INFO - 
================================================================================
DAG File Processing Stats

File Path                                  PID  Runtime      # DAGs    # Errors  Last Runtime    Last Run
---------------------------------------  -----  ---------  --------  ----------  --------------  -------------------
/opt/airflow/dags/stock_pipeline_dag.py    178  0.00s             1           0  0.45s           2026-04-23T18:33:25
================================================================================
[2026-04-23T18:34:26.208+0000] {manager.py:878} INFO - 
================================================================================
DAG File Processing Stats

File Path                                  PID  Runtime      # DAGs    # Errors  Last Runtime    Last Run
---------------------------------------  -----  ---------  --------  ----------  --------------  -------------------
/opt/airflow/dags/stock_pipeline_dag.py    183  0.00s             1           0  0.19s           2026-04-23T18:33:56
================================================================================
[2026-04-23T18:34:56.753+0000] {manager.py:878} INFO - 
================================================================================
DAG File Processing Stats

File Path                                  PID  Runtime      # DAGs    # Errors  Last Runtime    Last Run
---------------------------------------  -----  ---------  --------  ----------  --------------  -------------------
/opt/airflow/dags/stock_pipeline_dag.py    188  0.00s             1           0  0.20s           2026-04-23T18:34:26
================================================================================
[2026-04-23T18:35:27.101+0000] {manager.py:878} INFO - 
================================================================================
DAG File Processing Stats

File Path                                  PID  Runtime      # DAGs    # Errors  Last Runtime    Last Run
---------------------------------------  -----  ---------  --------  ----------  --------------  -------------------
/opt/airflow/dags/stock_pipeline_dag.py    206  0.01s             1           0  0.17s           2026-04-23T18:34:56
================================================================================
[2026-04-23T18:35:57.492+0000] {manager.py:878} INFO - 
================================================================================
DAG File Processing Stats

File Path                                  PID  Runtime      # DAGs    # Errors  Last Runtime    Last Run
---------------------------------------  -----  ---------  --------  ----------  --------------  -------------------
/opt/airflow/dags/stock_pipeline_dag.py    303  0.00s             1           0  0.25s           2026-04-23T18:35:27
================================================================================
[2026-04-23T18:36:27.828+0000] {manager.py:878} INFO - 
================================================================================
DAG File Processing Stats

File Path                                  PID  Runtime      # DAGs    # Errors  Last Runtime    Last Run
---------------------------------------  -----  ---------  --------  ----------  --------------  -------------------
/opt/airflow/dags/stock_pipeline_dag.py    437  0.01s             1           0  0.18s           2026-04-23T18:35:57
================================================================================
[2026-04-23T18:36:58.230+0000] {manager.py:878} INFO - 
================================================================================
DAG File Processing Stats

File Path                                  PID  Runtime      # DAGs    # Errors  Last Runtime    Last Run
---------------------------------------  -----  ---------  --------  ----------  --------------  -------------------
/opt/airflow/dags/stock_pipeline_dag.py   1100  0.01s             1           0  0.19s           2026-04-23T18:36:28
================================================================================
