[0m11:28:52.065264 [debug] [MainThread]: Sending event: {'category': 'dbt', 'action': 'invocation', 'label': 'start', 'context': [<snowplow_tracker.self_describing_json.SelfDescribingJson object at 0x00000202ED978AD0>, <snowplow_tracker.self_describing_json.SelfDescribingJson object at 0x00000202EB37C7D0>, <snowplow_tracker.self_describing_json.SelfDescribingJson object at 0x00000202EE439090>]}


============================== 11:28:52.072542 | b62a0687-7e21-4f5f-a9fe-60479f799ef9 ==============================
[0m11:28:52.072542 [info ] [MainThread]: Running with dbt=1.11.8
[0m11:28:52.073604 [debug] [MainThread]: running dbt with arguments {'static_parser': 'True', 'no_print': 'None', 'version_check': 'True', 'warn_error_options': 'WarnErrorOptionsV2(error=[], warn=[], silence=[])', 'target_path': 'None', 'printer_width': '80', 'write_json': 'True', 'introspect': 'True', 'log_cache_events': 'False', 'empty': 'None', 'cache_selected_only': 'False', 'log_format': 'default', 'debug': 'False', 'fail_fast': 'False', 'partial_parse': 'True', 'send_anonymous_usage_stats': 'True', 'quiet': 'False', 'warn_error': 'None', 'profiles_dir': 'C:\\Users\\saket\\.dbt', 'indirect_selection': 'eager', 'invocation_command': 'dbt init stock_analytics', 'use_colors': 'True', 'use_experimental_parser': 'False', 'log_path': 'logs'}
[0m11:28:52.113669 [debug] [MainThread]: Starter project path: C:\Users\saket\stock-analytics-pipeline\venv\Lib\site-packages\dbt\include\starter_project
[0m11:28:52.149942 [info ] [MainThread]: 
Your new dbt project "stock_analytics" was created!

For more information on how to configure the profiles.yml file,
please consult the dbt documentation here:

  https://docs.getdbt.com/docs/configure-your-profile

One more thing:

Need help? Don't hesitate to reach out to us via GitHub issues or on Slack:

  https://community.getdbt.com/

Happy modeling!

[0m11:28:52.151910 [info ] [MainThread]: Setting up your profile.
[0m11:29:55.374431 [info ] [MainThread]: Profile stock_analytics written to C:\Users\saket\.dbt\profiles.yml using target's profile_template.yml and your supplied values. Run 'dbt debug' to validate the connection.
[0m11:29:55.377996 [debug] [MainThread]: Command `dbt init` succeeded at 11:29:55.377629 after 63.49 seconds
[0m11:29:55.378848 [debug] [MainThread]: Sending event: {'category': 'dbt', 'action': 'invocation', 'label': 'end', 'context': [<snowplow_tracker.self_describing_json.SelfDescribingJson object at 0x000002028B0E5BA0>, <snowplow_tracker.self_describing_json.SelfDescribingJson object at 0x000002028B18A0F0>, <snowplow_tracker.self_describing_json.SelfDescribingJson object at 0x000002028B1AC6B0>]}
[0m11:29:55.379719 [debug] [MainThread]: Flushing usage events
[0m11:29:55.868549 [debug] [MainThread]: An error was encountered while trying to flush usage events
[0m12:53:34.999272 [debug] [MainThread]: Sending event: {'category': 'dbt', 'action': 'invocation', 'label': 'start', 'context': [<snowplow_tracker.self_describing_json.SelfDescribingJson object at 0x000001BC27AA4AD0>, <snowplow_tracker.self_describing_json.SelfDescribingJson object at 0x000001BC2549C7D0>, <snowplow_tracker.self_describing_json.SelfDescribingJson object at 0x000001BC29C47D90>]}


============================== 12:53:35.007458 | 040cfba0-0e23-48e8-89d1-22d0d1edd05c ==============================
[0m12:53:35.007458 [info ] [MainThread]: Running with dbt=1.11.8
[0m12:53:35.008684 [debug] [MainThread]: running dbt with arguments {'version_check': 'True', 'no_print': 'None', 'static_parser': 'True', 'warn_error_options': 'WarnErrorOptionsV2(error=[], warn=[], silence=[])', 'target_path': 'None', 'printer_width': '80', 'write_json': 'True', 'introspect': 'True', 'log_cache_events': 'False', 'empty': 'False', 'cache_selected_only': 'False', 'log_format': 'default', 'debug': 'False', 'fail_fast': 'False', 'partial_parse': 'True', 'send_anonymous_usage_stats': 'True', 'quiet': 'False', 'warn_error': 'None', 'profiles_dir': 'C:\\Users\\saket\\.dbt', 'invocation_command': 'dbt run', 'indirect_selection': 'eager', 'use_colors': 'True', 'use_experimental_parser': 'False', 'log_path': 'logs'}
[0m12:53:35.009446 [error] [MainThread]: Encountered an error:
Runtime Error
  No dbt_project.yml found at expected path C:\Users\saket\stock-analytics-pipeline\dbt_project\dbt_project.yml
  Verify that each entry within packages.yml (and their transitive dependencies) contains a file named dbt_project.yml
  
[0m12:53:35.011064 [debug] [MainThread]: Command `dbt run` failed at 12:53:35.010878 after 0.13 seconds
[0m12:53:35.011521 [debug] [MainThread]: Sending event: {'category': 'dbt', 'action': 'invocation', 'label': 'end', 'context': [<snowplow_tracker.self_describing_json.SelfDescribingJson object at 0x000001BC29C7CB00>, <snowplow_tracker.self_describing_json.SelfDescribingJson object at 0x000001BC29C71C70>, <snowplow_tracker.self_describing_json.SelfDescribingJson object at 0x000001BC29BDE250>]}
[0m12:53:35.012045 [debug] [MainThread]: Flushing usage events
[0m12:53:35.410324 [debug] [MainThread]: An error was encountered while trying to flush usage events
[0m12:54:13.898396 [debug] [MainThread]: Sending event: {'category': 'dbt', 'action': 'invocation', 'label': 'start', 'context': [<snowplow_tracker.self_describing_json.SelfDescribingJson object at 0x000001EAC2E18AD0>, <snowplow_tracker.self_describing_json.SelfDescribingJson object at 0x000001EAC08047D0>, <snowplow_tracker.self_describing_json.SelfDescribingJson object at 0x000001EAC4FB7D90>]}


============================== 12:54:13.907443 | 59e8571f-72b3-4e79-afb1-6f05a5ff7dcb ==============================
[0m12:54:13.907443 [info ] [MainThread]: Running with dbt=1.11.8
[0m12:54:13.909003 [debug] [MainThread]: running dbt with arguments {'version_check': 'True', 'no_print': 'None', 'static_parser': 'True', 'target_path': 'None', 'warn_error_options': 'WarnErrorOptionsV2(error=[], warn=[], silence=[])', 'printer_width': '80', 'write_json': 'True', 'introspect': 'True', 'log_cache_events': 'False', 'empty': 'False', 'cache_selected_only': 'False', 'log_format': 'default', 'debug': 'False', 'fail_fast': 'False', 'profiles_dir': 'C:\\Users\\saket\\.dbt', 'send_anonymous_usage_stats': 'True', 'quiet': 'False', 'warn_error': 'None', 'partial_parse': 'True', 'invocation_command': 'dbt run -s staging', 'indirect_selection': 'eager', 'use_colors': 'True', 'use_experimental_parser': 'False', 'log_path': 'logs'}
[0m12:54:13.909993 [error] [MainThread]: Encountered an error:
Runtime Error
  No dbt_project.yml found at expected path C:\Users\saket\stock-analytics-pipeline\dbt_project\dbt_project.yml
  Verify that each entry within packages.yml (and their transitive dependencies) contains a file named dbt_project.yml
  
[0m12:54:13.912086 [debug] [MainThread]: Command `dbt run` failed at 12:54:13.911821 after 0.16 seconds
[0m12:54:13.912773 [debug] [MainThread]: Sending event: {'category': 'dbt', 'action': 'invocation', 'label': 'end', 'context': [<snowplow_tracker.self_describing_json.SelfDescribingJson object at 0x000001EAC4FECB00>, <snowplow_tracker.self_describing_json.SelfDescribingJson object at 0x000001EAC4FE1C70>, <snowplow_tracker.self_describing_json.SelfDescribingJson object at 0x000001EAC4F4E250>]}
[0m12:54:13.913429 [debug] [MainThread]: Flushing usage events
[0m12:54:14.349766 [debug] [MainThread]: An error was encountered while trying to flush usage events
