[2026-04-23T18:00:20.693+0000] {local_task_job_runner.py:120} INFO - ::group::Pre task execution logs
[2026-04-23T18:00:20.723+0000] {taskinstance.py:2073} INFO - Dependencies all met for dep_context=non-requeueable deps ti=<TaskInstance: stock_pipeline.fetch_quotes scheduled__2026-04-22T06:00:00+00:00 [queued]>
[2026-04-23T18:00:20.732+0000] {taskinstance.py:2073} INFO - Dependencies all met for dep_context=requeueable deps ti=<TaskInstance: stock_pipeline.fetch_quotes scheduled__2026-04-22T06:00:00+00:00 [queued]>
[2026-04-23T18:00:20.736+0000] {taskinstance.py:2303} INFO - Starting attempt 1 of 2
[2026-04-23T18:00:20.751+0000] {taskinstance.py:2327} INFO - Executing <Task(BashOperator): fetch_quotes> on 2026-04-22 06:00:00+00:00
[2026-04-23T18:00:20.762+0000] {standard_task_runner.py:90} INFO - Running: ['***', 'tasks', 'run', 'stock_pipeline', 'fetch_quotes', 'scheduled__2026-04-22T06:00:00+00:00', '--job-id', '4', '--raw', '--subdir', 'DAGS_FOLDER/stock_pipeline_dag.py', '--cfg-path', '/tmp/tmpybqv0gm7']
[2026-04-23T18:00:20.764+0000] {logging_mixin.py:188} WARNING - /home/***/.local/lib/python3.12/site-packages/***/task/task_runner/standard_task_runner.py:61 DeprecationWarning: This process (pid=174) is multi-threaded, use of fork() may lead to deadlocks in the child.
[2026-04-23T18:00:20.765+0000] {standard_task_runner.py:91} INFO - Job 4: Subtask fetch_quotes
[2026-04-23T18:00:20.765+0000] {standard_task_runner.py:63} INFO - Started process 181 to run task
[2026-04-23T18:00:20.842+0000] {task_command.py:426} INFO - Running <TaskInstance: stock_pipeline.fetch_quotes scheduled__2026-04-22T06:00:00+00:00 [running]> on host 38498704aa99
[2026-04-23T18:00:20.947+0000] {taskinstance.py:2644} INFO - Exporting env vars: AIRFLOW_CTX_DAG_OWNER='***' AIRFLOW_CTX_DAG_ID='stock_pipeline' AIRFLOW_CTX_TASK_ID='fetch_quotes' AIRFLOW_CTX_EXECUTION_DATE='2026-04-22T06:00:00+00:00' AIRFLOW_CTX_TRY_NUMBER='1' AIRFLOW_CTX_DAG_RUN_ID='scheduled__2026-04-22T06:00:00+00:00'
[2026-04-23T18:00:20.949+0000] {taskinstance.py:430} INFO - ::endgroup::
[2026-04-23T18:00:20.975+0000] {subprocess.py:63} INFO - Tmp dir root location: /tmp
[2026-04-23T18:00:20.976+0000] {subprocess.py:75} INFO - Running command: ['/usr/bin/bash', '-c', 'python /opt/***/ingestion/fetch_daily_candles.py']
[2026-04-23T18:00:20.988+0000] {subprocess.py:86} INFO - Output:
[2026-04-23T18:00:48.156+0000] {subprocess.py:93} INFO - Fetching quotes for: 2026-04-22
[2026-04-23T18:00:48.157+0000] {subprocess.py:93} INFO - 
[2026-04-23T18:00:48.157+0000] {subprocess.py:93} INFO -   [1/20] AAPL...
[2026-04-23T18:00:48.158+0000] {subprocess.py:93} INFO -   [2/20] MSFT...
[2026-04-23T18:00:48.158+0000] {subprocess.py:93} INFO -   [3/20] GOOGL...
[2026-04-23T18:00:48.158+0000] {subprocess.py:93} INFO -   [4/20] NVDA...
[2026-04-23T18:00:48.159+0000] {subprocess.py:93} INFO -   [5/20] META...
[2026-04-23T18:00:48.159+0000] {subprocess.py:93} INFO -   [6/20] JPM...
[2026-04-23T18:00:48.160+0000] {subprocess.py:93} INFO -   [7/20] BAC...
[2026-04-23T18:00:48.160+0000] {subprocess.py:93} INFO -   [8/20] GS...
[2026-04-23T18:00:48.161+0000] {subprocess.py:93} INFO -   [9/20] V...
[2026-04-23T18:00:48.161+0000] {subprocess.py:93} INFO -   [10/20] MA...
[2026-04-23T18:00:48.162+0000] {subprocess.py:93} INFO -   [11/20] JNJ...
[2026-04-23T18:00:48.162+0000] {subprocess.py:93} INFO -   [12/20] PFE...
[2026-04-23T18:00:48.163+0000] {subprocess.py:93} INFO -   [13/20] UNH...
[2026-04-23T18:00:48.163+0000] {subprocess.py:93} INFO -   [14/20] ABBV...
[2026-04-23T18:00:48.163+0000] {subprocess.py:93} INFO -   [15/20] MRK...
[2026-04-23T18:00:48.164+0000] {subprocess.py:93} INFO -   [16/20] XOM...
[2026-04-23T18:00:48.164+0000] {subprocess.py:93} INFO -   [17/20] CVX...
[2026-04-23T18:00:48.164+0000] {subprocess.py:93} INFO -   [18/20] COP...
[2026-04-23T18:00:48.165+0000] {subprocess.py:93} INFO -   [19/20] WMT...
[2026-04-23T18:00:48.165+0000] {subprocess.py:93} INFO -   [20/20] AMZN...
[2026-04-23T18:00:48.166+0000] {subprocess.py:93} INFO - Traceback (most recent call last):
[2026-04-23T18:00:48.166+0000] {subprocess.py:93} INFO -   File "/opt/***/ingestion/fetch_daily_candles.py", line 77, in <module>
[2026-04-23T18:00:48.167+0000] {subprocess.py:93} INFO -     main()
[2026-04-23T18:00:48.168+0000] {subprocess.py:93} INFO -   File "/opt/***/ingestion/fetch_daily_candles.py", line 73, in main
[2026-04-23T18:00:48.168+0000] {subprocess.py:93} INFO -     upload_to_gcs(records, date)
[2026-04-23T18:00:48.169+0000] {subprocess.py:93} INFO -   File "/opt/***/ingestion/fetch_daily_candles.py", line 52, in upload_to_gcs
[2026-04-23T18:00:48.169+0000] {subprocess.py:93} INFO -     client = storage.Client()
[2026-04-23T18:00:48.170+0000] {subprocess.py:93} INFO -              ^^^^^^^^^^^^^^^^
[2026-04-23T18:00:48.170+0000] {subprocess.py:93} INFO -   File "/home/***/.local/lib/python3.12/site-packages/google/cloud/storage/client.py", line 226, in __init__
[2026-04-23T18:00:48.171+0000] {subprocess.py:93} INFO -     super(Client, self).__init__(
[2026-04-23T18:00:48.171+0000] {subprocess.py:93} INFO -   File "/home/***/.local/lib/python3.12/site-packages/google/cloud/client/__init__.py", line 320, in __init__
[2026-04-23T18:00:48.172+0000] {subprocess.py:93} INFO -     _ClientProjectMixin.__init__(self, project=project, credentials=credentials)
[2026-04-23T18:00:48.172+0000] {subprocess.py:93} INFO -   File "/home/***/.local/lib/python3.12/site-packages/google/cloud/client/__init__.py", line 268, in __init__
[2026-04-23T18:00:48.173+0000] {subprocess.py:93} INFO -     project = self._determine_default(project)
[2026-04-23T18:00:48.173+0000] {subprocess.py:93} INFO -               ^^^^^^^^^^^^^^^^^^^^^^^^^^^^^^^^
[2026-04-23T18:00:48.174+0000] {subprocess.py:93} INFO -   File "/home/***/.local/lib/python3.12/site-packages/google/cloud/client/__init__.py", line 287, in _determine_default
[2026-04-23T18:00:48.174+0000] {subprocess.py:93} INFO -     return _determine_default_project(project)
[2026-04-23T18:00:48.174+0000] {subprocess.py:93} INFO -            ^^^^^^^^^^^^^^^^^^^^^^^^^^^^^^^^^^^
[2026-04-23T18:00:48.175+0000] {subprocess.py:93} INFO -   File "/home/***/.local/lib/python3.12/site-packages/google/cloud/_helpers/__init__.py", line 152, in _determine_default_project
[2026-04-23T18:00:48.175+0000] {subprocess.py:93} INFO -     _, project = google.auth.default()
[2026-04-23T18:00:48.176+0000] {subprocess.py:93} INFO -                  ^^^^^^^^^^^^^^^^^^^^^
[2026-04-23T18:00:48.176+0000] {subprocess.py:93} INFO -   File "/home/***/.local/lib/python3.12/site-packages/google/auth/_default.py", line 691, in default
[2026-04-23T18:00:48.177+0000] {subprocess.py:93} INFO -     raise exceptions.DefaultCredentialsError(_CLOUD_SDK_MISSING_CREDENTIALS)
[2026-04-23T18:00:48.177+0000] {subprocess.py:93} INFO - google.auth.exceptions.DefaultCredentialsError: Your default credentials were not found. To set up Application Default Credentials, see https://cloud.google.com/docs/authentication/external/set-up-adc for more information.
[2026-04-23T18:00:48.212+0000] {subprocess.py:97} INFO - Command exited with return code 1
[2026-04-23T18:00:48.214+0000] {taskinstance.py:441} INFO - ::group::Post task execution logs
[2026-04-23T18:00:48.223+0000] {taskinstance.py:2890} ERROR - Task failed with exception
Traceback (most recent call last):
  File "/home/airflow/.local/lib/python3.12/site-packages/airflow/models/taskinstance.py", line 465, in _execute_task
    result = _execute_callable(context=context, **execute_callable_kwargs)
             ^^^^^^^^^^^^^^^^^^^^^^^^^^^^^^^^^^^^^^^^^^^^^^^^^^^^^^^^^^^^^
  File "/home/airflow/.local/lib/python3.12/site-packages/airflow/models/taskinstance.py", line 432, in _execute_callable
    return execute_callable(context=context, **execute_callable_kwargs)
           ^^^^^^^^^^^^^^^^^^^^^^^^^^^^^^^^^^^^^^^^^^^^^^^^^^^^^^^^^^^^
  File "/home/airflow/.local/lib/python3.12/site-packages/airflow/models/baseoperator.py", line 400, in wrapper
    return func(self, *args, **kwargs)
           ^^^^^^^^^^^^^^^^^^^^^^^^^^^
  File "/home/airflow/.local/lib/python3.12/site-packages/airflow/operators/bash.py", line 243, in execute
    raise AirflowException(
airflow.exceptions.AirflowException: Bash command failed. The command returned a non-zero exit code 1.
[2026-04-23T18:00:48.227+0000] {taskinstance.py:1205} INFO - Marking task as UP_FOR_RETRY. dag_id=stock_pipeline, task_id=fetch_quotes, execution_date=20260422T060000, start_date=20260423T180020, end_date=20260423T180048
[2026-04-23T18:00:48.239+0000] {standard_task_runner.py:110} ERROR - Failed to execute job 4 for task fetch_quotes (Bash command failed. The command returned a non-zero exit code 1.; 181)
[2026-04-23T18:00:48.272+0000] {local_task_job_runner.py:240} INFO - Task exited with return code 1
[2026-04-23T18:00:48.295+0000] {taskinstance.py:3482} INFO - 0 downstream tasks scheduled from follow-on schedule check
[2026-04-23T18:00:48.297+0000] {local_task_job_runner.py:222} INFO - ::endgroup::
[2026-04-23T18:07:36.155+0000] {local_task_job_runner.py:120} INFO - ::group::Pre task execution logs
[2026-04-23T18:07:36.185+0000] {taskinstance.py:2073} INFO - Dependencies all met for dep_context=non-requeueable deps ti=<TaskInstance: stock_pipeline.fetch_quotes scheduled__2026-04-22T06:00:00+00:00 [queued]>
[2026-04-23T18:07:36.195+0000] {taskinstance.py:2073} INFO - Dependencies all met for dep_context=requeueable deps ti=<TaskInstance: stock_pipeline.fetch_quotes scheduled__2026-04-22T06:00:00+00:00 [queued]>
[2026-04-23T18:07:36.196+0000] {taskinstance.py:2303} INFO - Starting attempt 1 of 2
[2026-04-23T18:07:36.209+0000] {taskinstance.py:2327} INFO - Executing <Task(BashOperator): fetch_quotes> on 2026-04-22 06:00:00+00:00
[2026-04-23T18:07:36.217+0000] {standard_task_runner.py:90} INFO - Running: ['***', 'tasks', 'run', 'stock_pipeline', 'fetch_quotes', 'scheduled__2026-04-22T06:00:00+00:00', '--job-id', '2', '--raw', '--subdir', 'DAGS_FOLDER/stock_pipeline_dag.py', '--cfg-path', '/tmp/tmp0to7pkze']
[2026-04-23T18:07:36.220+0000] {standard_task_runner.py:91} INFO - Job 2: Subtask fetch_quotes
[2026-04-23T18:07:36.221+0000] {logging_mixin.py:188} WARNING - /home/***/.local/lib/python3.12/site-packages/***/task/task_runner/standard_task_runner.py:61 DeprecationWarning: This process (pid=179) is multi-threaded, use of fork() may lead to deadlocks in the child.
[2026-04-23T18:07:36.222+0000] {standard_task_runner.py:63} INFO - Started process 182 to run task
[2026-04-23T18:07:36.317+0000] {task_command.py:426} INFO - Running <TaskInstance: stock_pipeline.fetch_quotes scheduled__2026-04-22T06:00:00+00:00 [running]> on host ec8841baf29e
[2026-04-23T18:07:36.406+0000] {taskinstance.py:2644} INFO - Exporting env vars: AIRFLOW_CTX_DAG_OWNER='***' AIRFLOW_CTX_DAG_ID='stock_pipeline' AIRFLOW_CTX_TASK_ID='fetch_quotes' AIRFLOW_CTX_EXECUTION_DATE='2026-04-22T06:00:00+00:00' AIRFLOW_CTX_TRY_NUMBER='1' AIRFLOW_CTX_DAG_RUN_ID='scheduled__2026-04-22T06:00:00+00:00'
[2026-04-23T18:07:36.408+0000] {taskinstance.py:430} INFO - ::endgroup::
[2026-04-23T18:07:36.433+0000] {subprocess.py:63} INFO - Tmp dir root location: /tmp
[2026-04-23T18:07:36.436+0000] {subprocess.py:75} INFO - Running command: ['/usr/bin/bash', '-c', 'python /opt/***/ingestion/fetch_daily_candles.py']
[2026-04-23T18:07:36.449+0000] {subprocess.py:86} INFO - Output:
[2026-04-23T18:08:02.881+0000] {subprocess.py:93} INFO - Fetching quotes for: 2026-04-22
[2026-04-23T18:08:02.883+0000] {subprocess.py:93} INFO - 
[2026-04-23T18:08:02.885+0000] {subprocess.py:93} INFO -   [1/20] AAPL...
[2026-04-23T18:08:02.887+0000] {subprocess.py:93} INFO -   [2/20] MSFT...
[2026-04-23T18:08:02.889+0000] {subprocess.py:93} INFO -   [3/20] GOOGL...
[2026-04-23T18:08:02.891+0000] {subprocess.py:93} INFO -   [4/20] NVDA...
[2026-04-23T18:08:02.893+0000] {subprocess.py:93} INFO -   [5/20] META...
[2026-04-23T18:08:02.894+0000] {subprocess.py:93} INFO -   [6/20] JPM...
[2026-04-23T18:08:02.896+0000] {subprocess.py:93} INFO -   [7/20] BAC...
[2026-04-23T18:08:02.899+0000] {subprocess.py:93} INFO -   [8/20] GS...
[2026-04-23T18:08:02.901+0000] {subprocess.py:93} INFO -   [9/20] V...
[2026-04-23T18:08:02.902+0000] {subprocess.py:93} INFO -   [10/20] MA...
[2026-04-23T18:08:02.904+0000] {subprocess.py:93} INFO -   [11/20] JNJ...
[2026-04-23T18:08:02.905+0000] {subprocess.py:93} INFO -   [12/20] PFE...
[2026-04-23T18:08:02.906+0000] {subprocess.py:93} INFO -   [13/20] UNH...
[2026-04-23T18:08:02.907+0000] {subprocess.py:93} INFO -   [14/20] ABBV...
[2026-04-23T18:08:02.908+0000] {subprocess.py:93} INFO -   [15/20] MRK...
[2026-04-23T18:08:02.909+0000] {subprocess.py:93} INFO -   [16/20] XOM...
[2026-04-23T18:08:02.910+0000] {subprocess.py:93} INFO -   [17/20] CVX...
[2026-04-23T18:08:02.911+0000] {subprocess.py:93} INFO -   [18/20] COP...
[2026-04-23T18:08:02.912+0000] {subprocess.py:93} INFO -   [19/20] WMT...
[2026-04-23T18:08:02.913+0000] {subprocess.py:93} INFO -   [20/20] AMZN...
[2026-04-23T18:08:02.914+0000] {subprocess.py:93} INFO - 
[2026-04-23T18:08:02.915+0000] {subprocess.py:93} INFO - Uploaded 20 records to gs://stock-pipeline-raw/raw/candles/2026-04-22.json
[2026-04-23T18:08:02.917+0000] {subprocess.py:93} INFO - Done!
[2026-04-23T18:08:02.957+0000] {subprocess.py:97} INFO - Command exited with return code 0
[2026-04-23T18:08:02.959+0000] {taskinstance.py:441} INFO - ::group::Post task execution logs
[2026-04-23T18:08:02.986+0000] {taskinstance.py:1205} INFO - Marking task as SUCCESS. dag_id=stock_pipeline, task_id=fetch_quotes, execution_date=20260422T060000, start_date=20260423T180736, end_date=20260423T180802
[2026-04-23T18:08:03.028+0000] {local_task_job_runner.py:240} INFO - Task exited with return code 0
[2026-04-23T18:08:03.054+0000] {taskinstance.py:3482} INFO - 1 downstream tasks scheduled from follow-on schedule check
[2026-04-23T18:08:03.058+0000] {local_task_job_runner.py:222} INFO - ::endgroup::
[2026-04-23T18:17:00.394+0000] {local_task_job_runner.py:120} INFO - ::group::Pre task execution logs
[2026-04-23T18:17:00.420+0000] {taskinstance.py:2073} INFO - Dependencies all met for dep_context=non-requeueable deps ti=<TaskInstance: stock_pipeline.fetch_quotes scheduled__2026-04-22T06:00:00+00:00 [queued]>
[2026-04-23T18:17:00.428+0000] {taskinstance.py:2073} INFO - Dependencies all met for dep_context=requeueable deps ti=<TaskInstance: stock_pipeline.fetch_quotes scheduled__2026-04-22T06:00:00+00:00 [queued]>
[2026-04-23T18:17:00.428+0000] {taskinstance.py:2303} INFO - Starting attempt 1 of 2
[2026-04-23T18:17:00.440+0000] {taskinstance.py:2327} INFO - Executing <Task(BashOperator): fetch_quotes> on 2026-04-22 06:00:00+00:00
[2026-04-23T18:17:00.448+0000] {logging_mixin.py:188} WARNING - /home/***/.local/lib/python3.12/site-packages/***/task/task_runner/standard_task_runner.py:61 DeprecationWarning: This process (pid=173) is multi-threaded, use of fork() may lead to deadlocks in the child.
[2026-04-23T18:17:00.446+0000] {standard_task_runner.py:90} INFO - Running: ['***', 'tasks', 'run', 'stock_pipeline', 'fetch_quotes', 'scheduled__2026-04-22T06:00:00+00:00', '--job-id', '2', '--raw', '--subdir', 'DAGS_FOLDER/stock_pipeline_dag.py', '--cfg-path', '/tmp/tmpd6glg3ow']
[2026-04-23T18:17:00.449+0000] {standard_task_runner.py:63} INFO - Started process 174 to run task
[2026-04-23T18:17:00.449+0000] {standard_task_runner.py:91} INFO - Job 2: Subtask fetch_quotes
[2026-04-23T18:17:00.516+0000] {task_command.py:426} INFO - Running <TaskInstance: stock_pipeline.fetch_quotes scheduled__2026-04-22T06:00:00+00:00 [running]> on host 8f0c61881487
[2026-04-23T18:17:00.608+0000] {taskinstance.py:2644} INFO - Exporting env vars: AIRFLOW_CTX_DAG_OWNER='***' AIRFLOW_CTX_DAG_ID='stock_pipeline' AIRFLOW_CTX_TASK_ID='fetch_quotes' AIRFLOW_CTX_EXECUTION_DATE='2026-04-22T06:00:00+00:00' AIRFLOW_CTX_TRY_NUMBER='1' AIRFLOW_CTX_DAG_RUN_ID='scheduled__2026-04-22T06:00:00+00:00'
[2026-04-23T18:17:00.609+0000] {taskinstance.py:430} INFO - ::endgroup::
[2026-04-23T18:17:00.627+0000] {subprocess.py:63} INFO - Tmp dir root location: /tmp
[2026-04-23T18:17:00.628+0000] {subprocess.py:75} INFO - Running command: ['/usr/bin/bash', '-c', 'python /opt/***/ingestion/fetch_daily_candles.py']
[2026-04-23T18:17:00.638+0000] {subprocess.py:86} INFO - Output:
[2026-04-23T18:17:27.604+0000] {subprocess.py:93} INFO - Fetching quotes for: 2026-04-22
[2026-04-23T18:17:27.609+0000] {subprocess.py:93} INFO - 
[2026-04-23T18:17:27.611+0000] {subprocess.py:93} INFO -   [1/20] AAPL...
[2026-04-23T18:17:27.614+0000] {subprocess.py:93} INFO -   [2/20] MSFT...
[2026-04-23T18:17:27.617+0000] {subprocess.py:93} INFO -   [3/20] GOOGL...
[2026-04-23T18:17:27.619+0000] {subprocess.py:93} INFO -   [4/20] NVDA...
[2026-04-23T18:17:27.621+0000] {subprocess.py:93} INFO -   [5/20] META...
[2026-04-23T18:17:27.623+0000] {subprocess.py:93} INFO -   [6/20] JPM...
[2026-04-23T18:17:27.625+0000] {subprocess.py:93} INFO -   [7/20] BAC...
[2026-04-23T18:17:27.627+0000] {subprocess.py:93} INFO -   [8/20] GS...
[2026-04-23T18:17:27.628+0000] {subprocess.py:93} INFO -   [9/20] V...
[2026-04-23T18:17:27.629+0000] {subprocess.py:93} INFO -   [10/20] MA...
[2026-04-23T18:17:27.630+0000] {subprocess.py:93} INFO -   [11/20] JNJ...
[2026-04-23T18:17:27.633+0000] {subprocess.py:93} INFO -   [12/20] PFE...
[2026-04-23T18:17:27.636+0000] {subprocess.py:93} INFO -   [13/20] UNH...
[2026-04-23T18:17:27.639+0000] {subprocess.py:93} INFO -   [14/20] ABBV...
[2026-04-23T18:17:27.641+0000] {subprocess.py:93} INFO -   [15/20] MRK...
[2026-04-23T18:17:27.643+0000] {subprocess.py:93} INFO -   [16/20] XOM...
[2026-04-23T18:17:27.644+0000] {subprocess.py:93} INFO -   [17/20] CVX...
[2026-04-23T18:17:27.645+0000] {subprocess.py:93} INFO -   [18/20] COP...
[2026-04-23T18:17:27.646+0000] {subprocess.py:93} INFO -   [19/20] WMT...
[2026-04-23T18:17:27.647+0000] {subprocess.py:93} INFO -   [20/20] AMZN...
[2026-04-23T18:17:27.648+0000] {subprocess.py:93} INFO - 
[2026-04-23T18:17:27.650+0000] {subprocess.py:93} INFO - Uploaded 20 records to gs://stock-pipeline-raw/raw/candles/2026-04-22.json
[2026-04-23T18:17:27.651+0000] {subprocess.py:93} INFO - Done!
[2026-04-23T18:17:27.684+0000] {subprocess.py:97} INFO - Command exited with return code 0
[2026-04-23T18:17:27.685+0000] {taskinstance.py:441} INFO - ::group::Post task execution logs
[2026-04-23T18:17:27.714+0000] {taskinstance.py:1205} INFO - Marking task as SUCCESS. dag_id=stock_pipeline, task_id=fetch_quotes, execution_date=20260422T060000, start_date=20260423T181700, end_date=20260423T181727
[2026-04-23T18:17:27.768+0000] {local_task_job_runner.py:240} INFO - Task exited with return code 0
[2026-04-23T18:17:27.808+0000] {taskinstance.py:3482} INFO - 1 downstream tasks scheduled from follow-on schedule check
[2026-04-23T18:17:27.810+0000] {local_task_job_runner.py:222} INFO - ::endgroup::
[2026-04-23T18:34:59.714+0000] {local_task_job_runner.py:120} INFO - ::group::Pre task execution logs
[2026-04-23T18:34:59.747+0000] {taskinstance.py:2073} INFO - Dependencies all met for dep_context=non-requeueable deps ti=<TaskInstance: stock_pipeline.fetch_quotes scheduled__2026-04-22T06:00:00+00:00 [queued]>
[2026-04-23T18:34:59.756+0000] {taskinstance.py:2073} INFO - Dependencies all met for dep_context=requeueable deps ti=<TaskInstance: stock_pipeline.fetch_quotes scheduled__2026-04-22T06:00:00+00:00 [queued]>
[2026-04-23T18:34:59.756+0000] {taskinstance.py:2303} INFO - Starting attempt 1 of 2
[2026-04-23T18:34:59.768+0000] {taskinstance.py:2327} INFO - Executing <Task(BashOperator): fetch_quotes> on 2026-04-22 06:00:00+00:00
[2026-04-23T18:34:59.779+0000] {logging_mixin.py:188} WARNING - /home/***/.local/lib/python3.12/site-packages/***/task/task_runner/standard_task_runner.py:61 DeprecationWarning: This process (pid=193) is multi-threaded, use of fork() may lead to deadlocks in the child.
[2026-04-23T18:34:59.775+0000] {standard_task_runner.py:90} INFO - Running: ['***', 'tasks', 'run', 'stock_pipeline', 'fetch_quotes', 'scheduled__2026-04-22T06:00:00+00:00', '--job-id', '2', '--raw', '--subdir', 'DAGS_FOLDER/stock_pipeline_dag.py', '--cfg-path', '/tmp/tmp744cbj2r']
[2026-04-23T18:34:59.780+0000] {standard_task_runner.py:63} INFO - Started process 194 to run task
[2026-04-23T18:34:59.780+0000] {standard_task_runner.py:91} INFO - Job 2: Subtask fetch_quotes
[2026-04-23T18:34:59.875+0000] {task_command.py:426} INFO - Running <TaskInstance: stock_pipeline.fetch_quotes scheduled__2026-04-22T06:00:00+00:00 [running]> on host 7eb82a26259b
[2026-04-23T18:34:59.985+0000] {taskinstance.py:2644} INFO - Exporting env vars: AIRFLOW_CTX_DAG_OWNER='***' AIRFLOW_CTX_DAG_ID='stock_pipeline' AIRFLOW_CTX_TASK_ID='fetch_quotes' AIRFLOW_CTX_EXECUTION_DATE='2026-04-22T06:00:00+00:00' AIRFLOW_CTX_TRY_NUMBER='1' AIRFLOW_CTX_DAG_RUN_ID='scheduled__2026-04-22T06:00:00+00:00'
[2026-04-23T18:34:59.986+0000] {taskinstance.py:430} INFO - ::endgroup::
[2026-04-23T18:35:00.025+0000] {subprocess.py:63} INFO - Tmp dir root location: /tmp
[2026-04-23T18:35:00.027+0000] {subprocess.py:75} INFO - Running command: ['/usr/bin/bash', '-c', 'python /opt/***/ingestion/fetch_daily_candles.py']
[2026-04-23T18:35:00.038+0000] {subprocess.py:86} INFO - Output:
[2026-04-23T18:35:29.187+0000] {subprocess.py:93} INFO - Fetching quotes for: 2026-04-22
[2026-04-23T18:35:29.188+0000] {subprocess.py:93} INFO - 
[2026-04-23T18:35:29.189+0000] {subprocess.py:93} INFO -   [1/20] AAPL...
[2026-04-23T18:35:29.190+0000] {subprocess.py:93} INFO -   [2/20] MSFT...
[2026-04-23T18:35:29.191+0000] {subprocess.py:93} INFO -   [3/20] GOOGL...
[2026-04-23T18:35:29.192+0000] {subprocess.py:93} INFO -   [4/20] NVDA...
[2026-04-23T18:35:29.193+0000] {subprocess.py:93} INFO -   [5/20] META...
[2026-04-23T18:35:29.194+0000] {subprocess.py:93} INFO -   [6/20] JPM...
[2026-04-23T18:35:29.195+0000] {subprocess.py:93} INFO -   [7/20] BAC...
[2026-04-23T18:35:29.196+0000] {subprocess.py:93} INFO -   [8/20] GS...
[2026-04-23T18:35:29.198+0000] {subprocess.py:93} INFO -   [9/20] V...
[2026-04-23T18:35:29.198+0000] {subprocess.py:93} INFO -   [10/20] MA...
[2026-04-23T18:35:29.200+0000] {subprocess.py:93} INFO -   [11/20] JNJ...
[2026-04-23T18:35:29.202+0000] {subprocess.py:93} INFO -   [12/20] PFE...
[2026-04-23T18:35:29.203+0000] {subprocess.py:93} INFO -   [13/20] UNH...
[2026-04-23T18:35:29.205+0000] {subprocess.py:93} INFO -   [14/20] ABBV...
[2026-04-23T18:35:29.206+0000] {subprocess.py:93} INFO -   [15/20] MRK...
[2026-04-23T18:35:29.207+0000] {subprocess.py:93} INFO -   [16/20] XOM...
[2026-04-23T18:35:29.208+0000] {subprocess.py:93} INFO -   [17/20] CVX...
[2026-04-23T18:35:29.209+0000] {subprocess.py:93} INFO -   [18/20] COP...
[2026-04-23T18:35:29.210+0000] {subprocess.py:93} INFO -   [19/20] WMT...
[2026-04-23T18:35:29.211+0000] {subprocess.py:93} INFO -   [20/20] AMZN...
[2026-04-23T18:35:29.212+0000] {subprocess.py:93} INFO - 
[2026-04-23T18:35:29.212+0000] {subprocess.py:93} INFO - Uploaded 20 records to gs://stock-pipeline-raw/raw/candles/2026-04-22.json
[2026-04-23T18:35:29.213+0000] {subprocess.py:93} INFO - Done!
[2026-04-23T18:35:29.245+0000] {subprocess.py:97} INFO - Command exited with return code 0
[2026-04-23T18:35:29.246+0000] {taskinstance.py:441} INFO - ::group::Post task execution logs
[2026-04-23T18:35:29.268+0000] {taskinstance.py:1205} INFO - Marking task as SUCCESS. dag_id=stock_pipeline, task_id=fetch_quotes, execution_date=20260422T060000, start_date=20260423T183459, end_date=20260423T183529
[2026-04-23T18:35:29.299+0000] {local_task_job_runner.py:240} INFO - Task exited with return code 0
[2026-04-23T18:35:29.329+0000] {taskinstance.py:3482} INFO - 1 downstream tasks scheduled from follow-on schedule check
[2026-04-23T18:35:29.333+0000] {local_task_job_runner.py:222} INFO - ::endgroup::
