[2026-04-23T18:22:42.517+0000] {local_task_job_runner.py:120} INFO - ::group::Pre task execution logs
[2026-04-23T18:22:42.541+0000] {taskinstance.py:2073} INFO - Dependencies all met for dep_context=non-requeueable deps ti=<TaskInstance: stock_pipeline.load_to_bigquery manual__2026-04-23T18:22:14.249698+00:00 [queued]>
[2026-04-23T18:22:42.547+0000] {taskinstance.py:2073} INFO - Dependencies all met for dep_context=requeueable deps ti=<TaskInstance: stock_pipeline.load_to_bigquery manual__2026-04-23T18:22:14.249698+00:00 [queued]>
[2026-04-23T18:22:42.549+0000] {taskinstance.py:2303} INFO - Starting attempt 1 of 2
[2026-04-23T18:22:42.559+0000] {taskinstance.py:2327} INFO - Executing <Task(BashOperator): load_to_bigquery> on 2026-04-23 18:22:14.249698+00:00
[2026-04-23T18:22:42.567+0000] {logging_mixin.py:188} WARNING - /home/***/.local/lib/python3.12/site-packages/***/task/task_runner/standard_task_runner.py:61 DeprecationWarning: This process (pid=260) is multi-threaded, use of fork() may lead to deadlocks in the child.
[2026-04-23T18:22:42.565+0000] {standard_task_runner.py:90} INFO - Running: ['***', 'tasks', 'run', 'stock_pipeline', 'load_to_bigquery', 'manual__2026-04-23T18:22:14.249698+00:00', '--job-id', '6', '--raw', '--subdir', 'DAGS_FOLDER/stock_pipeline_dag.py', '--cfg-path', '/tmp/tmpgukwjj8r']
[2026-04-23T18:22:42.568+0000] {standard_task_runner.py:63} INFO - Started process 261 to run task
[2026-04-23T18:22:42.568+0000] {standard_task_runner.py:91} INFO - Job 6: Subtask load_to_bigquery
[2026-04-23T18:22:42.625+0000] {task_command.py:426} INFO - Running <TaskInstance: stock_pipeline.load_to_bigquery manual__2026-04-23T18:22:14.249698+00:00 [running]> on host 8f0c61881487
[2026-04-23T18:22:42.710+0000] {taskinstance.py:2644} INFO - Exporting env vars: AIRFLOW_CTX_DAG_OWNER='***' AIRFLOW_CTX_DAG_ID='stock_pipeline' AIRFLOW_CTX_TASK_ID='load_to_bigquery' AIRFLOW_CTX_EXECUTION_DATE='2026-04-23T18:22:14.249698+00:00' AIRFLOW_CTX_TRY_NUMBER='1' AIRFLOW_CTX_DAG_RUN_ID='manual__2026-04-23T18:22:14.249698+00:00'
[2026-04-23T18:22:42.711+0000] {taskinstance.py:430} INFO - ::endgroup::
[2026-04-23T18:22:42.724+0000] {subprocess.py:63} INFO - Tmp dir root location: /tmp
[2026-04-23T18:22:42.725+0000] {subprocess.py:75} INFO - Running command: ['/usr/bin/bash', '-c', 'python /opt/***/ingestion/load_to_bigquery.py']
[2026-04-23T18:22:42.732+0000] {subprocess.py:86} INFO - Output:
[2026-04-23T18:22:46.800+0000] {subprocess.py:93} INFO - Loading gs://stock-pipeline-raw/raw/candles/2026-04-22.json -> project-933aee0c-10bd-4ab1-888.raw.stock_quotes
[2026-04-23T18:22:46.802+0000] {subprocess.py:93} INFO - Done, Table now has 120 total rows
[2026-04-23T18:22:46.917+0000] {subprocess.py:97} INFO - Command exited with return code 0
[2026-04-23T18:22:46.918+0000] {taskinstance.py:441} INFO - ::group::Post task execution logs
[2026-04-23T18:22:46.937+0000] {taskinstance.py:1205} INFO - Marking task as SUCCESS. dag_id=stock_pipeline, task_id=load_to_bigquery, execution_date=20260423T182214, start_date=20260423T182242, end_date=20260423T182246
[2026-04-23T18:22:46.979+0000] {local_task_job_runner.py:240} INFO - Task exited with return code 0
[2026-04-23T18:22:47.011+0000] {taskinstance.py:3482} INFO - 1 downstream tasks scheduled from follow-on schedule check
[2026-04-23T18:22:47.014+0000] {local_task_job_runner.py:222} INFO - ::endgroup::
