[2026-04-23T18:00:37.080+0000] {local_task_job_runner.py:120} INFO - ::group::Pre task execution logs
[2026-04-23T18:00:37.130+0000] {taskinstance.py:2073} INFO - Dependencies all met for dep_context=non-requeueable deps ti=<TaskInstance: stock_pipeline.fetch_quotes manual__2026-04-23T18:00:36.408478+00:00 [queued]>
[2026-04-23T18:00:37.141+0000] {taskinstance.py:2073} INFO - Dependencies all met for dep_context=requeueable deps ti=<TaskInstance: stock_pipeline.fetch_quotes manual__2026-04-23T18:00:36.408478+00:00 [queued]>
[2026-04-23T18:00:37.143+0000] {taskinstance.py:2303} INFO - Starting attempt 1 of 2
[2026-04-23T18:00:37.161+0000] {taskinstance.py:2327} INFO - Executing <Task(BashOperator): fetch_quotes> on 2026-04-23 18:00:36.408478+00:00
[2026-04-23T18:00:37.175+0000] {standard_task_runner.py:90} INFO - Running: ['***', 'tasks', 'run', 'stock_pipeline', 'fetch_quotes', 'manual__2026-04-23T18:00:36.408478+00:00', '--job-id', '6', '--raw', '--subdir', 'DAGS_FOLDER/stock_pipeline_dag.py', '--cfg-path', '/tmp/tmp34wfjz19']
[2026-04-23T18:00:37.188+0000] {logging_mixin.py:188} WARNING - /home/***/.local/lib/python3.12/site-packages/***/task/task_runner/standard_task_runner.py:61 DeprecationWarning: This process (pid=188) is multi-threaded, use of fork() may lead to deadlocks in the child.
[2026-04-23T18:00:37.190+0000] {standard_task_runner.py:63} INFO - Started process 192 to run task
[2026-04-23T18:00:37.188+0000] {standard_task_runner.py:91} INFO - Job 6: Subtask fetch_quotes
[2026-04-23T18:00:37.286+0000] {task_command.py:426} INFO - Running <TaskInstance: stock_pipeline.fetch_quotes manual__2026-04-23T18:00:36.408478+00:00 [running]> on host 38498704aa99
[2026-04-23T18:00:37.369+0000] {taskinstance.py:2644} INFO - Exporting env vars: AIRFLOW_CTX_DAG_OWNER='***' AIRFLOW_CTX_DAG_ID='stock_pipeline' AIRFLOW_CTX_TASK_ID='fetch_quotes' AIRFLOW_CTX_EXECUTION_DATE='2026-04-23T18:00:36.408478+00:00' AIRFLOW_CTX_TRY_NUMBER='1' AIRFLOW_CTX_DAG_RUN_ID='manual__2026-04-23T18:00:36.408478+00:00'
[2026-04-23T18:00:37.371+0000] {taskinstance.py:430} INFO - ::endgroup::
[2026-04-23T18:00:37.381+0000] {subprocess.py:63} INFO - Tmp dir root location: /tmp
[2026-04-23T18:00:37.382+0000] {subprocess.py:75} INFO - Running command: ['/usr/bin/bash', '-c', 'python /opt/***/ingestion/fetch_daily_candles.py']
[2026-04-23T18:00:37.391+0000] {subprocess.py:86} INFO - Output:
[2026-04-23T18:01:03.638+0000] {subprocess.py:93} INFO - Fetching quotes for: 2026-04-22
[2026-04-23T18:01:03.640+0000] {subprocess.py:93} INFO - 
[2026-04-23T18:01:03.641+0000] {subprocess.py:93} INFO -   [1/20] AAPL...
[2026-04-23T18:01:03.643+0000] {subprocess.py:93} INFO -   [2/20] MSFT...
[2026-04-23T18:01:03.644+0000] {subprocess.py:93} INFO -   [3/20] GOOGL...
[2026-04-23T18:01:03.645+0000] {subprocess.py:93} INFO -   [4/20] NVDA...
[2026-04-23T18:01:03.646+0000] {subprocess.py:93} INFO -   [5/20] META...
[2026-04-23T18:01:03.647+0000] {subprocess.py:93} INFO -   [6/20] JPM...
[2026-04-23T18:01:03.648+0000] {subprocess.py:93} INFO -   [7/20] BAC...
[2026-04-23T18:01:03.649+0000] {subprocess.py:93} INFO -   [8/20] GS...
[2026-04-23T18:01:03.650+0000] {subprocess.py:93} INFO -   [9/20] V...
[2026-04-23T18:01:03.651+0000] {subprocess.py:93} INFO -   [10/20] MA...
[2026-04-23T18:01:03.653+0000] {subprocess.py:93} INFO -   [11/20] JNJ...
[2026-04-23T18:01:03.654+0000] {subprocess.py:93} INFO -   [12/20] PFE...
[2026-04-23T18:01:03.654+0000] {subprocess.py:93} INFO -   [13/20] UNH...
[2026-04-23T18:01:03.655+0000] {subprocess.py:93} INFO -   [14/20] ABBV...
[2026-04-23T18:01:03.655+0000] {subprocess.py:93} INFO -   [15/20] MRK...
[2026-04-23T18:01:03.656+0000] {subprocess.py:93} INFO -   [16/20] XOM...
[2026-04-23T18:01:03.656+0000] {subprocess.py:93} INFO -   [17/20] CVX...
[2026-04-23T18:01:03.657+0000] {subprocess.py:93} INFO -   [18/20] COP...
[2026-04-23T18:01:03.657+0000] {subprocess.py:93} INFO -   [19/20] WMT...
[2026-04-23T18:01:03.658+0000] {subprocess.py:93} INFO -   [20/20] AMZN...
[2026-04-23T18:01:03.658+0000] {subprocess.py:93} INFO - Traceback (most recent call last):
[2026-04-23T18:01:03.659+0000] {subprocess.py:93} INFO -   File "/opt/***/ingestion/fetch_daily_candles.py", line 77, in <module>
[2026-04-23T18:01:03.660+0000] {subprocess.py:93} INFO -     main()
[2026-04-23T18:01:03.661+0000] {subprocess.py:93} INFO -   File "/opt/***/ingestion/fetch_daily_candles.py", line 73, in main
[2026-04-23T18:01:03.661+0000] {subprocess.py:93} INFO -     upload_to_gcs(records, date)
[2026-04-23T18:01:03.662+0000] {subprocess.py:93} INFO -   File "/opt/***/ingestion/fetch_daily_candles.py", line 52, in upload_to_gcs
[2026-04-23T18:01:03.662+0000] {subprocess.py:93} INFO -     client = storage.Client()
[2026-04-23T18:01:03.663+0000] {subprocess.py:93} INFO -              ^^^^^^^^^^^^^^^^
[2026-04-23T18:01:03.663+0000] {subprocess.py:93} INFO -   File "/home/***/.local/lib/python3.12/site-packages/google/cloud/storage/client.py", line 226, in __init__
[2026-04-23T18:01:03.664+0000] {subprocess.py:93} INFO -     super(Client, self).__init__(
[2026-04-23T18:01:03.664+0000] {subprocess.py:93} INFO -   File "/home/***/.local/lib/python3.12/site-packages/google/cloud/client/__init__.py", line 320, in __init__
[2026-04-23T18:01:03.665+0000] {subprocess.py:93} INFO -     _ClientProjectMixin.__init__(self, project=project, credentials=credentials)
[2026-04-23T18:01:03.666+0000] {subprocess.py:93} INFO -   File "/home/***/.local/lib/python3.12/site-packages/google/cloud/client/__init__.py", line 268, in __init__
[2026-04-23T18:01:03.666+0000] {subprocess.py:93} INFO -     project = self._determine_default(project)
[2026-04-23T18:01:03.667+0000] {subprocess.py:93} INFO -               ^^^^^^^^^^^^^^^^^^^^^^^^^^^^^^^^
[2026-04-23T18:01:03.667+0000] {subprocess.py:93} INFO -   File "/home/***/.local/lib/python3.12/site-packages/google/cloud/client/__init__.py", line 287, in _determine_default
[2026-04-23T18:01:03.668+0000] {subprocess.py:93} INFO -     return _determine_default_project(project)
[2026-04-23T18:01:03.669+0000] {subprocess.py:93} INFO -            ^^^^^^^^^^^^^^^^^^^^^^^^^^^^^^^^^^^
[2026-04-23T18:01:03.670+0000] {subprocess.py:93} INFO -   File "/home/***/.local/lib/python3.12/site-packages/google/cloud/_helpers/__init__.py", line 152, in _determine_default_project
[2026-04-23T18:01:03.670+0000] {subprocess.py:93} INFO -     _, project = google.auth.default()
[2026-04-23T18:01:03.671+0000] {subprocess.py:93} INFO -                  ^^^^^^^^^^^^^^^^^^^^^
[2026-04-23T18:01:03.671+0000] {subprocess.py:93} INFO -   File "/home/***/.local/lib/python3.12/site-packages/google/auth/_default.py", line 691, in default
[2026-04-23T18:01:03.672+0000] {subprocess.py:93} INFO -     raise exceptions.DefaultCredentialsError(_CLOUD_SDK_MISSING_CREDENTIALS)
[2026-04-23T18:01:03.672+0000] {subprocess.py:93} INFO - google.auth.exceptions.DefaultCredentialsError: Your default credentials were not found. To set up Application Default Credentials, see https://cloud.google.com/docs/authentication/external/set-up-adc for more information.
[2026-04-23T18:01:03.698+0000] {subprocess.py:97} INFO - Command exited with return code 1
[2026-04-23T18:01:03.700+0000] {taskinstance.py:441} INFO - ::group::Post task execution logs
[2026-04-23T18:01:03.709+0000] {taskinstance.py:2890} ERROR - Task failed with exception
Traceback (most recent call last):
  File "/home/airflow/.local/lib/python3.12/site-packages/airflow/models/taskinstance.py", line 465, in _execute_task
    result = _execute_callable(context=context, **execute_callable_kwargs)
             ^^^^^^^^^^^^^^^^^^^^^^^^^^^^^^^^^^^^^^^^^^^^^^^^^^^^^^^^^^^^^
  File "/home/airflow/.local/lib/python3.12/site-packages/airflow/models/taskinstance.py", line 432, in _execute_callable
    return execute_callable(context=context, **execute_callable_kwargs)
           ^^^^^^^^^^^^^^^^^^^^^^^^^^^^^^^^^^^^^^^^^^^^^^^^^^^^^^^^^^^^
  File "/home/airflow/.local/lib/python3.12/site-packages/airflow/models/baseoperator.py", line 400, in wrapper
    return func(self, *args, **kwargs)
           ^^^^^^^^^^^^^^^^^^^^^^^^^^^
  File "/home/airflow/.local/lib/python3.12/site-packages/airflow/operators/bash.py", line 243, in execute
    raise AirflowException(
airflow.exceptions.AirflowException: Bash command failed. The command returned a non-zero exit code 1.
[2026-04-23T18:01:03.713+0000] {taskinstance.py:1205} INFO - Marking task as UP_FOR_RETRY. dag_id=stock_pipeline, task_id=fetch_quotes, execution_date=20260423T180036, start_date=20260423T180037, end_date=20260423T180103
[2026-04-23T18:01:03.724+0000] {standard_task_runner.py:110} ERROR - Failed to execute job 6 for task fetch_quotes (Bash command failed. The command returned a non-zero exit code 1.; 192)
[2026-04-23T18:01:03.747+0000] {local_task_job_runner.py:240} INFO - Task exited with return code 1
[2026-04-23T18:01:03.774+0000] {taskinstance.py:3482} INFO - 0 downstream tasks scheduled from follow-on schedule check
[2026-04-23T18:01:03.777+0000] {local_task_job_runner.py:222} INFO - ::endgroup::
