[2026-04-25T16:29:31.679+0000] {processor.py:161} INFO - Started process (PID=3443) to work on /opt/airflow/dags/stock_pipeline_dag.py
[2026-04-25T16:29:32.229+0000] {processor.py:830} INFO - Processing file /opt/airflow/dags/stock_pipeline_dag.py for tasks to queue
[2026-04-25T16:29:33.299+0000] {logging_mixin.py:188} INFO - [2026-04-25T16:29:33.263+0000] {dagbag.py:540} INFO - Filling up the DagBag from /opt/airflow/dags/stock_pipeline_dag.py
[2026-04-25T16:29:33.921+0000] {processor.py:840} INFO - DAG(s) 'stock_pipeline' retrieved from /opt/airflow/dags/stock_pipeline_dag.py
[2026-04-25T16:29:42.360+0000] {logging_mixin.py:188} INFO - [2026-04-25T16:29:42.357+0000] {dag.py:3096} INFO - Sync 1 DAGs
[2026-04-25T16:29:42.909+0000] {logging_mixin.py:188} INFO - [2026-04-25T16:29:42.908+0000] {dag.py:3954} INFO - Setting next_dagrun for stock_pipeline to 2026-04-24 06:00:00+00:00, run_after=2026-04-27 06:00:00+00:00
[2026-04-25T16:29:43.349+0000] {processor.py:183} INFO - Processing /opt/airflow/dags/stock_pipeline_dag.py took 12.620 seconds
[2026-04-25T16:30:14.240+0000] {processor.py:161} INFO - Started process (PID=3448) to work on /opt/airflow/dags/stock_pipeline_dag.py
[2026-04-25T16:30:14.253+0000] {processor.py:830} INFO - Processing file /opt/airflow/dags/stock_pipeline_dag.py for tasks to queue
[2026-04-25T16:30:14.268+0000] {logging_mixin.py:188} INFO - [2026-04-25T16:30:14.259+0000] {dagbag.py:540} INFO - Filling up the DagBag from /opt/airflow/dags/stock_pipeline_dag.py
[2026-04-25T16:30:14.493+0000] {processor.py:840} INFO - DAG(s) 'stock_pipeline' retrieved from /opt/airflow/dags/stock_pipeline_dag.py
[2026-04-25T16:30:14.910+0000] {logging_mixin.py:188} INFO - [2026-04-25T16:30:14.910+0000] {dag.py:3096} INFO - Sync 1 DAGs
[2026-04-25T16:30:15.048+0000] {logging_mixin.py:188} INFO - [2026-04-25T16:30:15.046+0000] {dag.py:3954} INFO - Setting next_dagrun for stock_pipeline to 2026-04-24 06:00:00+00:00, run_after=2026-04-27 06:00:00+00:00
[2026-04-25T16:30:15.145+0000] {processor.py:183} INFO - Processing /opt/airflow/dags/stock_pipeline_dag.py took 0.943 seconds
[2026-04-25T16:30:46.117+0000] {processor.py:161} INFO - Started process (PID=3453) to work on /opt/airflow/dags/stock_pipeline_dag.py
[2026-04-25T16:30:46.120+0000] {processor.py:830} INFO - Processing file /opt/airflow/dags/stock_pipeline_dag.py for tasks to queue
[2026-04-25T16:30:46.133+0000] {logging_mixin.py:188} INFO - [2026-04-25T16:30:46.132+0000] {dagbag.py:540} INFO - Filling up the DagBag from /opt/airflow/dags/stock_pipeline_dag.py
[2026-04-25T16:30:46.211+0000] {processor.py:840} INFO - DAG(s) 'stock_pipeline' retrieved from /opt/airflow/dags/stock_pipeline_dag.py
[2026-04-25T16:30:46.279+0000] {logging_mixin.py:188} INFO - [2026-04-25T16:30:46.278+0000] {dag.py:3096} INFO - Sync 1 DAGs
[2026-04-25T16:30:46.328+0000] {logging_mixin.py:188} INFO - [2026-04-25T16:30:46.328+0000] {dag.py:3954} INFO - Setting next_dagrun for stock_pipeline to 2026-04-24 06:00:00+00:00, run_after=2026-04-27 06:00:00+00:00
[2026-04-25T16:30:46.376+0000] {processor.py:183} INFO - Processing /opt/airflow/dags/stock_pipeline_dag.py took 0.280 seconds
[2026-04-25T16:31:16.470+0000] {processor.py:161} INFO - Started process (PID=3458) to work on /opt/airflow/dags/stock_pipeline_dag.py
[2026-04-25T16:31:16.472+0000] {processor.py:830} INFO - Processing file /opt/airflow/dags/stock_pipeline_dag.py for tasks to queue
[2026-04-25T16:31:16.478+0000] {logging_mixin.py:188} INFO - [2026-04-25T16:31:16.477+0000] {dagbag.py:540} INFO - Filling up the DagBag from /opt/airflow/dags/stock_pipeline_dag.py
[2026-04-25T16:31:16.520+0000] {processor.py:840} INFO - DAG(s) 'stock_pipeline' retrieved from /opt/airflow/dags/stock_pipeline_dag.py
[2026-04-25T16:31:16.563+0000] {logging_mixin.py:188} INFO - [2026-04-25T16:31:16.563+0000] {dag.py:3096} INFO - Sync 1 DAGs
[2026-04-25T16:31:16.599+0000] {logging_mixin.py:188} INFO - [2026-04-25T16:31:16.599+0000] {dag.py:3954} INFO - Setting next_dagrun for stock_pipeline to 2026-04-24 06:00:00+00:00, run_after=2026-04-27 06:00:00+00:00
[2026-04-25T16:31:16.633+0000] {processor.py:183} INFO - Processing /opt/airflow/dags/stock_pipeline_dag.py took 0.171 seconds
[2026-04-25T16:31:46.788+0000] {processor.py:161} INFO - Started process (PID=3463) to work on /opt/airflow/dags/stock_pipeline_dag.py
[2026-04-25T16:31:46.791+0000] {processor.py:830} INFO - Processing file /opt/airflow/dags/stock_pipeline_dag.py for tasks to queue
[2026-04-25T16:31:46.795+0000] {logging_mixin.py:188} INFO - [2026-04-25T16:31:46.795+0000] {dagbag.py:540} INFO - Filling up the DagBag from /opt/airflow/dags/stock_pipeline_dag.py
[2026-04-25T16:31:46.868+0000] {processor.py:840} INFO - DAG(s) 'stock_pipeline' retrieved from /opt/airflow/dags/stock_pipeline_dag.py
[2026-04-25T16:31:46.950+0000] {logging_mixin.py:188} INFO - [2026-04-25T16:31:46.949+0000] {dag.py:3096} INFO - Sync 1 DAGs
[2026-04-25T16:31:47.003+0000] {logging_mixin.py:188} INFO - [2026-04-25T16:31:47.003+0000] {dag.py:3954} INFO - Setting next_dagrun for stock_pipeline to 2026-04-24 06:00:00+00:00, run_after=2026-04-27 06:00:00+00:00
[2026-04-25T16:31:47.063+0000] {processor.py:183} INFO - Processing /opt/airflow/dags/stock_pipeline_dag.py took 0.291 seconds
[2026-04-25T16:32:17.319+0000] {processor.py:161} INFO - Started process (PID=3468) to work on /opt/airflow/dags/stock_pipeline_dag.py
[2026-04-25T16:32:17.322+0000] {processor.py:830} INFO - Processing file /opt/airflow/dags/stock_pipeline_dag.py for tasks to queue
[2026-04-25T16:32:17.333+0000] {logging_mixin.py:188} INFO - [2026-04-25T16:32:17.332+0000] {dagbag.py:540} INFO - Filling up the DagBag from /opt/airflow/dags/stock_pipeline_dag.py
[2026-04-25T16:32:17.397+0000] {processor.py:840} INFO - DAG(s) 'stock_pipeline' retrieved from /opt/airflow/dags/stock_pipeline_dag.py
[2026-04-25T16:32:17.465+0000] {logging_mixin.py:188} INFO - [2026-04-25T16:32:17.465+0000] {dag.py:3096} INFO - Sync 1 DAGs
[2026-04-25T16:32:17.524+0000] {logging_mixin.py:188} INFO - [2026-04-25T16:32:17.523+0000] {dag.py:3954} INFO - Setting next_dagrun for stock_pipeline to 2026-04-24 06:00:00+00:00, run_after=2026-04-27 06:00:00+00:00
[2026-04-25T16:32:17.592+0000] {processor.py:183} INFO - Processing /opt/airflow/dags/stock_pipeline_dag.py took 0.293 seconds
[2026-04-25T16:32:47.847+0000] {processor.py:161} INFO - Started process (PID=3473) to work on /opt/airflow/dags/stock_pipeline_dag.py
[2026-04-25T16:32:47.850+0000] {processor.py:830} INFO - Processing file /opt/airflow/dags/stock_pipeline_dag.py for tasks to queue
[2026-04-25T16:32:47.857+0000] {logging_mixin.py:188} INFO - [2026-04-25T16:32:47.856+0000] {dagbag.py:540} INFO - Filling up the DagBag from /opt/airflow/dags/stock_pipeline_dag.py
[2026-04-25T16:32:47.919+0000] {processor.py:840} INFO - DAG(s) 'stock_pipeline' retrieved from /opt/airflow/dags/stock_pipeline_dag.py
[2026-04-25T16:32:47.977+0000] {logging_mixin.py:188} INFO - [2026-04-25T16:32:47.977+0000] {dag.py:3096} INFO - Sync 1 DAGs
[2026-04-25T16:32:48.049+0000] {logging_mixin.py:188} INFO - [2026-04-25T16:32:48.049+0000] {dag.py:3954} INFO - Setting next_dagrun for stock_pipeline to 2026-04-24 06:00:00+00:00, run_after=2026-04-27 06:00:00+00:00
[2026-04-25T16:32:48.104+0000] {processor.py:183} INFO - Processing /opt/airflow/dags/stock_pipeline_dag.py took 0.269 seconds
[2026-04-25T16:33:18.270+0000] {processor.py:161} INFO - Started process (PID=3478) to work on /opt/airflow/dags/stock_pipeline_dag.py
[2026-04-25T16:33:18.272+0000] {processor.py:830} INFO - Processing file /opt/airflow/dags/stock_pipeline_dag.py for tasks to queue
[2026-04-25T16:33:18.275+0000] {logging_mixin.py:188} INFO - [2026-04-25T16:33:18.274+0000] {dagbag.py:540} INFO - Filling up the DagBag from /opt/airflow/dags/stock_pipeline_dag.py
[2026-04-25T16:33:18.320+0000] {processor.py:840} INFO - DAG(s) 'stock_pipeline' retrieved from /opt/airflow/dags/stock_pipeline_dag.py
[2026-04-25T16:33:18.354+0000] {logging_mixin.py:188} INFO - [2026-04-25T16:33:18.354+0000] {dag.py:3096} INFO - Sync 1 DAGs
[2026-04-25T16:33:18.383+0000] {logging_mixin.py:188} INFO - [2026-04-25T16:33:18.383+0000] {dag.py:3954} INFO - Setting next_dagrun for stock_pipeline to 2026-04-24 06:00:00+00:00, run_after=2026-04-27 06:00:00+00:00
[2026-04-25T16:33:18.412+0000] {processor.py:183} INFO - Processing /opt/airflow/dags/stock_pipeline_dag.py took 0.153 seconds
[2026-04-25T16:33:48.591+0000] {processor.py:161} INFO - Started process (PID=3483) to work on /opt/airflow/dags/stock_pipeline_dag.py
[2026-04-25T16:33:48.594+0000] {processor.py:830} INFO - Processing file /opt/airflow/dags/stock_pipeline_dag.py for tasks to queue
[2026-04-25T16:33:48.597+0000] {logging_mixin.py:188} INFO - [2026-04-25T16:33:48.596+0000] {dagbag.py:540} INFO - Filling up the DagBag from /opt/airflow/dags/stock_pipeline_dag.py
[2026-04-25T16:33:48.636+0000] {processor.py:840} INFO - DAG(s) 'stock_pipeline' retrieved from /opt/airflow/dags/stock_pipeline_dag.py
[2026-04-25T16:33:48.685+0000] {logging_mixin.py:188} INFO - [2026-04-25T16:33:48.684+0000] {dag.py:3096} INFO - Sync 1 DAGs
[2026-04-25T16:33:48.713+0000] {logging_mixin.py:188} INFO - [2026-04-25T16:33:48.713+0000] {dag.py:3954} INFO - Setting next_dagrun for stock_pipeline to 2026-04-24 06:00:00+00:00, run_after=2026-04-27 06:00:00+00:00
[2026-04-25T16:33:48.743+0000] {processor.py:183} INFO - Processing /opt/airflow/dags/stock_pipeline_dag.py took 0.160 seconds
[2026-04-25T16:34:18.978+0000] {processor.py:161} INFO - Started process (PID=3488) to work on /opt/airflow/dags/stock_pipeline_dag.py
[2026-04-25T16:34:18.980+0000] {processor.py:830} INFO - Processing file /opt/airflow/dags/stock_pipeline_dag.py for tasks to queue
[2026-04-25T16:34:18.982+0000] {logging_mixin.py:188} INFO - [2026-04-25T16:34:18.981+0000] {dagbag.py:540} INFO - Filling up the DagBag from /opt/airflow/dags/stock_pipeline_dag.py
[2026-04-25T16:34:19.023+0000] {processor.py:840} INFO - DAG(s) 'stock_pipeline' retrieved from /opt/airflow/dags/stock_pipeline_dag.py
[2026-04-25T16:34:19.065+0000] {logging_mixin.py:188} INFO - [2026-04-25T16:34:19.065+0000] {dag.py:3096} INFO - Sync 1 DAGs
[2026-04-25T16:34:19.105+0000] {logging_mixin.py:188} INFO - [2026-04-25T16:34:19.104+0000] {dag.py:3954} INFO - Setting next_dagrun for stock_pipeline to 2026-04-24 06:00:00+00:00, run_after=2026-04-27 06:00:00+00:00
[2026-04-25T16:34:19.158+0000] {processor.py:183} INFO - Processing /opt/airflow/dags/stock_pipeline_dag.py took 0.190 seconds
[2026-04-25T16:34:49.380+0000] {processor.py:161} INFO - Started process (PID=3493) to work on /opt/airflow/dags/stock_pipeline_dag.py
[2026-04-25T16:34:49.381+0000] {processor.py:830} INFO - Processing file /opt/airflow/dags/stock_pipeline_dag.py for tasks to queue
[2026-04-25T16:34:49.384+0000] {logging_mixin.py:188} INFO - [2026-04-25T16:34:49.383+0000] {dagbag.py:540} INFO - Filling up the DagBag from /opt/airflow/dags/stock_pipeline_dag.py
[2026-04-25T16:34:49.415+0000] {processor.py:840} INFO - DAG(s) 'stock_pipeline' retrieved from /opt/airflow/dags/stock_pipeline_dag.py
[2026-04-25T16:34:49.469+0000] {logging_mixin.py:188} INFO - [2026-04-25T16:34:49.469+0000] {dag.py:3096} INFO - Sync 1 DAGs
[2026-04-25T16:34:49.519+0000] {logging_mixin.py:188} INFO - [2026-04-25T16:34:49.519+0000] {dag.py:3954} INFO - Setting next_dagrun for stock_pipeline to 2026-04-24 06:00:00+00:00, run_after=2026-04-27 06:00:00+00:00
[2026-04-25T16:34:49.559+0000] {processor.py:183} INFO - Processing /opt/airflow/dags/stock_pipeline_dag.py took 0.188 seconds
[2026-04-25T16:35:19.702+0000] {processor.py:161} INFO - Started process (PID=3498) to work on /opt/airflow/dags/stock_pipeline_dag.py
[2026-04-25T16:35:19.704+0000] {processor.py:830} INFO - Processing file /opt/airflow/dags/stock_pipeline_dag.py for tasks to queue
[2026-04-25T16:35:19.707+0000] {logging_mixin.py:188} INFO - [2026-04-25T16:35:19.707+0000] {dagbag.py:540} INFO - Filling up the DagBag from /opt/airflow/dags/stock_pipeline_dag.py
[2026-04-25T16:35:19.759+0000] {processor.py:840} INFO - DAG(s) 'stock_pipeline' retrieved from /opt/airflow/dags/stock_pipeline_dag.py
[2026-04-25T16:35:19.805+0000] {logging_mixin.py:188} INFO - [2026-04-25T16:35:19.805+0000] {dag.py:3096} INFO - Sync 1 DAGs
[2026-04-25T16:35:19.847+0000] {logging_mixin.py:188} INFO - [2026-04-25T16:35:19.846+0000] {dag.py:3954} INFO - Setting next_dagrun for stock_pipeline to 2026-04-24 06:00:00+00:00, run_after=2026-04-27 06:00:00+00:00
[2026-04-25T16:35:19.881+0000] {processor.py:183} INFO - Processing /opt/airflow/dags/stock_pipeline_dag.py took 0.190 seconds
[2026-04-25T16:35:50.194+0000] {processor.py:161} INFO - Started process (PID=3503) to work on /opt/airflow/dags/stock_pipeline_dag.py
[2026-04-25T16:35:50.196+0000] {processor.py:830} INFO - Processing file /opt/airflow/dags/stock_pipeline_dag.py for tasks to queue
[2026-04-25T16:35:50.201+0000] {logging_mixin.py:188} INFO - [2026-04-25T16:35:50.200+0000] {dagbag.py:540} INFO - Filling up the DagBag from /opt/airflow/dags/stock_pipeline_dag.py
[2026-04-25T16:35:50.264+0000] {processor.py:840} INFO - DAG(s) 'stock_pipeline' retrieved from /opt/airflow/dags/stock_pipeline_dag.py
[2026-04-25T16:35:50.321+0000] {logging_mixin.py:188} INFO - [2026-04-25T16:35:50.320+0000] {dag.py:3096} INFO - Sync 1 DAGs
[2026-04-25T16:35:50.372+0000] {logging_mixin.py:188} INFO - [2026-04-25T16:35:50.371+0000] {dag.py:3954} INFO - Setting next_dagrun for stock_pipeline to 2026-04-24 06:00:00+00:00, run_after=2026-04-27 06:00:00+00:00
[2026-04-25T16:35:50.417+0000] {processor.py:183} INFO - Processing /opt/airflow/dags/stock_pipeline_dag.py took 0.234 seconds
[2026-04-25T16:36:20.529+0000] {processor.py:161} INFO - Started process (PID=3508) to work on /opt/airflow/dags/stock_pipeline_dag.py
[2026-04-25T16:36:20.532+0000] {processor.py:830} INFO - Processing file /opt/airflow/dags/stock_pipeline_dag.py for tasks to queue
[2026-04-25T16:36:20.538+0000] {logging_mixin.py:188} INFO - [2026-04-25T16:36:20.537+0000] {dagbag.py:540} INFO - Filling up the DagBag from /opt/airflow/dags/stock_pipeline_dag.py
[2026-04-25T16:36:20.578+0000] {processor.py:840} INFO - DAG(s) 'stock_pipeline' retrieved from /opt/airflow/dags/stock_pipeline_dag.py
[2026-04-25T16:36:20.619+0000] {logging_mixin.py:188} INFO - [2026-04-25T16:36:20.619+0000] {dag.py:3096} INFO - Sync 1 DAGs
[2026-04-25T16:36:20.655+0000] {logging_mixin.py:188} INFO - [2026-04-25T16:36:20.655+0000] {dag.py:3954} INFO - Setting next_dagrun for stock_pipeline to 2026-04-24 06:00:00+00:00, run_after=2026-04-27 06:00:00+00:00
[2026-04-25T16:36:20.686+0000] {processor.py:183} INFO - Processing /opt/airflow/dags/stock_pipeline_dag.py took 0.164 seconds
[2026-04-25T16:36:50.838+0000] {processor.py:161} INFO - Started process (PID=3513) to work on /opt/airflow/dags/stock_pipeline_dag.py
[2026-04-25T16:36:50.840+0000] {processor.py:830} INFO - Processing file /opt/airflow/dags/stock_pipeline_dag.py for tasks to queue
[2026-04-25T16:36:50.843+0000] {logging_mixin.py:188} INFO - [2026-04-25T16:36:50.843+0000] {dagbag.py:540} INFO - Filling up the DagBag from /opt/airflow/dags/stock_pipeline_dag.py
[2026-04-25T16:36:50.890+0000] {processor.py:840} INFO - DAG(s) 'stock_pipeline' retrieved from /opt/airflow/dags/stock_pipeline_dag.py
[2026-04-25T16:36:50.932+0000] {logging_mixin.py:188} INFO - [2026-04-25T16:36:50.931+0000] {dag.py:3096} INFO - Sync 1 DAGs
[2026-04-25T16:36:50.968+0000] {logging_mixin.py:188} INFO - [2026-04-25T16:36:50.968+0000] {dag.py:3954} INFO - Setting next_dagrun for stock_pipeline to 2026-04-24 06:00:00+00:00, run_after=2026-04-27 06:00:00+00:00
[2026-04-25T16:36:51.016+0000] {processor.py:183} INFO - Processing /opt/airflow/dags/stock_pipeline_dag.py took 0.193 seconds
[2026-04-25T16:37:21.337+0000] {processor.py:161} INFO - Started process (PID=3518) to work on /opt/airflow/dags/stock_pipeline_dag.py
[2026-04-25T16:37:21.339+0000] {processor.py:830} INFO - Processing file /opt/airflow/dags/stock_pipeline_dag.py for tasks to queue
[2026-04-25T16:37:21.343+0000] {logging_mixin.py:188} INFO - [2026-04-25T16:37:21.342+0000] {dagbag.py:540} INFO - Filling up the DagBag from /opt/airflow/dags/stock_pipeline_dag.py
[2026-04-25T16:37:21.403+0000] {processor.py:840} INFO - DAG(s) 'stock_pipeline' retrieved from /opt/airflow/dags/stock_pipeline_dag.py
[2026-04-25T16:37:21.447+0000] {logging_mixin.py:188} INFO - [2026-04-25T16:37:21.446+0000] {dag.py:3096} INFO - Sync 1 DAGs
[2026-04-25T16:37:21.479+0000] {logging_mixin.py:188} INFO - [2026-04-25T16:37:21.479+0000] {dag.py:3954} INFO - Setting next_dagrun for stock_pipeline to 2026-04-24 06:00:00+00:00, run_after=2026-04-27 06:00:00+00:00
[2026-04-25T16:37:21.512+0000] {processor.py:183} INFO - Processing /opt/airflow/dags/stock_pipeline_dag.py took 0.185 seconds
[2026-04-25T16:37:51.632+0000] {processor.py:161} INFO - Started process (PID=3523) to work on /opt/airflow/dags/stock_pipeline_dag.py
[2026-04-25T16:37:51.635+0000] {processor.py:830} INFO - Processing file /opt/airflow/dags/stock_pipeline_dag.py for tasks to queue
[2026-04-25T16:37:51.638+0000] {logging_mixin.py:188} INFO - [2026-04-25T16:37:51.637+0000] {dagbag.py:540} INFO - Filling up the DagBag from /opt/airflow/dags/stock_pipeline_dag.py
[2026-04-25T16:37:51.689+0000] {processor.py:840} INFO - DAG(s) 'stock_pipeline' retrieved from /opt/airflow/dags/stock_pipeline_dag.py
[2026-04-25T16:37:51.726+0000] {logging_mixin.py:188} INFO - [2026-04-25T16:37:51.726+0000] {dag.py:3096} INFO - Sync 1 DAGs
[2026-04-25T16:37:51.764+0000] {logging_mixin.py:188} INFO - [2026-04-25T16:37:51.764+0000] {dag.py:3954} INFO - Setting next_dagrun for stock_pipeline to 2026-04-24 06:00:00+00:00, run_after=2026-04-27 06:00:00+00:00
[2026-04-25T16:37:51.812+0000] {processor.py:183} INFO - Processing /opt/airflow/dags/stock_pipeline_dag.py took 0.191 seconds
[2026-04-25T16:38:22.034+0000] {processor.py:161} INFO - Started process (PID=3528) to work on /opt/airflow/dags/stock_pipeline_dag.py
[2026-04-25T16:38:22.036+0000] {processor.py:830} INFO - Processing file /opt/airflow/dags/stock_pipeline_dag.py for tasks to queue
[2026-04-25T16:38:22.039+0000] {logging_mixin.py:188} INFO - [2026-04-25T16:38:22.039+0000] {dagbag.py:540} INFO - Filling up the DagBag from /opt/airflow/dags/stock_pipeline_dag.py
[2026-04-25T16:38:22.088+0000] {processor.py:840} INFO - DAG(s) 'stock_pipeline' retrieved from /opt/airflow/dags/stock_pipeline_dag.py
[2026-04-25T16:38:22.128+0000] {logging_mixin.py:188} INFO - [2026-04-25T16:38:22.128+0000] {dag.py:3096} INFO - Sync 1 DAGs
[2026-04-25T16:38:22.160+0000] {logging_mixin.py:188} INFO - [2026-04-25T16:38:22.160+0000] {dag.py:3954} INFO - Setting next_dagrun for stock_pipeline to 2026-04-24 06:00:00+00:00, run_after=2026-04-27 06:00:00+00:00
[2026-04-25T16:38:22.189+0000] {processor.py:183} INFO - Processing /opt/airflow/dags/stock_pipeline_dag.py took 0.170 seconds
[2026-04-25T16:38:52.411+0000] {processor.py:161} INFO - Started process (PID=3533) to work on /opt/airflow/dags/stock_pipeline_dag.py
[2026-04-25T16:38:52.413+0000] {processor.py:830} INFO - Processing file /opt/airflow/dags/stock_pipeline_dag.py for tasks to queue
[2026-04-25T16:38:52.417+0000] {logging_mixin.py:188} INFO - [2026-04-25T16:38:52.416+0000] {dagbag.py:540} INFO - Filling up the DagBag from /opt/airflow/dags/stock_pipeline_dag.py
[2026-04-25T16:38:52.460+0000] {processor.py:840} INFO - DAG(s) 'stock_pipeline' retrieved from /opt/airflow/dags/stock_pipeline_dag.py
[2026-04-25T16:38:52.509+0000] {logging_mixin.py:188} INFO - [2026-04-25T16:38:52.509+0000] {dag.py:3096} INFO - Sync 1 DAGs
[2026-04-25T16:38:52.550+0000] {logging_mixin.py:188} INFO - [2026-04-25T16:38:52.549+0000] {dag.py:3954} INFO - Setting next_dagrun for stock_pipeline to 2026-04-24 06:00:00+00:00, run_after=2026-04-27 06:00:00+00:00
[2026-04-25T16:38:52.577+0000] {processor.py:183} INFO - Processing /opt/airflow/dags/stock_pipeline_dag.py took 0.176 seconds
[2026-04-25T16:39:22.721+0000] {processor.py:161} INFO - Started process (PID=3538) to work on /opt/airflow/dags/stock_pipeline_dag.py
[2026-04-25T16:39:22.724+0000] {processor.py:830} INFO - Processing file /opt/airflow/dags/stock_pipeline_dag.py for tasks to queue
[2026-04-25T16:39:22.729+0000] {logging_mixin.py:188} INFO - [2026-04-25T16:39:22.729+0000] {dagbag.py:540} INFO - Filling up the DagBag from /opt/airflow/dags/stock_pipeline_dag.py
[2026-04-25T16:39:22.787+0000] {processor.py:840} INFO - DAG(s) 'stock_pipeline' retrieved from /opt/airflow/dags/stock_pipeline_dag.py
[2026-04-25T16:39:22.834+0000] {logging_mixin.py:188} INFO - [2026-04-25T16:39:22.834+0000] {dag.py:3096} INFO - Sync 1 DAGs
[2026-04-25T16:39:22.908+0000] {logging_mixin.py:188} INFO - [2026-04-25T16:39:22.908+0000] {dag.py:3954} INFO - Setting next_dagrun for stock_pipeline to 2026-04-24 06:00:00+00:00, run_after=2026-04-27 06:00:00+00:00
[2026-04-25T16:39:22.981+0000] {processor.py:183} INFO - Processing /opt/airflow/dags/stock_pipeline_dag.py took 0.277 seconds
[2026-04-25T16:39:53.317+0000] {processor.py:161} INFO - Started process (PID=3543) to work on /opt/airflow/dags/stock_pipeline_dag.py
[2026-04-25T16:39:53.322+0000] {processor.py:830} INFO - Processing file /opt/airflow/dags/stock_pipeline_dag.py for tasks to queue
[2026-04-25T16:39:53.328+0000] {logging_mixin.py:188} INFO - [2026-04-25T16:39:53.327+0000] {dagbag.py:540} INFO - Filling up the DagBag from /opt/airflow/dags/stock_pipeline_dag.py
[2026-04-25T16:39:53.422+0000] {processor.py:840} INFO - DAG(s) 'stock_pipeline' retrieved from /opt/airflow/dags/stock_pipeline_dag.py
[2026-04-25T16:39:53.489+0000] {logging_mixin.py:188} INFO - [2026-04-25T16:39:53.488+0000] {dag.py:3096} INFO - Sync 1 DAGs
[2026-04-25T16:39:53.567+0000] {logging_mixin.py:188} INFO - [2026-04-25T16:39:53.567+0000] {dag.py:3954} INFO - Setting next_dagrun for stock_pipeline to 2026-04-24 06:00:00+00:00, run_after=2026-04-27 06:00:00+00:00
[2026-04-25T16:39:53.609+0000] {processor.py:183} INFO - Processing /opt/airflow/dags/stock_pipeline_dag.py took 0.321 seconds
[2026-04-25T16:40:23.910+0000] {processor.py:161} INFO - Started process (PID=3548) to work on /opt/airflow/dags/stock_pipeline_dag.py
[2026-04-25T16:40:23.912+0000] {processor.py:830} INFO - Processing file /opt/airflow/dags/stock_pipeline_dag.py for tasks to queue
[2026-04-25T16:40:23.916+0000] {logging_mixin.py:188} INFO - [2026-04-25T16:40:23.915+0000] {dagbag.py:540} INFO - Filling up the DagBag from /opt/airflow/dags/stock_pipeline_dag.py
[2026-04-25T16:40:23.975+0000] {processor.py:840} INFO - DAG(s) 'stock_pipeline' retrieved from /opt/airflow/dags/stock_pipeline_dag.py
[2026-04-25T16:40:24.049+0000] {logging_mixin.py:188} INFO - [2026-04-25T16:40:24.049+0000] {dag.py:3096} INFO - Sync 1 DAGs
[2026-04-25T16:40:24.111+0000] {logging_mixin.py:188} INFO - [2026-04-25T16:40:24.110+0000] {dag.py:3954} INFO - Setting next_dagrun for stock_pipeline to 2026-04-24 06:00:00+00:00, run_after=2026-04-27 06:00:00+00:00
[2026-04-25T16:40:24.167+0000] {processor.py:183} INFO - Processing /opt/airflow/dags/stock_pipeline_dag.py took 0.266 seconds
[2026-04-25T16:40:54.592+0000] {processor.py:161} INFO - Started process (PID=3553) to work on /opt/airflow/dags/stock_pipeline_dag.py
[2026-04-25T16:40:54.595+0000] {processor.py:830} INFO - Processing file /opt/airflow/dags/stock_pipeline_dag.py for tasks to queue
[2026-04-25T16:40:54.598+0000] {logging_mixin.py:188} INFO - [2026-04-25T16:40:54.598+0000] {dagbag.py:540} INFO - Filling up the DagBag from /opt/airflow/dags/stock_pipeline_dag.py
[2026-04-25T16:40:54.647+0000] {processor.py:840} INFO - DAG(s) 'stock_pipeline' retrieved from /opt/airflow/dags/stock_pipeline_dag.py
[2026-04-25T16:40:54.706+0000] {logging_mixin.py:188} INFO - [2026-04-25T16:40:54.706+0000] {dag.py:3096} INFO - Sync 1 DAGs
[2026-04-25T16:40:54.749+0000] {logging_mixin.py:188} INFO - [2026-04-25T16:40:54.749+0000] {dag.py:3954} INFO - Setting next_dagrun for stock_pipeline to 2026-04-24 06:00:00+00:00, run_after=2026-04-27 06:00:00+00:00
[2026-04-25T16:40:54.786+0000] {processor.py:183} INFO - Processing /opt/airflow/dags/stock_pipeline_dag.py took 0.202 seconds
[2026-04-25T16:41:25.082+0000] {processor.py:161} INFO - Started process (PID=3558) to work on /opt/airflow/dags/stock_pipeline_dag.py
[2026-04-25T16:41:25.084+0000] {processor.py:830} INFO - Processing file /opt/airflow/dags/stock_pipeline_dag.py for tasks to queue
[2026-04-25T16:41:25.087+0000] {logging_mixin.py:188} INFO - [2026-04-25T16:41:25.087+0000] {dagbag.py:540} INFO - Filling up the DagBag from /opt/airflow/dags/stock_pipeline_dag.py
[2026-04-25T16:41:25.132+0000] {processor.py:840} INFO - DAG(s) 'stock_pipeline' retrieved from /opt/airflow/dags/stock_pipeline_dag.py
[2026-04-25T16:41:25.239+0000] {logging_mixin.py:188} INFO - [2026-04-25T16:41:25.238+0000] {dag.py:3096} INFO - Sync 1 DAGs
[2026-04-25T16:41:25.351+0000] {logging_mixin.py:188} INFO - [2026-04-25T16:41:25.350+0000] {dag.py:3954} INFO - Setting next_dagrun for stock_pipeline to 2026-04-24 06:00:00+00:00, run_after=2026-04-27 06:00:00+00:00
[2026-04-25T16:41:25.446+0000] {processor.py:183} INFO - Processing /opt/airflow/dags/stock_pipeline_dag.py took 0.371 seconds
[2026-04-25T16:41:55.782+0000] {processor.py:161} INFO - Started process (PID=3563) to work on /opt/airflow/dags/stock_pipeline_dag.py
[2026-04-25T16:41:55.785+0000] {processor.py:830} INFO - Processing file /opt/airflow/dags/stock_pipeline_dag.py for tasks to queue
[2026-04-25T16:41:55.788+0000] {logging_mixin.py:188} INFO - [2026-04-25T16:41:55.788+0000] {dagbag.py:540} INFO - Filling up the DagBag from /opt/airflow/dags/stock_pipeline_dag.py
[2026-04-25T16:41:55.834+0000] {processor.py:840} INFO - DAG(s) 'stock_pipeline' retrieved from /opt/airflow/dags/stock_pipeline_dag.py
[2026-04-25T16:41:55.909+0000] {logging_mixin.py:188} INFO - [2026-04-25T16:41:55.909+0000] {dag.py:3096} INFO - Sync 1 DAGs
[2026-04-25T16:41:55.952+0000] {logging_mixin.py:188} INFO - [2026-04-25T16:41:55.952+0000] {dag.py:3954} INFO - Setting next_dagrun for stock_pipeline to 2026-04-24 06:00:00+00:00, run_after=2026-04-27 06:00:00+00:00
[2026-04-25T16:41:55.992+0000] {processor.py:183} INFO - Processing /opt/airflow/dags/stock_pipeline_dag.py took 0.218 seconds
[2026-04-25T16:42:26.349+0000] {processor.py:161} INFO - Started process (PID=3568) to work on /opt/airflow/dags/stock_pipeline_dag.py
[2026-04-25T16:42:26.389+0000] {processor.py:830} INFO - Processing file /opt/airflow/dags/stock_pipeline_dag.py for tasks to queue
[2026-04-25T16:42:26.394+0000] {logging_mixin.py:188} INFO - [2026-04-25T16:42:26.393+0000] {dagbag.py:540} INFO - Filling up the DagBag from /opt/airflow/dags/stock_pipeline_dag.py
[2026-04-25T16:42:26.474+0000] {processor.py:840} INFO - DAG(s) 'stock_pipeline' retrieved from /opt/airflow/dags/stock_pipeline_dag.py
[2026-04-25T16:42:26.525+0000] {logging_mixin.py:188} INFO - [2026-04-25T16:42:26.525+0000] {dag.py:3096} INFO - Sync 1 DAGs
[2026-04-25T16:42:26.569+0000] {logging_mixin.py:188} INFO - [2026-04-25T16:42:26.569+0000] {dag.py:3954} INFO - Setting next_dagrun for stock_pipeline to 2026-04-24 06:00:00+00:00, run_after=2026-04-27 06:00:00+00:00
[2026-04-25T16:42:26.594+0000] {processor.py:183} INFO - Processing /opt/airflow/dags/stock_pipeline_dag.py took 0.257 seconds
[2026-04-25T16:42:57.009+0000] {processor.py:161} INFO - Started process (PID=3573) to work on /opt/airflow/dags/stock_pipeline_dag.py
[2026-04-25T16:42:57.011+0000] {processor.py:830} INFO - Processing file /opt/airflow/dags/stock_pipeline_dag.py for tasks to queue
[2026-04-25T16:42:57.014+0000] {logging_mixin.py:188} INFO - [2026-04-25T16:42:57.014+0000] {dagbag.py:540} INFO - Filling up the DagBag from /opt/airflow/dags/stock_pipeline_dag.py
[2026-04-25T16:42:57.066+0000] {processor.py:840} INFO - DAG(s) 'stock_pipeline' retrieved from /opt/airflow/dags/stock_pipeline_dag.py
[2026-04-25T16:42:57.115+0000] {logging_mixin.py:188} INFO - [2026-04-25T16:42:57.112+0000] {dag.py:3096} INFO - Sync 1 DAGs
[2026-04-25T16:42:57.159+0000] {logging_mixin.py:188} INFO - [2026-04-25T16:42:57.158+0000] {dag.py:3954} INFO - Setting next_dagrun for stock_pipeline to 2026-04-24 06:00:00+00:00, run_after=2026-04-27 06:00:00+00:00
[2026-04-25T16:42:57.183+0000] {processor.py:183} INFO - Processing /opt/airflow/dags/stock_pipeline_dag.py took 0.184 seconds
[2026-04-25T16:43:27.389+0000] {processor.py:161} INFO - Started process (PID=3578) to work on /opt/airflow/dags/stock_pipeline_dag.py
[2026-04-25T16:43:27.390+0000] {processor.py:830} INFO - Processing file /opt/airflow/dags/stock_pipeline_dag.py for tasks to queue
[2026-04-25T16:43:27.393+0000] {logging_mixin.py:188} INFO - [2026-04-25T16:43:27.393+0000] {dagbag.py:540} INFO - Filling up the DagBag from /opt/airflow/dags/stock_pipeline_dag.py
[2026-04-25T16:43:27.449+0000] {processor.py:840} INFO - DAG(s) 'stock_pipeline' retrieved from /opt/airflow/dags/stock_pipeline_dag.py
[2026-04-25T16:43:27.479+0000] {logging_mixin.py:188} INFO - [2026-04-25T16:43:27.479+0000] {dag.py:3096} INFO - Sync 1 DAGs
[2026-04-25T16:43:27.524+0000] {logging_mixin.py:188} INFO - [2026-04-25T16:43:27.524+0000] {dag.py:3954} INFO - Setting next_dagrun for stock_pipeline to 2026-04-24 06:00:00+00:00, run_after=2026-04-27 06:00:00+00:00
[2026-04-25T16:43:27.553+0000] {processor.py:183} INFO - Processing /opt/airflow/dags/stock_pipeline_dag.py took 0.170 seconds
[2026-04-25T16:43:57.764+0000] {processor.py:161} INFO - Started process (PID=3583) to work on /opt/airflow/dags/stock_pipeline_dag.py
[2026-04-25T16:43:57.765+0000] {processor.py:830} INFO - Processing file /opt/airflow/dags/stock_pipeline_dag.py for tasks to queue
[2026-04-25T16:43:57.768+0000] {logging_mixin.py:188} INFO - [2026-04-25T16:43:57.768+0000] {dagbag.py:540} INFO - Filling up the DagBag from /opt/airflow/dags/stock_pipeline_dag.py
[2026-04-25T16:43:57.806+0000] {processor.py:840} INFO - DAG(s) 'stock_pipeline' retrieved from /opt/airflow/dags/stock_pipeline_dag.py
[2026-04-25T16:43:57.836+0000] {logging_mixin.py:188} INFO - [2026-04-25T16:43:57.835+0000] {dag.py:3096} INFO - Sync 1 DAGs
[2026-04-25T16:43:57.860+0000] {logging_mixin.py:188} INFO - [2026-04-25T16:43:57.860+0000] {dag.py:3954} INFO - Setting next_dagrun for stock_pipeline to 2026-04-24 06:00:00+00:00, run_after=2026-04-27 06:00:00+00:00
[2026-04-25T16:43:57.882+0000] {processor.py:183} INFO - Processing /opt/airflow/dags/stock_pipeline_dag.py took 0.129 seconds
[2026-04-25T16:44:28.290+0000] {processor.py:161} INFO - Started process (PID=3588) to work on /opt/airflow/dags/stock_pipeline_dag.py
[2026-04-25T16:44:28.292+0000] {processor.py:830} INFO - Processing file /opt/airflow/dags/stock_pipeline_dag.py for tasks to queue
[2026-04-25T16:44:28.294+0000] {logging_mixin.py:188} INFO - [2026-04-25T16:44:28.293+0000] {dagbag.py:540} INFO - Filling up the DagBag from /opt/airflow/dags/stock_pipeline_dag.py
[2026-04-25T16:44:28.327+0000] {processor.py:840} INFO - DAG(s) 'stock_pipeline' retrieved from /opt/airflow/dags/stock_pipeline_dag.py
[2026-04-25T16:44:28.355+0000] {logging_mixin.py:188} INFO - [2026-04-25T16:44:28.354+0000] {dag.py:3096} INFO - Sync 1 DAGs
[2026-04-25T16:44:28.382+0000] {logging_mixin.py:188} INFO - [2026-04-25T16:44:28.382+0000] {dag.py:3954} INFO - Setting next_dagrun for stock_pipeline to 2026-04-24 06:00:00+00:00, run_after=2026-04-27 06:00:00+00:00
[2026-04-25T16:44:28.405+0000] {processor.py:183} INFO - Processing /opt/airflow/dags/stock_pipeline_dag.py took 0.121 seconds
[2026-04-25T16:44:58.749+0000] {processor.py:161} INFO - Started process (PID=3593) to work on /opt/airflow/dags/stock_pipeline_dag.py
[2026-04-25T16:44:58.751+0000] {processor.py:830} INFO - Processing file /opt/airflow/dags/stock_pipeline_dag.py for tasks to queue
[2026-04-25T16:44:58.755+0000] {logging_mixin.py:188} INFO - [2026-04-25T16:44:58.754+0000] {dagbag.py:540} INFO - Filling up the DagBag from /opt/airflow/dags/stock_pipeline_dag.py
[2026-04-25T16:44:58.802+0000] {processor.py:840} INFO - DAG(s) 'stock_pipeline' retrieved from /opt/airflow/dags/stock_pipeline_dag.py
[2026-04-25T16:44:58.830+0000] {logging_mixin.py:188} INFO - [2026-04-25T16:44:58.830+0000] {dag.py:3096} INFO - Sync 1 DAGs
[2026-04-25T16:44:58.853+0000] {logging_mixin.py:188} INFO - [2026-04-25T16:44:58.853+0000] {dag.py:3954} INFO - Setting next_dagrun for stock_pipeline to 2026-04-24 06:00:00+00:00, run_after=2026-04-27 06:00:00+00:00
[2026-04-25T16:44:58.885+0000] {processor.py:183} INFO - Processing /opt/airflow/dags/stock_pipeline_dag.py took 0.141 seconds
[2026-04-25T16:45:29.103+0000] {processor.py:161} INFO - Started process (PID=3598) to work on /opt/airflow/dags/stock_pipeline_dag.py
[2026-04-25T16:45:29.106+0000] {processor.py:830} INFO - Processing file /opt/airflow/dags/stock_pipeline_dag.py for tasks to queue
[2026-04-25T16:45:29.109+0000] {logging_mixin.py:188} INFO - [2026-04-25T16:45:29.109+0000] {dagbag.py:540} INFO - Filling up the DagBag from /opt/airflow/dags/stock_pipeline_dag.py
[2026-04-25T16:45:29.164+0000] {processor.py:840} INFO - DAG(s) 'stock_pipeline' retrieved from /opt/airflow/dags/stock_pipeline_dag.py
[2026-04-25T16:45:29.197+0000] {logging_mixin.py:188} INFO - [2026-04-25T16:45:29.197+0000] {dag.py:3096} INFO - Sync 1 DAGs
[2026-04-25T16:45:29.221+0000] {logging_mixin.py:188} INFO - [2026-04-25T16:45:29.221+0000] {dag.py:3954} INFO - Setting next_dagrun for stock_pipeline to 2026-04-24 06:00:00+00:00, run_after=2026-04-27 06:00:00+00:00
[2026-04-25T16:45:29.245+0000] {processor.py:183} INFO - Processing /opt/airflow/dags/stock_pipeline_dag.py took 0.149 seconds
[2026-04-25T16:45:59.571+0000] {processor.py:161} INFO - Started process (PID=3603) to work on /opt/airflow/dags/stock_pipeline_dag.py
[2026-04-25T16:45:59.573+0000] {processor.py:830} INFO - Processing file /opt/airflow/dags/stock_pipeline_dag.py for tasks to queue
[2026-04-25T16:45:59.580+0000] {logging_mixin.py:188} INFO - [2026-04-25T16:45:59.579+0000] {dagbag.py:540} INFO - Filling up the DagBag from /opt/airflow/dags/stock_pipeline_dag.py
[2026-04-25T16:45:59.612+0000] {processor.py:840} INFO - DAG(s) 'stock_pipeline' retrieved from /opt/airflow/dags/stock_pipeline_dag.py
[2026-04-25T16:45:59.645+0000] {logging_mixin.py:188} INFO - [2026-04-25T16:45:59.645+0000] {dag.py:3096} INFO - Sync 1 DAGs
[2026-04-25T16:45:59.680+0000] {logging_mixin.py:188} INFO - [2026-04-25T16:45:59.680+0000] {dag.py:3954} INFO - Setting next_dagrun for stock_pipeline to 2026-04-24 06:00:00+00:00, run_after=2026-04-27 06:00:00+00:00
[2026-04-25T16:45:59.713+0000] {processor.py:183} INFO - Processing /opt/airflow/dags/stock_pipeline_dag.py took 0.150 seconds
[2026-04-25T16:46:29.947+0000] {processor.py:161} INFO - Started process (PID=3608) to work on /opt/airflow/dags/stock_pipeline_dag.py
[2026-04-25T16:46:29.948+0000] {processor.py:830} INFO - Processing file /opt/airflow/dags/stock_pipeline_dag.py for tasks to queue
[2026-04-25T16:46:29.951+0000] {logging_mixin.py:188} INFO - [2026-04-25T16:46:29.950+0000] {dagbag.py:540} INFO - Filling up the DagBag from /opt/airflow/dags/stock_pipeline_dag.py
[2026-04-25T16:46:29.980+0000] {processor.py:840} INFO - DAG(s) 'stock_pipeline' retrieved from /opt/airflow/dags/stock_pipeline_dag.py
[2026-04-25T16:46:30.010+0000] {logging_mixin.py:188} INFO - [2026-04-25T16:46:30.009+0000] {dag.py:3096} INFO - Sync 1 DAGs
[2026-04-25T16:46:30.031+0000] {logging_mixin.py:188} INFO - [2026-04-25T16:46:30.031+0000] {dag.py:3954} INFO - Setting next_dagrun for stock_pipeline to 2026-04-24 06:00:00+00:00, run_after=2026-04-27 06:00:00+00:00
[2026-04-25T16:46:30.054+0000] {processor.py:183} INFO - Processing /opt/airflow/dags/stock_pipeline_dag.py took 0.114 seconds
[2026-04-25T16:47:00.421+0000] {processor.py:161} INFO - Started process (PID=3613) to work on /opt/airflow/dags/stock_pipeline_dag.py
[2026-04-25T16:47:00.422+0000] {processor.py:830} INFO - Processing file /opt/airflow/dags/stock_pipeline_dag.py for tasks to queue
[2026-04-25T16:47:00.424+0000] {logging_mixin.py:188} INFO - [2026-04-25T16:47:00.424+0000] {dagbag.py:540} INFO - Filling up the DagBag from /opt/airflow/dags/stock_pipeline_dag.py
[2026-04-25T16:47:00.450+0000] {processor.py:840} INFO - DAG(s) 'stock_pipeline' retrieved from /opt/airflow/dags/stock_pipeline_dag.py
[2026-04-25T16:47:00.477+0000] {logging_mixin.py:188} INFO - [2026-04-25T16:47:00.477+0000] {dag.py:3096} INFO - Sync 1 DAGs
[2026-04-25T16:47:00.499+0000] {logging_mixin.py:188} INFO - [2026-04-25T16:47:00.499+0000] {dag.py:3954} INFO - Setting next_dagrun for stock_pipeline to 2026-04-24 06:00:00+00:00, run_after=2026-04-27 06:00:00+00:00
[2026-04-25T16:47:00.520+0000] {processor.py:183} INFO - Processing /opt/airflow/dags/stock_pipeline_dag.py took 0.105 seconds
[2026-04-25T16:47:30.831+0000] {processor.py:161} INFO - Started process (PID=3618) to work on /opt/airflow/dags/stock_pipeline_dag.py
[2026-04-25T16:47:30.833+0000] {processor.py:830} INFO - Processing file /opt/airflow/dags/stock_pipeline_dag.py for tasks to queue
[2026-04-25T16:47:30.835+0000] {logging_mixin.py:188} INFO - [2026-04-25T16:47:30.835+0000] {dagbag.py:540} INFO - Filling up the DagBag from /opt/airflow/dags/stock_pipeline_dag.py
[2026-04-25T16:47:30.872+0000] {processor.py:840} INFO - DAG(s) 'stock_pipeline' retrieved from /opt/airflow/dags/stock_pipeline_dag.py
[2026-04-25T16:47:30.901+0000] {logging_mixin.py:188} INFO - [2026-04-25T16:47:30.901+0000] {dag.py:3096} INFO - Sync 1 DAGs
[2026-04-25T16:47:30.922+0000] {logging_mixin.py:188} INFO - [2026-04-25T16:47:30.922+0000] {dag.py:3954} INFO - Setting next_dagrun for stock_pipeline to 2026-04-24 06:00:00+00:00, run_after=2026-04-27 06:00:00+00:00
[2026-04-25T16:47:30.948+0000] {processor.py:183} INFO - Processing /opt/airflow/dags/stock_pipeline_dag.py took 0.126 seconds
[2026-04-25T16:48:01.193+0000] {processor.py:161} INFO - Started process (PID=3623) to work on /opt/airflow/dags/stock_pipeline_dag.py
[2026-04-25T16:48:01.195+0000] {processor.py:830} INFO - Processing file /opt/airflow/dags/stock_pipeline_dag.py for tasks to queue
[2026-04-25T16:48:01.198+0000] {logging_mixin.py:188} INFO - [2026-04-25T16:48:01.198+0000] {dagbag.py:540} INFO - Filling up the DagBag from /opt/airflow/dags/stock_pipeline_dag.py
[2026-04-25T16:48:01.251+0000] {processor.py:840} INFO - DAG(s) 'stock_pipeline' retrieved from /opt/airflow/dags/stock_pipeline_dag.py
[2026-04-25T16:48:01.279+0000] {logging_mixin.py:188} INFO - [2026-04-25T16:48:01.279+0000] {dag.py:3096} INFO - Sync 1 DAGs
[2026-04-25T16:48:01.300+0000] {logging_mixin.py:188} INFO - [2026-04-25T16:48:01.300+0000] {dag.py:3954} INFO - Setting next_dagrun for stock_pipeline to 2026-04-24 06:00:00+00:00, run_after=2026-04-27 06:00:00+00:00
[2026-04-25T16:48:01.325+0000] {processor.py:183} INFO - Processing /opt/airflow/dags/stock_pipeline_dag.py took 0.141 seconds
[2026-04-25T16:48:31.684+0000] {processor.py:161} INFO - Started process (PID=3628) to work on /opt/airflow/dags/stock_pipeline_dag.py
[2026-04-25T16:48:31.685+0000] {processor.py:830} INFO - Processing file /opt/airflow/dags/stock_pipeline_dag.py for tasks to queue
[2026-04-25T16:48:31.688+0000] {logging_mixin.py:188} INFO - [2026-04-25T16:48:31.687+0000] {dagbag.py:540} INFO - Filling up the DagBag from /opt/airflow/dags/stock_pipeline_dag.py
[2026-04-25T16:48:31.742+0000] {processor.py:840} INFO - DAG(s) 'stock_pipeline' retrieved from /opt/airflow/dags/stock_pipeline_dag.py
[2026-04-25T16:48:31.771+0000] {logging_mixin.py:188} INFO - [2026-04-25T16:48:31.770+0000] {dag.py:3096} INFO - Sync 1 DAGs
[2026-04-25T16:48:31.796+0000] {logging_mixin.py:188} INFO - [2026-04-25T16:48:31.796+0000] {dag.py:3954} INFO - Setting next_dagrun for stock_pipeline to 2026-04-24 06:00:00+00:00, run_after=2026-04-27 06:00:00+00:00
[2026-04-25T16:48:31.823+0000] {processor.py:183} INFO - Processing /opt/airflow/dags/stock_pipeline_dag.py took 0.146 seconds
[2026-04-25T16:49:02.183+0000] {processor.py:161} INFO - Started process (PID=3633) to work on /opt/airflow/dags/stock_pipeline_dag.py
[2026-04-25T16:49:02.186+0000] {processor.py:830} INFO - Processing file /opt/airflow/dags/stock_pipeline_dag.py for tasks to queue
[2026-04-25T16:49:02.190+0000] {logging_mixin.py:188} INFO - [2026-04-25T16:49:02.189+0000] {dagbag.py:540} INFO - Filling up the DagBag from /opt/airflow/dags/stock_pipeline_dag.py
[2026-04-25T16:49:02.287+0000] {processor.py:840} INFO - DAG(s) 'stock_pipeline' retrieved from /opt/airflow/dags/stock_pipeline_dag.py
[2026-04-25T16:49:02.339+0000] {logging_mixin.py:188} INFO - [2026-04-25T16:49:02.338+0000] {dag.py:3096} INFO - Sync 1 DAGs
[2026-04-25T16:49:02.402+0000] {logging_mixin.py:188} INFO - [2026-04-25T16:49:02.401+0000] {dag.py:3954} INFO - Setting next_dagrun for stock_pipeline to 2026-04-24 06:00:00+00:00, run_after=2026-04-27 06:00:00+00:00
[2026-04-25T16:49:02.454+0000] {processor.py:183} INFO - Processing /opt/airflow/dags/stock_pipeline_dag.py took 0.278 seconds
[2026-04-25T16:49:32.567+0000] {processor.py:161} INFO - Started process (PID=3638) to work on /opt/airflow/dags/stock_pipeline_dag.py
[2026-04-25T16:49:32.569+0000] {processor.py:830} INFO - Processing file /opt/airflow/dags/stock_pipeline_dag.py for tasks to queue
[2026-04-25T16:49:32.572+0000] {logging_mixin.py:188} INFO - [2026-04-25T16:49:32.572+0000] {dagbag.py:540} INFO - Filling up the DagBag from /opt/airflow/dags/stock_pipeline_dag.py
[2026-04-25T16:49:32.607+0000] {processor.py:840} INFO - DAG(s) 'stock_pipeline' retrieved from /opt/airflow/dags/stock_pipeline_dag.py
[2026-04-25T16:49:32.637+0000] {logging_mixin.py:188} INFO - [2026-04-25T16:49:32.637+0000] {dag.py:3096} INFO - Sync 1 DAGs
[2026-04-25T16:49:32.666+0000] {logging_mixin.py:188} INFO - [2026-04-25T16:49:32.666+0000] {dag.py:3954} INFO - Setting next_dagrun for stock_pipeline to 2026-04-24 06:00:00+00:00, run_after=2026-04-27 06:00:00+00:00
[2026-04-25T16:49:32.731+0000] {processor.py:183} INFO - Processing /opt/airflow/dags/stock_pipeline_dag.py took 0.171 seconds
[2026-04-25T16:50:02.962+0000] {processor.py:161} INFO - Started process (PID=3643) to work on /opt/airflow/dags/stock_pipeline_dag.py
[2026-04-25T16:50:02.971+0000] {processor.py:830} INFO - Processing file /opt/airflow/dags/stock_pipeline_dag.py for tasks to queue
[2026-04-25T16:50:02.974+0000] {logging_mixin.py:188} INFO - [2026-04-25T16:50:02.973+0000] {dagbag.py:540} INFO - Filling up the DagBag from /opt/airflow/dags/stock_pipeline_dag.py
[2026-04-25T16:50:03.016+0000] {processor.py:840} INFO - DAG(s) 'stock_pipeline' retrieved from /opt/airflow/dags/stock_pipeline_dag.py
[2026-04-25T16:50:03.047+0000] {logging_mixin.py:188} INFO - [2026-04-25T16:50:03.047+0000] {dag.py:3096} INFO - Sync 1 DAGs
[2026-04-25T16:50:03.067+0000] {logging_mixin.py:188} INFO - [2026-04-25T16:50:03.067+0000] {dag.py:3954} INFO - Setting next_dagrun for stock_pipeline to 2026-04-24 06:00:00+00:00, run_after=2026-04-27 06:00:00+00:00
[2026-04-25T16:50:03.089+0000] {processor.py:183} INFO - Processing /opt/airflow/dags/stock_pipeline_dag.py took 0.137 seconds
[2026-04-25T16:50:33.510+0000] {processor.py:161} INFO - Started process (PID=3648) to work on /opt/airflow/dags/stock_pipeline_dag.py
[2026-04-25T16:50:33.513+0000] {processor.py:830} INFO - Processing file /opt/airflow/dags/stock_pipeline_dag.py for tasks to queue
[2026-04-25T16:50:33.517+0000] {logging_mixin.py:188} INFO - [2026-04-25T16:50:33.516+0000] {dagbag.py:540} INFO - Filling up the DagBag from /opt/airflow/dags/stock_pipeline_dag.py
[2026-04-25T16:50:33.618+0000] {processor.py:840} INFO - DAG(s) 'stock_pipeline' retrieved from /opt/airflow/dags/stock_pipeline_dag.py
[2026-04-25T16:50:33.691+0000] {logging_mixin.py:188} INFO - [2026-04-25T16:50:33.691+0000] {dag.py:3096} INFO - Sync 1 DAGs
[2026-04-25T16:50:33.777+0000] {logging_mixin.py:188} INFO - [2026-04-25T16:50:33.776+0000] {dag.py:3954} INFO - Setting next_dagrun for stock_pipeline to 2026-04-24 06:00:00+00:00, run_after=2026-04-27 06:00:00+00:00
[2026-04-25T16:50:33.848+0000] {processor.py:183} INFO - Processing /opt/airflow/dags/stock_pipeline_dag.py took 0.352 seconds
[2026-04-25T16:51:04.217+0000] {processor.py:161} INFO - Started process (PID=3653) to work on /opt/airflow/dags/stock_pipeline_dag.py
[2026-04-25T16:51:04.219+0000] {processor.py:830} INFO - Processing file /opt/airflow/dags/stock_pipeline_dag.py for tasks to queue
[2026-04-25T16:51:04.222+0000] {logging_mixin.py:188} INFO - [2026-04-25T16:51:04.222+0000] {dagbag.py:540} INFO - Filling up the DagBag from /opt/airflow/dags/stock_pipeline_dag.py
[2026-04-25T16:51:04.291+0000] {processor.py:840} INFO - DAG(s) 'stock_pipeline' retrieved from /opt/airflow/dags/stock_pipeline_dag.py
[2026-04-25T16:51:04.324+0000] {logging_mixin.py:188} INFO - [2026-04-25T16:51:04.324+0000] {dag.py:3096} INFO - Sync 1 DAGs
[2026-04-25T16:51:04.358+0000] {logging_mixin.py:188} INFO - [2026-04-25T16:51:04.358+0000] {dag.py:3954} INFO - Setting next_dagrun for stock_pipeline to 2026-04-24 06:00:00+00:00, run_after=2026-04-27 06:00:00+00:00
[2026-04-25T16:51:04.390+0000] {processor.py:183} INFO - Processing /opt/airflow/dags/stock_pipeline_dag.py took 0.180 seconds
[2026-04-25T16:51:34.883+0000] {processor.py:161} INFO - Started process (PID=3658) to work on /opt/airflow/dags/stock_pipeline_dag.py
[2026-04-25T16:51:34.885+0000] {processor.py:830} INFO - Processing file /opt/airflow/dags/stock_pipeline_dag.py for tasks to queue
[2026-04-25T16:51:34.887+0000] {logging_mixin.py:188} INFO - [2026-04-25T16:51:34.887+0000] {dagbag.py:540} INFO - Filling up the DagBag from /opt/airflow/dags/stock_pipeline_dag.py
[2026-04-25T16:51:34.936+0000] {processor.py:840} INFO - DAG(s) 'stock_pipeline' retrieved from /opt/airflow/dags/stock_pipeline_dag.py
[2026-04-25T16:51:34.963+0000] {logging_mixin.py:188} INFO - [2026-04-25T16:51:34.962+0000] {dag.py:3096} INFO - Sync 1 DAGs
[2026-04-25T16:51:34.986+0000] {logging_mixin.py:188} INFO - [2026-04-25T16:51:34.986+0000] {dag.py:3954} INFO - Setting next_dagrun for stock_pipeline to 2026-04-24 06:00:00+00:00, run_after=2026-04-27 06:00:00+00:00
[2026-04-25T16:51:35.008+0000] {processor.py:183} INFO - Processing /opt/airflow/dags/stock_pipeline_dag.py took 0.132 seconds
[2026-04-25T16:52:05.192+0000] {processor.py:161} INFO - Started process (PID=3663) to work on /opt/airflow/dags/stock_pipeline_dag.py
[2026-04-25T16:52:05.193+0000] {processor.py:830} INFO - Processing file /opt/airflow/dags/stock_pipeline_dag.py for tasks to queue
[2026-04-25T16:52:05.195+0000] {logging_mixin.py:188} INFO - [2026-04-25T16:52:05.195+0000] {dagbag.py:540} INFO - Filling up the DagBag from /opt/airflow/dags/stock_pipeline_dag.py
[2026-04-25T16:52:05.243+0000] {processor.py:840} INFO - DAG(s) 'stock_pipeline' retrieved from /opt/airflow/dags/stock_pipeline_dag.py
[2026-04-25T16:52:05.278+0000] {logging_mixin.py:188} INFO - [2026-04-25T16:52:05.278+0000] {dag.py:3096} INFO - Sync 1 DAGs
[2026-04-25T16:52:05.309+0000] {logging_mixin.py:188} INFO - [2026-04-25T16:52:05.308+0000] {dag.py:3954} INFO - Setting next_dagrun for stock_pipeline to 2026-04-24 06:00:00+00:00, run_after=2026-04-27 06:00:00+00:00
[2026-04-25T16:52:05.337+0000] {processor.py:183} INFO - Processing /opt/airflow/dags/stock_pipeline_dag.py took 0.153 seconds
[2026-04-25T16:52:35.835+0000] {processor.py:161} INFO - Started process (PID=3668) to work on /opt/airflow/dags/stock_pipeline_dag.py
[2026-04-25T16:52:35.836+0000] {processor.py:830} INFO - Processing file /opt/airflow/dags/stock_pipeline_dag.py for tasks to queue
[2026-04-25T16:52:35.839+0000] {logging_mixin.py:188} INFO - [2026-04-25T16:52:35.839+0000] {dagbag.py:540} INFO - Filling up the DagBag from /opt/airflow/dags/stock_pipeline_dag.py
[2026-04-25T16:52:35.884+0000] {processor.py:840} INFO - DAG(s) 'stock_pipeline' retrieved from /opt/airflow/dags/stock_pipeline_dag.py
[2026-04-25T16:52:35.914+0000] {logging_mixin.py:188} INFO - [2026-04-25T16:52:35.913+0000] {dag.py:3096} INFO - Sync 1 DAGs
[2026-04-25T16:52:35.944+0000] {logging_mixin.py:188} INFO - [2026-04-25T16:52:35.944+0000] {dag.py:3954} INFO - Setting next_dagrun for stock_pipeline to 2026-04-24 06:00:00+00:00, run_after=2026-04-27 06:00:00+00:00
[2026-04-25T16:52:35.970+0000] {processor.py:183} INFO - Processing /opt/airflow/dags/stock_pipeline_dag.py took 0.143 seconds
[2026-04-25T16:53:06.216+0000] {processor.py:161} INFO - Started process (PID=3673) to work on /opt/airflow/dags/stock_pipeline_dag.py
[2026-04-25T16:53:06.221+0000] {processor.py:830} INFO - Processing file /opt/airflow/dags/stock_pipeline_dag.py for tasks to queue
[2026-04-25T16:53:06.228+0000] {logging_mixin.py:188} INFO - [2026-04-25T16:53:06.226+0000] {dagbag.py:540} INFO - Filling up the DagBag from /opt/airflow/dags/stock_pipeline_dag.py
[2026-04-25T16:53:06.302+0000] {processor.py:840} INFO - DAG(s) 'stock_pipeline' retrieved from /opt/airflow/dags/stock_pipeline_dag.py
[2026-04-25T16:53:06.354+0000] {logging_mixin.py:188} INFO - [2026-04-25T16:53:06.353+0000] {dag.py:3096} INFO - Sync 1 DAGs
[2026-04-25T16:53:06.416+0000] {logging_mixin.py:188} INFO - [2026-04-25T16:53:06.416+0000] {dag.py:3954} INFO - Setting next_dagrun for stock_pipeline to 2026-04-24 06:00:00+00:00, run_after=2026-04-27 06:00:00+00:00
[2026-04-25T16:53:06.450+0000] {processor.py:183} INFO - Processing /opt/airflow/dags/stock_pipeline_dag.py took 0.246 seconds
[2026-04-25T16:53:36.721+0000] {processor.py:161} INFO - Started process (PID=3678) to work on /opt/airflow/dags/stock_pipeline_dag.py
[2026-04-25T16:53:36.723+0000] {processor.py:830} INFO - Processing file /opt/airflow/dags/stock_pipeline_dag.py for tasks to queue
[2026-04-25T16:53:36.725+0000] {logging_mixin.py:188} INFO - [2026-04-25T16:53:36.725+0000] {dagbag.py:540} INFO - Filling up the DagBag from /opt/airflow/dags/stock_pipeline_dag.py
[2026-04-25T16:53:36.767+0000] {processor.py:840} INFO - DAG(s) 'stock_pipeline' retrieved from /opt/airflow/dags/stock_pipeline_dag.py
[2026-04-25T16:53:36.795+0000] {logging_mixin.py:188} INFO - [2026-04-25T16:53:36.795+0000] {dag.py:3096} INFO - Sync 1 DAGs
[2026-04-25T16:53:36.816+0000] {logging_mixin.py:188} INFO - [2026-04-25T16:53:36.816+0000] {dag.py:3954} INFO - Setting next_dagrun for stock_pipeline to 2026-04-24 06:00:00+00:00, run_after=2026-04-27 06:00:00+00:00
[2026-04-25T16:53:36.844+0000] {processor.py:183} INFO - Processing /opt/airflow/dags/stock_pipeline_dag.py took 0.131 seconds
[2026-04-25T16:54:07.166+0000] {processor.py:161} INFO - Started process (PID=3683) to work on /opt/airflow/dags/stock_pipeline_dag.py
[2026-04-25T16:54:07.167+0000] {processor.py:830} INFO - Processing file /opt/airflow/dags/stock_pipeline_dag.py for tasks to queue
[2026-04-25T16:54:07.170+0000] {logging_mixin.py:188} INFO - [2026-04-25T16:54:07.169+0000] {dagbag.py:540} INFO - Filling up the DagBag from /opt/airflow/dags/stock_pipeline_dag.py
[2026-04-25T16:54:07.207+0000] {processor.py:840} INFO - DAG(s) 'stock_pipeline' retrieved from /opt/airflow/dags/stock_pipeline_dag.py
[2026-04-25T16:54:07.241+0000] {logging_mixin.py:188} INFO - [2026-04-25T16:54:07.240+0000] {dag.py:3096} INFO - Sync 1 DAGs
[2026-04-25T16:54:07.271+0000] {logging_mixin.py:188} INFO - [2026-04-25T16:54:07.271+0000] {dag.py:3954} INFO - Setting next_dagrun for stock_pipeline to 2026-04-24 06:00:00+00:00, run_after=2026-04-27 06:00:00+00:00
[2026-04-25T16:54:07.289+0000] {processor.py:183} INFO - Processing /opt/airflow/dags/stock_pipeline_dag.py took 0.132 seconds
[2026-04-25T16:54:37.680+0000] {processor.py:161} INFO - Started process (PID=3688) to work on /opt/airflow/dags/stock_pipeline_dag.py
[2026-04-25T16:54:37.681+0000] {processor.py:830} INFO - Processing file /opt/airflow/dags/stock_pipeline_dag.py for tasks to queue
[2026-04-25T16:54:37.684+0000] {logging_mixin.py:188} INFO - [2026-04-25T16:54:37.684+0000] {dagbag.py:540} INFO - Filling up the DagBag from /opt/airflow/dags/stock_pipeline_dag.py
[2026-04-25T16:54:37.724+0000] {processor.py:840} INFO - DAG(s) 'stock_pipeline' retrieved from /opt/airflow/dags/stock_pipeline_dag.py
[2026-04-25T16:54:37.760+0000] {logging_mixin.py:188} INFO - [2026-04-25T16:54:37.759+0000] {dag.py:3096} INFO - Sync 1 DAGs
[2026-04-25T16:54:37.786+0000] {logging_mixin.py:188} INFO - [2026-04-25T16:54:37.786+0000] {dag.py:3954} INFO - Setting next_dagrun for stock_pipeline to 2026-04-24 06:00:00+00:00, run_after=2026-04-27 06:00:00+00:00
[2026-04-25T16:54:37.811+0000] {processor.py:183} INFO - Processing /opt/airflow/dags/stock_pipeline_dag.py took 0.140 seconds
[2026-04-25T16:55:08.188+0000] {processor.py:161} INFO - Started process (PID=3693) to work on /opt/airflow/dags/stock_pipeline_dag.py
[2026-04-25T16:55:08.190+0000] {processor.py:830} INFO - Processing file /opt/airflow/dags/stock_pipeline_dag.py for tasks to queue
[2026-04-25T16:55:08.193+0000] {logging_mixin.py:188} INFO - [2026-04-25T16:55:08.192+0000] {dagbag.py:540} INFO - Filling up the DagBag from /opt/airflow/dags/stock_pipeline_dag.py
[2026-04-25T16:55:08.233+0000] {processor.py:840} INFO - DAG(s) 'stock_pipeline' retrieved from /opt/airflow/dags/stock_pipeline_dag.py
[2026-04-25T16:55:08.271+0000] {logging_mixin.py:188} INFO - [2026-04-25T16:55:08.270+0000] {dag.py:3096} INFO - Sync 1 DAGs
[2026-04-25T16:55:08.298+0000] {logging_mixin.py:188} INFO - [2026-04-25T16:55:08.298+0000] {dag.py:3954} INFO - Setting next_dagrun for stock_pipeline to 2026-04-24 06:00:00+00:00, run_after=2026-04-27 06:00:00+00:00
[2026-04-25T16:55:08.319+0000] {processor.py:183} INFO - Processing /opt/airflow/dags/stock_pipeline_dag.py took 0.136 seconds
[2026-04-25T16:55:38.640+0000] {processor.py:161} INFO - Started process (PID=3698) to work on /opt/airflow/dags/stock_pipeline_dag.py
[2026-04-25T16:55:38.641+0000] {processor.py:830} INFO - Processing file /opt/airflow/dags/stock_pipeline_dag.py for tasks to queue
[2026-04-25T16:55:38.644+0000] {logging_mixin.py:188} INFO - [2026-04-25T16:55:38.644+0000] {dagbag.py:540} INFO - Filling up the DagBag from /opt/airflow/dags/stock_pipeline_dag.py
[2026-04-25T16:55:38.698+0000] {processor.py:840} INFO - DAG(s) 'stock_pipeline' retrieved from /opt/airflow/dags/stock_pipeline_dag.py
[2026-04-25T16:55:38.727+0000] {logging_mixin.py:188} INFO - [2026-04-25T16:55:38.727+0000] {dag.py:3096} INFO - Sync 1 DAGs
[2026-04-25T16:55:38.749+0000] {logging_mixin.py:188} INFO - [2026-04-25T16:55:38.749+0000] {dag.py:3954} INFO - Setting next_dagrun for stock_pipeline to 2026-04-24 06:00:00+00:00, run_after=2026-04-27 06:00:00+00:00
[2026-04-25T16:55:38.773+0000] {processor.py:183} INFO - Processing /opt/airflow/dags/stock_pipeline_dag.py took 0.141 seconds
[2026-04-25T16:56:09.162+0000] {processor.py:161} INFO - Started process (PID=3703) to work on /opt/airflow/dags/stock_pipeline_dag.py
[2026-04-25T16:56:09.163+0000] {processor.py:830} INFO - Processing file /opt/airflow/dags/stock_pipeline_dag.py for tasks to queue
[2026-04-25T16:56:09.168+0000] {logging_mixin.py:188} INFO - [2026-04-25T16:56:09.167+0000] {dagbag.py:540} INFO - Filling up the DagBag from /opt/airflow/dags/stock_pipeline_dag.py
[2026-04-25T16:56:09.205+0000] {processor.py:840} INFO - DAG(s) 'stock_pipeline' retrieved from /opt/airflow/dags/stock_pipeline_dag.py
[2026-04-25T16:56:09.230+0000] {logging_mixin.py:188} INFO - [2026-04-25T16:56:09.230+0000] {dag.py:3096} INFO - Sync 1 DAGs
[2026-04-25T16:56:09.251+0000] {logging_mixin.py:188} INFO - [2026-04-25T16:56:09.251+0000] {dag.py:3954} INFO - Setting next_dagrun for stock_pipeline to 2026-04-24 06:00:00+00:00, run_after=2026-04-27 06:00:00+00:00
[2026-04-25T16:56:09.275+0000] {processor.py:183} INFO - Processing /opt/airflow/dags/stock_pipeline_dag.py took 0.119 seconds
[2026-04-25T16:56:39.516+0000] {processor.py:161} INFO - Started process (PID=3708) to work on /opt/airflow/dags/stock_pipeline_dag.py
[2026-04-25T16:56:39.518+0000] {processor.py:830} INFO - Processing file /opt/airflow/dags/stock_pipeline_dag.py for tasks to queue
[2026-04-25T16:56:39.522+0000] {logging_mixin.py:188} INFO - [2026-04-25T16:56:39.521+0000] {dagbag.py:540} INFO - Filling up the DagBag from /opt/airflow/dags/stock_pipeline_dag.py
[2026-04-25T16:56:39.590+0000] {processor.py:840} INFO - DAG(s) 'stock_pipeline' retrieved from /opt/airflow/dags/stock_pipeline_dag.py
[2026-04-25T16:56:39.633+0000] {logging_mixin.py:188} INFO - [2026-04-25T16:56:39.633+0000] {dag.py:3096} INFO - Sync 1 DAGs
[2026-04-25T16:56:39.668+0000] {logging_mixin.py:188} INFO - [2026-04-25T16:56:39.668+0000] {dag.py:3954} INFO - Setting next_dagrun for stock_pipeline to 2026-04-24 06:00:00+00:00, run_after=2026-04-27 06:00:00+00:00
[2026-04-25T16:56:39.713+0000] {processor.py:183} INFO - Processing /opt/airflow/dags/stock_pipeline_dag.py took 0.205 seconds
[2026-04-25T16:57:10.026+0000] {processor.py:161} INFO - Started process (PID=3713) to work on /opt/airflow/dags/stock_pipeline_dag.py
[2026-04-25T16:57:10.027+0000] {processor.py:830} INFO - Processing file /opt/airflow/dags/stock_pipeline_dag.py for tasks to queue
[2026-04-25T16:57:10.029+0000] {logging_mixin.py:188} INFO - [2026-04-25T16:57:10.029+0000] {dagbag.py:540} INFO - Filling up the DagBag from /opt/airflow/dags/stock_pipeline_dag.py
[2026-04-25T16:57:10.070+0000] {processor.py:840} INFO - DAG(s) 'stock_pipeline' retrieved from /opt/airflow/dags/stock_pipeline_dag.py
[2026-04-25T16:57:10.111+0000] {logging_mixin.py:188} INFO - [2026-04-25T16:57:10.110+0000] {dag.py:3096} INFO - Sync 1 DAGs
[2026-04-25T16:57:10.145+0000] {logging_mixin.py:188} INFO - [2026-04-25T16:57:10.145+0000] {dag.py:3954} INFO - Setting next_dagrun for stock_pipeline to 2026-04-24 06:00:00+00:00, run_after=2026-04-27 06:00:00+00:00
[2026-04-25T16:57:10.181+0000] {processor.py:183} INFO - Processing /opt/airflow/dags/stock_pipeline_dag.py took 0.167 seconds
[2026-04-25T16:57:40.444+0000] {processor.py:161} INFO - Started process (PID=3718) to work on /opt/airflow/dags/stock_pipeline_dag.py
[2026-04-25T16:57:40.446+0000] {processor.py:830} INFO - Processing file /opt/airflow/dags/stock_pipeline_dag.py for tasks to queue
[2026-04-25T16:57:40.448+0000] {logging_mixin.py:188} INFO - [2026-04-25T16:57:40.447+0000] {dagbag.py:540} INFO - Filling up the DagBag from /opt/airflow/dags/stock_pipeline_dag.py
[2026-04-25T16:57:40.481+0000] {processor.py:840} INFO - DAG(s) 'stock_pipeline' retrieved from /opt/airflow/dags/stock_pipeline_dag.py
[2026-04-25T16:57:40.509+0000] {logging_mixin.py:188} INFO - [2026-04-25T16:57:40.509+0000] {dag.py:3096} INFO - Sync 1 DAGs
[2026-04-25T16:57:40.532+0000] {logging_mixin.py:188} INFO - [2026-04-25T16:57:40.532+0000] {dag.py:3954} INFO - Setting next_dagrun for stock_pipeline to 2026-04-24 06:00:00+00:00, run_after=2026-04-27 06:00:00+00:00
[2026-04-25T16:57:40.553+0000] {processor.py:183} INFO - Processing /opt/airflow/dags/stock_pipeline_dag.py took 0.116 seconds
[2026-04-25T16:58:10.943+0000] {processor.py:161} INFO - Started process (PID=3723) to work on /opt/airflow/dags/stock_pipeline_dag.py
[2026-04-25T16:58:10.944+0000] {processor.py:830} INFO - Processing file /opt/airflow/dags/stock_pipeline_dag.py for tasks to queue
[2026-04-25T16:58:10.947+0000] {logging_mixin.py:188} INFO - [2026-04-25T16:58:10.947+0000] {dagbag.py:540} INFO - Filling up the DagBag from /opt/airflow/dags/stock_pipeline_dag.py
[2026-04-25T16:58:11.005+0000] {processor.py:840} INFO - DAG(s) 'stock_pipeline' retrieved from /opt/airflow/dags/stock_pipeline_dag.py
[2026-04-25T16:58:11.047+0000] {logging_mixin.py:188} INFO - [2026-04-25T16:58:11.047+0000] {dag.py:3096} INFO - Sync 1 DAGs
[2026-04-25T16:58:11.091+0000] {logging_mixin.py:188} INFO - [2026-04-25T16:58:11.091+0000] {dag.py:3954} INFO - Setting next_dagrun for stock_pipeline to 2026-04-24 06:00:00+00:00, run_after=2026-04-27 06:00:00+00:00
[2026-04-25T16:58:11.126+0000] {processor.py:183} INFO - Processing /opt/airflow/dags/stock_pipeline_dag.py took 0.190 seconds
[2026-04-25T16:58:41.437+0000] {processor.py:161} INFO - Started process (PID=3728) to work on /opt/airflow/dags/stock_pipeline_dag.py
[2026-04-25T16:58:41.439+0000] {processor.py:830} INFO - Processing file /opt/airflow/dags/stock_pipeline_dag.py for tasks to queue
[2026-04-25T16:58:41.441+0000] {logging_mixin.py:188} INFO - [2026-04-25T16:58:41.441+0000] {dagbag.py:540} INFO - Filling up the DagBag from /opt/airflow/dags/stock_pipeline_dag.py
[2026-04-25T16:58:41.488+0000] {processor.py:840} INFO - DAG(s) 'stock_pipeline' retrieved from /opt/airflow/dags/stock_pipeline_dag.py
[2026-04-25T16:58:41.516+0000] {logging_mixin.py:188} INFO - [2026-04-25T16:58:41.516+0000] {dag.py:3096} INFO - Sync 1 DAGs
[2026-04-25T16:58:41.538+0000] {logging_mixin.py:188} INFO - [2026-04-25T16:58:41.538+0000] {dag.py:3954} INFO - Setting next_dagrun for stock_pipeline to 2026-04-24 06:00:00+00:00, run_after=2026-04-27 06:00:00+00:00
[2026-04-25T16:58:41.562+0000] {processor.py:183} INFO - Processing /opt/airflow/dags/stock_pipeline_dag.py took 0.130 seconds
[2026-04-25T16:59:11.900+0000] {processor.py:161} INFO - Started process (PID=3733) to work on /opt/airflow/dags/stock_pipeline_dag.py
[2026-04-25T16:59:11.902+0000] {processor.py:830} INFO - Processing file /opt/airflow/dags/stock_pipeline_dag.py for tasks to queue
[2026-04-25T16:59:11.904+0000] {logging_mixin.py:188} INFO - [2026-04-25T16:59:11.904+0000] {dagbag.py:540} INFO - Filling up the DagBag from /opt/airflow/dags/stock_pipeline_dag.py
[2026-04-25T16:59:11.957+0000] {processor.py:840} INFO - DAG(s) 'stock_pipeline' retrieved from /opt/airflow/dags/stock_pipeline_dag.py
[2026-04-25T16:59:11.987+0000] {logging_mixin.py:188} INFO - [2026-04-25T16:59:11.987+0000] {dag.py:3096} INFO - Sync 1 DAGs
[2026-04-25T16:59:12.009+0000] {logging_mixin.py:188} INFO - [2026-04-25T16:59:12.009+0000] {dag.py:3954} INFO - Setting next_dagrun for stock_pipeline to 2026-04-24 06:00:00+00:00, run_after=2026-04-27 06:00:00+00:00
[2026-04-25T16:59:12.036+0000] {processor.py:183} INFO - Processing /opt/airflow/dags/stock_pipeline_dag.py took 0.141 seconds
[2026-04-25T16:59:42.367+0000] {processor.py:161} INFO - Started process (PID=3738) to work on /opt/airflow/dags/stock_pipeline_dag.py
[2026-04-25T16:59:42.369+0000] {processor.py:830} INFO - Processing file /opt/airflow/dags/stock_pipeline_dag.py for tasks to queue
[2026-04-25T16:59:42.372+0000] {logging_mixin.py:188} INFO - [2026-04-25T16:59:42.371+0000] {dagbag.py:540} INFO - Filling up the DagBag from /opt/airflow/dags/stock_pipeline_dag.py
[2026-04-25T16:59:42.426+0000] {processor.py:840} INFO - DAG(s) 'stock_pipeline' retrieved from /opt/airflow/dags/stock_pipeline_dag.py
[2026-04-25T16:59:42.484+0000] {logging_mixin.py:188} INFO - [2026-04-25T16:59:42.483+0000] {dag.py:3096} INFO - Sync 1 DAGs
[2026-04-25T16:59:42.512+0000] {logging_mixin.py:188} INFO - [2026-04-25T16:59:42.512+0000] {dag.py:3954} INFO - Setting next_dagrun for stock_pipeline to 2026-04-24 06:00:00+00:00, run_after=2026-04-27 06:00:00+00:00
[2026-04-25T16:59:42.533+0000] {processor.py:183} INFO - Processing /opt/airflow/dags/stock_pipeline_dag.py took 0.174 seconds
[2026-04-25T17:00:12.681+0000] {processor.py:161} INFO - Started process (PID=3743) to work on /opt/airflow/dags/stock_pipeline_dag.py
[2026-04-25T17:00:12.683+0000] {processor.py:830} INFO - Processing file /opt/airflow/dags/stock_pipeline_dag.py for tasks to queue
[2026-04-25T17:00:12.685+0000] {logging_mixin.py:188} INFO - [2026-04-25T17:00:12.685+0000] {dagbag.py:540} INFO - Filling up the DagBag from /opt/airflow/dags/stock_pipeline_dag.py
[2026-04-25T17:00:12.723+0000] {processor.py:840} INFO - DAG(s) 'stock_pipeline' retrieved from /opt/airflow/dags/stock_pipeline_dag.py
[2026-04-25T17:00:12.751+0000] {logging_mixin.py:188} INFO - [2026-04-25T17:00:12.750+0000] {dag.py:3096} INFO - Sync 1 DAGs
[2026-04-25T17:00:12.778+0000] {logging_mixin.py:188} INFO - [2026-04-25T17:00:12.777+0000] {dag.py:3954} INFO - Setting next_dagrun for stock_pipeline to 2026-04-24 06:00:00+00:00, run_after=2026-04-27 06:00:00+00:00
[2026-04-25T17:00:12.802+0000] {processor.py:183} INFO - Processing /opt/airflow/dags/stock_pipeline_dag.py took 0.129 seconds
[2026-04-25T17:00:43.036+0000] {processor.py:161} INFO - Started process (PID=3748) to work on /opt/airflow/dags/stock_pipeline_dag.py
[2026-04-25T17:00:43.037+0000] {processor.py:830} INFO - Processing file /opt/airflow/dags/stock_pipeline_dag.py for tasks to queue
[2026-04-25T17:00:43.040+0000] {logging_mixin.py:188} INFO - [2026-04-25T17:00:43.040+0000] {dagbag.py:540} INFO - Filling up the DagBag from /opt/airflow/dags/stock_pipeline_dag.py
[2026-04-25T17:00:43.074+0000] {processor.py:840} INFO - DAG(s) 'stock_pipeline' retrieved from /opt/airflow/dags/stock_pipeline_dag.py
[2026-04-25T17:00:43.103+0000] {logging_mixin.py:188} INFO - [2026-04-25T17:00:43.103+0000] {dag.py:3096} INFO - Sync 1 DAGs
[2026-04-25T17:00:43.124+0000] {logging_mixin.py:188} INFO - [2026-04-25T17:00:43.124+0000] {dag.py:3954} INFO - Setting next_dagrun for stock_pipeline to 2026-04-24 06:00:00+00:00, run_after=2026-04-27 06:00:00+00:00
[2026-04-25T17:00:43.149+0000] {processor.py:183} INFO - Processing /opt/airflow/dags/stock_pipeline_dag.py took 0.121 seconds
[2026-04-25T17:01:13.504+0000] {processor.py:161} INFO - Started process (PID=3753) to work on /opt/airflow/dags/stock_pipeline_dag.py
[2026-04-25T17:01:13.506+0000] {processor.py:830} INFO - Processing file /opt/airflow/dags/stock_pipeline_dag.py for tasks to queue
[2026-04-25T17:01:13.513+0000] {logging_mixin.py:188} INFO - [2026-04-25T17:01:13.511+0000] {dagbag.py:540} INFO - Filling up the DagBag from /opt/airflow/dags/stock_pipeline_dag.py
[2026-04-25T17:01:13.577+0000] {processor.py:840} INFO - DAG(s) 'stock_pipeline' retrieved from /opt/airflow/dags/stock_pipeline_dag.py
[2026-04-25T17:01:13.611+0000] {logging_mixin.py:188} INFO - [2026-04-25T17:01:13.611+0000] {dag.py:3096} INFO - Sync 1 DAGs
[2026-04-25T17:01:13.634+0000] {logging_mixin.py:188} INFO - [2026-04-25T17:01:13.633+0000] {dag.py:3954} INFO - Setting next_dagrun for stock_pipeline to 2026-04-24 06:00:00+00:00, run_after=2026-04-27 06:00:00+00:00
[2026-04-25T17:01:13.656+0000] {processor.py:183} INFO - Processing /opt/airflow/dags/stock_pipeline_dag.py took 0.161 seconds
[2026-04-25T17:01:43.994+0000] {processor.py:161} INFO - Started process (PID=3758) to work on /opt/airflow/dags/stock_pipeline_dag.py
[2026-04-25T17:01:43.998+0000] {processor.py:830} INFO - Processing file /opt/airflow/dags/stock_pipeline_dag.py for tasks to queue
[2026-04-25T17:01:44.003+0000] {logging_mixin.py:188} INFO - [2026-04-25T17:01:44.001+0000] {dagbag.py:540} INFO - Filling up the DagBag from /opt/airflow/dags/stock_pipeline_dag.py
[2026-04-25T17:01:44.095+0000] {processor.py:840} INFO - DAG(s) 'stock_pipeline' retrieved from /opt/airflow/dags/stock_pipeline_dag.py
[2026-04-25T17:01:44.182+0000] {logging_mixin.py:188} INFO - [2026-04-25T17:01:44.181+0000] {dag.py:3096} INFO - Sync 1 DAGs
[2026-04-25T17:01:44.267+0000] {logging_mixin.py:188} INFO - [2026-04-25T17:01:44.267+0000] {dag.py:3954} INFO - Setting next_dagrun for stock_pipeline to 2026-04-24 06:00:00+00:00, run_after=2026-04-27 06:00:00+00:00
[2026-04-25T17:01:44.360+0000] {processor.py:183} INFO - Processing /opt/airflow/dags/stock_pipeline_dag.py took 0.384 seconds
[2026-04-25T17:02:14.850+0000] {processor.py:161} INFO - Started process (PID=3763) to work on /opt/airflow/dags/stock_pipeline_dag.py
[2026-04-25T17:02:14.853+0000] {processor.py:830} INFO - Processing file /opt/airflow/dags/stock_pipeline_dag.py for tasks to queue
[2026-04-25T17:02:14.856+0000] {logging_mixin.py:188} INFO - [2026-04-25T17:02:14.856+0000] {dagbag.py:540} INFO - Filling up the DagBag from /opt/airflow/dags/stock_pipeline_dag.py
[2026-04-25T17:02:14.914+0000] {processor.py:840} INFO - DAG(s) 'stock_pipeline' retrieved from /opt/airflow/dags/stock_pipeline_dag.py
[2026-04-25T17:02:14.957+0000] {logging_mixin.py:188} INFO - [2026-04-25T17:02:14.957+0000] {dag.py:3096} INFO - Sync 1 DAGs
[2026-04-25T17:02:14.992+0000] {logging_mixin.py:188} INFO - [2026-04-25T17:02:14.992+0000] {dag.py:3954} INFO - Setting next_dagrun for stock_pipeline to 2026-04-24 06:00:00+00:00, run_after=2026-04-27 06:00:00+00:00
[2026-04-25T17:02:15.041+0000] {processor.py:183} INFO - Processing /opt/airflow/dags/stock_pipeline_dag.py took 0.208 seconds
[2026-04-25T17:02:45.201+0000] {processor.py:161} INFO - Started process (PID=3768) to work on /opt/airflow/dags/stock_pipeline_dag.py
[2026-04-25T17:02:45.203+0000] {processor.py:830} INFO - Processing file /opt/airflow/dags/stock_pipeline_dag.py for tasks to queue
[2026-04-25T17:02:45.206+0000] {logging_mixin.py:188} INFO - [2026-04-25T17:02:45.205+0000] {dagbag.py:540} INFO - Filling up the DagBag from /opt/airflow/dags/stock_pipeline_dag.py
[2026-04-25T17:02:45.285+0000] {processor.py:840} INFO - DAG(s) 'stock_pipeline' retrieved from /opt/airflow/dags/stock_pipeline_dag.py
[2026-04-25T17:02:45.345+0000] {logging_mixin.py:188} INFO - [2026-04-25T17:02:45.345+0000] {dag.py:3096} INFO - Sync 1 DAGs
[2026-04-25T17:02:45.415+0000] {logging_mixin.py:188} INFO - [2026-04-25T17:02:45.414+0000] {dag.py:3954} INFO - Setting next_dagrun for stock_pipeline to 2026-04-24 06:00:00+00:00, run_after=2026-04-27 06:00:00+00:00
[2026-04-25T17:02:45.445+0000] {processor.py:183} INFO - Processing /opt/airflow/dags/stock_pipeline_dag.py took 0.252 seconds
[2026-04-25T17:03:15.810+0000] {processor.py:161} INFO - Started process (PID=3773) to work on /opt/airflow/dags/stock_pipeline_dag.py
[2026-04-25T17:03:15.816+0000] {processor.py:830} INFO - Processing file /opt/airflow/dags/stock_pipeline_dag.py for tasks to queue
[2026-04-25T17:03:15.819+0000] {logging_mixin.py:188} INFO - [2026-04-25T17:03:15.819+0000] {dagbag.py:540} INFO - Filling up the DagBag from /opt/airflow/dags/stock_pipeline_dag.py
[2026-04-25T17:03:15.861+0000] {processor.py:840} INFO - DAG(s) 'stock_pipeline' retrieved from /opt/airflow/dags/stock_pipeline_dag.py
[2026-04-25T17:03:15.899+0000] {logging_mixin.py:188} INFO - [2026-04-25T17:03:15.899+0000] {dag.py:3096} INFO - Sync 1 DAGs
[2026-04-25T17:03:15.932+0000] {logging_mixin.py:188} INFO - [2026-04-25T17:03:15.932+0000] {dag.py:3954} INFO - Setting next_dagrun for stock_pipeline to 2026-04-24 06:00:00+00:00, run_after=2026-04-27 06:00:00+00:00
[2026-04-25T17:03:15.968+0000] {processor.py:183} INFO - Processing /opt/airflow/dags/stock_pipeline_dag.py took 0.166 seconds
[2026-04-25T17:03:46.185+0000] {processor.py:161} INFO - Started process (PID=3778) to work on /opt/airflow/dags/stock_pipeline_dag.py
[2026-04-25T17:03:46.187+0000] {processor.py:830} INFO - Processing file /opt/airflow/dags/stock_pipeline_dag.py for tasks to queue
[2026-04-25T17:03:46.189+0000] {logging_mixin.py:188} INFO - [2026-04-25T17:03:46.189+0000] {dagbag.py:540} INFO - Filling up the DagBag from /opt/airflow/dags/stock_pipeline_dag.py
[2026-04-25T17:03:46.230+0000] {processor.py:840} INFO - DAG(s) 'stock_pipeline' retrieved from /opt/airflow/dags/stock_pipeline_dag.py
[2026-04-25T17:03:46.261+0000] {logging_mixin.py:188} INFO - [2026-04-25T17:03:46.260+0000] {dag.py:3096} INFO - Sync 1 DAGs
[2026-04-25T17:03:46.322+0000] {logging_mixin.py:188} INFO - [2026-04-25T17:03:46.321+0000] {dag.py:3954} INFO - Setting next_dagrun for stock_pipeline to 2026-04-24 06:00:00+00:00, run_after=2026-04-27 06:00:00+00:00
[2026-04-25T17:03:46.362+0000] {processor.py:183} INFO - Processing /opt/airflow/dags/stock_pipeline_dag.py took 0.190 seconds
[2026-04-25T17:04:16.720+0000] {processor.py:161} INFO - Started process (PID=3783) to work on /opt/airflow/dags/stock_pipeline_dag.py
[2026-04-25T17:04:16.722+0000] {processor.py:830} INFO - Processing file /opt/airflow/dags/stock_pipeline_dag.py for tasks to queue
[2026-04-25T17:04:16.724+0000] {logging_mixin.py:188} INFO - [2026-04-25T17:04:16.724+0000] {dagbag.py:540} INFO - Filling up the DagBag from /opt/airflow/dags/stock_pipeline_dag.py
[2026-04-25T17:04:16.764+0000] {processor.py:840} INFO - DAG(s) 'stock_pipeline' retrieved from /opt/airflow/dags/stock_pipeline_dag.py
[2026-04-25T17:04:16.798+0000] {logging_mixin.py:188} INFO - [2026-04-25T17:04:16.797+0000] {dag.py:3096} INFO - Sync 1 DAGs
[2026-04-25T17:04:16.834+0000] {logging_mixin.py:188} INFO - [2026-04-25T17:04:16.834+0000] {dag.py:3954} INFO - Setting next_dagrun for stock_pipeline to 2026-04-24 06:00:00+00:00, run_after=2026-04-27 06:00:00+00:00
[2026-04-25T17:04:16.858+0000] {processor.py:183} INFO - Processing /opt/airflow/dags/stock_pipeline_dag.py took 0.146 seconds
[2026-04-25T17:04:47.123+0000] {processor.py:161} INFO - Started process (PID=3788) to work on /opt/airflow/dags/stock_pipeline_dag.py
[2026-04-25T17:04:47.124+0000] {processor.py:830} INFO - Processing file /opt/airflow/dags/stock_pipeline_dag.py for tasks to queue
[2026-04-25T17:04:47.127+0000] {logging_mixin.py:188} INFO - [2026-04-25T17:04:47.127+0000] {dagbag.py:540} INFO - Filling up the DagBag from /opt/airflow/dags/stock_pipeline_dag.py
[2026-04-25T17:04:47.155+0000] {processor.py:840} INFO - DAG(s) 'stock_pipeline' retrieved from /opt/airflow/dags/stock_pipeline_dag.py
[2026-04-25T17:04:47.182+0000] {logging_mixin.py:188} INFO - [2026-04-25T17:04:47.181+0000] {dag.py:3096} INFO - Sync 1 DAGs
[2026-04-25T17:04:47.203+0000] {logging_mixin.py:188} INFO - [2026-04-25T17:04:47.202+0000] {dag.py:3954} INFO - Setting next_dagrun for stock_pipeline to 2026-04-24 06:00:00+00:00, run_after=2026-04-27 06:00:00+00:00
[2026-04-25T17:04:47.226+0000] {processor.py:183} INFO - Processing /opt/airflow/dags/stock_pipeline_dag.py took 0.112 seconds
[2026-04-25T17:05:17.594+0000] {processor.py:161} INFO - Started process (PID=3793) to work on /opt/airflow/dags/stock_pipeline_dag.py
[2026-04-25T17:05:17.596+0000] {processor.py:830} INFO - Processing file /opt/airflow/dags/stock_pipeline_dag.py for tasks to queue
[2026-04-25T17:05:17.598+0000] {logging_mixin.py:188} INFO - [2026-04-25T17:05:17.598+0000] {dagbag.py:540} INFO - Filling up the DagBag from /opt/airflow/dags/stock_pipeline_dag.py
[2026-04-25T17:05:17.639+0000] {processor.py:840} INFO - DAG(s) 'stock_pipeline' retrieved from /opt/airflow/dags/stock_pipeline_dag.py
[2026-04-25T17:05:17.679+0000] {logging_mixin.py:188} INFO - [2026-04-25T17:05:17.679+0000] {dag.py:3096} INFO - Sync 1 DAGs
[2026-04-25T17:05:17.699+0000] {logging_mixin.py:188} INFO - [2026-04-25T17:05:17.699+0000] {dag.py:3954} INFO - Setting next_dagrun for stock_pipeline to 2026-04-24 06:00:00+00:00, run_after=2026-04-27 06:00:00+00:00
[2026-04-25T17:05:17.730+0000] {processor.py:183} INFO - Processing /opt/airflow/dags/stock_pipeline_dag.py took 0.142 seconds
[2026-04-25T17:05:48.112+0000] {processor.py:161} INFO - Started process (PID=3798) to work on /opt/airflow/dags/stock_pipeline_dag.py
[2026-04-25T17:05:48.113+0000] {processor.py:830} INFO - Processing file /opt/airflow/dags/stock_pipeline_dag.py for tasks to queue
[2026-04-25T17:05:48.116+0000] {logging_mixin.py:188} INFO - [2026-04-25T17:05:48.115+0000] {dagbag.py:540} INFO - Filling up the DagBag from /opt/airflow/dags/stock_pipeline_dag.py
[2026-04-25T17:05:48.159+0000] {processor.py:840} INFO - DAG(s) 'stock_pipeline' retrieved from /opt/airflow/dags/stock_pipeline_dag.py
[2026-04-25T17:05:48.192+0000] {logging_mixin.py:188} INFO - [2026-04-25T17:05:48.192+0000] {dag.py:3096} INFO - Sync 1 DAGs
[2026-04-25T17:05:48.219+0000] {logging_mixin.py:188} INFO - [2026-04-25T17:05:48.218+0000] {dag.py:3954} INFO - Setting next_dagrun for stock_pipeline to 2026-04-24 06:00:00+00:00, run_after=2026-04-27 06:00:00+00:00
[2026-04-25T17:05:48.242+0000] {processor.py:183} INFO - Processing /opt/airflow/dags/stock_pipeline_dag.py took 0.141 seconds
[2026-04-25T17:06:18.456+0000] {processor.py:161} INFO - Started process (PID=3803) to work on /opt/airflow/dags/stock_pipeline_dag.py
[2026-04-25T17:06:18.458+0000] {processor.py:830} INFO - Processing file /opt/airflow/dags/stock_pipeline_dag.py for tasks to queue
[2026-04-25T17:06:18.460+0000] {logging_mixin.py:188} INFO - [2026-04-25T17:06:18.460+0000] {dagbag.py:540} INFO - Filling up the DagBag from /opt/airflow/dags/stock_pipeline_dag.py
[2026-04-25T17:06:18.501+0000] {processor.py:840} INFO - DAG(s) 'stock_pipeline' retrieved from /opt/airflow/dags/stock_pipeline_dag.py
[2026-04-25T17:06:18.529+0000] {logging_mixin.py:188} INFO - [2026-04-25T17:06:18.528+0000] {dag.py:3096} INFO - Sync 1 DAGs
[2026-04-25T17:06:18.550+0000] {logging_mixin.py:188} INFO - [2026-04-25T17:06:18.550+0000] {dag.py:3954} INFO - Setting next_dagrun for stock_pipeline to 2026-04-24 06:00:00+00:00, run_after=2026-04-27 06:00:00+00:00
[2026-04-25T17:06:18.577+0000] {processor.py:183} INFO - Processing /opt/airflow/dags/stock_pipeline_dag.py took 0.130 seconds
[2026-04-25T17:06:48.881+0000] {processor.py:161} INFO - Started process (PID=3808) to work on /opt/airflow/dags/stock_pipeline_dag.py
[2026-04-25T17:06:48.883+0000] {processor.py:830} INFO - Processing file /opt/airflow/dags/stock_pipeline_dag.py for tasks to queue
[2026-04-25T17:06:48.891+0000] {logging_mixin.py:188} INFO - [2026-04-25T17:06:48.885+0000] {dagbag.py:540} INFO - Filling up the DagBag from /opt/airflow/dags/stock_pipeline_dag.py
[2026-04-25T17:06:48.955+0000] {processor.py:840} INFO - DAG(s) 'stock_pipeline' retrieved from /opt/airflow/dags/stock_pipeline_dag.py
[2026-04-25T17:06:48.985+0000] {logging_mixin.py:188} INFO - [2026-04-25T17:06:48.985+0000] {dag.py:3096} INFO - Sync 1 DAGs
[2026-04-25T17:06:49.009+0000] {logging_mixin.py:188} INFO - [2026-04-25T17:06:49.008+0000] {dag.py:3954} INFO - Setting next_dagrun for stock_pipeline to 2026-04-24 06:00:00+00:00, run_after=2026-04-27 06:00:00+00:00
[2026-04-25T17:06:49.028+0000] {processor.py:183} INFO - Processing /opt/airflow/dags/stock_pipeline_dag.py took 0.163 seconds
[2026-04-25T17:07:19.340+0000] {processor.py:161} INFO - Started process (PID=3813) to work on /opt/airflow/dags/stock_pipeline_dag.py
[2026-04-25T17:07:19.341+0000] {processor.py:830} INFO - Processing file /opt/airflow/dags/stock_pipeline_dag.py for tasks to queue
[2026-04-25T17:07:19.344+0000] {logging_mixin.py:188} INFO - [2026-04-25T17:07:19.343+0000] {dagbag.py:540} INFO - Filling up the DagBag from /opt/airflow/dags/stock_pipeline_dag.py
[2026-04-25T17:07:19.376+0000] {processor.py:840} INFO - DAG(s) 'stock_pipeline' retrieved from /opt/airflow/dags/stock_pipeline_dag.py
[2026-04-25T17:07:19.406+0000] {logging_mixin.py:188} INFO - [2026-04-25T17:07:19.406+0000] {dag.py:3096} INFO - Sync 1 DAGs
[2026-04-25T17:07:19.428+0000] {logging_mixin.py:188} INFO - [2026-04-25T17:07:19.427+0000] {dag.py:3954} INFO - Setting next_dagrun for stock_pipeline to 2026-04-24 06:00:00+00:00, run_after=2026-04-27 06:00:00+00:00
[2026-04-25T17:07:19.447+0000] {processor.py:183} INFO - Processing /opt/airflow/dags/stock_pipeline_dag.py took 0.116 seconds
[2026-04-25T17:07:49.710+0000] {processor.py:161} INFO - Started process (PID=3818) to work on /opt/airflow/dags/stock_pipeline_dag.py
[2026-04-25T17:07:49.711+0000] {processor.py:830} INFO - Processing file /opt/airflow/dags/stock_pipeline_dag.py for tasks to queue
[2026-04-25T17:07:49.713+0000] {logging_mixin.py:188} INFO - [2026-04-25T17:07:49.713+0000] {dagbag.py:540} INFO - Filling up the DagBag from /opt/airflow/dags/stock_pipeline_dag.py
[2026-04-25T17:07:49.746+0000] {processor.py:840} INFO - DAG(s) 'stock_pipeline' retrieved from /opt/airflow/dags/stock_pipeline_dag.py
[2026-04-25T17:07:49.775+0000] {logging_mixin.py:188} INFO - [2026-04-25T17:07:49.775+0000] {dag.py:3096} INFO - Sync 1 DAGs
[2026-04-25T17:07:49.796+0000] {logging_mixin.py:188} INFO - [2026-04-25T17:07:49.796+0000] {dag.py:3954} INFO - Setting next_dagrun for stock_pipeline to 2026-04-24 06:00:00+00:00, run_after=2026-04-27 06:00:00+00:00
[2026-04-25T17:07:49.820+0000] {processor.py:183} INFO - Processing /opt/airflow/dags/stock_pipeline_dag.py took 0.118 seconds
[2026-04-25T17:08:20.187+0000] {processor.py:161} INFO - Started process (PID=3823) to work on /opt/airflow/dags/stock_pipeline_dag.py
[2026-04-25T17:08:20.189+0000] {processor.py:830} INFO - Processing file /opt/airflow/dags/stock_pipeline_dag.py for tasks to queue
[2026-04-25T17:08:20.192+0000] {logging_mixin.py:188} INFO - [2026-04-25T17:08:20.191+0000] {dagbag.py:540} INFO - Filling up the DagBag from /opt/airflow/dags/stock_pipeline_dag.py
[2026-04-25T17:08:20.248+0000] {processor.py:840} INFO - DAG(s) 'stock_pipeline' retrieved from /opt/airflow/dags/stock_pipeline_dag.py
[2026-04-25T17:08:20.276+0000] {logging_mixin.py:188} INFO - [2026-04-25T17:08:20.276+0000] {dag.py:3096} INFO - Sync 1 DAGs
[2026-04-25T17:08:20.299+0000] {logging_mixin.py:188} INFO - [2026-04-25T17:08:20.299+0000] {dag.py:3954} INFO - Setting next_dagrun for stock_pipeline to 2026-04-24 06:00:00+00:00, run_after=2026-04-27 06:00:00+00:00
[2026-04-25T17:08:20.325+0000] {processor.py:183} INFO - Processing /opt/airflow/dags/stock_pipeline_dag.py took 0.146 seconds
[2026-04-25T17:08:50.560+0000] {processor.py:161} INFO - Started process (PID=3828) to work on /opt/airflow/dags/stock_pipeline_dag.py
[2026-04-25T17:08:50.566+0000] {processor.py:830} INFO - Processing file /opt/airflow/dags/stock_pipeline_dag.py for tasks to queue
[2026-04-25T17:08:50.569+0000] {logging_mixin.py:188} INFO - [2026-04-25T17:08:50.569+0000] {dagbag.py:540} INFO - Filling up the DagBag from /opt/airflow/dags/stock_pipeline_dag.py
[2026-04-25T17:08:50.625+0000] {processor.py:840} INFO - DAG(s) 'stock_pipeline' retrieved from /opt/airflow/dags/stock_pipeline_dag.py
[2026-04-25T17:08:50.669+0000] {logging_mixin.py:188} INFO - [2026-04-25T17:08:50.669+0000] {dag.py:3096} INFO - Sync 1 DAGs
[2026-04-25T17:08:50.705+0000] {logging_mixin.py:188} INFO - [2026-04-25T17:08:50.705+0000] {dag.py:3954} INFO - Setting next_dagrun for stock_pipeline to 2026-04-24 06:00:00+00:00, run_after=2026-04-27 06:00:00+00:00
[2026-04-25T17:08:50.744+0000] {processor.py:183} INFO - Processing /opt/airflow/dags/stock_pipeline_dag.py took 0.193 seconds
[2026-04-25T17:09:21.196+0000] {processor.py:161} INFO - Started process (PID=3833) to work on /opt/airflow/dags/stock_pipeline_dag.py
[2026-04-25T17:09:21.199+0000] {processor.py:830} INFO - Processing file /opt/airflow/dags/stock_pipeline_dag.py for tasks to queue
[2026-04-25T17:09:21.202+0000] {logging_mixin.py:188} INFO - [2026-04-25T17:09:21.202+0000] {dagbag.py:540} INFO - Filling up the DagBag from /opt/airflow/dags/stock_pipeline_dag.py
[2026-04-25T17:09:21.252+0000] {processor.py:840} INFO - DAG(s) 'stock_pipeline' retrieved from /opt/airflow/dags/stock_pipeline_dag.py
[2026-04-25T17:09:21.293+0000] {logging_mixin.py:188} INFO - [2026-04-25T17:09:21.293+0000] {dag.py:3096} INFO - Sync 1 DAGs
[2026-04-25T17:09:21.339+0000] {logging_mixin.py:188} INFO - [2026-04-25T17:09:21.339+0000] {dag.py:3954} INFO - Setting next_dagrun for stock_pipeline to 2026-04-24 06:00:00+00:00, run_after=2026-04-27 06:00:00+00:00
[2026-04-25T17:09:21.366+0000] {processor.py:183} INFO - Processing /opt/airflow/dags/stock_pipeline_dag.py took 0.182 seconds
[2026-04-25T17:09:51.676+0000] {processor.py:161} INFO - Started process (PID=3838) to work on /opt/airflow/dags/stock_pipeline_dag.py
[2026-04-25T17:09:51.679+0000] {processor.py:830} INFO - Processing file /opt/airflow/dags/stock_pipeline_dag.py for tasks to queue
[2026-04-25T17:09:51.682+0000] {logging_mixin.py:188} INFO - [2026-04-25T17:09:51.681+0000] {dagbag.py:540} INFO - Filling up the DagBag from /opt/airflow/dags/stock_pipeline_dag.py
[2026-04-25T17:09:51.729+0000] {processor.py:840} INFO - DAG(s) 'stock_pipeline' retrieved from /opt/airflow/dags/stock_pipeline_dag.py
[2026-04-25T17:09:51.764+0000] {logging_mixin.py:188} INFO - [2026-04-25T17:09:51.763+0000] {dag.py:3096} INFO - Sync 1 DAGs
[2026-04-25T17:09:51.792+0000] {logging_mixin.py:188} INFO - [2026-04-25T17:09:51.791+0000] {dag.py:3954} INFO - Setting next_dagrun for stock_pipeline to 2026-04-24 06:00:00+00:00, run_after=2026-04-27 06:00:00+00:00
[2026-04-25T17:09:51.829+0000] {processor.py:183} INFO - Processing /opt/airflow/dags/stock_pipeline_dag.py took 0.159 seconds
[2026-04-25T17:10:22.091+0000] {processor.py:161} INFO - Started process (PID=3843) to work on /opt/airflow/dags/stock_pipeline_dag.py
[2026-04-25T17:10:22.093+0000] {processor.py:830} INFO - Processing file /opt/airflow/dags/stock_pipeline_dag.py for tasks to queue
[2026-04-25T17:10:22.096+0000] {logging_mixin.py:188} INFO - [2026-04-25T17:10:22.095+0000] {dagbag.py:540} INFO - Filling up the DagBag from /opt/airflow/dags/stock_pipeline_dag.py
[2026-04-25T17:10:22.144+0000] {processor.py:840} INFO - DAG(s) 'stock_pipeline' retrieved from /opt/airflow/dags/stock_pipeline_dag.py
[2026-04-25T17:10:22.173+0000] {logging_mixin.py:188} INFO - [2026-04-25T17:10:22.173+0000] {dag.py:3096} INFO - Sync 1 DAGs
[2026-04-25T17:10:22.204+0000] {logging_mixin.py:188} INFO - [2026-04-25T17:10:22.204+0000] {dag.py:3954} INFO - Setting next_dagrun for stock_pipeline to 2026-04-24 06:00:00+00:00, run_after=2026-04-27 06:00:00+00:00
[2026-04-25T17:10:22.233+0000] {processor.py:183} INFO - Processing /opt/airflow/dags/stock_pipeline_dag.py took 0.149 seconds
[2026-04-25T17:10:52.710+0000] {processor.py:161} INFO - Started process (PID=3848) to work on /opt/airflow/dags/stock_pipeline_dag.py
[2026-04-25T17:10:52.714+0000] {processor.py:830} INFO - Processing file /opt/airflow/dags/stock_pipeline_dag.py for tasks to queue
[2026-04-25T17:10:53.019+0000] {logging_mixin.py:188} INFO - [2026-04-25T17:10:53.017+0000] {dagbag.py:540} INFO - Filling up the DagBag from /opt/airflow/dags/stock_pipeline_dag.py
[2026-04-25T17:10:54.244+0000] {processor.py:840} INFO - DAG(s) 'stock_pipeline' retrieved from /opt/airflow/dags/stock_pipeline_dag.py
[2026-04-25T17:10:54.542+0000] {logging_mixin.py:188} INFO - [2026-04-25T17:10:54.541+0000] {dag.py:3096} INFO - Sync 1 DAGs
[2026-04-25T17:10:54.899+0000] {logging_mixin.py:188} INFO - [2026-04-25T17:10:54.898+0000] {dag.py:3954} INFO - Setting next_dagrun for stock_pipeline to 2026-04-24 06:00:00+00:00, run_after=2026-04-27 06:00:00+00:00
[2026-04-25T17:10:55.077+0000] {processor.py:183} INFO - Processing /opt/airflow/dags/stock_pipeline_dag.py took 2.393 seconds
[2026-04-25T20:16:32.523+0000] {processor.py:161} INFO - Started process (PID=3853) to work on /opt/airflow/dags/stock_pipeline_dag.py
[2026-04-25T20:16:32.658+0000] {processor.py:830} INFO - Processing file /opt/airflow/dags/stock_pipeline_dag.py for tasks to queue
[2026-04-25T20:16:32.748+0000] {logging_mixin.py:188} INFO - [2026-04-25T20:16:32.747+0000] {dagbag.py:540} INFO - Filling up the DagBag from /opt/airflow/dags/stock_pipeline_dag.py
[2026-04-25T20:16:33.867+0000] {processor.py:840} INFO - DAG(s) 'stock_pipeline' retrieved from /opt/airflow/dags/stock_pipeline_dag.py
[2026-04-25T20:16:34.434+0000] {logging_mixin.py:188} INFO - [2026-04-25T20:16:34.433+0000] {dag.py:3096} INFO - Sync 1 DAGs
[2026-04-25T20:16:34.863+0000] {logging_mixin.py:188} INFO - [2026-04-25T20:16:34.862+0000] {dag.py:3954} INFO - Setting next_dagrun for stock_pipeline to 2026-04-24 06:00:00+00:00, run_after=2026-04-27 06:00:00+00:00
[2026-04-25T20:16:35.613+0000] {processor.py:183} INFO - Processing /opt/airflow/dags/stock_pipeline_dag.py took 3.187 seconds
