[2026-04-23T18:00:37.078+0000] {local_task_job_runner.py:120} INFO - ::group::Pre task execution logs
[2026-04-23T18:00:37.122+0000] {taskinstance.py:2073} INFO - Dependencies all met for dep_context=non-requeueable deps ti=<TaskInstance: stock_pipeline.dbt_docs_generate manual__2026-04-23T18:00:36.408478+00:00 [queued]>
[2026-04-23T18:00:37.134+0000] {taskinstance.py:2073} INFO - Dependencies all met for dep_context=requeueable deps ti=<TaskInstance: stock_pipeline.dbt_docs_generate manual__2026-04-23T18:00:36.408478+00:00 [queued]>
[2026-04-23T18:00:37.136+0000] {taskinstance.py:2303} INFO - Starting attempt 1 of 2
[2026-04-23T18:00:37.154+0000] {taskinstance.py:2327} INFO - Executing <Task(BashOperator): dbt_docs_generate> on 2026-04-23 18:00:36.408478+00:00
[2026-04-23T18:00:37.164+0000] {standard_task_runner.py:90} INFO - Running: ['***', 'tasks', 'run', 'stock_pipeline', 'dbt_docs_generate', 'manual__2026-04-23T18:00:36.408478+00:00', '--job-id', '5', '--raw', '--subdir', 'DAGS_FOLDER/stock_pipeline_dag.py', '--cfg-path', '/tmp/tmpjr2fwgkc']
[2026-04-23T18:00:37.168+0000] {standard_task_runner.py:91} INFO - Job 5: Subtask dbt_docs_generate
[2026-04-23T18:00:37.173+0000] {logging_mixin.py:188} WARNING - /home/***/.local/lib/python3.12/site-packages/***/task/task_runner/standard_task_runner.py:61 DeprecationWarning: This process (pid=187) is multi-threaded, use of fork() may lead to deadlocks in the child.
[2026-04-23T18:00:37.174+0000] {standard_task_runner.py:63} INFO - Started process 190 to run task
[2026-04-23T18:00:37.279+0000] {task_command.py:426} INFO - Running <TaskInstance: stock_pipeline.dbt_docs_generate manual__2026-04-23T18:00:36.408478+00:00 [running]> on host 38498704aa99
[2026-04-23T18:00:37.365+0000] {taskinstance.py:2644} INFO - Exporting env vars: AIRFLOW_CTX_DAG_OWNER='***' AIRFLOW_CTX_DAG_ID='stock_pipeline' AIRFLOW_CTX_TASK_ID='dbt_docs_generate' AIRFLOW_CTX_EXECUTION_DATE='2026-04-23T18:00:36.408478+00:00' AIRFLOW_CTX_TRY_NUMBER='1' AIRFLOW_CTX_DAG_RUN_ID='manual__2026-04-23T18:00:36.408478+00:00'
[2026-04-23T18:00:37.367+0000] {taskinstance.py:430} INFO - ::endgroup::
[2026-04-23T18:00:37.378+0000] {subprocess.py:63} INFO - Tmp dir root location: /tmp
[2026-04-23T18:00:37.380+0000] {subprocess.py:75} INFO - Running command: ['/usr/bin/bash', '-c', 'dbt docs generate --project-dir /opt/***/dbt_project --profiles-dir /opt/***/dbt_project']
[2026-04-23T18:00:37.387+0000] {subprocess.py:86} INFO - Output:
[2026-04-23T18:00:37.389+0000] {subprocess.py:93} INFO - /usr/bin/bash: line 1: dbt: command not found
[2026-04-23T18:00:37.390+0000] {subprocess.py:97} INFO - Command exited with return code 127
[2026-04-23T18:00:37.392+0000] {taskinstance.py:441} INFO - ::group::Post task execution logs
[2026-04-23T18:00:37.402+0000] {taskinstance.py:2890} ERROR - Task failed with exception
Traceback (most recent call last):
  File "/home/airflow/.local/lib/python3.12/site-packages/airflow/models/taskinstance.py", line 465, in _execute_task
    result = _execute_callable(context=context, **execute_callable_kwargs)
             ^^^^^^^^^^^^^^^^^^^^^^^^^^^^^^^^^^^^^^^^^^^^^^^^^^^^^^^^^^^^^
  File "/home/airflow/.local/lib/python3.12/site-packages/airflow/models/taskinstance.py", line 432, in _execute_callable
    return execute_callable(context=context, **execute_callable_kwargs)
           ^^^^^^^^^^^^^^^^^^^^^^^^^^^^^^^^^^^^^^^^^^^^^^^^^^^^^^^^^^^^
  File "/home/airflow/.local/lib/python3.12/site-packages/airflow/models/baseoperator.py", line 400, in wrapper
    return func(self, *args, **kwargs)
           ^^^^^^^^^^^^^^^^^^^^^^^^^^^
  File "/home/airflow/.local/lib/python3.12/site-packages/airflow/operators/bash.py", line 243, in execute
    raise AirflowException(
airflow.exceptions.AirflowException: Bash command failed. The command returned a non-zero exit code 127.
[2026-04-23T18:00:37.407+0000] {taskinstance.py:1205} INFO - Marking task as UP_FOR_RETRY. dag_id=stock_pipeline, task_id=dbt_docs_generate, execution_date=20260423T180036, start_date=20260423T180037, end_date=20260423T180037
[2026-04-23T18:00:37.421+0000] {standard_task_runner.py:110} ERROR - Failed to execute job 5 for task dbt_docs_generate (Bash command failed. The command returned a non-zero exit code 127.; 190)
[2026-04-23T18:00:37.440+0000] {local_task_job_runner.py:240} INFO - Task exited with return code 1
[2026-04-23T18:00:37.455+0000] {taskinstance.py:3482} INFO - 0 downstream tasks scheduled from follow-on schedule check
[2026-04-23T18:00:37.459+0000] {local_task_job_runner.py:222} INFO - ::endgroup::
