[2026-04-28T18:33:17.076+0000] {local_task_job_runner.py:120} INFO - ::group::Pre task execution logs
[2026-04-28T18:33:17.427+0000] {taskinstance.py:2073} INFO - Dependencies all met for dep_context=non-requeueable deps ti=<TaskInstance: stock_pipeline.fetch_quotes scheduled__2026-04-27T06:00:00+00:00 [queued]>
[2026-04-28T18:33:17.464+0000] {taskinstance.py:2073} INFO - Dependencies all met for dep_context=requeueable deps ti=<TaskInstance: stock_pipeline.fetch_quotes scheduled__2026-04-27T06:00:00+00:00 [queued]>
[2026-04-28T18:33:17.480+0000] {taskinstance.py:2303} INFO - Starting attempt 1 of 2
[2026-04-28T18:33:17.551+0000] {taskinstance.py:2327} INFO - Executing <Task(BashOperator): fetch_quotes> on 2026-04-27 06:00:00+00:00
[2026-04-28T18:33:17.619+0000] {standard_task_runner.py:90} INFO - Running: ['***', 'tasks', 'run', 'stock_pipeline', 'fetch_quotes', 'scheduled__2026-04-27T06:00:00+00:00', '--job-id', '14', '--raw', '--subdir', 'DAGS_FOLDER/stock_pipeline_dag.py', '--cfg-path', '/tmp/tmpl3mw_0oc']
[2026-04-28T18:33:17.627+0000] {logging_mixin.py:188} WARNING - /home/***/.local/lib/python3.12/site-packages/***/task/task_runner/standard_task_runner.py:61 DeprecationWarning: This process (pid=4730) is multi-threaded, use of fork() may lead to deadlocks in the child.
[2026-04-28T18:33:17.632+0000] {standard_task_runner.py:91} INFO - Job 14: Subtask fetch_quotes
[2026-04-28T18:33:17.637+0000] {standard_task_runner.py:63} INFO - Started process 4733 to run task
[2026-04-28T18:33:17.923+0000] {task_command.py:426} INFO - Running <TaskInstance: stock_pipeline.fetch_quotes scheduled__2026-04-27T06:00:00+00:00 [running]> on host 7eb82a26259b
[2026-04-28T18:33:18.293+0000] {taskinstance.py:2644} INFO - Exporting env vars: AIRFLOW_CTX_DAG_OWNER='***' AIRFLOW_CTX_DAG_ID='stock_pipeline' AIRFLOW_CTX_TASK_ID='fetch_quotes' AIRFLOW_CTX_EXECUTION_DATE='2026-04-27T06:00:00+00:00' AIRFLOW_CTX_TRY_NUMBER='1' AIRFLOW_CTX_DAG_RUN_ID='scheduled__2026-04-27T06:00:00+00:00'
[2026-04-28T18:33:18.300+0000] {taskinstance.py:430} INFO - ::endgroup::
[2026-04-28T18:33:18.394+0000] {subprocess.py:63} INFO - Tmp dir root location: /tmp
[2026-04-28T18:33:18.399+0000] {subprocess.py:75} INFO - Running command: ['/usr/bin/bash', '-c', 'python /opt/***/ingestion/fetch_daily_candles.py']
[2026-04-28T18:33:18.421+0000] {subprocess.py:86} INFO - Output:
[2026-04-28T18:33:55.494+0000] {subprocess.py:93} INFO - Fetching quotes for: 2026-04-27
[2026-04-28T18:33:55.495+0000] {subprocess.py:93} INFO - 
[2026-04-28T18:33:55.496+0000] {subprocess.py:93} INFO -   [1/20] AAPL...
[2026-04-28T18:33:55.497+0000] {subprocess.py:93} INFO -   [2/20] MSFT...
[2026-04-28T18:33:55.499+0000] {subprocess.py:93} INFO -   [3/20] GOOGL...
[2026-04-28T18:33:55.500+0000] {subprocess.py:93} INFO -   [4/20] NVDA...
[2026-04-28T18:33:55.501+0000] {subprocess.py:93} INFO -   [5/20] META...
[2026-04-28T18:33:55.502+0000] {subprocess.py:93} INFO -   [6/20] JPM...
[2026-04-28T18:33:55.504+0000] {subprocess.py:93} INFO -   [7/20] BAC...
[2026-04-28T18:33:55.505+0000] {subprocess.py:93} INFO -   [8/20] GS...
[2026-04-28T18:33:55.506+0000] {subprocess.py:93} INFO -   [9/20] V...
[2026-04-28T18:33:55.507+0000] {subprocess.py:93} INFO -   [10/20] MA...
[2026-04-28T18:33:55.508+0000] {subprocess.py:93} INFO -   [11/20] JNJ...
[2026-04-28T18:33:55.510+0000] {subprocess.py:93} INFO -   [12/20] PFE...
[2026-04-28T18:33:55.511+0000] {subprocess.py:93} INFO -   [13/20] UNH...
[2026-04-28T18:33:55.513+0000] {subprocess.py:93} INFO -   [14/20] ABBV...
[2026-04-28T18:33:55.514+0000] {subprocess.py:93} INFO -   [15/20] MRK...
[2026-04-28T18:33:55.515+0000] {subprocess.py:93} INFO -   [16/20] XOM...
[2026-04-28T18:33:55.517+0000] {subprocess.py:93} INFO -   [17/20] CVX...
[2026-04-28T18:33:55.520+0000] {subprocess.py:93} INFO -   [18/20] COP...
[2026-04-28T18:33:55.521+0000] {subprocess.py:93} INFO -   [19/20] WMT...
[2026-04-28T18:33:55.522+0000] {subprocess.py:93} INFO -   [20/20] AMZN...
[2026-04-28T18:33:55.524+0000] {subprocess.py:93} INFO - 
[2026-04-28T18:33:55.525+0000] {subprocess.py:93} INFO - Uploaded 20 records to gs://stock-pipeline-raw/raw/candles/2026-04-27.json
[2026-04-28T18:33:55.526+0000] {subprocess.py:93} INFO - Done!
[2026-04-28T18:33:55.608+0000] {subprocess.py:97} INFO - Command exited with return code 0
[2026-04-28T18:33:55.615+0000] {taskinstance.py:441} INFO - ::group::Post task execution logs
[2026-04-28T18:33:55.677+0000] {taskinstance.py:1205} INFO - Marking task as SUCCESS. dag_id=stock_pipeline, task_id=fetch_quotes, execution_date=20260427T060000, start_date=20260428T183317, end_date=20260428T183355
[2026-04-28T18:33:55.759+0000] {local_task_job_runner.py:240} INFO - Task exited with return code 0
[2026-04-28T18:33:55.806+0000] {taskinstance.py:3482} INFO - 0 downstream tasks scheduled from follow-on schedule check
[2026-04-28T18:33:55.810+0000] {local_task_job_runner.py:222} INFO - ::endgroup::
[2026-04-28T18:42:05.345+0000] {local_task_job_runner.py:120} INFO - ::group::Pre task execution logs
[2026-04-28T18:42:05.371+0000] {taskinstance.py:2073} INFO - Dependencies all met for dep_context=non-requeueable deps ti=<TaskInstance: stock_pipeline.fetch_quotes scheduled__2026-04-27T06:00:00+00:00 [queued]>
[2026-04-28T18:42:05.380+0000] {taskinstance.py:2073} INFO - Dependencies all met for dep_context=requeueable deps ti=<TaskInstance: stock_pipeline.fetch_quotes scheduled__2026-04-27T06:00:00+00:00 [queued]>
[2026-04-28T18:42:05.381+0000] {taskinstance.py:2303} INFO - Starting attempt 1 of 2
[2026-04-28T18:42:05.391+0000] {taskinstance.py:2327} INFO - Executing <Task(BashOperator): fetch_quotes> on 2026-04-27 06:00:00+00:00
[2026-04-28T18:42:05.398+0000] {standard_task_runner.py:90} INFO - Running: ['***', 'tasks', 'run', 'stock_pipeline', 'fetch_quotes', 'scheduled__2026-04-27T06:00:00+00:00', '--job-id', '2', '--raw', '--subdir', 'DAGS_FOLDER/stock_pipeline_dag.py', '--cfg-path', '/tmp/tmpxdnc38fk']
[2026-04-28T18:42:05.400+0000] {logging_mixin.py:188} WARNING - /home/***/.local/lib/python3.12/site-packages/***/task/task_runner/standard_task_runner.py:61 DeprecationWarning: This process (pid=193) is multi-threaded, use of fork() may lead to deadlocks in the child.
[2026-04-28T18:42:05.401+0000] {standard_task_runner.py:91} INFO - Job 2: Subtask fetch_quotes
[2026-04-28T18:42:05.402+0000] {standard_task_runner.py:63} INFO - Started process 194 to run task
[2026-04-28T18:42:05.480+0000] {task_command.py:426} INFO - Running <TaskInstance: stock_pipeline.fetch_quotes scheduled__2026-04-27T06:00:00+00:00 [running]> on host f6d8fb2a708b
[2026-04-28T18:42:05.589+0000] {taskinstance.py:2644} INFO - Exporting env vars: AIRFLOW_CTX_DAG_OWNER='***' AIRFLOW_CTX_DAG_ID='stock_pipeline' AIRFLOW_CTX_TASK_ID='fetch_quotes' AIRFLOW_CTX_EXECUTION_DATE='2026-04-27T06:00:00+00:00' AIRFLOW_CTX_TRY_NUMBER='1' AIRFLOW_CTX_DAG_RUN_ID='scheduled__2026-04-27T06:00:00+00:00'
[2026-04-28T18:42:05.590+0000] {taskinstance.py:430} INFO - ::endgroup::
[2026-04-28T18:42:05.622+0000] {subprocess.py:63} INFO - Tmp dir root location: /tmp
[2026-04-28T18:42:05.624+0000] {subprocess.py:75} INFO - Running command: ['/usr/bin/bash', '-c', 'python /opt/***/ingestion/fetch_daily_candles.py']
[2026-04-28T18:42:05.632+0000] {subprocess.py:86} INFO - Output:
[2026-04-28T18:42:35.516+0000] {subprocess.py:93} INFO - Fetching quotes for: 2026-04-27
[2026-04-28T18:42:35.518+0000] {subprocess.py:93} INFO - 
[2026-04-28T18:42:35.520+0000] {subprocess.py:93} INFO -   [1/20] AAPL...
[2026-04-28T18:42:35.522+0000] {subprocess.py:93} INFO -   [2/20] MSFT...
[2026-04-28T18:42:35.523+0000] {subprocess.py:93} INFO -   [3/20] GOOGL...
[2026-04-28T18:42:35.525+0000] {subprocess.py:93} INFO -   [4/20] NVDA...
[2026-04-28T18:42:35.527+0000] {subprocess.py:93} INFO -   [5/20] META...
[2026-04-28T18:42:35.529+0000] {subprocess.py:93} INFO -   [6/20] JPM...
[2026-04-28T18:42:35.531+0000] {subprocess.py:93} INFO -   [7/20] BAC...
[2026-04-28T18:42:35.534+0000] {subprocess.py:93} INFO -   [8/20] GS...
[2026-04-28T18:42:35.535+0000] {subprocess.py:93} INFO -   [9/20] V...
[2026-04-28T18:42:35.537+0000] {subprocess.py:93} INFO -   [10/20] MA...
[2026-04-28T18:42:35.539+0000] {subprocess.py:93} INFO -   [11/20] JNJ...
[2026-04-28T18:42:35.541+0000] {subprocess.py:93} INFO -   [12/20] PFE...
[2026-04-28T18:42:35.542+0000] {subprocess.py:93} INFO -   [13/20] UNH...
[2026-04-28T18:42:35.544+0000] {subprocess.py:93} INFO -   [14/20] ABBV...
[2026-04-28T18:42:35.546+0000] {subprocess.py:93} INFO -   [15/20] MRK...
[2026-04-28T18:42:35.548+0000] {subprocess.py:93} INFO -   [16/20] XOM...
[2026-04-28T18:42:35.549+0000] {subprocess.py:93} INFO -   [17/20] CVX...
[2026-04-28T18:42:35.551+0000] {subprocess.py:93} INFO -   [18/20] COP...
[2026-04-28T18:42:35.553+0000] {subprocess.py:93} INFO -   [19/20] WMT...
[2026-04-28T18:42:35.555+0000] {subprocess.py:93} INFO -   [20/20] AMZN...
[2026-04-28T18:42:35.556+0000] {subprocess.py:93} INFO - 
[2026-04-28T18:42:35.557+0000] {subprocess.py:93} INFO - Uploaded 20 records to gs://stock-pipeline-raw/raw/candles/2026-04-27.json
[2026-04-28T18:42:35.559+0000] {subprocess.py:93} INFO - Done!
[2026-04-28T18:42:35.588+0000] {subprocess.py:97} INFO - Command exited with return code 0
[2026-04-28T18:42:35.590+0000] {taskinstance.py:441} INFO - ::group::Post task execution logs
[2026-04-28T18:42:35.611+0000] {taskinstance.py:1205} INFO - Marking task as SUCCESS. dag_id=stock_pipeline, task_id=fetch_quotes, execution_date=20260427T060000, start_date=20260428T184205, end_date=20260428T184235
[2026-04-28T18:42:35.659+0000] {local_task_job_runner.py:240} INFO - Task exited with return code 0
[2026-04-28T18:42:35.688+0000] {taskinstance.py:3482} INFO - 1 downstream tasks scheduled from follow-on schedule check
[2026-04-28T18:42:35.691+0000] {local_task_job_runner.py:222} INFO - ::endgroup::
