[2026-04-23T18:00:20.688+0000] {local_task_job_runner.py:120} INFO - ::group::Pre task execution logs
[2026-04-23T18:00:20.717+0000] {taskinstance.py:2073} INFO - Dependencies all met for dep_context=non-requeueable deps ti=<TaskInstance: stock_pipeline.upload_docs_to_gcs scheduled__2026-04-22T06:00:00+00:00 [queued]>
[2026-04-23T18:00:20.727+0000] {taskinstance.py:2073} INFO - Dependencies all met for dep_context=requeueable deps ti=<TaskInstance: stock_pipeline.upload_docs_to_gcs scheduled__2026-04-22T06:00:00+00:00 [queued]>
[2026-04-23T18:00:20.728+0000] {taskinstance.py:2303} INFO - Starting attempt 1 of 2
[2026-04-23T18:00:20.742+0000] {taskinstance.py:2327} INFO - Executing <Task(BashOperator): upload_docs_to_gcs> on 2026-04-22 06:00:00+00:00
[2026-04-23T18:00:20.749+0000] {standard_task_runner.py:90} INFO - Running: ['***', 'tasks', 'run', 'stock_pipeline', 'upload_docs_to_gcs', 'scheduled__2026-04-22T06:00:00+00:00', '--job-id', '3', '--raw', '--subdir', 'DAGS_FOLDER/stock_pipeline_dag.py', '--cfg-path', '/tmp/tmphawa_jlx']
[2026-04-23T18:00:20.753+0000] {standard_task_runner.py:91} INFO - Job 3: Subtask upload_docs_to_gcs
[2026-04-23T18:00:20.752+0000] {logging_mixin.py:188} WARNING - /home/***/.local/lib/python3.12/site-packages/***/task/task_runner/standard_task_runner.py:61 DeprecationWarning: This process (pid=173) is multi-threaded, use of fork() may lead to deadlocks in the child.
[2026-04-23T18:00:20.754+0000] {standard_task_runner.py:63} INFO - Started process 177 to run task
[2026-04-23T18:00:20.829+0000] {task_command.py:426} INFO - Running <TaskInstance: stock_pipeline.upload_docs_to_gcs scheduled__2026-04-22T06:00:00+00:00 [running]> on host 38498704aa99
[2026-04-23T18:00:20.938+0000] {taskinstance.py:2644} INFO - Exporting env vars: AIRFLOW_CTX_DAG_OWNER='***' AIRFLOW_CTX_DAG_ID='stock_pipeline' AIRFLOW_CTX_TASK_ID='upload_docs_to_gcs' AIRFLOW_CTX_EXECUTION_DATE='2026-04-22T06:00:00+00:00' AIRFLOW_CTX_TRY_NUMBER='1' AIRFLOW_CTX_DAG_RUN_ID='scheduled__2026-04-22T06:00:00+00:00'
[2026-04-23T18:00:20.939+0000] {taskinstance.py:430} INFO - ::endgroup::
[2026-04-23T18:00:20.975+0000] {subprocess.py:63} INFO - Tmp dir root location: /tmp
[2026-04-23T18:00:20.977+0000] {subprocess.py:75} INFO - Running command: ['/usr/bin/bash', '-c', 'gsutil -m cp -r /opt/***/dbt_project/target/catalog.json /opt/***/dbt_project/target/manifest.json /opt/***/dbt_project/target/index.html gs://${GCS_BUCKET_NAME}/dbt-docs/']
[2026-04-23T18:00:20.990+0000] {subprocess.py:86} INFO - Output:
[2026-04-23T18:00:20.993+0000] {subprocess.py:93} INFO - /usr/bin/bash: line 1: gsutil: command not found
[2026-04-23T18:00:20.994+0000] {subprocess.py:97} INFO - Command exited with return code 127
[2026-04-23T18:00:20.995+0000] {taskinstance.py:441} INFO - ::group::Post task execution logs
[2026-04-23T18:00:21.011+0000] {taskinstance.py:2890} ERROR - Task failed with exception
Traceback (most recent call last):
  File "/home/airflow/.local/lib/python3.12/site-packages/airflow/models/taskinstance.py", line 465, in _execute_task
    result = _execute_callable(context=context, **execute_callable_kwargs)
             ^^^^^^^^^^^^^^^^^^^^^^^^^^^^^^^^^^^^^^^^^^^^^^^^^^^^^^^^^^^^^
  File "/home/airflow/.local/lib/python3.12/site-packages/airflow/models/taskinstance.py", line 432, in _execute_callable
    return execute_callable(context=context, **execute_callable_kwargs)
           ^^^^^^^^^^^^^^^^^^^^^^^^^^^^^^^^^^^^^^^^^^^^^^^^^^^^^^^^^^^^
  File "/home/airflow/.local/lib/python3.12/site-packages/airflow/models/baseoperator.py", line 400, in wrapper
    return func(self, *args, **kwargs)
           ^^^^^^^^^^^^^^^^^^^^^^^^^^^
  File "/home/airflow/.local/lib/python3.12/site-packages/airflow/operators/bash.py", line 243, in execute
    raise AirflowException(
airflow.exceptions.AirflowException: Bash command failed. The command returned a non-zero exit code 127.
[2026-04-23T18:00:21.017+0000] {taskinstance.py:1205} INFO - Marking task as UP_FOR_RETRY. dag_id=stock_pipeline, task_id=upload_docs_to_gcs, execution_date=20260422T060000, start_date=20260423T180020, end_date=20260423T180021
[2026-04-23T18:00:21.032+0000] {standard_task_runner.py:110} ERROR - Failed to execute job 3 for task upload_docs_to_gcs (Bash command failed. The command returned a non-zero exit code 127.; 177)
[2026-04-23T18:00:21.049+0000] {local_task_job_runner.py:240} INFO - Task exited with return code 1
[2026-04-23T18:00:21.067+0000] {taskinstance.py:3482} INFO - 0 downstream tasks scheduled from follow-on schedule check
[2026-04-23T18:00:21.070+0000] {local_task_job_runner.py:222} INFO - ::endgroup::
[2026-04-23T18:07:36.154+0000] {local_task_job_runner.py:120} INFO - ::group::Pre task execution logs
[2026-04-23T18:07:36.186+0000] {taskinstance.py:2073} INFO - Dependencies all met for dep_context=non-requeueable deps ti=<TaskInstance: stock_pipeline.upload_docs_to_gcs scheduled__2026-04-22T06:00:00+00:00 [queued]>
[2026-04-23T18:07:36.195+0000] {taskinstance.py:2073} INFO - Dependencies all met for dep_context=requeueable deps ti=<TaskInstance: stock_pipeline.upload_docs_to_gcs scheduled__2026-04-22T06:00:00+00:00 [queued]>
[2026-04-23T18:07:36.196+0000] {taskinstance.py:2303} INFO - Starting attempt 1 of 2
[2026-04-23T18:07:36.208+0000] {taskinstance.py:2327} INFO - Executing <Task(BashOperator): upload_docs_to_gcs> on 2026-04-22 06:00:00+00:00
[2026-04-23T18:07:36.217+0000] {logging_mixin.py:188} WARNING - /home/***/.local/lib/python3.12/site-packages/***/task/task_runner/standard_task_runner.py:61 DeprecationWarning: This process (pid=180) is multi-threaded, use of fork() may lead to deadlocks in the child.
[2026-04-23T18:07:36.220+0000] {standard_task_runner.py:63} INFO - Started process 181 to run task
[2026-04-23T18:07:36.217+0000] {standard_task_runner.py:90} INFO - Running: ['***', 'tasks', 'run', 'stock_pipeline', 'upload_docs_to_gcs', 'scheduled__2026-04-22T06:00:00+00:00', '--job-id', '3', '--raw', '--subdir', 'DAGS_FOLDER/stock_pipeline_dag.py', '--cfg-path', '/tmp/tmp8q1fe52q']
[2026-04-23T18:07:36.221+0000] {standard_task_runner.py:91} INFO - Job 3: Subtask upload_docs_to_gcs
[2026-04-23T18:07:36.318+0000] {task_command.py:426} INFO - Running <TaskInstance: stock_pipeline.upload_docs_to_gcs scheduled__2026-04-22T06:00:00+00:00 [running]> on host ec8841baf29e
[2026-04-23T18:07:36.408+0000] {taskinstance.py:2644} INFO - Exporting env vars: AIRFLOW_CTX_DAG_OWNER='***' AIRFLOW_CTX_DAG_ID='stock_pipeline' AIRFLOW_CTX_TASK_ID='upload_docs_to_gcs' AIRFLOW_CTX_EXECUTION_DATE='2026-04-22T06:00:00+00:00' AIRFLOW_CTX_TRY_NUMBER='1' AIRFLOW_CTX_DAG_RUN_ID='scheduled__2026-04-22T06:00:00+00:00'
[2026-04-23T18:07:36.409+0000] {taskinstance.py:430} INFO - ::endgroup::
[2026-04-23T18:07:36.435+0000] {subprocess.py:63} INFO - Tmp dir root location: /tmp
[2026-04-23T18:07:36.437+0000] {subprocess.py:75} INFO - Running command: ['/usr/bin/bash', '-c', 'gsutil -m cp -r /opt/***/dbt_project/target/catalog.json /opt/***/dbt_project/target/manifest.json /opt/***/dbt_project/target/index.html gs://${GCS_BUCKET_NAME}/dbt-docs/']
[2026-04-23T18:07:36.449+0000] {subprocess.py:86} INFO - Output:
[2026-04-23T18:07:36.450+0000] {subprocess.py:93} INFO - /usr/bin/bash: line 1: gsutil: command not found
[2026-04-23T18:07:36.451+0000] {subprocess.py:97} INFO - Command exited with return code 127
[2026-04-23T18:07:36.452+0000] {taskinstance.py:441} INFO - ::group::Post task execution logs
[2026-04-23T18:07:36.462+0000] {taskinstance.py:2890} ERROR - Task failed with exception
Traceback (most recent call last):
  File "/home/airflow/.local/lib/python3.12/site-packages/airflow/models/taskinstance.py", line 465, in _execute_task
    result = _execute_callable(context=context, **execute_callable_kwargs)
             ^^^^^^^^^^^^^^^^^^^^^^^^^^^^^^^^^^^^^^^^^^^^^^^^^^^^^^^^^^^^^
  File "/home/airflow/.local/lib/python3.12/site-packages/airflow/models/taskinstance.py", line 432, in _execute_callable
    return execute_callable(context=context, **execute_callable_kwargs)
           ^^^^^^^^^^^^^^^^^^^^^^^^^^^^^^^^^^^^^^^^^^^^^^^^^^^^^^^^^^^^
  File "/home/airflow/.local/lib/python3.12/site-packages/airflow/models/baseoperator.py", line 400, in wrapper
    return func(self, *args, **kwargs)
           ^^^^^^^^^^^^^^^^^^^^^^^^^^^
  File "/home/airflow/.local/lib/python3.12/site-packages/airflow/operators/bash.py", line 243, in execute
    raise AirflowException(
airflow.exceptions.AirflowException: Bash command failed. The command returned a non-zero exit code 127.
[2026-04-23T18:07:36.467+0000] {taskinstance.py:1205} INFO - Marking task as UP_FOR_RETRY. dag_id=stock_pipeline, task_id=upload_docs_to_gcs, execution_date=20260422T060000, start_date=20260423T180736, end_date=20260423T180736
[2026-04-23T18:07:36.485+0000] {standard_task_runner.py:110} ERROR - Failed to execute job 3 for task upload_docs_to_gcs (Bash command failed. The command returned a non-zero exit code 127.; 181)
[2026-04-23T18:07:36.516+0000] {local_task_job_runner.py:240} INFO - Task exited with return code 1
[2026-04-23T18:07:36.539+0000] {taskinstance.py:3482} INFO - 0 downstream tasks scheduled from follow-on schedule check
[2026-04-23T18:07:36.542+0000] {local_task_job_runner.py:222} INFO - ::endgroup::
[2026-04-23T18:36:25.694+0000] {local_task_job_runner.py:120} INFO - ::group::Pre task execution logs
[2026-04-23T18:36:25.721+0000] {taskinstance.py:2073} INFO - Dependencies all met for dep_context=non-requeueable deps ti=<TaskInstance: stock_pipeline.upload_docs_to_gcs scheduled__2026-04-22T06:00:00+00:00 [queued]>
[2026-04-23T18:36:25.729+0000] {taskinstance.py:2073} INFO - Dependencies all met for dep_context=requeueable deps ti=<TaskInstance: stock_pipeline.upload_docs_to_gcs scheduled__2026-04-22T06:00:00+00:00 [queued]>
[2026-04-23T18:36:25.730+0000] {taskinstance.py:2303} INFO - Starting attempt 1 of 2
[2026-04-23T18:36:25.741+0000] {taskinstance.py:2327} INFO - Executing <Task(BashOperator): upload_docs_to_gcs> on 2026-04-22 06:00:00+00:00
[2026-04-23T18:36:25.749+0000] {logging_mixin.py:188} WARNING - /home/***/.local/lib/python3.12/site-packages/***/task/task_runner/standard_task_runner.py:61 DeprecationWarning: This process (pid=424) is multi-threaded, use of fork() may lead to deadlocks in the child.
[2026-04-23T18:36:25.747+0000] {standard_task_runner.py:90} INFO - Running: ['***', 'tasks', 'run', 'stock_pipeline', 'upload_docs_to_gcs', 'scheduled__2026-04-22T06:00:00+00:00', '--job-id', '7', '--raw', '--subdir', 'DAGS_FOLDER/stock_pipeline_dag.py', '--cfg-path', '/tmp/tmp210tktot']
[2026-04-23T18:36:25.750+0000] {standard_task_runner.py:63} INFO - Started process 425 to run task
[2026-04-23T18:36:25.750+0000] {standard_task_runner.py:91} INFO - Job 7: Subtask upload_docs_to_gcs
[2026-04-23T18:36:25.823+0000] {task_command.py:426} INFO - Running <TaskInstance: stock_pipeline.upload_docs_to_gcs scheduled__2026-04-22T06:00:00+00:00 [running]> on host 7eb82a26259b
[2026-04-23T18:36:25.920+0000] {taskinstance.py:2644} INFO - Exporting env vars: AIRFLOW_CTX_DAG_OWNER='***' AIRFLOW_CTX_DAG_ID='stock_pipeline' AIRFLOW_CTX_TASK_ID='upload_docs_to_gcs' AIRFLOW_CTX_EXECUTION_DATE='2026-04-22T06:00:00+00:00' AIRFLOW_CTX_TRY_NUMBER='1' AIRFLOW_CTX_DAG_RUN_ID='scheduled__2026-04-22T06:00:00+00:00'
[2026-04-23T18:36:25.922+0000] {taskinstance.py:430} INFO - ::endgroup::
[2026-04-23T18:36:25.937+0000] {subprocess.py:63} INFO - Tmp dir root location: /tmp
[2026-04-23T18:36:25.939+0000] {subprocess.py:75} INFO - Running command: ['/usr/bin/bash', '-c', 'gsutil -m cp /tmp/dbt-target/catalog.json /tmp/dbt-target/manifest.json /tmp/dbt-target/index.html gs://$GCS_BUCKET_NAME/dbt-docs/']
[2026-04-23T18:36:25.950+0000] {subprocess.py:86} INFO - Output:
[2026-04-23T18:36:29.727+0000] {subprocess.py:93} INFO - Copying file:///tmp/dbt-target/catalog.json [Content-Type=application/json]...
[2026-04-23T18:36:29.749+0000] {subprocess.py:93} INFO - / [0/3 files][    0.0 B/  1.9 MiB]   0% Done                                    Copying file:///tmp/dbt-target/manifest.json [Content-Type=application/json]...
[2026-04-23T18:36:29.761+0000] {subprocess.py:93} INFO - / [0/3 files][    0.0 B/  1.9 MiB]   0% Done                                    Copying file:///tmp/dbt-target/index.html [Content-Type=text/html]...
[2026-04-23T18:36:30.764+0000] {subprocess.py:93} INFO - / [0/3 files][    0.0 B/  1.9 MiB]   0% Done                                    / [1/3 files][  1.9 MiB/  1.9 MiB]  99% Done                                    / [2/3 files][  1.9 MiB/  1.9 MiB]  99% Done                                    -- [3/3 files][  1.9 MiB/  1.9 MiB] 100% Done
[2026-04-23T18:36:30.766+0000] {subprocess.py:93} INFO - Operation completed over 3 objects/1.9 MiB.
[2026-04-23T18:36:31.043+0000] {subprocess.py:97} INFO - Command exited with return code 0
[2026-04-23T18:36:31.045+0000] {taskinstance.py:441} INFO - ::group::Post task execution logs
[2026-04-23T18:36:31.071+0000] {taskinstance.py:1205} INFO - Marking task as SUCCESS. dag_id=stock_pipeline, task_id=upload_docs_to_gcs, execution_date=20260422T060000, start_date=20260423T183625, end_date=20260423T183631
[2026-04-23T18:36:31.110+0000] {local_task_job_runner.py:240} INFO - Task exited with return code 0
[2026-04-23T18:36:31.135+0000] {taskinstance.py:3482} INFO - 0 downstream tasks scheduled from follow-on schedule check
[2026-04-23T18:36:31.139+0000] {local_task_job_runner.py:222} INFO - ::endgroup::
