[2026-04-23T18:28:03.553+0000] {local_task_job_runner.py:120} INFO - ::group::Pre task execution logs
[2026-04-23T18:28:03.577+0000] {taskinstance.py:2073} INFO - Dependencies all met for dep_context=non-requeueable deps ti=<TaskInstance: stock_pipeline.dbt_docs_generate manual__2026-04-23T18:22:14.249698+00:00 [queued]>
[2026-04-23T18:28:03.584+0000] {taskinstance.py:2073} INFO - Dependencies all met for dep_context=requeueable deps ti=<TaskInstance: stock_pipeline.dbt_docs_generate manual__2026-04-23T18:22:14.249698+00:00 [queued]>
[2026-04-23T18:28:03.586+0000] {taskinstance.py:2303} INFO - Starting attempt 1 of 2
[2026-04-23T18:28:03.596+0000] {taskinstance.py:2327} INFO - Executing <Task(BashOperator): dbt_docs_generate> on 2026-04-23 18:22:14.249698+00:00
[2026-04-23T18:28:03.602+0000] {standard_task_runner.py:90} INFO - Running: ['***', 'tasks', 'run', 'stock_pipeline', 'dbt_docs_generate', 'manual__2026-04-23T18:22:14.249698+00:00', '--job-id', '12', '--raw', '--subdir', 'DAGS_FOLDER/stock_pipeline_dag.py', '--cfg-path', '/tmp/tmp5e4wooj_']
[2026-04-23T18:28:03.604+0000] {logging_mixin.py:188} WARNING - /home/***/.local/lib/python3.12/site-packages/***/task/task_runner/standard_task_runner.py:61 DeprecationWarning: This process (pid=503) is multi-threaded, use of fork() may lead to deadlocks in the child.
[2026-04-23T18:28:03.605+0000] {standard_task_runner.py:91} INFO - Job 12: Subtask dbt_docs_generate
[2026-04-23T18:28:03.605+0000] {standard_task_runner.py:63} INFO - Started process 504 to run task
[2026-04-23T18:28:03.663+0000] {task_command.py:426} INFO - Running <TaskInstance: stock_pipeline.dbt_docs_generate manual__2026-04-23T18:22:14.249698+00:00 [running]> on host 8f0c61881487
[2026-04-23T18:28:03.736+0000] {taskinstance.py:2644} INFO - Exporting env vars: AIRFLOW_CTX_DAG_OWNER='***' AIRFLOW_CTX_DAG_ID='stock_pipeline' AIRFLOW_CTX_TASK_ID='dbt_docs_generate' AIRFLOW_CTX_EXECUTION_DATE='2026-04-23T18:22:14.249698+00:00' AIRFLOW_CTX_TRY_NUMBER='1' AIRFLOW_CTX_DAG_RUN_ID='manual__2026-04-23T18:22:14.249698+00:00'
[2026-04-23T18:28:03.737+0000] {taskinstance.py:430} INFO - ::endgroup::
[2026-04-23T18:28:03.750+0000] {subprocess.py:63} INFO - Tmp dir root location: /tmp
[2026-04-23T18:28:03.752+0000] {subprocess.py:75} INFO - Running command: ['/usr/bin/bash', '-c', 'dbt docs generate --project-dir /opt/***/dbt_project --profiles-dir /opt/***/dbt_project --log-path /tmp/dbt-logs --target-path /tmp/dbt-target']
[2026-04-23T18:28:03.758+0000] {subprocess.py:86} INFO - Output:
[2026-04-23T18:28:05.779+0000] {subprocess.py:93} INFO - [0m18:28:05  Running with dbt=1.7.19
[2026-04-23T18:28:06.612+0000] {subprocess.py:93} INFO - [0m18:28:06  Registered adapter: bigquery=1.7.0
[2026-04-23T18:28:07.102+0000] {subprocess.py:93} INFO - [0m18:28:07  Found 4 models, 1 seed, 16 tests, 1 source, 0 exposures, 0 metrics, 450 macros, 0 groups, 0 semantic models
[2026-04-23T18:28:07.104+0000] {subprocess.py:93} INFO - [0m18:28:07
[2026-04-23T18:28:07.523+0000] {subprocess.py:93} INFO - [0m18:28:07  Concurrency: 4 threads (target='dev')
[2026-04-23T18:28:07.525+0000] {subprocess.py:93} INFO - [0m18:28:07
[2026-04-23T18:28:07.749+0000] {subprocess.py:93} INFO - [0m18:28:07  Building catalog
[2026-04-23T18:28:10.418+0000] {subprocess.py:93} INFO - [0m18:28:10  Catalog written to /tmp/dbt-target/catalog.json
[2026-04-23T18:28:10.748+0000] {subprocess.py:97} INFO - Command exited with return code 0
[2026-04-23T18:28:10.750+0000] {taskinstance.py:441} INFO - ::group::Post task execution logs
[2026-04-23T18:28:10.770+0000] {taskinstance.py:1205} INFO - Marking task as SUCCESS. dag_id=stock_pipeline, task_id=dbt_docs_generate, execution_date=20260423T182214, start_date=20260423T182803, end_date=20260423T182810
[2026-04-23T18:28:10.784+0000] {local_task_job_runner.py:240} INFO - Task exited with return code 0
[2026-04-23T18:28:10.800+0000] {taskinstance.py:3482} INFO - 1 downstream tasks scheduled from follow-on schedule check
[2026-04-23T18:28:10.802+0000] {local_task_job_runner.py:222} INFO - ::endgroup::
