[2026-04-23T18:28:11.464+0000] {local_task_job_runner.py:120} INFO - ::group::Pre task execution logs
[2026-04-23T18:28:11.493+0000] {taskinstance.py:2073} INFO - Dependencies all met for dep_context=non-requeueable deps ti=<TaskInstance: stock_pipeline.upload_docs_to_gcs manual__2026-04-23T18:22:14.249698+00:00 [queued]>
[2026-04-23T18:28:11.500+0000] {taskinstance.py:2073} INFO - Dependencies all met for dep_context=requeueable deps ti=<TaskInstance: stock_pipeline.upload_docs_to_gcs manual__2026-04-23T18:22:14.249698+00:00 [queued]>
[2026-04-23T18:28:11.501+0000] {taskinstance.py:2303} INFO - Starting attempt 1 of 2
[2026-04-23T18:28:11.512+0000] {taskinstance.py:2327} INFO - Executing <Task(BashOperator): upload_docs_to_gcs> on 2026-04-23 18:22:14.249698+00:00
[2026-04-23T18:28:11.520+0000] {logging_mixin.py:188} WARNING - /home/***/.local/lib/python3.12/site-packages/***/task/task_runner/standard_task_runner.py:61 DeprecationWarning: This process (pid=536) is multi-threaded, use of fork() may lead to deadlocks in the child.
[2026-04-23T18:28:11.519+0000] {standard_task_runner.py:90} INFO - Running: ['***', 'tasks', 'run', 'stock_pipeline', 'upload_docs_to_gcs', 'manual__2026-04-23T18:22:14.249698+00:00', '--job-id', '13', '--raw', '--subdir', 'DAGS_FOLDER/stock_pipeline_dag.py', '--cfg-path', '/tmp/tmpnp2f3eau']
[2026-04-23T18:28:11.521+0000] {standard_task_runner.py:63} INFO - Started process 537 to run task
[2026-04-23T18:28:11.521+0000] {standard_task_runner.py:91} INFO - Job 13: Subtask upload_docs_to_gcs
[2026-04-23T18:28:11.579+0000] {task_command.py:426} INFO - Running <TaskInstance: stock_pipeline.upload_docs_to_gcs manual__2026-04-23T18:22:14.249698+00:00 [running]> on host 8f0c61881487
[2026-04-23T18:28:11.646+0000] {taskinstance.py:2644} INFO - Exporting env vars: AIRFLOW_CTX_DAG_OWNER='***' AIRFLOW_CTX_DAG_ID='stock_pipeline' AIRFLOW_CTX_TASK_ID='upload_docs_to_gcs' AIRFLOW_CTX_EXECUTION_DATE='2026-04-23T18:22:14.249698+00:00' AIRFLOW_CTX_TRY_NUMBER='1' AIRFLOW_CTX_DAG_RUN_ID='manual__2026-04-23T18:22:14.249698+00:00'
[2026-04-23T18:28:11.648+0000] {taskinstance.py:430} INFO - ::endgroup::
[2026-04-23T18:28:11.659+0000] {subprocess.py:63} INFO - Tmp dir root location: /tmp
[2026-04-23T18:28:11.660+0000] {subprocess.py:75} INFO - Running command: ['/usr/bin/bash', '-c', 'gsutil -m cp /tmp/dbt-target/catalog.json /tmp/dbt-target/manifest.json /tmp/dbt-target/index.html gs://$GCS_BUCKET_NAME/dbt-docs/']
[2026-04-23T18:28:11.668+0000] {subprocess.py:86} INFO - Output:
[2026-04-23T18:28:11.669+0000] {subprocess.py:93} INFO - /usr/bin/bash: line 1: gsutil: command not found
[2026-04-23T18:28:11.670+0000] {subprocess.py:97} INFO - Command exited with return code 127
[2026-04-23T18:28:11.671+0000] {taskinstance.py:441} INFO - ::group::Post task execution logs
[2026-04-23T18:28:11.678+0000] {taskinstance.py:2890} ERROR - Task failed with exception
Traceback (most recent call last):
  File "/home/airflow/.local/lib/python3.12/site-packages/airflow/models/taskinstance.py", line 465, in _execute_task
    result = _execute_callable(context=context, **execute_callable_kwargs)
             ^^^^^^^^^^^^^^^^^^^^^^^^^^^^^^^^^^^^^^^^^^^^^^^^^^^^^^^^^^^^^
  File "/home/airflow/.local/lib/python3.12/site-packages/airflow/models/taskinstance.py", line 432, in _execute_callable
    return execute_callable(context=context, **execute_callable_kwargs)
           ^^^^^^^^^^^^^^^^^^^^^^^^^^^^^^^^^^^^^^^^^^^^^^^^^^^^^^^^^^^^
  File "/home/airflow/.local/lib/python3.12/site-packages/airflow/models/baseoperator.py", line 400, in wrapper
    return func(self, *args, **kwargs)
           ^^^^^^^^^^^^^^^^^^^^^^^^^^^
  File "/home/airflow/.local/lib/python3.12/site-packages/airflow/operators/bash.py", line 243, in execute
    raise AirflowException(
airflow.exceptions.AirflowException: Bash command failed. The command returned a non-zero exit code 127.
[2026-04-23T18:28:11.685+0000] {taskinstance.py:1205} INFO - Marking task as UP_FOR_RETRY. dag_id=stock_pipeline, task_id=upload_docs_to_gcs, execution_date=20260423T182214, start_date=20260423T182811, end_date=20260423T182811
[2026-04-23T18:28:11.694+0000] {standard_task_runner.py:110} ERROR - Failed to execute job 13 for task upload_docs_to_gcs (Bash command failed. The command returned a non-zero exit code 127.; 537)
[2026-04-23T18:28:11.735+0000] {local_task_job_runner.py:240} INFO - Task exited with return code 1
[2026-04-23T18:28:11.755+0000] {taskinstance.py:3482} INFO - 0 downstream tasks scheduled from follow-on schedule check
[2026-04-23T18:28:11.758+0000] {local_task_job_runner.py:222} INFO - ::endgroup::
