[2026-04-23T18:08:10.494+0000] {local_task_job_runner.py:120} INFO - ::group::Pre task execution logs
[2026-04-23T18:08:10.520+0000] {taskinstance.py:2073} INFO - Dependencies all met for dep_context=non-requeueable deps ti=<TaskInstance: stock_pipeline.dbt_run scheduled__2026-04-22T06:00:00+00:00 [queued]>
[2026-04-23T18:08:10.527+0000] {taskinstance.py:2073} INFO - Dependencies all met for dep_context=requeueable deps ti=<TaskInstance: stock_pipeline.dbt_run scheduled__2026-04-22T06:00:00+00:00 [queued]>
[2026-04-23T18:08:10.528+0000] {taskinstance.py:2303} INFO - Starting attempt 1 of 2
[2026-04-23T18:08:10.539+0000] {taskinstance.py:2327} INFO - Executing <Task(BashOperator): dbt_run> on 2026-04-22 06:00:00+00:00
[2026-04-23T18:08:10.545+0000] {standard_task_runner.py:90} INFO - Running: ['***', 'tasks', 'run', 'stock_pipeline', 'dbt_run', 'scheduled__2026-04-22T06:00:00+00:00', '--job-id', '10', '--raw', '--subdir', 'DAGS_FOLDER/stock_pipeline_dag.py', '--cfg-path', '/tmp/tmpdazr291b']
[2026-04-23T18:08:10.548+0000] {standard_task_runner.py:91} INFO - Job 10: Subtask dbt_run
[2026-04-23T18:08:10.549+0000] {logging_mixin.py:188} WARNING - /home/***/.local/lib/python3.12/site-packages/***/task/task_runner/standard_task_runner.py:61 DeprecationWarning: This process (pid=235) is multi-threaded, use of fork() may lead to deadlocks in the child.
[2026-04-23T18:08:10.550+0000] {standard_task_runner.py:63} INFO - Started process 236 to run task
[2026-04-23T18:08:10.608+0000] {task_command.py:426} INFO - Running <TaskInstance: stock_pipeline.dbt_run scheduled__2026-04-22T06:00:00+00:00 [running]> on host ec8841baf29e
[2026-04-23T18:08:10.682+0000] {taskinstance.py:2644} INFO - Exporting env vars: AIRFLOW_CTX_DAG_OWNER='***' AIRFLOW_CTX_DAG_ID='stock_pipeline' AIRFLOW_CTX_TASK_ID='dbt_run' AIRFLOW_CTX_EXECUTION_DATE='2026-04-22T06:00:00+00:00' AIRFLOW_CTX_TRY_NUMBER='1' AIRFLOW_CTX_DAG_RUN_ID='scheduled__2026-04-22T06:00:00+00:00'
[2026-04-23T18:08:10.684+0000] {taskinstance.py:430} INFO - ::endgroup::
[2026-04-23T18:08:10.692+0000] {subprocess.py:63} INFO - Tmp dir root location: /tmp
[2026-04-23T18:08:10.693+0000] {subprocess.py:75} INFO - Running command: ['/usr/bin/bash', '-c', 'dbt run --project-dir /opt/***/dbt_project --profiles-dir /opt/***/dbt_project']
[2026-04-23T18:08:10.701+0000] {subprocess.py:86} INFO - Output:
[2026-04-23T18:08:10.702+0000] {subprocess.py:93} INFO - /usr/bin/bash: line 1: dbt: command not found
[2026-04-23T18:08:10.703+0000] {subprocess.py:97} INFO - Command exited with return code 127
[2026-04-23T18:08:10.704+0000] {taskinstance.py:441} INFO - ::group::Post task execution logs
[2026-04-23T18:08:10.713+0000] {taskinstance.py:2890} ERROR - Task failed with exception
Traceback (most recent call last):
  File "/home/airflow/.local/lib/python3.12/site-packages/airflow/models/taskinstance.py", line 465, in _execute_task
    result = _execute_callable(context=context, **execute_callable_kwargs)
             ^^^^^^^^^^^^^^^^^^^^^^^^^^^^^^^^^^^^^^^^^^^^^^^^^^^^^^^^^^^^^
  File "/home/airflow/.local/lib/python3.12/site-packages/airflow/models/taskinstance.py", line 432, in _execute_callable
    return execute_callable(context=context, **execute_callable_kwargs)
           ^^^^^^^^^^^^^^^^^^^^^^^^^^^^^^^^^^^^^^^^^^^^^^^^^^^^^^^^^^^^
  File "/home/airflow/.local/lib/python3.12/site-packages/airflow/models/baseoperator.py", line 400, in wrapper
    return func(self, *args, **kwargs)
           ^^^^^^^^^^^^^^^^^^^^^^^^^^^
  File "/home/airflow/.local/lib/python3.12/site-packages/airflow/operators/bash.py", line 243, in execute
    raise AirflowException(
airflow.exceptions.AirflowException: Bash command failed. The command returned a non-zero exit code 127.
[2026-04-23T18:08:10.717+0000] {taskinstance.py:1205} INFO - Marking task as UP_FOR_RETRY. dag_id=stock_pipeline, task_id=dbt_run, execution_date=20260422T060000, start_date=20260423T180810, end_date=20260423T180810
[2026-04-23T18:08:10.726+0000] {standard_task_runner.py:110} ERROR - Failed to execute job 10 for task dbt_run (Bash command failed. The command returned a non-zero exit code 127.; 236)
[2026-04-23T18:08:10.765+0000] {local_task_job_runner.py:240} INFO - Task exited with return code 1
[2026-04-23T18:08:10.804+0000] {taskinstance.py:3482} INFO - 0 downstream tasks scheduled from follow-on schedule check
[2026-04-23T18:08:10.808+0000] {local_task_job_runner.py:222} INFO - ::endgroup::
[2026-04-23T18:17:34.620+0000] {local_task_job_runner.py:120} INFO - ::group::Pre task execution logs
[2026-04-23T18:17:34.646+0000] {taskinstance.py:2073} INFO - Dependencies all met for dep_context=non-requeueable deps ti=<TaskInstance: stock_pipeline.dbt_run scheduled__2026-04-22T06:00:00+00:00 [queued]>
[2026-04-23T18:17:34.653+0000] {taskinstance.py:2073} INFO - Dependencies all met for dep_context=requeueable deps ti=<TaskInstance: stock_pipeline.dbt_run scheduled__2026-04-22T06:00:00+00:00 [queued]>
[2026-04-23T18:17:34.654+0000] {taskinstance.py:2303} INFO - Starting attempt 1 of 2
[2026-04-23T18:17:34.664+0000] {taskinstance.py:2327} INFO - Executing <Task(BashOperator): dbt_run> on 2026-04-22 06:00:00+00:00
[2026-04-23T18:17:34.672+0000] {standard_task_runner.py:90} INFO - Running: ['***', 'tasks', 'run', 'stock_pipeline', 'dbt_run', 'scheduled__2026-04-22T06:00:00+00:00', '--job-id', '4', '--raw', '--subdir', 'DAGS_FOLDER/stock_pipeline_dag.py', '--cfg-path', '/tmp/tmp6h_4cye4']
[2026-04-23T18:17:34.673+0000] {logging_mixin.py:188} WARNING - /home/***/.local/lib/python3.12/site-packages/***/task/task_runner/standard_task_runner.py:61 DeprecationWarning: This process (pid=203) is multi-threaded, use of fork() may lead to deadlocks in the child.
[2026-04-23T18:17:34.674+0000] {standard_task_runner.py:91} INFO - Job 4: Subtask dbt_run
[2026-04-23T18:17:34.675+0000] {standard_task_runner.py:63} INFO - Started process 204 to run task
[2026-04-23T18:17:34.753+0000] {task_command.py:426} INFO - Running <TaskInstance: stock_pipeline.dbt_run scheduled__2026-04-22T06:00:00+00:00 [running]> on host 8f0c61881487
[2026-04-23T18:17:34.825+0000] {taskinstance.py:2644} INFO - Exporting env vars: AIRFLOW_CTX_DAG_OWNER='***' AIRFLOW_CTX_DAG_ID='stock_pipeline' AIRFLOW_CTX_TASK_ID='dbt_run' AIRFLOW_CTX_EXECUTION_DATE='2026-04-22T06:00:00+00:00' AIRFLOW_CTX_TRY_NUMBER='1' AIRFLOW_CTX_DAG_RUN_ID='scheduled__2026-04-22T06:00:00+00:00'
[2026-04-23T18:17:34.826+0000] {taskinstance.py:430} INFO - ::endgroup::
[2026-04-23T18:17:34.836+0000] {subprocess.py:63} INFO - Tmp dir root location: /tmp
[2026-04-23T18:17:34.838+0000] {subprocess.py:75} INFO - Running command: ['/usr/bin/bash', '-c', 'dbt run --project-dir /opt/***/dbt_project --profiles-dir /opt/***/dbt_project']
[2026-04-23T18:17:34.845+0000] {subprocess.py:86} INFO - Output:
[2026-04-23T18:17:37.284+0000] {subprocess.py:93} INFO - [0m18:17:37  Encountered an error:
[2026-04-23T18:17:37.285+0000] {subprocess.py:93} INFO - [Errno 13] Permission denied: '/opt/***/dbt_project/logs/dbt.log'
[2026-04-23T18:17:37.286+0000] {subprocess.py:93} INFO - [0m18:17:37  Traceback (most recent call last):
[2026-04-23T18:17:37.286+0000] {subprocess.py:93} INFO -   File "/home/***/.local/lib/python3.12/site-packages/dbt/cli/requires.py", line 91, in wrapper
[2026-04-23T18:17:37.287+0000] {subprocess.py:93} INFO -     result, success = func(*args, **kwargs)
[2026-04-23T18:17:37.288+0000] {subprocess.py:93} INFO -                       ^^^^^^^^^^^^^^^^^^^^^
[2026-04-23T18:17:37.288+0000] {subprocess.py:93} INFO -   File "/home/***/.local/lib/python3.12/site-packages/dbt/cli/requires.py", line 52, in wrapper
[2026-04-23T18:17:37.289+0000] {subprocess.py:93} INFO -     setup_event_logger(flags=flags, callbacks=callbacks)
[2026-04-23T18:17:37.290+0000] {subprocess.py:93} INFO -   File "/home/***/.local/lib/python3.12/site-packages/dbt/events/functions.py", line 70, in setup_event_logger
[2026-04-23T18:17:37.291+0000] {subprocess.py:93} INFO -     EVENT_MANAGER.add_logger(
[2026-04-23T18:17:37.291+0000] {subprocess.py:93} INFO -   File "/home/***/.local/lib/python3.12/site-packages/dbt/events/eventmgr.py", line 37, in add_logger
[2026-04-23T18:17:37.292+0000] {subprocess.py:93} INFO -     _JsonLogger(config) if config.line_format == LineFormat.Json else _TextLogger(config)
[2026-04-23T18:17:37.292+0000] {subprocess.py:93} INFO -                                                                       ^^^^^^^^^^^^^^^^^^^
[2026-04-23T18:17:37.293+0000] {subprocess.py:93} INFO -   File "/home/***/.local/lib/python3.12/site-packages/dbt/events/logger.py", line 133, in __init__
[2026-04-23T18:17:37.294+0000] {subprocess.py:93} INFO -     super().__init__(config)
[2026-04-23T18:17:37.295+0000] {subprocess.py:93} INFO -   File "/home/***/.local/lib/python3.12/site-packages/dbt/events/logger.py", line 100, in __init__
[2026-04-23T18:17:37.295+0000] {subprocess.py:93} INFO -     file_handler = RotatingFileHandler(
[2026-04-23T18:17:37.296+0000] {subprocess.py:93} INFO -                    ^^^^^^^^^^^^^^^^^^^^
[2026-04-23T18:17:37.297+0000] {subprocess.py:93} INFO -   File "/usr/local/lib/python3.12/logging/handlers.py", line 155, in __init__
[2026-04-23T18:17:37.298+0000] {subprocess.py:93} INFO -     BaseRotatingHandler.__init__(self, filename, mode, encoding=encoding,
[2026-04-23T18:17:37.300+0000] {subprocess.py:93} INFO -   File "/usr/local/lib/python3.12/logging/handlers.py", line 58, in __init__
[2026-04-23T18:17:37.301+0000] {subprocess.py:93} INFO -     logging.FileHandler.__init__(self, filename, mode=mode,
[2026-04-23T18:17:37.302+0000] {subprocess.py:93} INFO -   File "/usr/local/lib/python3.12/logging/__init__.py", line 1231, in __init__
[2026-04-23T18:17:37.304+0000] {subprocess.py:93} INFO -     StreamHandler.__init__(self, self._open())
[2026-04-23T18:17:37.305+0000] {subprocess.py:93} INFO -                                  ^^^^^^^^^^^^
[2026-04-23T18:17:37.306+0000] {subprocess.py:93} INFO -   File "/usr/local/lib/python3.12/logging/__init__.py", line 1263, in _open
[2026-04-23T18:17:37.308+0000] {subprocess.py:93} INFO -     return open_func(self.baseFilename, self.mode,
[2026-04-23T18:17:37.309+0000] {subprocess.py:93} INFO -            ^^^^^^^^^^^^^^^^^^^^^^^^^^^^^^^^^^^^^^^
[2026-04-23T18:17:37.311+0000] {subprocess.py:93} INFO - PermissionError: [Errno 13] Permission denied: '/opt/***/dbt_project/logs/dbt.log'
[2026-04-23T18:17:37.313+0000] {subprocess.py:93} INFO - 
[2026-04-23T18:17:37.522+0000] {subprocess.py:97} INFO - Command exited with return code 2
[2026-04-23T18:17:37.523+0000] {taskinstance.py:441} INFO - ::group::Post task execution logs
[2026-04-23T18:17:37.531+0000] {taskinstance.py:2890} ERROR - Task failed with exception
Traceback (most recent call last):
  File "/home/airflow/.local/lib/python3.12/site-packages/airflow/models/taskinstance.py", line 465, in _execute_task
    result = _execute_callable(context=context, **execute_callable_kwargs)
             ^^^^^^^^^^^^^^^^^^^^^^^^^^^^^^^^^^^^^^^^^^^^^^^^^^^^^^^^^^^^^
  File "/home/airflow/.local/lib/python3.12/site-packages/airflow/models/taskinstance.py", line 432, in _execute_callable
    return execute_callable(context=context, **execute_callable_kwargs)
           ^^^^^^^^^^^^^^^^^^^^^^^^^^^^^^^^^^^^^^^^^^^^^^^^^^^^^^^^^^^^
  File "/home/airflow/.local/lib/python3.12/site-packages/airflow/models/baseoperator.py", line 400, in wrapper
    return func(self, *args, **kwargs)
           ^^^^^^^^^^^^^^^^^^^^^^^^^^^
  File "/home/airflow/.local/lib/python3.12/site-packages/airflow/operators/bash.py", line 243, in execute
    raise AirflowException(
airflow.exceptions.AirflowException: Bash command failed. The command returned a non-zero exit code 2.
[2026-04-23T18:17:37.537+0000] {taskinstance.py:1205} INFO - Marking task as UP_FOR_RETRY. dag_id=stock_pipeline, task_id=dbt_run, execution_date=20260422T060000, start_date=20260423T181734, end_date=20260423T181737
[2026-04-23T18:17:37.547+0000] {standard_task_runner.py:110} ERROR - Failed to execute job 4 for task dbt_run (Bash command failed. The command returned a non-zero exit code 2.; 204)
[2026-04-23T18:17:37.583+0000] {local_task_job_runner.py:240} INFO - Task exited with return code 1
[2026-04-23T18:17:37.608+0000] {taskinstance.py:3482} INFO - 0 downstream tasks scheduled from follow-on schedule check
[2026-04-23T18:17:37.611+0000] {local_task_job_runner.py:222} INFO - ::endgroup::
[2026-04-23T18:35:39.138+0000] {local_task_job_runner.py:120} INFO - ::group::Pre task execution logs
[2026-04-23T18:35:39.164+0000] {taskinstance.py:2073} INFO - Dependencies all met for dep_context=non-requeueable deps ti=<TaskInstance: stock_pipeline.dbt_run scheduled__2026-04-22T06:00:00+00:00 [queued]>
[2026-04-23T18:35:39.172+0000] {taskinstance.py:2073} INFO - Dependencies all met for dep_context=requeueable deps ti=<TaskInstance: stock_pipeline.dbt_run scheduled__2026-04-22T06:00:00+00:00 [queued]>
[2026-04-23T18:35:39.173+0000] {taskinstance.py:2303} INFO - Starting attempt 1 of 2
[2026-04-23T18:35:39.183+0000] {taskinstance.py:2327} INFO - Executing <Task(BashOperator): dbt_run> on 2026-04-22 06:00:00+00:00
[2026-04-23T18:35:39.191+0000] {standard_task_runner.py:90} INFO - Running: ['***', 'tasks', 'run', 'stock_pipeline', 'dbt_run', 'scheduled__2026-04-22T06:00:00+00:00', '--job-id', '4', '--raw', '--subdir', 'DAGS_FOLDER/stock_pipeline_dag.py', '--cfg-path', '/tmp/tmpyfkb7pwd']
[2026-04-23T18:35:39.193+0000] {logging_mixin.py:188} WARNING - /home/***/.local/lib/python3.12/site-packages/***/task/task_runner/standard_task_runner.py:61 DeprecationWarning: This process (pid=238) is multi-threaded, use of fork() may lead to deadlocks in the child.
[2026-04-23T18:35:39.194+0000] {standard_task_runner.py:91} INFO - Job 4: Subtask dbt_run
[2026-04-23T18:35:39.194+0000] {standard_task_runner.py:63} INFO - Started process 239 to run task
[2026-04-23T18:35:39.268+0000] {task_command.py:426} INFO - Running <TaskInstance: stock_pipeline.dbt_run scheduled__2026-04-22T06:00:00+00:00 [running]> on host 7eb82a26259b
[2026-04-23T18:35:39.352+0000] {taskinstance.py:2644} INFO - Exporting env vars: AIRFLOW_CTX_DAG_OWNER='***' AIRFLOW_CTX_DAG_ID='stock_pipeline' AIRFLOW_CTX_TASK_ID='dbt_run' AIRFLOW_CTX_EXECUTION_DATE='2026-04-22T06:00:00+00:00' AIRFLOW_CTX_TRY_NUMBER='1' AIRFLOW_CTX_DAG_RUN_ID='scheduled__2026-04-22T06:00:00+00:00'
[2026-04-23T18:35:39.353+0000] {taskinstance.py:430} INFO - ::endgroup::
[2026-04-23T18:35:39.376+0000] {subprocess.py:63} INFO - Tmp dir root location: /tmp
[2026-04-23T18:35:39.377+0000] {subprocess.py:75} INFO - Running command: ['/usr/bin/bash', '-c', 'dbt run --project-dir /opt/***/dbt_project --profiles-dir /opt/***/dbt_project --log-path /tmp/dbt-logs --target-path /tmp/dbt-target']
[2026-04-23T18:35:39.397+0000] {subprocess.py:86} INFO - Output:
[2026-04-23T18:35:41.856+0000] {subprocess.py:93} INFO - [0m18:35:41  Running with dbt=1.7.19
[2026-04-23T18:35:43.042+0000] {subprocess.py:93} INFO - [0m18:35:43  Registered adapter: bigquery=1.7.0
[2026-04-23T18:35:43.068+0000] {subprocess.py:93} INFO - [0m18:35:43  Unable to do partial parsing because saved manifest not found. Starting full parse.
[2026-04-23T18:35:44.463+0000] {subprocess.py:93} INFO - [0m18:35:44  Found 4 models, 1 seed, 16 tests, 1 source, 0 exposures, 0 metrics, 450 macros, 0 groups, 0 semantic models
[2026-04-23T18:35:44.465+0000] {subprocess.py:93} INFO - [0m18:35:44
[2026-04-23T18:35:48.093+0000] {subprocess.py:93} INFO - [0m18:35:48  Concurrency: 4 threads (target='dev')
[2026-04-23T18:35:48.095+0000] {subprocess.py:93} INFO - [0m18:35:48
[2026-04-23T18:35:48.108+0000] {subprocess.py:93} INFO - [0m18:35:48  1 of 4 START sql table model marts.dim_company ................................. [RUN]
[2026-04-23T18:35:48.109+0000] {subprocess.py:93} INFO - [0m18:35:48  2 of 4 START sql view model staging.stg_stock_quotes ........................... [RUN]
[2026-04-23T18:35:49.105+0000] {subprocess.py:93} INFO - [0m18:35:49  2 of 4 OK created sql view model staging.stg_stock_quotes ...................... [[32mCREATE VIEW (0 processed)[0m in 0.99s]
[2026-04-23T18:35:51.015+0000] {subprocess.py:93} INFO - [0m18:35:51  1 of 4 OK created sql table model marts.dim_company ............................ [[32mCREATE TABLE (20.0 rows, 860.0 Bytes processed)[0m in 2.91s]
[2026-04-23T18:35:51.018+0000] {subprocess.py:93} INFO - [0m18:35:51  3 of 4 START sql table model marts.fct_daily_trading ........................... [RUN]
[2026-04-23T18:35:54.088+0000] {subprocess.py:93} INFO - [0m18:35:54  3 of 4 OK created sql table model marts.fct_daily_trading ...................... [[32mCREATE TABLE (140.0 rows, 11.6 KiB processed)[0m in 3.07s]
[2026-04-23T18:35:54.093+0000] {subprocess.py:93} INFO - [0m18:35:54  4 of 4 START sql table model marts.marts_sector_performance .................... [RUN]
[2026-04-23T18:35:57.019+0000] {subprocess.py:93} INFO - [0m18:35:57  4 of 4 OK created sql table model marts.marts_sector_performance ............... [[32mCREATE TABLE (15.0 rows, 7.4 KiB processed)[0m in 2.93s]
[2026-04-23T18:35:57.024+0000] {subprocess.py:93} INFO - [0m18:35:57
[2026-04-23T18:35:57.025+0000] {subprocess.py:93} INFO - [0m18:35:57  Finished running 1 view model, 3 table models in 0 hours 0 minutes and 12.56 seconds (12.56s).
[2026-04-23T18:35:57.033+0000] {subprocess.py:93} INFO - [0m18:35:57
[2026-04-23T18:35:57.034+0000] {subprocess.py:93} INFO - [0m18:35:57  [32mCompleted successfully[0m
[2026-04-23T18:35:57.035+0000] {subprocess.py:93} INFO - [0m18:35:57
[2026-04-23T18:35:57.035+0000] {subprocess.py:93} INFO - [0m18:35:57  Done. PASS=4 WARN=0 ERROR=0 SKIP=0 TOTAL=4
[2026-04-23T18:35:57.491+0000] {subprocess.py:97} INFO - Command exited with return code 0
[2026-04-23T18:35:57.493+0000] {taskinstance.py:441} INFO - ::group::Post task execution logs
[2026-04-23T18:35:57.518+0000] {taskinstance.py:1205} INFO - Marking task as SUCCESS. dag_id=stock_pipeline, task_id=dbt_run, execution_date=20260422T060000, start_date=20260423T183539, end_date=20260423T183557
[2026-04-23T18:35:57.561+0000] {local_task_job_runner.py:240} INFO - Task exited with return code 0
[2026-04-23T18:35:57.591+0000] {taskinstance.py:3482} INFO - 1 downstream tasks scheduled from follow-on schedule check
[2026-04-23T18:35:57.596+0000] {local_task_job_runner.py:222} INFO - ::endgroup::
