[2026-04-23T18:22:15.123+0000] {local_task_job_runner.py:120} INFO - ::group::Pre task execution logs
[2026-04-23T18:22:15.154+0000] {taskinstance.py:2073} INFO - Dependencies all met for dep_context=non-requeueable deps ti=<TaskInstance: stock_pipeline.fetch_quotes manual__2026-04-23T18:22:14.249698+00:00 [queued]>
[2026-04-23T18:22:15.163+0000] {taskinstance.py:2073} INFO - Dependencies all met for dep_context=requeueable deps ti=<TaskInstance: stock_pipeline.fetch_quotes manual__2026-04-23T18:22:14.249698+00:00 [queued]>
[2026-04-23T18:22:15.164+0000] {taskinstance.py:2303} INFO - Starting attempt 1 of 2
[2026-04-23T18:22:15.178+0000] {taskinstance.py:2327} INFO - Executing <Task(BashOperator): fetch_quotes> on 2026-04-23 18:22:14.249698+00:00
[2026-04-23T18:22:15.186+0000] {standard_task_runner.py:90} INFO - Running: ['***', 'tasks', 'run', 'stock_pipeline', 'fetch_quotes', 'manual__2026-04-23T18:22:14.249698+00:00', '--job-id', '5', '--raw', '--subdir', 'DAGS_FOLDER/stock_pipeline_dag.py', '--cfg-path', '/tmp/tmpvk6_1w_d']
[2026-04-23T18:22:15.189+0000] {logging_mixin.py:188} WARNING - /home/***/.local/lib/python3.12/site-packages/***/task/task_runner/standard_task_runner.py:61 DeprecationWarning: This process (pid=251) is multi-threaded, use of fork() may lead to deadlocks in the child.
[2026-04-23T18:22:15.189+0000] {standard_task_runner.py:91} INFO - Job 5: Subtask fetch_quotes
[2026-04-23T18:22:15.190+0000] {standard_task_runner.py:63} INFO - Started process 252 to run task
[2026-04-23T18:22:15.258+0000] {task_command.py:426} INFO - Running <TaskInstance: stock_pipeline.fetch_quotes manual__2026-04-23T18:22:14.249698+00:00 [running]> on host 8f0c61881487
[2026-04-23T18:22:15.363+0000] {taskinstance.py:2644} INFO - Exporting env vars: AIRFLOW_CTX_DAG_OWNER='***' AIRFLOW_CTX_DAG_ID='stock_pipeline' AIRFLOW_CTX_TASK_ID='fetch_quotes' AIRFLOW_CTX_EXECUTION_DATE='2026-04-23T18:22:14.249698+00:00' AIRFLOW_CTX_TRY_NUMBER='1' AIRFLOW_CTX_DAG_RUN_ID='manual__2026-04-23T18:22:14.249698+00:00'
[2026-04-23T18:22:15.366+0000] {taskinstance.py:430} INFO - ::endgroup::
[2026-04-23T18:22:15.384+0000] {subprocess.py:63} INFO - Tmp dir root location: /tmp
[2026-04-23T18:22:15.385+0000] {subprocess.py:75} INFO - Running command: ['/usr/bin/bash', '-c', 'python /opt/***/ingestion/fetch_daily_candles.py']
[2026-04-23T18:22:15.394+0000] {subprocess.py:86} INFO - Output:
[2026-04-23T18:22:42.025+0000] {subprocess.py:93} INFO - Fetching quotes for: 2026-04-22
[2026-04-23T18:22:42.027+0000] {subprocess.py:93} INFO - 
[2026-04-23T18:22:42.028+0000] {subprocess.py:93} INFO -   [1/20] AAPL...
[2026-04-23T18:22:42.030+0000] {subprocess.py:93} INFO -   [2/20] MSFT...
[2026-04-23T18:22:42.031+0000] {subprocess.py:93} INFO -   [3/20] GOOGL...
[2026-04-23T18:22:42.034+0000] {subprocess.py:93} INFO -   [4/20] NVDA...
[2026-04-23T18:22:42.036+0000] {subprocess.py:93} INFO -   [5/20] META...
[2026-04-23T18:22:42.038+0000] {subprocess.py:93} INFO -   [6/20] JPM...
[2026-04-23T18:22:42.039+0000] {subprocess.py:93} INFO -   [7/20] BAC...
[2026-04-23T18:22:42.041+0000] {subprocess.py:93} INFO -   [8/20] GS...
[2026-04-23T18:22:42.043+0000] {subprocess.py:93} INFO -   [9/20] V...
[2026-04-23T18:22:42.045+0000] {subprocess.py:93} INFO -   [10/20] MA...
[2026-04-23T18:22:42.047+0000] {subprocess.py:93} INFO -   [11/20] JNJ...
[2026-04-23T18:22:42.048+0000] {subprocess.py:93} INFO -   [12/20] PFE...
[2026-04-23T18:22:42.049+0000] {subprocess.py:93} INFO -   [13/20] UNH...
[2026-04-23T18:22:42.051+0000] {subprocess.py:93} INFO -   [14/20] ABBV...
[2026-04-23T18:22:42.052+0000] {subprocess.py:93} INFO -   [15/20] MRK...
[2026-04-23T18:22:42.053+0000] {subprocess.py:93} INFO -   [16/20] XOM...
[2026-04-23T18:22:42.054+0000] {subprocess.py:93} INFO -   [17/20] CVX...
[2026-04-23T18:22:42.055+0000] {subprocess.py:93} INFO -   [18/20] COP...
[2026-04-23T18:22:42.056+0000] {subprocess.py:93} INFO -   [19/20] WMT...
[2026-04-23T18:22:42.057+0000] {subprocess.py:93} INFO -   [20/20] AMZN...
[2026-04-23T18:22:42.057+0000] {subprocess.py:93} INFO - 
[2026-04-23T18:22:42.058+0000] {subprocess.py:93} INFO - Uploaded 20 records to gs://stock-pipeline-raw/raw/candles/2026-04-22.json
[2026-04-23T18:22:42.059+0000] {subprocess.py:93} INFO - Done!
[2026-04-23T18:22:42.081+0000] {subprocess.py:97} INFO - Command exited with return code 0
[2026-04-23T18:22:42.083+0000] {taskinstance.py:441} INFO - ::group::Post task execution logs
[2026-04-23T18:22:42.107+0000] {taskinstance.py:1205} INFO - Marking task as SUCCESS. dag_id=stock_pipeline, task_id=fetch_quotes, execution_date=20260423T182214, start_date=20260423T182215, end_date=20260423T182242
[2026-04-23T18:22:42.146+0000] {local_task_job_runner.py:240} INFO - Task exited with return code 0
[2026-04-23T18:22:42.188+0000] {taskinstance.py:3482} INFO - 1 downstream tasks scheduled from follow-on schedule check
[2026-04-23T18:22:42.192+0000] {local_task_job_runner.py:222} INFO - ::endgroup::
