[2026-04-23T17:59:50.476+0000] {processor.py:161} INFO - Started process (PID=168) to work on /opt/airflow/dags/stock_pipeline_dag.py
[2026-04-23T17:59:50.477+0000] {processor.py:830} INFO - Processing file /opt/airflow/dags/stock_pipeline_dag.py for tasks to queue
[2026-04-23T17:59:50.479+0000] {logging_mixin.py:188} INFO - [2026-04-23T17:59:50.478+0000] {dagbag.py:540} INFO - Filling up the DagBag from /opt/airflow/dags/stock_pipeline_dag.py
[2026-04-23T17:59:50.520+0000] {processor.py:840} INFO - DAG(s) 'stock_pipeline' retrieved from /opt/airflow/dags/stock_pipeline_dag.py
[2026-04-23T17:59:50.547+0000] {logging_mixin.py:188} INFO - [2026-04-23T17:59:50.547+0000] {dag.py:3096} INFO - Sync 1 DAGs
[2026-04-23T17:59:50.568+0000] {logging_mixin.py:188} INFO - [2026-04-23T17:59:50.568+0000] {dag.py:3954} INFO - Setting next_dagrun for stock_pipeline to 2026-04-22 06:00:00+00:00, run_after=2026-04-23 06:00:00+00:00
[2026-04-23T17:59:50.588+0000] {processor.py:183} INFO - Processing /opt/airflow/dags/stock_pipeline_dag.py took 0.118 seconds
[2026-04-23T18:00:20.782+0000] {processor.py:161} INFO - Started process (PID=176) to work on /opt/airflow/dags/stock_pipeline_dag.py
[2026-04-23T18:00:20.783+0000] {processor.py:830} INFO - Processing file /opt/airflow/dags/stock_pipeline_dag.py for tasks to queue
[2026-04-23T18:00:20.786+0000] {logging_mixin.py:188} INFO - [2026-04-23T18:00:20.785+0000] {dagbag.py:540} INFO - Filling up the DagBag from /opt/airflow/dags/stock_pipeline_dag.py
[2026-04-23T18:00:20.827+0000] {processor.py:840} INFO - DAG(s) 'stock_pipeline' retrieved from /opt/airflow/dags/stock_pipeline_dag.py
[2026-04-23T18:00:21.097+0000] {logging_mixin.py:188} INFO - [2026-04-23T18:00:21.096+0000] {dag.py:3096} INFO - Sync 1 DAGs
[2026-04-23T18:00:21.125+0000] {logging_mixin.py:188} INFO - [2026-04-23T18:00:21.125+0000] {dag.py:3954} INFO - Setting next_dagrun for stock_pipeline to 2026-04-23 06:00:00+00:00, run_after=2026-04-24 06:00:00+00:00
[2026-04-23T18:00:21.201+0000] {processor.py:183} INFO - Processing /opt/airflow/dags/stock_pipeline_dag.py took 0.428 seconds
[2026-04-23T18:00:51.582+0000] {processor.py:161} INFO - Started process (PID=196) to work on /opt/airflow/dags/stock_pipeline_dag.py
[2026-04-23T18:00:51.583+0000] {processor.py:830} INFO - Processing file /opt/airflow/dags/stock_pipeline_dag.py for tasks to queue
[2026-04-23T18:00:51.585+0000] {logging_mixin.py:188} INFO - [2026-04-23T18:00:51.585+0000] {dagbag.py:540} INFO - Filling up the DagBag from /opt/airflow/dags/stock_pipeline_dag.py
[2026-04-23T18:00:51.641+0000] {processor.py:840} INFO - DAG(s) 'stock_pipeline' retrieved from /opt/airflow/dags/stock_pipeline_dag.py
[2026-04-23T18:00:51.679+0000] {logging_mixin.py:188} INFO - [2026-04-23T18:00:51.679+0000] {dag.py:3096} INFO - Sync 1 DAGs
[2026-04-23T18:00:51.699+0000] {logging_mixin.py:188} INFO - [2026-04-23T18:00:51.699+0000] {dag.py:3954} INFO - Setting next_dagrun for stock_pipeline to 2026-04-23 06:00:00+00:00, run_after=2026-04-24 06:00:00+00:00
[2026-04-23T18:00:51.724+0000] {processor.py:183} INFO - Processing /opt/airflow/dags/stock_pipeline_dag.py took 0.148 seconds
[2026-04-23T18:01:21.881+0000] {processor.py:161} INFO - Started process (PID=201) to work on /opt/airflow/dags/stock_pipeline_dag.py
[2026-04-23T18:01:21.882+0000] {processor.py:830} INFO - Processing file /opt/airflow/dags/stock_pipeline_dag.py for tasks to queue
[2026-04-23T18:01:21.885+0000] {logging_mixin.py:188} INFO - [2026-04-23T18:01:21.884+0000] {dagbag.py:540} INFO - Filling up the DagBag from /opt/airflow/dags/stock_pipeline_dag.py
[2026-04-23T18:01:21.920+0000] {processor.py:840} INFO - DAG(s) 'stock_pipeline' retrieved from /opt/airflow/dags/stock_pipeline_dag.py
[2026-04-23T18:01:21.948+0000] {logging_mixin.py:188} INFO - [2026-04-23T18:01:21.948+0000] {dag.py:3096} INFO - Sync 1 DAGs
[2026-04-23T18:01:21.974+0000] {logging_mixin.py:188} INFO - [2026-04-23T18:01:21.974+0000] {dag.py:3954} INFO - Setting next_dagrun for stock_pipeline to 2026-04-23 06:00:00+00:00, run_after=2026-04-24 06:00:00+00:00
[2026-04-23T18:01:21.993+0000] {processor.py:183} INFO - Processing /opt/airflow/dags/stock_pipeline_dag.py took 0.117 seconds
[2026-04-23T18:01:52.241+0000] {processor.py:161} INFO - Started process (PID=206) to work on /opt/airflow/dags/stock_pipeline_dag.py
[2026-04-23T18:01:52.243+0000] {processor.py:830} INFO - Processing file /opt/airflow/dags/stock_pipeline_dag.py for tasks to queue
[2026-04-23T18:01:52.247+0000] {logging_mixin.py:188} INFO - [2026-04-23T18:01:52.246+0000] {dagbag.py:540} INFO - Filling up the DagBag from /opt/airflow/dags/stock_pipeline_dag.py
[2026-04-23T18:01:52.303+0000] {processor.py:840} INFO - DAG(s) 'stock_pipeline' retrieved from /opt/airflow/dags/stock_pipeline_dag.py
[2026-04-23T18:01:52.326+0000] {logging_mixin.py:188} INFO - [2026-04-23T18:01:52.326+0000] {dag.py:3096} INFO - Sync 1 DAGs
[2026-04-23T18:01:52.350+0000] {logging_mixin.py:188} INFO - [2026-04-23T18:01:52.350+0000] {dag.py:3954} INFO - Setting next_dagrun for stock_pipeline to 2026-04-23 06:00:00+00:00, run_after=2026-04-24 06:00:00+00:00
[2026-04-23T18:01:52.377+0000] {processor.py:183} INFO - Processing /opt/airflow/dags/stock_pipeline_dag.py took 0.146 seconds
[2026-04-23T18:02:22.635+0000] {processor.py:161} INFO - Started process (PID=211) to work on /opt/airflow/dags/stock_pipeline_dag.py
[2026-04-23T18:02:22.636+0000] {processor.py:830} INFO - Processing file /opt/airflow/dags/stock_pipeline_dag.py for tasks to queue
[2026-04-23T18:02:22.638+0000] {logging_mixin.py:188} INFO - [2026-04-23T18:02:22.638+0000] {dagbag.py:540} INFO - Filling up the DagBag from /opt/airflow/dags/stock_pipeline_dag.py
[2026-04-23T18:02:22.686+0000] {processor.py:840} INFO - DAG(s) 'stock_pipeline' retrieved from /opt/airflow/dags/stock_pipeline_dag.py
[2026-04-23T18:02:22.715+0000] {logging_mixin.py:188} INFO - [2026-04-23T18:02:22.715+0000] {dag.py:3096} INFO - Sync 1 DAGs
[2026-04-23T18:02:22.734+0000] {logging_mixin.py:188} INFO - [2026-04-23T18:02:22.734+0000] {dag.py:3954} INFO - Setting next_dagrun for stock_pipeline to 2026-04-23 06:00:00+00:00, run_after=2026-04-24 06:00:00+00:00
[2026-04-23T18:02:22.757+0000] {processor.py:183} INFO - Processing /opt/airflow/dags/stock_pipeline_dag.py took 0.132 seconds
[2026-04-23T18:02:53.094+0000] {processor.py:161} INFO - Started process (PID=216) to work on /opt/airflow/dags/stock_pipeline_dag.py
[2026-04-23T18:02:53.095+0000] {processor.py:830} INFO - Processing file /opt/airflow/dags/stock_pipeline_dag.py for tasks to queue
[2026-04-23T18:02:53.099+0000] {logging_mixin.py:188} INFO - [2026-04-23T18:02:53.098+0000] {dagbag.py:540} INFO - Filling up the DagBag from /opt/airflow/dags/stock_pipeline_dag.py
[2026-04-23T18:02:53.139+0000] {processor.py:840} INFO - DAG(s) 'stock_pipeline' retrieved from /opt/airflow/dags/stock_pipeline_dag.py
[2026-04-23T18:02:53.166+0000] {logging_mixin.py:188} INFO - [2026-04-23T18:02:53.166+0000] {dag.py:3096} INFO - Sync 1 DAGs
[2026-04-23T18:02:53.189+0000] {logging_mixin.py:188} INFO - [2026-04-23T18:02:53.188+0000] {dag.py:3954} INFO - Setting next_dagrun for stock_pipeline to 2026-04-23 06:00:00+00:00, run_after=2026-04-24 06:00:00+00:00
[2026-04-23T18:02:53.207+0000] {processor.py:183} INFO - Processing /opt/airflow/dags/stock_pipeline_dag.py took 0.118 seconds
[2026-04-23T18:03:23.463+0000] {processor.py:161} INFO - Started process (PID=221) to work on /opt/airflow/dags/stock_pipeline_dag.py
[2026-04-23T18:03:23.464+0000] {processor.py:830} INFO - Processing file /opt/airflow/dags/stock_pipeline_dag.py for tasks to queue
[2026-04-23T18:03:23.467+0000] {logging_mixin.py:188} INFO - [2026-04-23T18:03:23.466+0000] {dagbag.py:540} INFO - Filling up the DagBag from /opt/airflow/dags/stock_pipeline_dag.py
[2026-04-23T18:03:23.519+0000] {processor.py:840} INFO - DAG(s) 'stock_pipeline' retrieved from /opt/airflow/dags/stock_pipeline_dag.py
[2026-04-23T18:03:23.549+0000] {logging_mixin.py:188} INFO - [2026-04-23T18:03:23.549+0000] {dag.py:3096} INFO - Sync 1 DAGs
[2026-04-23T18:03:23.571+0000] {logging_mixin.py:188} INFO - [2026-04-23T18:03:23.571+0000] {dag.py:3954} INFO - Setting next_dagrun for stock_pipeline to 2026-04-23 06:00:00+00:00, run_after=2026-04-24 06:00:00+00:00
[2026-04-23T18:03:23.600+0000] {processor.py:183} INFO - Processing /opt/airflow/dags/stock_pipeline_dag.py took 0.143 seconds
[2026-04-23T18:03:53.969+0000] {processor.py:161} INFO - Started process (PID=226) to work on /opt/airflow/dags/stock_pipeline_dag.py
[2026-04-23T18:03:53.971+0000] {processor.py:830} INFO - Processing file /opt/airflow/dags/stock_pipeline_dag.py for tasks to queue
[2026-04-23T18:03:53.973+0000] {logging_mixin.py:188} INFO - [2026-04-23T18:03:53.973+0000] {dagbag.py:540} INFO - Filling up the DagBag from /opt/airflow/dags/stock_pipeline_dag.py
[2026-04-23T18:03:54.014+0000] {processor.py:840} INFO - DAG(s) 'stock_pipeline' retrieved from /opt/airflow/dags/stock_pipeline_dag.py
[2026-04-23T18:03:54.038+0000] {logging_mixin.py:188} INFO - [2026-04-23T18:03:54.038+0000] {dag.py:3096} INFO - Sync 1 DAGs
[2026-04-23T18:03:54.060+0000] {logging_mixin.py:188} INFO - [2026-04-23T18:03:54.059+0000] {dag.py:3954} INFO - Setting next_dagrun for stock_pipeline to 2026-04-23 06:00:00+00:00, run_after=2026-04-24 06:00:00+00:00
[2026-04-23T18:03:54.082+0000] {processor.py:183} INFO - Processing /opt/airflow/dags/stock_pipeline_dag.py took 0.121 seconds
[2026-04-23T18:04:24.337+0000] {processor.py:161} INFO - Started process (PID=231) to work on /opt/airflow/dags/stock_pipeline_dag.py
[2026-04-23T18:04:24.339+0000] {processor.py:830} INFO - Processing file /opt/airflow/dags/stock_pipeline_dag.py for tasks to queue
[2026-04-23T18:04:24.341+0000] {logging_mixin.py:188} INFO - [2026-04-23T18:04:24.340+0000] {dagbag.py:540} INFO - Filling up the DagBag from /opt/airflow/dags/stock_pipeline_dag.py
[2026-04-23T18:04:24.384+0000] {processor.py:840} INFO - DAG(s) 'stock_pipeline' retrieved from /opt/airflow/dags/stock_pipeline_dag.py
[2026-04-23T18:04:24.415+0000] {logging_mixin.py:188} INFO - [2026-04-23T18:04:24.415+0000] {dag.py:3096} INFO - Sync 1 DAGs
[2026-04-23T18:04:24.441+0000] {logging_mixin.py:188} INFO - [2026-04-23T18:04:24.440+0000] {dag.py:3954} INFO - Setting next_dagrun for stock_pipeline to 2026-04-23 06:00:00+00:00, run_after=2026-04-24 06:00:00+00:00
[2026-04-23T18:04:24.473+0000] {processor.py:183} INFO - Processing /opt/airflow/dags/stock_pipeline_dag.py took 0.142 seconds
[2026-04-23T18:05:10.494+0000] {processor.py:161} INFO - Started process (PID=168) to work on /opt/airflow/dags/stock_pipeline_dag.py
[2026-04-23T18:05:10.495+0000] {processor.py:830} INFO - Processing file /opt/airflow/dags/stock_pipeline_dag.py for tasks to queue
[2026-04-23T18:05:10.497+0000] {logging_mixin.py:188} INFO - [2026-04-23T18:05:10.497+0000] {dagbag.py:540} INFO - Filling up the DagBag from /opt/airflow/dags/stock_pipeline_dag.py
[2026-04-23T18:05:10.540+0000] {processor.py:840} INFO - DAG(s) 'stock_pipeline' retrieved from /opt/airflow/dags/stock_pipeline_dag.py
[2026-04-23T18:05:10.763+0000] {logging_mixin.py:188} INFO - [2026-04-23T18:05:10.763+0000] {override.py:1829} INFO - Created Permission View: can read on DAG:stock_pipeline
[2026-04-23T18:05:10.775+0000] {logging_mixin.py:188} INFO - [2026-04-23T18:05:10.774+0000] {override.py:1829} INFO - Created Permission View: can delete on DAG:stock_pipeline
[2026-04-23T18:05:10.781+0000] {logging_mixin.py:188} INFO - [2026-04-23T18:05:10.780+0000] {override.py:1829} INFO - Created Permission View: can edit on DAG:stock_pipeline
[2026-04-23T18:05:10.782+0000] {logging_mixin.py:188} INFO - [2026-04-23T18:05:10.781+0000] {dag.py:3096} INFO - Sync 1 DAGs
[2026-04-23T18:05:10.792+0000] {logging_mixin.py:188} INFO - [2026-04-23T18:05:10.792+0000] {dag.py:3118} INFO - Creating ORM DAG for stock_pipeline
[2026-04-23T18:05:10.802+0000] {logging_mixin.py:188} INFO - [2026-04-23T18:05:10.801+0000] {dag.py:3954} INFO - Setting next_dagrun for stock_pipeline to 2026-04-22 06:00:00+00:00, run_after=2026-04-23 06:00:00+00:00
[2026-04-23T18:05:10.826+0000] {processor.py:183} INFO - Processing /opt/airflow/dags/stock_pipeline_dag.py took 0.338 seconds
[2026-04-23T18:05:41.177+0000] {processor.py:161} INFO - Started process (PID=173) to work on /opt/airflow/dags/stock_pipeline_dag.py
[2026-04-23T18:05:41.180+0000] {processor.py:830} INFO - Processing file /opt/airflow/dags/stock_pipeline_dag.py for tasks to queue
[2026-04-23T18:05:41.182+0000] {logging_mixin.py:188} INFO - [2026-04-23T18:05:41.182+0000] {dagbag.py:540} INFO - Filling up the DagBag from /opt/airflow/dags/stock_pipeline_dag.py
[2026-04-23T18:05:41.226+0000] {processor.py:840} INFO - DAG(s) 'stock_pipeline' retrieved from /opt/airflow/dags/stock_pipeline_dag.py
[2026-04-23T18:05:41.253+0000] {logging_mixin.py:188} INFO - [2026-04-23T18:05:41.252+0000] {dag.py:3096} INFO - Sync 1 DAGs
[2026-04-23T18:05:41.272+0000] {logging_mixin.py:188} INFO - [2026-04-23T18:05:41.272+0000] {dag.py:3954} INFO - Setting next_dagrun for stock_pipeline to 2026-04-22 06:00:00+00:00, run_after=2026-04-23 06:00:00+00:00
[2026-04-23T18:05:41.292+0000] {processor.py:183} INFO - Processing /opt/airflow/dags/stock_pipeline_dag.py took 0.123 seconds
[2026-04-23T18:07:03.746+0000] {processor.py:161} INFO - Started process (PID=168) to work on /opt/airflow/dags/stock_pipeline_dag.py
[2026-04-23T18:07:03.747+0000] {processor.py:830} INFO - Processing file /opt/airflow/dags/stock_pipeline_dag.py for tasks to queue
[2026-04-23T18:07:03.750+0000] {logging_mixin.py:188} INFO - [2026-04-23T18:07:03.749+0000] {dagbag.py:540} INFO - Filling up the DagBag from /opt/airflow/dags/stock_pipeline_dag.py
[2026-04-23T18:07:03.791+0000] {processor.py:840} INFO - DAG(s) 'stock_pipeline' retrieved from /opt/airflow/dags/stock_pipeline_dag.py
[2026-04-23T18:07:03.821+0000] {logging_mixin.py:188} INFO - [2026-04-23T18:07:03.820+0000] {dag.py:3096} INFO - Sync 1 DAGs
[2026-04-23T18:07:03.843+0000] {logging_mixin.py:188} INFO - [2026-04-23T18:07:03.842+0000] {dag.py:3954} INFO - Setting next_dagrun for stock_pipeline to 2026-04-22 06:00:00+00:00, run_after=2026-04-23 06:00:00+00:00
[2026-04-23T18:07:03.861+0000] {processor.py:183} INFO - Processing /opt/airflow/dags/stock_pipeline_dag.py took 0.121 seconds
[2026-04-23T18:07:34.087+0000] {processor.py:161} INFO - Started process (PID=173) to work on /opt/airflow/dags/stock_pipeline_dag.py
[2026-04-23T18:07:34.088+0000] {processor.py:830} INFO - Processing file /opt/airflow/dags/stock_pipeline_dag.py for tasks to queue
[2026-04-23T18:07:34.090+0000] {logging_mixin.py:188} INFO - [2026-04-23T18:07:34.090+0000] {dagbag.py:540} INFO - Filling up the DagBag from /opt/airflow/dags/stock_pipeline_dag.py
[2026-04-23T18:07:34.152+0000] {processor.py:840} INFO - DAG(s) 'stock_pipeline' retrieved from /opt/airflow/dags/stock_pipeline_dag.py
[2026-04-23T18:07:34.387+0000] {logging_mixin.py:188} INFO - [2026-04-23T18:07:34.387+0000] {dag.py:3096} INFO - Sync 1 DAGs
[2026-04-23T18:07:34.405+0000] {logging_mixin.py:188} INFO - [2026-04-23T18:07:34.405+0000] {dag.py:3954} INFO - Setting next_dagrun for stock_pipeline to 2026-04-22 06:00:00+00:00, run_after=2026-04-23 06:00:00+00:00
[2026-04-23T18:07:34.430+0000] {processor.py:183} INFO - Processing /opt/airflow/dags/stock_pipeline_dag.py took 0.349 seconds
[2026-04-23T18:08:04.801+0000] {processor.py:161} INFO - Started process (PID=200) to work on /opt/airflow/dags/stock_pipeline_dag.py
[2026-04-23T18:08:04.803+0000] {processor.py:830} INFO - Processing file /opt/airflow/dags/stock_pipeline_dag.py for tasks to queue
[2026-04-23T18:08:04.807+0000] {logging_mixin.py:188} INFO - [2026-04-23T18:08:04.807+0000] {dagbag.py:540} INFO - Filling up the DagBag from /opt/airflow/dags/stock_pipeline_dag.py
[2026-04-23T18:08:04.887+0000] {processor.py:840} INFO - DAG(s) 'stock_pipeline' retrieved from /opt/airflow/dags/stock_pipeline_dag.py
[2026-04-23T18:08:05.005+0000] {logging_mixin.py:188} INFO - [2026-04-23T18:08:05.005+0000] {dag.py:3096} INFO - Sync 1 DAGs
[2026-04-23T18:08:05.051+0000] {logging_mixin.py:188} INFO - [2026-04-23T18:08:05.051+0000] {dag.py:3954} INFO - Setting next_dagrun for stock_pipeline to 2026-04-23 06:00:00+00:00, run_after=2026-04-24 06:00:00+00:00
[2026-04-23T18:08:05.090+0000] {processor.py:183} INFO - Processing /opt/airflow/dags/stock_pipeline_dag.py took 0.297 seconds
[2026-04-23T18:08:35.470+0000] {processor.py:161} INFO - Started process (PID=241) to work on /opt/airflow/dags/stock_pipeline_dag.py
[2026-04-23T18:08:35.473+0000] {processor.py:830} INFO - Processing file /opt/airflow/dags/stock_pipeline_dag.py for tasks to queue
[2026-04-23T18:08:35.477+0000] {logging_mixin.py:188} INFO - [2026-04-23T18:08:35.476+0000] {dagbag.py:540} INFO - Filling up the DagBag from /opt/airflow/dags/stock_pipeline_dag.py
[2026-04-23T18:08:35.559+0000] {processor.py:840} INFO - DAG(s) 'stock_pipeline' retrieved from /opt/airflow/dags/stock_pipeline_dag.py
[2026-04-23T18:08:35.654+0000] {logging_mixin.py:188} INFO - [2026-04-23T18:08:35.654+0000] {dag.py:3096} INFO - Sync 1 DAGs
[2026-04-23T18:08:35.672+0000] {logging_mixin.py:188} INFO - [2026-04-23T18:08:35.672+0000] {dag.py:3954} INFO - Setting next_dagrun for stock_pipeline to 2026-04-23 06:00:00+00:00, run_after=2026-04-24 06:00:00+00:00
[2026-04-23T18:08:35.700+0000] {processor.py:183} INFO - Processing /opt/airflow/dags/stock_pipeline_dag.py took 0.243 seconds
[2026-04-23T18:09:05.868+0000] {processor.py:161} INFO - Started process (PID=246) to work on /opt/airflow/dags/stock_pipeline_dag.py
[2026-04-23T18:09:05.869+0000] {processor.py:830} INFO - Processing file /opt/airflow/dags/stock_pipeline_dag.py for tasks to queue
[2026-04-23T18:09:05.872+0000] {logging_mixin.py:188} INFO - [2026-04-23T18:09:05.871+0000] {dagbag.py:540} INFO - Filling up the DagBag from /opt/airflow/dags/stock_pipeline_dag.py
[2026-04-23T18:09:05.918+0000] {processor.py:840} INFO - DAG(s) 'stock_pipeline' retrieved from /opt/airflow/dags/stock_pipeline_dag.py
[2026-04-23T18:09:05.944+0000] {logging_mixin.py:188} INFO - [2026-04-23T18:09:05.943+0000] {dag.py:3096} INFO - Sync 1 DAGs
[2026-04-23T18:09:05.964+0000] {logging_mixin.py:188} INFO - [2026-04-23T18:09:05.963+0000] {dag.py:3954} INFO - Setting next_dagrun for stock_pipeline to 2026-04-23 06:00:00+00:00, run_after=2026-04-24 06:00:00+00:00
[2026-04-23T18:09:05.986+0000] {processor.py:183} INFO - Processing /opt/airflow/dags/stock_pipeline_dag.py took 0.128 seconds
[2026-04-23T18:09:36.177+0000] {processor.py:161} INFO - Started process (PID=251) to work on /opt/airflow/dags/stock_pipeline_dag.py
[2026-04-23T18:09:36.178+0000] {processor.py:830} INFO - Processing file /opt/airflow/dags/stock_pipeline_dag.py for tasks to queue
[2026-04-23T18:09:36.180+0000] {logging_mixin.py:188} INFO - [2026-04-23T18:09:36.180+0000] {dagbag.py:540} INFO - Filling up the DagBag from /opt/airflow/dags/stock_pipeline_dag.py
[2026-04-23T18:09:36.217+0000] {processor.py:840} INFO - DAG(s) 'stock_pipeline' retrieved from /opt/airflow/dags/stock_pipeline_dag.py
[2026-04-23T18:09:36.243+0000] {logging_mixin.py:188} INFO - [2026-04-23T18:09:36.243+0000] {dag.py:3096} INFO - Sync 1 DAGs
[2026-04-23T18:09:36.261+0000] {logging_mixin.py:188} INFO - [2026-04-23T18:09:36.261+0000] {dag.py:3954} INFO - Setting next_dagrun for stock_pipeline to 2026-04-23 06:00:00+00:00, run_after=2026-04-24 06:00:00+00:00
[2026-04-23T18:09:36.283+0000] {processor.py:183} INFO - Processing /opt/airflow/dags/stock_pipeline_dag.py took 0.111 seconds
[2026-04-23T18:10:06.702+0000] {processor.py:161} INFO - Started process (PID=256) to work on /opt/airflow/dags/stock_pipeline_dag.py
[2026-04-23T18:10:06.704+0000] {processor.py:830} INFO - Processing file /opt/airflow/dags/stock_pipeline_dag.py for tasks to queue
[2026-04-23T18:10:06.707+0000] {logging_mixin.py:188} INFO - [2026-04-23T18:10:06.706+0000] {dagbag.py:540} INFO - Filling up the DagBag from /opt/airflow/dags/stock_pipeline_dag.py
[2026-04-23T18:10:06.759+0000] {processor.py:840} INFO - DAG(s) 'stock_pipeline' retrieved from /opt/airflow/dags/stock_pipeline_dag.py
[2026-04-23T18:10:06.788+0000] {logging_mixin.py:188} INFO - [2026-04-23T18:10:06.788+0000] {dag.py:3096} INFO - Sync 1 DAGs
[2026-04-23T18:10:06.808+0000] {logging_mixin.py:188} INFO - [2026-04-23T18:10:06.808+0000] {dag.py:3954} INFO - Setting next_dagrun for stock_pipeline to 2026-04-23 06:00:00+00:00, run_after=2026-04-24 06:00:00+00:00
[2026-04-23T18:10:06.828+0000] {processor.py:183} INFO - Processing /opt/airflow/dags/stock_pipeline_dag.py took 0.132 seconds
[2026-04-23T18:10:37.049+0000] {processor.py:161} INFO - Started process (PID=261) to work on /opt/airflow/dags/stock_pipeline_dag.py
[2026-04-23T18:10:37.050+0000] {processor.py:830} INFO - Processing file /opt/airflow/dags/stock_pipeline_dag.py for tasks to queue
[2026-04-23T18:10:37.052+0000] {logging_mixin.py:188} INFO - [2026-04-23T18:10:37.052+0000] {dagbag.py:540} INFO - Filling up the DagBag from /opt/airflow/dags/stock_pipeline_dag.py
[2026-04-23T18:10:37.095+0000] {processor.py:840} INFO - DAG(s) 'stock_pipeline' retrieved from /opt/airflow/dags/stock_pipeline_dag.py
[2026-04-23T18:10:37.121+0000] {logging_mixin.py:188} INFO - [2026-04-23T18:10:37.121+0000] {dag.py:3096} INFO - Sync 1 DAGs
[2026-04-23T18:10:37.146+0000] {logging_mixin.py:188} INFO - [2026-04-23T18:10:37.146+0000] {dag.py:3954} INFO - Setting next_dagrun for stock_pipeline to 2026-04-23 06:00:00+00:00, run_after=2026-04-24 06:00:00+00:00
[2026-04-23T18:10:37.170+0000] {processor.py:183} INFO - Processing /opt/airflow/dags/stock_pipeline_dag.py took 0.126 seconds
[2026-04-23T18:11:07.565+0000] {processor.py:161} INFO - Started process (PID=266) to work on /opt/airflow/dags/stock_pipeline_dag.py
[2026-04-23T18:11:07.567+0000] {processor.py:830} INFO - Processing file /opt/airflow/dags/stock_pipeline_dag.py for tasks to queue
[2026-04-23T18:11:07.569+0000] {logging_mixin.py:188} INFO - [2026-04-23T18:11:07.569+0000] {dagbag.py:540} INFO - Filling up the DagBag from /opt/airflow/dags/stock_pipeline_dag.py
[2026-04-23T18:11:07.635+0000] {processor.py:840} INFO - DAG(s) 'stock_pipeline' retrieved from /opt/airflow/dags/stock_pipeline_dag.py
[2026-04-23T18:11:07.724+0000] {logging_mixin.py:188} INFO - [2026-04-23T18:11:07.724+0000] {dag.py:3096} INFO - Sync 1 DAGs
[2026-04-23T18:11:07.750+0000] {logging_mixin.py:188} INFO - [2026-04-23T18:11:07.749+0000] {dag.py:3954} INFO - Setting next_dagrun for stock_pipeline to 2026-04-23 06:00:00+00:00, run_after=2026-04-24 06:00:00+00:00
[2026-04-23T18:11:07.779+0000] {processor.py:183} INFO - Processing /opt/airflow/dags/stock_pipeline_dag.py took 0.222 seconds
[2026-04-23T18:16:31.996+0000] {processor.py:161} INFO - Started process (PID=168) to work on /opt/airflow/dags/stock_pipeline_dag.py
[2026-04-23T18:16:31.998+0000] {processor.py:830} INFO - Processing file /opt/airflow/dags/stock_pipeline_dag.py for tasks to queue
[2026-04-23T18:16:32.000+0000] {logging_mixin.py:188} INFO - [2026-04-23T18:16:32.000+0000] {dagbag.py:540} INFO - Filling up the DagBag from /opt/airflow/dags/stock_pipeline_dag.py
[2026-04-23T18:16:32.042+0000] {processor.py:840} INFO - DAG(s) 'stock_pipeline' retrieved from /opt/airflow/dags/stock_pipeline_dag.py
[2026-04-23T18:16:32.076+0000] {logging_mixin.py:188} INFO - [2026-04-23T18:16:32.075+0000] {dag.py:3096} INFO - Sync 1 DAGs
[2026-04-23T18:16:32.099+0000] {logging_mixin.py:188} INFO - [2026-04-23T18:16:32.099+0000] {dag.py:3954} INFO - Setting next_dagrun for stock_pipeline to 2026-04-22 06:00:00+00:00, run_after=2026-04-23 06:00:00+00:00
[2026-04-23T18:16:32.125+0000] {processor.py:183} INFO - Processing /opt/airflow/dags/stock_pipeline_dag.py took 0.134 seconds
[2026-04-23T18:17:02.346+0000] {processor.py:161} INFO - Started process (PID=176) to work on /opt/airflow/dags/stock_pipeline_dag.py
[2026-04-23T18:17:02.348+0000] {processor.py:830} INFO - Processing file /opt/airflow/dags/stock_pipeline_dag.py for tasks to queue
[2026-04-23T18:17:02.352+0000] {logging_mixin.py:188} INFO - [2026-04-23T18:17:02.351+0000] {dagbag.py:540} INFO - Filling up the DagBag from /opt/airflow/dags/stock_pipeline_dag.py
[2026-04-23T18:17:02.421+0000] {processor.py:840} INFO - DAG(s) 'stock_pipeline' retrieved from /opt/airflow/dags/stock_pipeline_dag.py
[2026-04-23T18:17:02.635+0000] {logging_mixin.py:188} INFO - [2026-04-23T18:17:02.635+0000] {dag.py:3096} INFO - Sync 1 DAGs
[2026-04-23T18:17:02.657+0000] {logging_mixin.py:188} INFO - [2026-04-23T18:17:02.657+0000] {dag.py:3954} INFO - Setting next_dagrun for stock_pipeline to 2026-04-23 06:00:00+00:00, run_after=2026-04-24 06:00:00+00:00
[2026-04-23T18:17:02.680+0000] {processor.py:183} INFO - Processing /opt/airflow/dags/stock_pipeline_dag.py took 0.347 seconds
[2026-04-23T18:17:33.088+0000] {processor.py:161} INFO - Started process (PID=198) to work on /opt/airflow/dags/stock_pipeline_dag.py
[2026-04-23T18:17:33.090+0000] {processor.py:830} INFO - Processing file /opt/airflow/dags/stock_pipeline_dag.py for tasks to queue
[2026-04-23T18:17:33.094+0000] {logging_mixin.py:188} INFO - [2026-04-23T18:17:33.094+0000] {dagbag.py:540} INFO - Filling up the DagBag from /opt/airflow/dags/stock_pipeline_dag.py
[2026-04-23T18:17:33.139+0000] {processor.py:840} INFO - DAG(s) 'stock_pipeline' retrieved from /opt/airflow/dags/stock_pipeline_dag.py
[2026-04-23T18:17:33.165+0000] {logging_mixin.py:188} INFO - [2026-04-23T18:17:33.165+0000] {dag.py:3096} INFO - Sync 1 DAGs
[2026-04-23T18:17:33.192+0000] {logging_mixin.py:188} INFO - [2026-04-23T18:17:33.192+0000] {dag.py:3954} INFO - Setting next_dagrun for stock_pipeline to 2026-04-23 06:00:00+00:00, run_after=2026-04-24 06:00:00+00:00
[2026-04-23T18:17:33.212+0000] {processor.py:183} INFO - Processing /opt/airflow/dags/stock_pipeline_dag.py took 0.135 seconds
[2026-04-23T18:18:03.372+0000] {processor.py:161} INFO - Started process (PID=206) to work on /opt/airflow/dags/stock_pipeline_dag.py
[2026-04-23T18:18:03.373+0000] {processor.py:830} INFO - Processing file /opt/airflow/dags/stock_pipeline_dag.py for tasks to queue
[2026-04-23T18:18:03.375+0000] {logging_mixin.py:188} INFO - [2026-04-23T18:18:03.375+0000] {dagbag.py:540} INFO - Filling up the DagBag from /opt/airflow/dags/stock_pipeline_dag.py
[2026-04-23T18:18:03.407+0000] {processor.py:840} INFO - DAG(s) 'stock_pipeline' retrieved from /opt/airflow/dags/stock_pipeline_dag.py
[2026-04-23T18:18:03.441+0000] {logging_mixin.py:188} INFO - [2026-04-23T18:18:03.441+0000] {dag.py:3096} INFO - Sync 1 DAGs
[2026-04-23T18:18:03.464+0000] {logging_mixin.py:188} INFO - [2026-04-23T18:18:03.464+0000] {dag.py:3954} INFO - Setting next_dagrun for stock_pipeline to 2026-04-23 06:00:00+00:00, run_after=2026-04-24 06:00:00+00:00
[2026-04-23T18:18:03.483+0000] {processor.py:183} INFO - Processing /opt/airflow/dags/stock_pipeline_dag.py took 0.118 seconds
[2026-04-23T18:18:33.797+0000] {processor.py:161} INFO - Started process (PID=211) to work on /opt/airflow/dags/stock_pipeline_dag.py
[2026-04-23T18:18:33.798+0000] {processor.py:830} INFO - Processing file /opt/airflow/dags/stock_pipeline_dag.py for tasks to queue
[2026-04-23T18:18:33.800+0000] {logging_mixin.py:188} INFO - [2026-04-23T18:18:33.800+0000] {dagbag.py:540} INFO - Filling up the DagBag from /opt/airflow/dags/stock_pipeline_dag.py
[2026-04-23T18:18:33.835+0000] {processor.py:840} INFO - DAG(s) 'stock_pipeline' retrieved from /opt/airflow/dags/stock_pipeline_dag.py
[2026-04-23T18:18:33.859+0000] {logging_mixin.py:188} INFO - [2026-04-23T18:18:33.858+0000] {dag.py:3096} INFO - Sync 1 DAGs
[2026-04-23T18:18:33.892+0000] {logging_mixin.py:188} INFO - [2026-04-23T18:18:33.891+0000] {dag.py:3954} INFO - Setting next_dagrun for stock_pipeline to 2026-04-23 06:00:00+00:00, run_after=2026-04-24 06:00:00+00:00
[2026-04-23T18:18:33.915+0000] {processor.py:183} INFO - Processing /opt/airflow/dags/stock_pipeline_dag.py took 0.123 seconds
[2026-04-23T18:19:04.079+0000] {processor.py:161} INFO - Started process (PID=216) to work on /opt/airflow/dags/stock_pipeline_dag.py
[2026-04-23T18:19:04.080+0000] {processor.py:830} INFO - Processing file /opt/airflow/dags/stock_pipeline_dag.py for tasks to queue
[2026-04-23T18:19:04.082+0000] {logging_mixin.py:188} INFO - [2026-04-23T18:19:04.082+0000] {dagbag.py:540} INFO - Filling up the DagBag from /opt/airflow/dags/stock_pipeline_dag.py
[2026-04-23T18:19:04.129+0000] {processor.py:840} INFO - DAG(s) 'stock_pipeline' retrieved from /opt/airflow/dags/stock_pipeline_dag.py
[2026-04-23T18:19:04.159+0000] {logging_mixin.py:188} INFO - [2026-04-23T18:19:04.159+0000] {dag.py:3096} INFO - Sync 1 DAGs
[2026-04-23T18:19:04.177+0000] {logging_mixin.py:188} INFO - [2026-04-23T18:19:04.177+0000] {dag.py:3954} INFO - Setting next_dagrun for stock_pipeline to 2026-04-23 06:00:00+00:00, run_after=2026-04-24 06:00:00+00:00
[2026-04-23T18:19:04.199+0000] {processor.py:183} INFO - Processing /opt/airflow/dags/stock_pipeline_dag.py took 0.127 seconds
[2026-04-23T18:19:34.548+0000] {processor.py:161} INFO - Started process (PID=221) to work on /opt/airflow/dags/stock_pipeline_dag.py
[2026-04-23T18:19:34.549+0000] {processor.py:830} INFO - Processing file /opt/airflow/dags/stock_pipeline_dag.py for tasks to queue
[2026-04-23T18:19:34.551+0000] {logging_mixin.py:188} INFO - [2026-04-23T18:19:34.551+0000] {dagbag.py:540} INFO - Filling up the DagBag from /opt/airflow/dags/stock_pipeline_dag.py
[2026-04-23T18:19:34.581+0000] {processor.py:840} INFO - DAG(s) 'stock_pipeline' retrieved from /opt/airflow/dags/stock_pipeline_dag.py
[2026-04-23T18:19:34.610+0000] {logging_mixin.py:188} INFO - [2026-04-23T18:19:34.610+0000] {dag.py:3096} INFO - Sync 1 DAGs
[2026-04-23T18:19:34.636+0000] {logging_mixin.py:188} INFO - [2026-04-23T18:19:34.636+0000] {dag.py:3954} INFO - Setting next_dagrun for stock_pipeline to 2026-04-23 06:00:00+00:00, run_after=2026-04-24 06:00:00+00:00
[2026-04-23T18:19:34.658+0000] {processor.py:183} INFO - Processing /opt/airflow/dags/stock_pipeline_dag.py took 0.117 seconds
[2026-04-23T18:20:04.911+0000] {processor.py:161} INFO - Started process (PID=226) to work on /opt/airflow/dags/stock_pipeline_dag.py
[2026-04-23T18:20:04.914+0000] {processor.py:830} INFO - Processing file /opt/airflow/dags/stock_pipeline_dag.py for tasks to queue
[2026-04-23T18:20:04.917+0000] {logging_mixin.py:188} INFO - [2026-04-23T18:20:04.916+0000] {dagbag.py:540} INFO - Filling up the DagBag from /opt/airflow/dags/stock_pipeline_dag.py
[2026-04-23T18:20:04.975+0000] {processor.py:840} INFO - DAG(s) 'stock_pipeline' retrieved from /opt/airflow/dags/stock_pipeline_dag.py
[2026-04-23T18:20:05.010+0000] {logging_mixin.py:188} INFO - [2026-04-23T18:20:05.010+0000] {dag.py:3096} INFO - Sync 1 DAGs
[2026-04-23T18:20:05.038+0000] {logging_mixin.py:188} INFO - [2026-04-23T18:20:05.038+0000] {dag.py:3954} INFO - Setting next_dagrun for stock_pipeline to 2026-04-23 06:00:00+00:00, run_after=2026-04-24 06:00:00+00:00
[2026-04-23T18:20:05.071+0000] {processor.py:183} INFO - Processing /opt/airflow/dags/stock_pipeline_dag.py took 0.169 seconds
[2026-04-23T18:20:35.306+0000] {processor.py:161} INFO - Started process (PID=231) to work on /opt/airflow/dags/stock_pipeline_dag.py
[2026-04-23T18:20:35.307+0000] {processor.py:830} INFO - Processing file /opt/airflow/dags/stock_pipeline_dag.py for tasks to queue
[2026-04-23T18:20:35.314+0000] {logging_mixin.py:188} INFO - [2026-04-23T18:20:35.312+0000] {dagbag.py:540} INFO - Filling up the DagBag from /opt/airflow/dags/stock_pipeline_dag.py
[2026-04-23T18:20:35.362+0000] {processor.py:840} INFO - DAG(s) 'stock_pipeline' retrieved from /opt/airflow/dags/stock_pipeline_dag.py
[2026-04-23T18:20:35.409+0000] {logging_mixin.py:188} INFO - [2026-04-23T18:20:35.409+0000] {dag.py:3096} INFO - Sync 1 DAGs
[2026-04-23T18:20:35.448+0000] {logging_mixin.py:188} INFO - [2026-04-23T18:20:35.447+0000] {dag.py:3954} INFO - Setting next_dagrun for stock_pipeline to 2026-04-23 06:00:00+00:00, run_after=2026-04-24 06:00:00+00:00
[2026-04-23T18:20:35.493+0000] {processor.py:183} INFO - Processing /opt/airflow/dags/stock_pipeline_dag.py took 0.194 seconds
[2026-04-23T18:20:54.684+0000] {processor.py:161} INFO - Started process (PID=236) to work on /opt/airflow/dags/stock_pipeline_dag.py
[2026-04-23T18:20:54.687+0000] {processor.py:830} INFO - Processing file /opt/airflow/dags/stock_pipeline_dag.py for tasks to queue
[2026-04-23T18:20:54.692+0000] {logging_mixin.py:188} INFO - [2026-04-23T18:20:54.691+0000] {dagbag.py:540} INFO - Filling up the DagBag from /opt/airflow/dags/stock_pipeline_dag.py
[2026-04-23T18:20:54.753+0000] {processor.py:840} INFO - DAG(s) 'stock_pipeline' retrieved from /opt/airflow/dags/stock_pipeline_dag.py
[2026-04-23T18:20:54.853+0000] {logging_mixin.py:188} INFO - [2026-04-23T18:20:54.852+0000] {dag.py:3096} INFO - Sync 1 DAGs
[2026-04-23T18:20:54.874+0000] {logging_mixin.py:188} INFO - [2026-04-23T18:20:54.874+0000] {dag.py:3954} INFO - Setting next_dagrun for stock_pipeline to 2026-04-23 06:00:00+00:00, run_after=2026-04-24 06:00:00+00:00
[2026-04-23T18:20:54.898+0000] {processor.py:183} INFO - Processing /opt/airflow/dags/stock_pipeline_dag.py took 0.227 seconds
[2026-04-23T18:21:25.100+0000] {processor.py:161} INFO - Started process (PID=241) to work on /opt/airflow/dags/stock_pipeline_dag.py
[2026-04-23T18:21:25.103+0000] {processor.py:830} INFO - Processing file /opt/airflow/dags/stock_pipeline_dag.py for tasks to queue
[2026-04-23T18:21:25.107+0000] {logging_mixin.py:188} INFO - [2026-04-23T18:21:25.106+0000] {dagbag.py:540} INFO - Filling up the DagBag from /opt/airflow/dags/stock_pipeline_dag.py
[2026-04-23T18:21:25.164+0000] {processor.py:840} INFO - DAG(s) 'stock_pipeline' retrieved from /opt/airflow/dags/stock_pipeline_dag.py
[2026-04-23T18:21:25.199+0000] {logging_mixin.py:188} INFO - [2026-04-23T18:21:25.199+0000] {dag.py:3096} INFO - Sync 1 DAGs
[2026-04-23T18:21:25.239+0000] {logging_mixin.py:188} INFO - [2026-04-23T18:21:25.238+0000] {dag.py:3954} INFO - Setting next_dagrun for stock_pipeline to 2026-04-23 06:00:00+00:00, run_after=2026-04-24 06:00:00+00:00
[2026-04-23T18:21:25.269+0000] {processor.py:183} INFO - Processing /opt/airflow/dags/stock_pipeline_dag.py took 0.181 seconds
[2026-04-23T18:21:55.752+0000] {processor.py:161} INFO - Started process (PID=246) to work on /opt/airflow/dags/stock_pipeline_dag.py
[2026-04-23T18:21:55.754+0000] {processor.py:830} INFO - Processing file /opt/airflow/dags/stock_pipeline_dag.py for tasks to queue
[2026-04-23T18:21:55.757+0000] {logging_mixin.py:188} INFO - [2026-04-23T18:21:55.756+0000] {dagbag.py:540} INFO - Filling up the DagBag from /opt/airflow/dags/stock_pipeline_dag.py
[2026-04-23T18:21:55.807+0000] {processor.py:840} INFO - DAG(s) 'stock_pipeline' retrieved from /opt/airflow/dags/stock_pipeline_dag.py
[2026-04-23T18:21:55.838+0000] {logging_mixin.py:188} INFO - [2026-04-23T18:21:55.838+0000] {dag.py:3096} INFO - Sync 1 DAGs
[2026-04-23T18:21:55.860+0000] {logging_mixin.py:188} INFO - [2026-04-23T18:21:55.860+0000] {dag.py:3954} INFO - Setting next_dagrun for stock_pipeline to 2026-04-23 06:00:00+00:00, run_after=2026-04-24 06:00:00+00:00
[2026-04-23T18:21:55.886+0000] {processor.py:183} INFO - Processing /opt/airflow/dags/stock_pipeline_dag.py took 0.144 seconds
[2026-04-23T18:22:26.055+0000] {processor.py:161} INFO - Started process (PID=254) to work on /opt/airflow/dags/stock_pipeline_dag.py
[2026-04-23T18:22:26.056+0000] {processor.py:830} INFO - Processing file /opt/airflow/dags/stock_pipeline_dag.py for tasks to queue
[2026-04-23T18:22:26.058+0000] {logging_mixin.py:188} INFO - [2026-04-23T18:22:26.058+0000] {dagbag.py:540} INFO - Filling up the DagBag from /opt/airflow/dags/stock_pipeline_dag.py
[2026-04-23T18:22:26.114+0000] {processor.py:840} INFO - DAG(s) 'stock_pipeline' retrieved from /opt/airflow/dags/stock_pipeline_dag.py
[2026-04-23T18:22:26.145+0000] {logging_mixin.py:188} INFO - [2026-04-23T18:22:26.144+0000] {dag.py:3096} INFO - Sync 1 DAGs
[2026-04-23T18:22:26.165+0000] {logging_mixin.py:188} INFO - [2026-04-23T18:22:26.165+0000] {dag.py:3954} INFO - Setting next_dagrun for stock_pipeline to 2026-04-23 06:00:00+00:00, run_after=2026-04-24 06:00:00+00:00
[2026-04-23T18:22:26.186+0000] {processor.py:183} INFO - Processing /opt/airflow/dags/stock_pipeline_dag.py took 0.137 seconds
[2026-04-23T18:22:56.478+0000] {processor.py:161} INFO - Started process (PID=304) to work on /opt/airflow/dags/stock_pipeline_dag.py
[2026-04-23T18:22:56.479+0000] {processor.py:830} INFO - Processing file /opt/airflow/dags/stock_pipeline_dag.py for tasks to queue
[2026-04-23T18:22:56.481+0000] {logging_mixin.py:188} INFO - [2026-04-23T18:22:56.481+0000] {dagbag.py:540} INFO - Filling up the DagBag from /opt/airflow/dags/stock_pipeline_dag.py
[2026-04-23T18:22:56.527+0000] {processor.py:840} INFO - DAG(s) 'stock_pipeline' retrieved from /opt/airflow/dags/stock_pipeline_dag.py
[2026-04-23T18:22:56.551+0000] {logging_mixin.py:188} INFO - [2026-04-23T18:22:56.551+0000] {dag.py:3096} INFO - Sync 1 DAGs
[2026-04-23T18:22:56.573+0000] {logging_mixin.py:188} INFO - [2026-04-23T18:22:56.573+0000] {dag.py:3954} INFO - Setting next_dagrun for stock_pipeline to 2026-04-23 06:00:00+00:00, run_after=2026-04-24 06:00:00+00:00
[2026-04-23T18:22:56.599+0000] {processor.py:183} INFO - Processing /opt/airflow/dags/stock_pipeline_dag.py took 0.125 seconds
[2026-04-23T18:23:26.854+0000] {processor.py:161} INFO - Started process (PID=309) to work on /opt/airflow/dags/stock_pipeline_dag.py
[2026-04-23T18:23:26.856+0000] {processor.py:830} INFO - Processing file /opt/airflow/dags/stock_pipeline_dag.py for tasks to queue
[2026-04-23T18:23:26.858+0000] {logging_mixin.py:188} INFO - [2026-04-23T18:23:26.858+0000] {dagbag.py:540} INFO - Filling up the DagBag from /opt/airflow/dags/stock_pipeline_dag.py
[2026-04-23T18:23:26.921+0000] {processor.py:840} INFO - DAG(s) 'stock_pipeline' retrieved from /opt/airflow/dags/stock_pipeline_dag.py
[2026-04-23T18:23:26.961+0000] {logging_mixin.py:188} INFO - [2026-04-23T18:23:26.961+0000] {dag.py:3096} INFO - Sync 1 DAGs
[2026-04-23T18:23:26.984+0000] {logging_mixin.py:188} INFO - [2026-04-23T18:23:26.984+0000] {dag.py:3954} INFO - Setting next_dagrun for stock_pipeline to 2026-04-23 06:00:00+00:00, run_after=2026-04-24 06:00:00+00:00
[2026-04-23T18:23:27.008+0000] {processor.py:183} INFO - Processing /opt/airflow/dags/stock_pipeline_dag.py took 0.162 seconds
[2026-04-23T18:23:57.380+0000] {processor.py:161} INFO - Started process (PID=314) to work on /opt/airflow/dags/stock_pipeline_dag.py
[2026-04-23T18:23:57.383+0000] {processor.py:830} INFO - Processing file /opt/airflow/dags/stock_pipeline_dag.py for tasks to queue
[2026-04-23T18:23:57.387+0000] {logging_mixin.py:188} INFO - [2026-04-23T18:23:57.386+0000] {dagbag.py:540} INFO - Filling up the DagBag from /opt/airflow/dags/stock_pipeline_dag.py
[2026-04-23T18:23:57.448+0000] {processor.py:840} INFO - DAG(s) 'stock_pipeline' retrieved from /opt/airflow/dags/stock_pipeline_dag.py
[2026-04-23T18:23:57.474+0000] {logging_mixin.py:188} INFO - [2026-04-23T18:23:57.474+0000] {dag.py:3096} INFO - Sync 1 DAGs
[2026-04-23T18:23:57.497+0000] {logging_mixin.py:188} INFO - [2026-04-23T18:23:57.497+0000] {dag.py:3954} INFO - Setting next_dagrun for stock_pipeline to 2026-04-23 06:00:00+00:00, run_after=2026-04-24 06:00:00+00:00
[2026-04-23T18:23:57.522+0000] {processor.py:183} INFO - Processing /opt/airflow/dags/stock_pipeline_dag.py took 0.155 seconds
[2026-04-23T18:24:27.730+0000] {processor.py:161} INFO - Started process (PID=319) to work on /opt/airflow/dags/stock_pipeline_dag.py
[2026-04-23T18:24:27.731+0000] {processor.py:830} INFO - Processing file /opt/airflow/dags/stock_pipeline_dag.py for tasks to queue
[2026-04-23T18:24:27.733+0000] {logging_mixin.py:188} INFO - [2026-04-23T18:24:27.733+0000] {dagbag.py:540} INFO - Filling up the DagBag from /opt/airflow/dags/stock_pipeline_dag.py
[2026-04-23T18:24:27.772+0000] {processor.py:840} INFO - DAG(s) 'stock_pipeline' retrieved from /opt/airflow/dags/stock_pipeline_dag.py
[2026-04-23T18:24:27.799+0000] {logging_mixin.py:188} INFO - [2026-04-23T18:24:27.798+0000] {dag.py:3096} INFO - Sync 1 DAGs
[2026-04-23T18:24:27.819+0000] {logging_mixin.py:188} INFO - [2026-04-23T18:24:27.819+0000] {dag.py:3954} INFO - Setting next_dagrun for stock_pipeline to 2026-04-23 06:00:00+00:00, run_after=2026-04-24 06:00:00+00:00
[2026-04-23T18:24:27.841+0000] {processor.py:183} INFO - Processing /opt/airflow/dags/stock_pipeline_dag.py took 0.118 seconds
[2026-04-23T18:24:58.246+0000] {processor.py:161} INFO - Started process (PID=352) to work on /opt/airflow/dags/stock_pipeline_dag.py
[2026-04-23T18:24:58.248+0000] {processor.py:830} INFO - Processing file /opt/airflow/dags/stock_pipeline_dag.py for tasks to queue
[2026-04-23T18:24:58.251+0000] {logging_mixin.py:188} INFO - [2026-04-23T18:24:58.250+0000] {dagbag.py:540} INFO - Filling up the DagBag from /opt/airflow/dags/stock_pipeline_dag.py
[2026-04-23T18:24:58.331+0000] {processor.py:840} INFO - DAG(s) 'stock_pipeline' retrieved from /opt/airflow/dags/stock_pipeline_dag.py
[2026-04-23T18:24:58.360+0000] {logging_mixin.py:188} INFO - [2026-04-23T18:24:58.359+0000] {dag.py:3096} INFO - Sync 1 DAGs
[2026-04-23T18:24:58.383+0000] {logging_mixin.py:188} INFO - [2026-04-23T18:24:58.383+0000] {dag.py:3954} INFO - Setting next_dagrun for stock_pipeline to 2026-04-23 06:00:00+00:00, run_after=2026-04-24 06:00:00+00:00
[2026-04-23T18:24:58.404+0000] {processor.py:183} INFO - Processing /opt/airflow/dags/stock_pipeline_dag.py took 0.167 seconds
[2026-04-23T18:25:28.556+0000] {processor.py:161} INFO - Started process (PID=357) to work on /opt/airflow/dags/stock_pipeline_dag.py
[2026-04-23T18:25:28.558+0000] {processor.py:830} INFO - Processing file /opt/airflow/dags/stock_pipeline_dag.py for tasks to queue
[2026-04-23T18:25:28.560+0000] {logging_mixin.py:188} INFO - [2026-04-23T18:25:28.560+0000] {dagbag.py:540} INFO - Filling up the DagBag from /opt/airflow/dags/stock_pipeline_dag.py
[2026-04-23T18:25:28.608+0000] {processor.py:840} INFO - DAG(s) 'stock_pipeline' retrieved from /opt/airflow/dags/stock_pipeline_dag.py
[2026-04-23T18:25:28.634+0000] {logging_mixin.py:188} INFO - [2026-04-23T18:25:28.634+0000] {dag.py:3096} INFO - Sync 1 DAGs
[2026-04-23T18:25:28.655+0000] {logging_mixin.py:188} INFO - [2026-04-23T18:25:28.655+0000] {dag.py:3954} INFO - Setting next_dagrun for stock_pipeline to 2026-04-23 06:00:00+00:00, run_after=2026-04-24 06:00:00+00:00
[2026-04-23T18:25:28.673+0000] {processor.py:183} INFO - Processing /opt/airflow/dags/stock_pipeline_dag.py took 0.122 seconds
[2026-04-23T18:25:59.054+0000] {processor.py:161} INFO - Started process (PID=362) to work on /opt/airflow/dags/stock_pipeline_dag.py
[2026-04-23T18:25:59.056+0000] {processor.py:830} INFO - Processing file /opt/airflow/dags/stock_pipeline_dag.py for tasks to queue
[2026-04-23T18:25:59.058+0000] {logging_mixin.py:188} INFO - [2026-04-23T18:25:59.058+0000] {dagbag.py:540} INFO - Filling up the DagBag from /opt/airflow/dags/stock_pipeline_dag.py
[2026-04-23T18:25:59.093+0000] {processor.py:840} INFO - DAG(s) 'stock_pipeline' retrieved from /opt/airflow/dags/stock_pipeline_dag.py
[2026-04-23T18:25:59.120+0000] {logging_mixin.py:188} INFO - [2026-04-23T18:25:59.120+0000] {dag.py:3096} INFO - Sync 1 DAGs
[2026-04-23T18:25:59.148+0000] {logging_mixin.py:188} INFO - [2026-04-23T18:25:59.148+0000] {dag.py:3954} INFO - Setting next_dagrun for stock_pipeline to 2026-04-23 06:00:00+00:00, run_after=2026-04-24 06:00:00+00:00
[2026-04-23T18:25:59.176+0000] {processor.py:183} INFO - Processing /opt/airflow/dags/stock_pipeline_dag.py took 0.128 seconds
[2026-04-23T18:26:29.433+0000] {processor.py:161} INFO - Started process (PID=395) to work on /opt/airflow/dags/stock_pipeline_dag.py
[2026-04-23T18:26:29.436+0000] {processor.py:830} INFO - Processing file /opt/airflow/dags/stock_pipeline_dag.py for tasks to queue
[2026-04-23T18:26:29.453+0000] {logging_mixin.py:188} INFO - [2026-04-23T18:26:29.452+0000] {dagbag.py:540} INFO - Filling up the DagBag from /opt/airflow/dags/stock_pipeline_dag.py
[2026-04-23T18:26:29.510+0000] {processor.py:840} INFO - DAG(s) 'stock_pipeline' retrieved from /opt/airflow/dags/stock_pipeline_dag.py
[2026-04-23T18:26:29.543+0000] {logging_mixin.py:188} INFO - [2026-04-23T18:26:29.543+0000] {dag.py:3096} INFO - Sync 1 DAGs
[2026-04-23T18:26:29.566+0000] {logging_mixin.py:188} INFO - [2026-04-23T18:26:29.566+0000] {dag.py:3954} INFO - Setting next_dagrun for stock_pipeline to 2026-04-23 06:00:00+00:00, run_after=2026-04-24 06:00:00+00:00
[2026-04-23T18:26:29.591+0000] {processor.py:183} INFO - Processing /opt/airflow/dags/stock_pipeline_dag.py took 0.168 seconds
[2026-04-23T18:26:59.916+0000] {processor.py:161} INFO - Started process (PID=400) to work on /opt/airflow/dags/stock_pipeline_dag.py
[2026-04-23T18:26:59.918+0000] {processor.py:830} INFO - Processing file /opt/airflow/dags/stock_pipeline_dag.py for tasks to queue
[2026-04-23T18:26:59.920+0000] {logging_mixin.py:188} INFO - [2026-04-23T18:26:59.920+0000] {dagbag.py:540} INFO - Filling up the DagBag from /opt/airflow/dags/stock_pipeline_dag.py
[2026-04-23T18:26:59.967+0000] {processor.py:840} INFO - DAG(s) 'stock_pipeline' retrieved from /opt/airflow/dags/stock_pipeline_dag.py
[2026-04-23T18:26:59.997+0000] {logging_mixin.py:188} INFO - [2026-04-23T18:26:59.996+0000] {dag.py:3096} INFO - Sync 1 DAGs
[2026-04-23T18:27:00.020+0000] {logging_mixin.py:188} INFO - [2026-04-23T18:27:00.019+0000] {dag.py:3954} INFO - Setting next_dagrun for stock_pipeline to 2026-04-23 06:00:00+00:00, run_after=2026-04-24 06:00:00+00:00
[2026-04-23T18:27:00.049+0000] {processor.py:183} INFO - Processing /opt/airflow/dags/stock_pipeline_dag.py took 0.138 seconds
[2026-04-23T18:27:19.206+0000] {processor.py:161} INFO - Started process (PID=405) to work on /opt/airflow/dags/stock_pipeline_dag.py
[2026-04-23T18:27:19.207+0000] {processor.py:830} INFO - Processing file /opt/airflow/dags/stock_pipeline_dag.py for tasks to queue
[2026-04-23T18:27:19.210+0000] {logging_mixin.py:188} INFO - [2026-04-23T18:27:19.210+0000] {dagbag.py:540} INFO - Filling up the DagBag from /opt/airflow/dags/stock_pipeline_dag.py
[2026-04-23T18:27:19.261+0000] {processor.py:840} INFO - DAG(s) 'stock_pipeline' retrieved from /opt/airflow/dags/stock_pipeline_dag.py
[2026-04-23T18:27:19.345+0000] {logging_mixin.py:188} INFO - [2026-04-23T18:27:19.345+0000] {dag.py:3096} INFO - Sync 1 DAGs
[2026-04-23T18:27:19.362+0000] {logging_mixin.py:188} INFO - [2026-04-23T18:27:19.362+0000] {dag.py:3954} INFO - Setting next_dagrun for stock_pipeline to 2026-04-23 06:00:00+00:00, run_after=2026-04-24 06:00:00+00:00
[2026-04-23T18:27:19.385+0000] {processor.py:183} INFO - Processing /opt/airflow/dags/stock_pipeline_dag.py took 0.187 seconds
[2026-04-23T18:27:49.670+0000] {processor.py:161} INFO - Started process (PID=454) to work on /opt/airflow/dags/stock_pipeline_dag.py
[2026-04-23T18:27:49.671+0000] {processor.py:830} INFO - Processing file /opt/airflow/dags/stock_pipeline_dag.py for tasks to queue
[2026-04-23T18:27:49.676+0000] {logging_mixin.py:188} INFO - [2026-04-23T18:27:49.676+0000] {dagbag.py:540} INFO - Filling up the DagBag from /opt/airflow/dags/stock_pipeline_dag.py
[2026-04-23T18:27:49.788+0000] {processor.py:840} INFO - DAG(s) 'stock_pipeline' retrieved from /opt/airflow/dags/stock_pipeline_dag.py
[2026-04-23T18:27:49.990+0000] {logging_mixin.py:188} INFO - [2026-04-23T18:27:49.989+0000] {dag.py:3096} INFO - Sync 1 DAGs
[2026-04-23T18:27:50.050+0000] {logging_mixin.py:188} INFO - [2026-04-23T18:27:50.050+0000] {dag.py:3954} INFO - Setting next_dagrun for stock_pipeline to 2026-04-23 06:00:00+00:00, run_after=2026-04-24 06:00:00+00:00
[2026-04-23T18:27:50.099+0000] {processor.py:183} INFO - Processing /opt/airflow/dags/stock_pipeline_dag.py took 0.434 seconds
[2026-04-23T18:28:20.469+0000] {processor.py:161} INFO - Started process (PID=539) to work on /opt/airflow/dags/stock_pipeline_dag.py
[2026-04-23T18:28:20.471+0000] {processor.py:830} INFO - Processing file /opt/airflow/dags/stock_pipeline_dag.py for tasks to queue
[2026-04-23T18:28:20.476+0000] {logging_mixin.py:188} INFO - [2026-04-23T18:28:20.475+0000] {dagbag.py:540} INFO - Filling up the DagBag from /opt/airflow/dags/stock_pipeline_dag.py
[2026-04-23T18:28:20.544+0000] {processor.py:840} INFO - DAG(s) 'stock_pipeline' retrieved from /opt/airflow/dags/stock_pipeline_dag.py
[2026-04-23T18:28:20.569+0000] {logging_mixin.py:188} INFO - [2026-04-23T18:28:20.568+0000] {dag.py:3096} INFO - Sync 1 DAGs
[2026-04-23T18:28:20.589+0000] {logging_mixin.py:188} INFO - [2026-04-23T18:28:20.589+0000] {dag.py:3954} INFO - Setting next_dagrun for stock_pipeline to 2026-04-23 06:00:00+00:00, run_after=2026-04-24 06:00:00+00:00
[2026-04-23T18:28:20.608+0000] {processor.py:183} INFO - Processing /opt/airflow/dags/stock_pipeline_dag.py took 0.150 seconds
[2026-04-23T18:28:50.734+0000] {processor.py:161} INFO - Started process (PID=544) to work on /opt/airflow/dags/stock_pipeline_dag.py
[2026-04-23T18:28:50.735+0000] {processor.py:830} INFO - Processing file /opt/airflow/dags/stock_pipeline_dag.py for tasks to queue
[2026-04-23T18:28:50.737+0000] {logging_mixin.py:188} INFO - [2026-04-23T18:28:50.736+0000] {dagbag.py:540} INFO - Filling up the DagBag from /opt/airflow/dags/stock_pipeline_dag.py
[2026-04-23T18:28:50.773+0000] {processor.py:840} INFO - DAG(s) 'stock_pipeline' retrieved from /opt/airflow/dags/stock_pipeline_dag.py
[2026-04-23T18:28:50.803+0000] {logging_mixin.py:188} INFO - [2026-04-23T18:28:50.802+0000] {dag.py:3096} INFO - Sync 1 DAGs
[2026-04-23T18:28:50.824+0000] {logging_mixin.py:188} INFO - [2026-04-23T18:28:50.824+0000] {dag.py:3954} INFO - Setting next_dagrun for stock_pipeline to 2026-04-23 06:00:00+00:00, run_after=2026-04-24 06:00:00+00:00
[2026-04-23T18:28:50.847+0000] {processor.py:183} INFO - Processing /opt/airflow/dags/stock_pipeline_dag.py took 0.120 seconds
[2026-04-23T18:32:55.079+0000] {processor.py:161} INFO - Started process (PID=168) to work on /opt/airflow/dags/stock_pipeline_dag.py
[2026-04-23T18:32:55.081+0000] {processor.py:830} INFO - Processing file /opt/airflow/dags/stock_pipeline_dag.py for tasks to queue
[2026-04-23T18:32:55.085+0000] {logging_mixin.py:188} INFO - [2026-04-23T18:32:55.084+0000] {dagbag.py:540} INFO - Filling up the DagBag from /opt/airflow/dags/stock_pipeline_dag.py
[2026-04-23T18:32:55.142+0000] {processor.py:840} INFO - DAG(s) 'stock_pipeline' retrieved from /opt/airflow/dags/stock_pipeline_dag.py
[2026-04-23T18:32:55.183+0000] {logging_mixin.py:188} INFO - [2026-04-23T18:32:55.183+0000] {dag.py:3096} INFO - Sync 1 DAGs
[2026-04-23T18:32:55.214+0000] {logging_mixin.py:188} INFO - [2026-04-23T18:32:55.214+0000] {dag.py:3954} INFO - Setting next_dagrun for stock_pipeline to 2026-04-22 06:00:00+00:00, run_after=2026-04-23 06:00:00+00:00
[2026-04-23T18:32:55.244+0000] {processor.py:183} INFO - Processing /opt/airflow/dags/stock_pipeline_dag.py took 0.172 seconds
[2026-04-23T18:33:25.434+0000] {processor.py:161} INFO - Started process (PID=173) to work on /opt/airflow/dags/stock_pipeline_dag.py
[2026-04-23T18:33:25.436+0000] {processor.py:830} INFO - Processing file /opt/airflow/dags/stock_pipeline_dag.py for tasks to queue
[2026-04-23T18:33:25.440+0000] {logging_mixin.py:188} INFO - [2026-04-23T18:33:25.440+0000] {dagbag.py:540} INFO - Filling up the DagBag from /opt/airflow/dags/stock_pipeline_dag.py
[2026-04-23T18:33:25.493+0000] {processor.py:840} INFO - DAG(s) 'stock_pipeline' retrieved from /opt/airflow/dags/stock_pipeline_dag.py
[2026-04-23T18:33:25.751+0000] {logging_mixin.py:188} INFO - [2026-04-23T18:33:25.750+0000] {dag.py:3096} INFO - Sync 1 DAGs
[2026-04-23T18:33:25.784+0000] {logging_mixin.py:188} INFO - [2026-04-23T18:33:25.783+0000] {dag.py:3954} INFO - Setting next_dagrun for stock_pipeline to 2026-04-22 06:00:00+00:00, run_after=2026-04-23 06:00:00+00:00
[2026-04-23T18:33:25.817+0000] {processor.py:183} INFO - Processing /opt/airflow/dags/stock_pipeline_dag.py took 0.396 seconds
[2026-04-23T18:33:55.886+0000] {processor.py:161} INFO - Started process (PID=178) to work on /opt/airflow/dags/stock_pipeline_dag.py
[2026-04-23T18:33:55.888+0000] {processor.py:830} INFO - Processing file /opt/airflow/dags/stock_pipeline_dag.py for tasks to queue
[2026-04-23T18:33:55.891+0000] {logging_mixin.py:188} INFO - [2026-04-23T18:33:55.891+0000] {dagbag.py:540} INFO - Filling up the DagBag from /opt/airflow/dags/stock_pipeline_dag.py
[2026-04-23T18:33:55.930+0000] {processor.py:840} INFO - DAG(s) 'stock_pipeline' retrieved from /opt/airflow/dags/stock_pipeline_dag.py
[2026-04-23T18:33:55.963+0000] {logging_mixin.py:188} INFO - [2026-04-23T18:33:55.963+0000] {dag.py:3096} INFO - Sync 1 DAGs
[2026-04-23T18:33:55.991+0000] {logging_mixin.py:188} INFO - [2026-04-23T18:33:55.991+0000] {dag.py:3954} INFO - Setting next_dagrun for stock_pipeline to 2026-04-22 06:00:00+00:00, run_after=2026-04-23 06:00:00+00:00
[2026-04-23T18:33:56.022+0000] {processor.py:183} INFO - Processing /opt/airflow/dags/stock_pipeline_dag.py took 0.142 seconds
[2026-04-23T18:34:26.255+0000] {processor.py:161} INFO - Started process (PID=183) to work on /opt/airflow/dags/stock_pipeline_dag.py
[2026-04-23T18:34:26.257+0000] {processor.py:830} INFO - Processing file /opt/airflow/dags/stock_pipeline_dag.py for tasks to queue
[2026-04-23T18:34:26.261+0000] {logging_mixin.py:188} INFO - [2026-04-23T18:34:26.260+0000] {dagbag.py:540} INFO - Filling up the DagBag from /opt/airflow/dags/stock_pipeline_dag.py
[2026-04-23T18:34:26.319+0000] {processor.py:840} INFO - DAG(s) 'stock_pipeline' retrieved from /opt/airflow/dags/stock_pipeline_dag.py
[2026-04-23T18:34:26.350+0000] {logging_mixin.py:188} INFO - [2026-04-23T18:34:26.350+0000] {dag.py:3096} INFO - Sync 1 DAGs
[2026-04-23T18:34:26.370+0000] {logging_mixin.py:188} INFO - [2026-04-23T18:34:26.370+0000] {dag.py:3954} INFO - Setting next_dagrun for stock_pipeline to 2026-04-22 06:00:00+00:00, run_after=2026-04-23 06:00:00+00:00
[2026-04-23T18:34:26.389+0000] {processor.py:183} INFO - Processing /opt/airflow/dags/stock_pipeline_dag.py took 0.145 seconds
[2026-04-23T18:34:56.785+0000] {processor.py:161} INFO - Started process (PID=188) to work on /opt/airflow/dags/stock_pipeline_dag.py
[2026-04-23T18:34:56.786+0000] {processor.py:830} INFO - Processing file /opt/airflow/dags/stock_pipeline_dag.py for tasks to queue
[2026-04-23T18:34:56.788+0000] {logging_mixin.py:188} INFO - [2026-04-23T18:34:56.788+0000] {dagbag.py:540} INFO - Filling up the DagBag from /opt/airflow/dags/stock_pipeline_dag.py
[2026-04-23T18:34:56.822+0000] {processor.py:840} INFO - DAG(s) 'stock_pipeline' retrieved from /opt/airflow/dags/stock_pipeline_dag.py
[2026-04-23T18:34:56.868+0000] {logging_mixin.py:188} INFO - [2026-04-23T18:34:56.868+0000] {dag.py:3096} INFO - Sync 1 DAGs
[2026-04-23T18:34:56.894+0000] {logging_mixin.py:188} INFO - [2026-04-23T18:34:56.893+0000] {dag.py:3954} INFO - Setting next_dagrun for stock_pipeline to 2026-04-22 06:00:00+00:00, run_after=2026-04-23 06:00:00+00:00
[2026-04-23T18:34:56.915+0000] {processor.py:183} INFO - Processing /opt/airflow/dags/stock_pipeline_dag.py took 0.135 seconds
[2026-04-23T18:35:27.134+0000] {processor.py:161} INFO - Started process (PID=206) to work on /opt/airflow/dags/stock_pipeline_dag.py
[2026-04-23T18:35:27.136+0000] {processor.py:830} INFO - Processing file /opt/airflow/dags/stock_pipeline_dag.py for tasks to queue
[2026-04-23T18:35:27.141+0000] {logging_mixin.py:188} INFO - [2026-04-23T18:35:27.138+0000] {dagbag.py:540} INFO - Filling up the DagBag from /opt/airflow/dags/stock_pipeline_dag.py
[2026-04-23T18:35:27.195+0000] {processor.py:840} INFO - DAG(s) 'stock_pipeline' retrieved from /opt/airflow/dags/stock_pipeline_dag.py
[2026-04-23T18:35:27.270+0000] {logging_mixin.py:188} INFO - [2026-04-23T18:35:27.270+0000] {dag.py:3096} INFO - Sync 1 DAGs
[2026-04-23T18:35:27.307+0000] {logging_mixin.py:188} INFO - [2026-04-23T18:35:27.307+0000] {dag.py:3954} INFO - Setting next_dagrun for stock_pipeline to 2026-04-23 06:00:00+00:00, run_after=2026-04-24 06:00:00+00:00
[2026-04-23T18:35:27.327+0000] {processor.py:183} INFO - Processing /opt/airflow/dags/stock_pipeline_dag.py took 0.200 seconds
[2026-04-23T18:35:57.522+0000] {processor.py:161} INFO - Started process (PID=303) to work on /opt/airflow/dags/stock_pipeline_dag.py
[2026-04-23T18:35:57.524+0000] {processor.py:830} INFO - Processing file /opt/airflow/dags/stock_pipeline_dag.py for tasks to queue
[2026-04-23T18:35:57.526+0000] {logging_mixin.py:188} INFO - [2026-04-23T18:35:57.526+0000] {dagbag.py:540} INFO - Filling up the DagBag from /opt/airflow/dags/stock_pipeline_dag.py
[2026-04-23T18:35:57.561+0000] {processor.py:840} INFO - DAG(s) 'stock_pipeline' retrieved from /opt/airflow/dags/stock_pipeline_dag.py
[2026-04-23T18:35:57.590+0000] {logging_mixin.py:188} INFO - [2026-04-23T18:35:57.589+0000] {dag.py:3096} INFO - Sync 1 DAGs
[2026-04-23T18:35:57.621+0000] {logging_mixin.py:188} INFO - [2026-04-23T18:35:57.621+0000] {dag.py:3954} INFO - Setting next_dagrun for stock_pipeline to 2026-04-23 06:00:00+00:00, run_after=2026-04-24 06:00:00+00:00
[2026-04-23T18:35:57.656+0000] {processor.py:183} INFO - Processing /opt/airflow/dags/stock_pipeline_dag.py took 0.141 seconds
[2026-04-23T18:36:27.878+0000] {processor.py:161} INFO - Started process (PID=437) to work on /opt/airflow/dags/stock_pipeline_dag.py
[2026-04-23T18:36:27.879+0000] {processor.py:830} INFO - Processing file /opt/airflow/dags/stock_pipeline_dag.py for tasks to queue
[2026-04-23T18:36:27.882+0000] {logging_mixin.py:188} INFO - [2026-04-23T18:36:27.881+0000] {dagbag.py:540} INFO - Filling up the DagBag from /opt/airflow/dags/stock_pipeline_dag.py
[2026-04-23T18:36:27.925+0000] {processor.py:840} INFO - DAG(s) 'stock_pipeline' retrieved from /opt/airflow/dags/stock_pipeline_dag.py
[2026-04-23T18:36:27.948+0000] {logging_mixin.py:188} INFO - [2026-04-23T18:36:27.948+0000] {dag.py:3096} INFO - Sync 1 DAGs
[2026-04-23T18:36:27.968+0000] {logging_mixin.py:188} INFO - [2026-04-23T18:36:27.968+0000] {dag.py:3954} INFO - Setting next_dagrun for stock_pipeline to 2026-04-23 06:00:00+00:00, run_after=2026-04-24 06:00:00+00:00
[2026-04-23T18:36:27.993+0000] {processor.py:183} INFO - Processing /opt/airflow/dags/stock_pipeline_dag.py took 0.127 seconds
[2026-04-23T18:36:58.279+0000] {processor.py:161} INFO - Started process (PID=1100) to work on /opt/airflow/dags/stock_pipeline_dag.py
[2026-04-23T18:36:58.280+0000] {processor.py:830} INFO - Processing file /opt/airflow/dags/stock_pipeline_dag.py for tasks to queue
[2026-04-23T18:36:58.283+0000] {logging_mixin.py:188} INFO - [2026-04-23T18:36:58.282+0000] {dagbag.py:540} INFO - Filling up the DagBag from /opt/airflow/dags/stock_pipeline_dag.py
[2026-04-23T18:36:58.339+0000] {processor.py:840} INFO - DAG(s) 'stock_pipeline' retrieved from /opt/airflow/dags/stock_pipeline_dag.py
[2026-04-23T18:36:58.368+0000] {logging_mixin.py:188} INFO - [2026-04-23T18:36:58.368+0000] {dag.py:3096} INFO - Sync 1 DAGs
[2026-04-23T18:36:58.387+0000] {logging_mixin.py:188} INFO - [2026-04-23T18:36:58.386+0000] {dag.py:3954} INFO - Setting next_dagrun for stock_pipeline to 2026-04-23 06:00:00+00:00, run_after=2026-04-24 06:00:00+00:00
[2026-04-23T18:36:58.409+0000] {processor.py:183} INFO - Processing /opt/airflow/dags/stock_pipeline_dag.py took 0.135 seconds
[2026-04-23T18:37:28.696+0000] {processor.py:161} INFO - Started process (PID=1105) to work on /opt/airflow/dags/stock_pipeline_dag.py
[2026-04-23T18:37:28.698+0000] {processor.py:830} INFO - Processing file /opt/airflow/dags/stock_pipeline_dag.py for tasks to queue
[2026-04-23T18:37:28.701+0000] {logging_mixin.py:188} INFO - [2026-04-23T18:37:28.700+0000] {dagbag.py:540} INFO - Filling up the DagBag from /opt/airflow/dags/stock_pipeline_dag.py
[2026-04-23T18:37:28.763+0000] {processor.py:840} INFO - DAG(s) 'stock_pipeline' retrieved from /opt/airflow/dags/stock_pipeline_dag.py
[2026-04-23T18:37:28.797+0000] {logging_mixin.py:188} INFO - [2026-04-23T18:37:28.797+0000] {dag.py:3096} INFO - Sync 1 DAGs
[2026-04-23T18:37:28.818+0000] {logging_mixin.py:188} INFO - [2026-04-23T18:37:28.818+0000] {dag.py:3954} INFO - Setting next_dagrun for stock_pipeline to 2026-04-23 06:00:00+00:00, run_after=2026-04-24 06:00:00+00:00
[2026-04-23T18:37:28.842+0000] {processor.py:183} INFO - Processing /opt/airflow/dags/stock_pipeline_dag.py took 0.155 seconds
[2026-04-23T18:37:59.166+0000] {processor.py:161} INFO - Started process (PID=1110) to work on /opt/airflow/dags/stock_pipeline_dag.py
[2026-04-23T18:37:59.167+0000] {processor.py:830} INFO - Processing file /opt/airflow/dags/stock_pipeline_dag.py for tasks to queue
[2026-04-23T18:37:59.170+0000] {logging_mixin.py:188} INFO - [2026-04-23T18:37:59.170+0000] {dagbag.py:540} INFO - Filling up the DagBag from /opt/airflow/dags/stock_pipeline_dag.py
[2026-04-23T18:37:59.199+0000] {processor.py:840} INFO - DAG(s) 'stock_pipeline' retrieved from /opt/airflow/dags/stock_pipeline_dag.py
[2026-04-23T18:37:59.221+0000] {logging_mixin.py:188} INFO - [2026-04-23T18:37:59.221+0000] {dag.py:3096} INFO - Sync 1 DAGs
[2026-04-23T18:37:59.240+0000] {logging_mixin.py:188} INFO - [2026-04-23T18:37:59.239+0000] {dag.py:3954} INFO - Setting next_dagrun for stock_pipeline to 2026-04-23 06:00:00+00:00, run_after=2026-04-24 06:00:00+00:00
[2026-04-23T18:37:59.259+0000] {processor.py:183} INFO - Processing /opt/airflow/dags/stock_pipeline_dag.py took 0.098 seconds
[2026-04-23T18:38:29.566+0000] {processor.py:161} INFO - Started process (PID=1115) to work on /opt/airflow/dags/stock_pipeline_dag.py
[2026-04-23T18:38:29.568+0000] {processor.py:830} INFO - Processing file /opt/airflow/dags/stock_pipeline_dag.py for tasks to queue
[2026-04-23T18:38:29.572+0000] {logging_mixin.py:188} INFO - [2026-04-23T18:38:29.571+0000] {dagbag.py:540} INFO - Filling up the DagBag from /opt/airflow/dags/stock_pipeline_dag.py
[2026-04-23T18:38:29.629+0000] {processor.py:840} INFO - DAG(s) 'stock_pipeline' retrieved from /opt/airflow/dags/stock_pipeline_dag.py
[2026-04-23T18:38:29.670+0000] {logging_mixin.py:188} INFO - [2026-04-23T18:38:29.669+0000] {dag.py:3096} INFO - Sync 1 DAGs
[2026-04-23T18:38:29.732+0000] {logging_mixin.py:188} INFO - [2026-04-23T18:38:29.730+0000] {dag.py:3954} INFO - Setting next_dagrun for stock_pipeline to 2026-04-23 06:00:00+00:00, run_after=2026-04-24 06:00:00+00:00
[2026-04-23T18:38:29.780+0000] {processor.py:183} INFO - Processing /opt/airflow/dags/stock_pipeline_dag.py took 0.221 seconds
[2026-04-23T18:38:59.865+0000] {processor.py:161} INFO - Started process (PID=1120) to work on /opt/airflow/dags/stock_pipeline_dag.py
[2026-04-23T18:38:59.866+0000] {processor.py:830} INFO - Processing file /opt/airflow/dags/stock_pipeline_dag.py for tasks to queue
[2026-04-23T18:38:59.869+0000] {logging_mixin.py:188} INFO - [2026-04-23T18:38:59.869+0000] {dagbag.py:540} INFO - Filling up the DagBag from /opt/airflow/dags/stock_pipeline_dag.py
[2026-04-23T18:38:59.904+0000] {processor.py:840} INFO - DAG(s) 'stock_pipeline' retrieved from /opt/airflow/dags/stock_pipeline_dag.py
[2026-04-23T18:38:59.931+0000] {logging_mixin.py:188} INFO - [2026-04-23T18:38:59.931+0000] {dag.py:3096} INFO - Sync 1 DAGs
[2026-04-23T18:38:59.955+0000] {logging_mixin.py:188} INFO - [2026-04-23T18:38:59.954+0000] {dag.py:3954} INFO - Setting next_dagrun for stock_pipeline to 2026-04-23 06:00:00+00:00, run_after=2026-04-24 06:00:00+00:00
[2026-04-23T18:38:59.975+0000] {processor.py:183} INFO - Processing /opt/airflow/dags/stock_pipeline_dag.py took 0.116 seconds
[2026-04-23T18:39:30.226+0000] {processor.py:161} INFO - Started process (PID=1125) to work on /opt/airflow/dags/stock_pipeline_dag.py
[2026-04-23T18:39:30.227+0000] {processor.py:830} INFO - Processing file /opt/airflow/dags/stock_pipeline_dag.py for tasks to queue
[2026-04-23T18:39:30.229+0000] {logging_mixin.py:188} INFO - [2026-04-23T18:39:30.229+0000] {dagbag.py:540} INFO - Filling up the DagBag from /opt/airflow/dags/stock_pipeline_dag.py
[2026-04-23T18:39:30.263+0000] {processor.py:840} INFO - DAG(s) 'stock_pipeline' retrieved from /opt/airflow/dags/stock_pipeline_dag.py
[2026-04-23T18:39:30.289+0000] {logging_mixin.py:188} INFO - [2026-04-23T18:39:30.289+0000] {dag.py:3096} INFO - Sync 1 DAGs
[2026-04-23T18:39:30.308+0000] {logging_mixin.py:188} INFO - [2026-04-23T18:39:30.308+0000] {dag.py:3954} INFO - Setting next_dagrun for stock_pipeline to 2026-04-23 06:00:00+00:00, run_after=2026-04-24 06:00:00+00:00
[2026-04-23T18:39:30.329+0000] {processor.py:183} INFO - Processing /opt/airflow/dags/stock_pipeline_dag.py took 0.111 seconds
[2026-04-23T18:40:00.619+0000] {processor.py:161} INFO - Started process (PID=1130) to work on /opt/airflow/dags/stock_pipeline_dag.py
[2026-04-23T18:40:00.620+0000] {processor.py:830} INFO - Processing file /opt/airflow/dags/stock_pipeline_dag.py for tasks to queue
[2026-04-23T18:40:00.622+0000] {logging_mixin.py:188} INFO - [2026-04-23T18:40:00.622+0000] {dagbag.py:540} INFO - Filling up the DagBag from /opt/airflow/dags/stock_pipeline_dag.py
[2026-04-23T18:40:00.672+0000] {processor.py:840} INFO - DAG(s) 'stock_pipeline' retrieved from /opt/airflow/dags/stock_pipeline_dag.py
[2026-04-23T18:40:00.703+0000] {logging_mixin.py:188} INFO - [2026-04-23T18:40:00.703+0000] {dag.py:3096} INFO - Sync 1 DAGs
[2026-04-23T18:40:00.730+0000] {logging_mixin.py:188} INFO - [2026-04-23T18:40:00.730+0000] {dag.py:3954} INFO - Setting next_dagrun for stock_pipeline to 2026-04-23 06:00:00+00:00, run_after=2026-04-24 06:00:00+00:00
[2026-04-23T18:40:00.755+0000] {processor.py:183} INFO - Processing /opt/airflow/dags/stock_pipeline_dag.py took 0.142 seconds
[2026-04-23T18:40:30.962+0000] {processor.py:161} INFO - Started process (PID=1135) to work on /opt/airflow/dags/stock_pipeline_dag.py
[2026-04-23T18:40:30.964+0000] {processor.py:830} INFO - Processing file /opt/airflow/dags/stock_pipeline_dag.py for tasks to queue
[2026-04-23T18:40:30.966+0000] {logging_mixin.py:188} INFO - [2026-04-23T18:40:30.965+0000] {dagbag.py:540} INFO - Filling up the DagBag from /opt/airflow/dags/stock_pipeline_dag.py
[2026-04-23T18:40:30.999+0000] {processor.py:840} INFO - DAG(s) 'stock_pipeline' retrieved from /opt/airflow/dags/stock_pipeline_dag.py
[2026-04-23T18:40:31.029+0000] {logging_mixin.py:188} INFO - [2026-04-23T18:40:31.029+0000] {dag.py:3096} INFO - Sync 1 DAGs
[2026-04-23T18:40:31.052+0000] {logging_mixin.py:188} INFO - [2026-04-23T18:40:31.052+0000] {dag.py:3954} INFO - Setting next_dagrun for stock_pipeline to 2026-04-23 06:00:00+00:00, run_after=2026-04-24 06:00:00+00:00
[2026-04-23T18:40:31.074+0000] {processor.py:183} INFO - Processing /opt/airflow/dags/stock_pipeline_dag.py took 0.118 seconds
[2026-04-23T18:41:01.354+0000] {processor.py:161} INFO - Started process (PID=1140) to work on /opt/airflow/dags/stock_pipeline_dag.py
[2026-04-23T18:41:01.355+0000] {processor.py:830} INFO - Processing file /opt/airflow/dags/stock_pipeline_dag.py for tasks to queue
[2026-04-23T18:41:01.357+0000] {logging_mixin.py:188} INFO - [2026-04-23T18:41:01.357+0000] {dagbag.py:540} INFO - Filling up the DagBag from /opt/airflow/dags/stock_pipeline_dag.py
[2026-04-23T18:41:01.394+0000] {processor.py:840} INFO - DAG(s) 'stock_pipeline' retrieved from /opt/airflow/dags/stock_pipeline_dag.py
[2026-04-23T18:41:01.424+0000] {logging_mixin.py:188} INFO - [2026-04-23T18:41:01.424+0000] {dag.py:3096} INFO - Sync 1 DAGs
[2026-04-23T18:41:01.445+0000] {logging_mixin.py:188} INFO - [2026-04-23T18:41:01.445+0000] {dag.py:3954} INFO - Setting next_dagrun for stock_pipeline to 2026-04-23 06:00:00+00:00, run_after=2026-04-24 06:00:00+00:00
[2026-04-23T18:41:01.464+0000] {processor.py:183} INFO - Processing /opt/airflow/dags/stock_pipeline_dag.py took 0.116 seconds
[2026-04-23T18:41:31.659+0000] {processor.py:161} INFO - Started process (PID=1145) to work on /opt/airflow/dags/stock_pipeline_dag.py
[2026-04-23T18:41:31.660+0000] {processor.py:830} INFO - Processing file /opt/airflow/dags/stock_pipeline_dag.py for tasks to queue
[2026-04-23T18:41:31.663+0000] {logging_mixin.py:188} INFO - [2026-04-23T18:41:31.663+0000] {dagbag.py:540} INFO - Filling up the DagBag from /opt/airflow/dags/stock_pipeline_dag.py
[2026-04-23T18:41:31.690+0000] {processor.py:840} INFO - DAG(s) 'stock_pipeline' retrieved from /opt/airflow/dags/stock_pipeline_dag.py
[2026-04-23T18:41:31.715+0000] {logging_mixin.py:188} INFO - [2026-04-23T18:41:31.714+0000] {dag.py:3096} INFO - Sync 1 DAGs
[2026-04-23T18:41:31.737+0000] {logging_mixin.py:188} INFO - [2026-04-23T18:41:31.737+0000] {dag.py:3954} INFO - Setting next_dagrun for stock_pipeline to 2026-04-23 06:00:00+00:00, run_after=2026-04-24 06:00:00+00:00
[2026-04-23T18:41:31.761+0000] {processor.py:183} INFO - Processing /opt/airflow/dags/stock_pipeline_dag.py took 0.108 seconds
[2026-04-23T18:42:02.097+0000] {processor.py:161} INFO - Started process (PID=1150) to work on /opt/airflow/dags/stock_pipeline_dag.py
[2026-04-23T18:42:02.098+0000] {processor.py:830} INFO - Processing file /opt/airflow/dags/stock_pipeline_dag.py for tasks to queue
[2026-04-23T18:42:02.101+0000] {logging_mixin.py:188} INFO - [2026-04-23T18:42:02.100+0000] {dagbag.py:540} INFO - Filling up the DagBag from /opt/airflow/dags/stock_pipeline_dag.py
[2026-04-23T18:42:02.152+0000] {processor.py:840} INFO - DAG(s) 'stock_pipeline' retrieved from /opt/airflow/dags/stock_pipeline_dag.py
[2026-04-23T18:42:02.177+0000] {logging_mixin.py:188} INFO - [2026-04-23T18:42:02.176+0000] {dag.py:3096} INFO - Sync 1 DAGs
[2026-04-23T18:42:02.195+0000] {logging_mixin.py:188} INFO - [2026-04-23T18:42:02.195+0000] {dag.py:3954} INFO - Setting next_dagrun for stock_pipeline to 2026-04-23 06:00:00+00:00, run_after=2026-04-24 06:00:00+00:00
[2026-04-23T18:42:02.221+0000] {processor.py:183} INFO - Processing /opt/airflow/dags/stock_pipeline_dag.py took 0.136 seconds
[2026-04-23T18:42:32.464+0000] {processor.py:161} INFO - Started process (PID=1155) to work on /opt/airflow/dags/stock_pipeline_dag.py
[2026-04-23T18:42:32.465+0000] {processor.py:830} INFO - Processing file /opt/airflow/dags/stock_pipeline_dag.py for tasks to queue
[2026-04-23T18:42:32.467+0000] {logging_mixin.py:188} INFO - [2026-04-23T18:42:32.467+0000] {dagbag.py:540} INFO - Filling up the DagBag from /opt/airflow/dags/stock_pipeline_dag.py
[2026-04-23T18:42:32.514+0000] {processor.py:840} INFO - DAG(s) 'stock_pipeline' retrieved from /opt/airflow/dags/stock_pipeline_dag.py
[2026-04-23T18:42:32.546+0000] {logging_mixin.py:188} INFO - [2026-04-23T18:42:32.546+0000] {dag.py:3096} INFO - Sync 1 DAGs
[2026-04-23T18:42:32.571+0000] {logging_mixin.py:188} INFO - [2026-04-23T18:42:32.571+0000] {dag.py:3954} INFO - Setting next_dagrun for stock_pipeline to 2026-04-23 06:00:00+00:00, run_after=2026-04-24 06:00:00+00:00
[2026-04-23T18:42:32.594+0000] {processor.py:183} INFO - Processing /opt/airflow/dags/stock_pipeline_dag.py took 0.136 seconds
[2026-04-23T18:43:03.028+0000] {processor.py:161} INFO - Started process (PID=1160) to work on /opt/airflow/dags/stock_pipeline_dag.py
[2026-04-23T18:43:03.030+0000] {processor.py:830} INFO - Processing file /opt/airflow/dags/stock_pipeline_dag.py for tasks to queue
[2026-04-23T18:43:03.034+0000] {logging_mixin.py:188} INFO - [2026-04-23T18:43:03.032+0000] {dagbag.py:540} INFO - Filling up the DagBag from /opt/airflow/dags/stock_pipeline_dag.py
[2026-04-23T18:43:03.093+0000] {processor.py:840} INFO - DAG(s) 'stock_pipeline' retrieved from /opt/airflow/dags/stock_pipeline_dag.py
[2026-04-23T18:43:03.126+0000] {logging_mixin.py:188} INFO - [2026-04-23T18:43:03.126+0000] {dag.py:3096} INFO - Sync 1 DAGs
[2026-04-23T18:43:03.146+0000] {logging_mixin.py:188} INFO - [2026-04-23T18:43:03.146+0000] {dag.py:3954} INFO - Setting next_dagrun for stock_pipeline to 2026-04-23 06:00:00+00:00, run_after=2026-04-24 06:00:00+00:00
[2026-04-23T18:43:03.170+0000] {processor.py:183} INFO - Processing /opt/airflow/dags/stock_pipeline_dag.py took 0.154 seconds
[2026-04-23T18:43:33.440+0000] {processor.py:161} INFO - Started process (PID=1165) to work on /opt/airflow/dags/stock_pipeline_dag.py
[2026-04-23T18:43:33.441+0000] {processor.py:830} INFO - Processing file /opt/airflow/dags/stock_pipeline_dag.py for tasks to queue
[2026-04-23T18:43:33.444+0000] {logging_mixin.py:188} INFO - [2026-04-23T18:43:33.444+0000] {dagbag.py:540} INFO - Filling up the DagBag from /opt/airflow/dags/stock_pipeline_dag.py
[2026-04-23T18:43:33.470+0000] {processor.py:840} INFO - DAG(s) 'stock_pipeline' retrieved from /opt/airflow/dags/stock_pipeline_dag.py
[2026-04-23T18:43:33.493+0000] {logging_mixin.py:188} INFO - [2026-04-23T18:43:33.493+0000] {dag.py:3096} INFO - Sync 1 DAGs
[2026-04-23T18:43:33.519+0000] {logging_mixin.py:188} INFO - [2026-04-23T18:43:33.518+0000] {dag.py:3954} INFO - Setting next_dagrun for stock_pipeline to 2026-04-23 06:00:00+00:00, run_after=2026-04-24 06:00:00+00:00
[2026-04-23T18:43:33.546+0000] {processor.py:183} INFO - Processing /opt/airflow/dags/stock_pipeline_dag.py took 0.115 seconds
