[2026-04-28T18:33:56.484+0000] {local_task_job_runner.py:120} INFO - ::group::Pre task execution logs
[2026-04-28T18:33:56.546+0000] {taskinstance.py:2073} INFO - Dependencies all met for dep_context=non-requeueable deps ti=<TaskInstance: stock_pipeline.load_to_bigquery scheduled__2026-04-27T06:00:00+00:00 [queued]>
[2026-04-28T18:33:56.566+0000] {taskinstance.py:2073} INFO - Dependencies all met for dep_context=requeueable deps ti=<TaskInstance: stock_pipeline.load_to_bigquery scheduled__2026-04-27T06:00:00+00:00 [queued]>
[2026-04-28T18:33:56.567+0000] {taskinstance.py:2303} INFO - Starting attempt 1 of 2
[2026-04-28T18:33:56.597+0000] {taskinstance.py:2327} INFO - Executing <Task(BashOperator): load_to_bigquery> on 2026-04-27 06:00:00+00:00
[2026-04-28T18:33:56.621+0000] {standard_task_runner.py:90} INFO - Running: ['***', 'tasks', 'run', 'stock_pipeline', 'load_to_bigquery', 'scheduled__2026-04-27T06:00:00+00:00', '--job-id', '15', '--raw', '--subdir', 'DAGS_FOLDER/stock_pipeline_dag.py', '--cfg-path', '/tmp/tmp6njp8bou']
[2026-04-28T18:33:56.627+0000] {standard_task_runner.py:91} INFO - Job 15: Subtask load_to_bigquery
[2026-04-28T18:33:56.628+0000] {logging_mixin.py:188} WARNING - /home/***/.local/lib/python3.12/site-packages/***/task/task_runner/standard_task_runner.py:61 DeprecationWarning: This process (pid=4751) is multi-threaded, use of fork() may lead to deadlocks in the child.
[2026-04-28T18:33:56.630+0000] {standard_task_runner.py:63} INFO - Started process 4752 to run task
[2026-04-28T18:33:56.753+0000] {task_command.py:426} INFO - Running <TaskInstance: stock_pipeline.load_to_bigquery scheduled__2026-04-27T06:00:00+00:00 [running]> on host 7eb82a26259b
[2026-04-28T18:33:56.931+0000] {taskinstance.py:2644} INFO - Exporting env vars: AIRFLOW_CTX_DAG_OWNER='***' AIRFLOW_CTX_DAG_ID='stock_pipeline' AIRFLOW_CTX_TASK_ID='load_to_bigquery' AIRFLOW_CTX_EXECUTION_DATE='2026-04-27T06:00:00+00:00' AIRFLOW_CTX_TRY_NUMBER='1' AIRFLOW_CTX_DAG_RUN_ID='scheduled__2026-04-27T06:00:00+00:00'
[2026-04-28T18:33:56.933+0000] {taskinstance.py:430} INFO - ::endgroup::
[2026-04-28T18:33:56.967+0000] {subprocess.py:63} INFO - Tmp dir root location: /tmp
[2026-04-28T18:33:56.971+0000] {subprocess.py:75} INFO - Running command: ['/usr/bin/bash', '-c', 'python /opt/***/ingestion/load_to_bigquery.py']
[2026-04-28T18:33:56.984+0000] {subprocess.py:86} INFO - Output:
[2026-04-28T18:34:42.831+0000] {subprocess.py:93} INFO - Removing existing rows for 2026-04-27...
[2026-04-28T18:34:42.832+0000] {subprocess.py:93} INFO - Loading gs://stock-pipeline-raw/raw/candles/2026-04-27.json -> project-933aee0c-10bd-4ab1-888.raw.stock_quotes
[2026-04-28T18:34:42.833+0000] {subprocess.py:93} INFO - Done, Table now has 100 total rows
[2026-04-28T18:34:42.932+0000] {subprocess.py:97} INFO - Command exited with return code 0
[2026-04-28T18:34:42.934+0000] {taskinstance.py:441} INFO - ::group::Post task execution logs
[2026-04-28T18:34:42.957+0000] {taskinstance.py:1205} INFO - Marking task as SUCCESS. dag_id=stock_pipeline, task_id=load_to_bigquery, execution_date=20260427T060000, start_date=20260428T183356, end_date=20260428T183442
[2026-04-28T18:34:43.001+0000] {local_task_job_runner.py:240} INFO - Task exited with return code 0
[2026-04-28T18:34:43.026+0000] {taskinstance.py:3482} INFO - 1 downstream tasks scheduled from follow-on schedule check
[2026-04-28T18:34:43.027+0000] {local_task_job_runner.py:222} INFO - ::endgroup::
[2026-04-28T18:42:36.768+0000] {local_task_job_runner.py:120} INFO - ::group::Pre task execution logs
[2026-04-28T18:42:36.794+0000] {taskinstance.py:2073} INFO - Dependencies all met for dep_context=non-requeueable deps ti=<TaskInstance: stock_pipeline.load_to_bigquery scheduled__2026-04-27T06:00:00+00:00 [queued]>
[2026-04-28T18:42:36.801+0000] {taskinstance.py:2073} INFO - Dependencies all met for dep_context=requeueable deps ti=<TaskInstance: stock_pipeline.load_to_bigquery scheduled__2026-04-27T06:00:00+00:00 [queued]>
[2026-04-28T18:42:36.802+0000] {taskinstance.py:2303} INFO - Starting attempt 1 of 2
[2026-04-28T18:42:36.813+0000] {taskinstance.py:2327} INFO - Executing <Task(BashOperator): load_to_bigquery> on 2026-04-27 06:00:00+00:00
[2026-04-28T18:42:36.820+0000] {standard_task_runner.py:90} INFO - Running: ['***', 'tasks', 'run', 'stock_pipeline', 'load_to_bigquery', 'scheduled__2026-04-27T06:00:00+00:00', '--job-id', '3', '--raw', '--subdir', 'DAGS_FOLDER/stock_pipeline_dag.py', '--cfg-path', '/tmp/tmpkanetcxq']
[2026-04-28T18:42:36.822+0000] {logging_mixin.py:188} WARNING - /home/***/.local/lib/python3.12/site-packages/***/task/task_runner/standard_task_runner.py:61 DeprecationWarning: This process (pid=212) is multi-threaded, use of fork() may lead to deadlocks in the child.
[2026-04-28T18:42:36.823+0000] {standard_task_runner.py:91} INFO - Job 3: Subtask load_to_bigquery
[2026-04-28T18:42:36.823+0000] {standard_task_runner.py:63} INFO - Started process 213 to run task
[2026-04-28T18:42:36.888+0000] {task_command.py:426} INFO - Running <TaskInstance: stock_pipeline.load_to_bigquery scheduled__2026-04-27T06:00:00+00:00 [running]> on host f6d8fb2a708b
[2026-04-28T18:42:36.970+0000] {taskinstance.py:2644} INFO - Exporting env vars: AIRFLOW_CTX_DAG_OWNER='***' AIRFLOW_CTX_DAG_ID='stock_pipeline' AIRFLOW_CTX_TASK_ID='load_to_bigquery' AIRFLOW_CTX_EXECUTION_DATE='2026-04-27T06:00:00+00:00' AIRFLOW_CTX_TRY_NUMBER='1' AIRFLOW_CTX_DAG_RUN_ID='scheduled__2026-04-27T06:00:00+00:00'
[2026-04-28T18:42:36.971+0000] {taskinstance.py:430} INFO - ::endgroup::
[2026-04-28T18:42:36.983+0000] {subprocess.py:63} INFO - Tmp dir root location: /tmp
[2026-04-28T18:42:36.985+0000] {subprocess.py:75} INFO - Running command: ['/usr/bin/bash', '-c', 'python /opt/***/ingestion/load_to_bigquery.py']
[2026-04-28T18:42:36.994+0000] {subprocess.py:86} INFO - Output:
[2026-04-28T18:42:49.339+0000] {subprocess.py:93} INFO - Removing existing rows for 2026-04-27...
[2026-04-28T18:42:49.342+0000] {subprocess.py:93} INFO - Loading gs://stock-pipeline-raw/raw/candles/2026-04-27.json -> project-933aee0c-10bd-4ab1-888.raw.stock_quotes
[2026-04-28T18:42:49.344+0000] {subprocess.py:93} INFO - Done, Table now has 100 total rows
[2026-04-28T18:42:49.453+0000] {subprocess.py:97} INFO - Command exited with return code 0
[2026-04-28T18:42:49.455+0000] {taskinstance.py:441} INFO - ::group::Post task execution logs
[2026-04-28T18:42:49.477+0000] {taskinstance.py:1205} INFO - Marking task as SUCCESS. dag_id=stock_pipeline, task_id=load_to_bigquery, execution_date=20260427T060000, start_date=20260428T184236, end_date=20260428T184249
[2026-04-28T18:42:49.506+0000] {local_task_job_runner.py:240} INFO - Task exited with return code 0
[2026-04-28T18:42:49.534+0000] {taskinstance.py:3482} INFO - 1 downstream tasks scheduled from follow-on schedule check
[2026-04-28T18:42:49.537+0000] {local_task_job_runner.py:222} INFO - ::endgroup::
