[2026-04-23T18:08:03.674+0000] {local_task_job_runner.py:120} INFO - ::group::Pre task execution logs
[2026-04-23T18:08:03.707+0000] {taskinstance.py:2073} INFO - Dependencies all met for dep_context=non-requeueable deps ti=<TaskInstance: stock_pipeline.load_to_bigquery scheduled__2026-04-22T06:00:00+00:00 [queued]>
[2026-04-23T18:08:03.717+0000] {taskinstance.py:2073} INFO - Dependencies all met for dep_context=requeueable deps ti=<TaskInstance: stock_pipeline.load_to_bigquery scheduled__2026-04-22T06:00:00+00:00 [queued]>
[2026-04-23T18:08:03.718+0000] {taskinstance.py:2303} INFO - Starting attempt 1 of 2
[2026-04-23T18:08:03.733+0000] {taskinstance.py:2327} INFO - Executing <Task(BashOperator): load_to_bigquery> on 2026-04-22 06:00:00+00:00
[2026-04-23T18:08:03.741+0000] {standard_task_runner.py:90} INFO - Running: ['***', 'tasks', 'run', 'stock_pipeline', 'load_to_bigquery', 'scheduled__2026-04-22T06:00:00+00:00', '--job-id', '8', '--raw', '--subdir', 'DAGS_FOLDER/stock_pipeline_dag.py', '--cfg-path', '/tmp/tmpsdzqe_72']
[2026-04-23T18:08:03.743+0000] {logging_mixin.py:188} WARNING - /home/***/.local/lib/python3.12/site-packages/***/task/task_runner/standard_task_runner.py:61 DeprecationWarning: This process (pid=197) is multi-threaded, use of fork() may lead to deadlocks in the child.
[2026-04-23T18:08:03.744+0000] {standard_task_runner.py:91} INFO - Job 8: Subtask load_to_bigquery
[2026-04-23T18:08:03.744+0000] {standard_task_runner.py:63} INFO - Started process 198 to run task
[2026-04-23T18:08:03.812+0000] {task_command.py:426} INFO - Running <TaskInstance: stock_pipeline.load_to_bigquery scheduled__2026-04-22T06:00:00+00:00 [running]> on host ec8841baf29e
[2026-04-23T18:08:03.887+0000] {taskinstance.py:2644} INFO - Exporting env vars: AIRFLOW_CTX_DAG_OWNER='***' AIRFLOW_CTX_DAG_ID='stock_pipeline' AIRFLOW_CTX_TASK_ID='load_to_bigquery' AIRFLOW_CTX_EXECUTION_DATE='2026-04-22T06:00:00+00:00' AIRFLOW_CTX_TRY_NUMBER='1' AIRFLOW_CTX_DAG_RUN_ID='scheduled__2026-04-22T06:00:00+00:00'
[2026-04-23T18:08:03.889+0000] {taskinstance.py:430} INFO - ::endgroup::
[2026-04-23T18:08:03.899+0000] {subprocess.py:63} INFO - Tmp dir root location: /tmp
[2026-04-23T18:08:03.900+0000] {subprocess.py:75} INFO - Running command: ['/usr/bin/bash', '-c', 'python /opt/***/ingestion/load_to_bigquery.py']
[2026-04-23T18:08:03.908+0000] {subprocess.py:86} INFO - Output:
[2026-04-23T18:08:09.514+0000] {subprocess.py:93} INFO - Loading gs://stock-pipeline-raw/raw/candles/2026-04-22.json -> project-933aee0c-10bd-4ab1-888.raw.stock_quotes
[2026-04-23T18:08:09.516+0000] {subprocess.py:93} INFO - Done, Table now has 60 total rows
[2026-04-23T18:08:09.699+0000] {subprocess.py:97} INFO - Command exited with return code 0
[2026-04-23T18:08:09.702+0000] {taskinstance.py:441} INFO - ::group::Post task execution logs
[2026-04-23T18:08:09.752+0000] {taskinstance.py:1205} INFO - Marking task as SUCCESS. dag_id=stock_pipeline, task_id=load_to_bigquery, execution_date=20260422T060000, start_date=20260423T180803, end_date=20260423T180809
[2026-04-23T18:08:09.795+0000] {local_task_job_runner.py:240} INFO - Task exited with return code 0
[2026-04-23T18:08:09.818+0000] {taskinstance.py:3482} INFO - 1 downstream tasks scheduled from follow-on schedule check
[2026-04-23T18:08:09.823+0000] {local_task_job_runner.py:222} INFO - ::endgroup::
[2026-04-23T18:17:28.492+0000] {local_task_job_runner.py:120} INFO - ::group::Pre task execution logs
[2026-04-23T18:17:28.517+0000] {taskinstance.py:2073} INFO - Dependencies all met for dep_context=non-requeueable deps ti=<TaskInstance: stock_pipeline.load_to_bigquery scheduled__2026-04-22T06:00:00+00:00 [queued]>
[2026-04-23T18:17:28.524+0000] {taskinstance.py:2073} INFO - Dependencies all met for dep_context=requeueable deps ti=<TaskInstance: stock_pipeline.load_to_bigquery scheduled__2026-04-22T06:00:00+00:00 [queued]>
[2026-04-23T18:17:28.525+0000] {taskinstance.py:2303} INFO - Starting attempt 1 of 2
[2026-04-23T18:17:28.535+0000] {taskinstance.py:2327} INFO - Executing <Task(BashOperator): load_to_bigquery> on 2026-04-22 06:00:00+00:00
[2026-04-23T18:17:28.541+0000] {standard_task_runner.py:90} INFO - Running: ['***', 'tasks', 'run', 'stock_pipeline', 'load_to_bigquery', 'scheduled__2026-04-22T06:00:00+00:00', '--job-id', '3', '--raw', '--subdir', 'DAGS_FOLDER/stock_pipeline_dag.py', '--cfg-path', '/tmp/tmpmjhkzlq0']
[2026-04-23T18:17:28.543+0000] {standard_task_runner.py:91} INFO - Job 3: Subtask load_to_bigquery
[2026-04-23T18:17:28.544+0000] {logging_mixin.py:188} WARNING - /home/***/.local/lib/python3.12/site-packages/***/task/task_runner/standard_task_runner.py:61 DeprecationWarning: This process (pid=182) is multi-threaded, use of fork() may lead to deadlocks in the child.
[2026-04-23T18:17:28.545+0000] {standard_task_runner.py:63} INFO - Started process 183 to run task
[2026-04-23T18:17:28.607+0000] {task_command.py:426} INFO - Running <TaskInstance: stock_pipeline.load_to_bigquery scheduled__2026-04-22T06:00:00+00:00 [running]> on host 8f0c61881487
[2026-04-23T18:17:28.693+0000] {taskinstance.py:2644} INFO - Exporting env vars: AIRFLOW_CTX_DAG_OWNER='***' AIRFLOW_CTX_DAG_ID='stock_pipeline' AIRFLOW_CTX_TASK_ID='load_to_bigquery' AIRFLOW_CTX_EXECUTION_DATE='2026-04-22T06:00:00+00:00' AIRFLOW_CTX_TRY_NUMBER='1' AIRFLOW_CTX_DAG_RUN_ID='scheduled__2026-04-22T06:00:00+00:00'
[2026-04-23T18:17:28.695+0000] {taskinstance.py:430} INFO - ::endgroup::
[2026-04-23T18:17:28.705+0000] {subprocess.py:63} INFO - Tmp dir root location: /tmp
[2026-04-23T18:17:28.706+0000] {subprocess.py:75} INFO - Running command: ['/usr/bin/bash', '-c', 'python /opt/***/ingestion/load_to_bigquery.py']
[2026-04-23T18:17:28.715+0000] {subprocess.py:86} INFO - Output:
[2026-04-23T18:17:33.740+0000] {subprocess.py:93} INFO - Loading gs://stock-pipeline-raw/raw/candles/2026-04-22.json -> project-933aee0c-10bd-4ab1-888.raw.stock_quotes
[2026-04-23T18:17:33.742+0000] {subprocess.py:93} INFO - Done, Table now has 100 total rows
[2026-04-23T18:17:33.865+0000] {subprocess.py:97} INFO - Command exited with return code 0
[2026-04-23T18:17:33.867+0000] {taskinstance.py:441} INFO - ::group::Post task execution logs
[2026-04-23T18:17:33.886+0000] {taskinstance.py:1205} INFO - Marking task as SUCCESS. dag_id=stock_pipeline, task_id=load_to_bigquery, execution_date=20260422T060000, start_date=20260423T181728, end_date=20260423T181733
[2026-04-23T18:17:33.919+0000] {local_task_job_runner.py:240} INFO - Task exited with return code 0
[2026-04-23T18:17:33.948+0000] {taskinstance.py:3482} INFO - 1 downstream tasks scheduled from follow-on schedule check
[2026-04-23T18:17:33.950+0000] {local_task_job_runner.py:222} INFO - ::endgroup::
[2026-04-23T18:35:30.004+0000] {local_task_job_runner.py:120} INFO - ::group::Pre task execution logs
[2026-04-23T18:35:30.034+0000] {taskinstance.py:2073} INFO - Dependencies all met for dep_context=non-requeueable deps ti=<TaskInstance: stock_pipeline.load_to_bigquery scheduled__2026-04-22T06:00:00+00:00 [queued]>
[2026-04-23T18:35:30.042+0000] {taskinstance.py:2073} INFO - Dependencies all met for dep_context=requeueable deps ti=<TaskInstance: stock_pipeline.load_to_bigquery scheduled__2026-04-22T06:00:00+00:00 [queued]>
[2026-04-23T18:35:30.043+0000] {taskinstance.py:2303} INFO - Starting attempt 1 of 2
[2026-04-23T18:35:30.055+0000] {taskinstance.py:2327} INFO - Executing <Task(BashOperator): load_to_bigquery> on 2026-04-22 06:00:00+00:00
[2026-04-23T18:35:30.069+0000] {logging_mixin.py:188} WARNING - /home/***/.local/lib/python3.12/site-packages/***/task/task_runner/standard_task_runner.py:61 DeprecationWarning: This process (pid=212) is multi-threaded, use of fork() may lead to deadlocks in the child.
[2026-04-23T18:35:30.068+0000] {standard_task_runner.py:90} INFO - Running: ['***', 'tasks', 'run', 'stock_pipeline', 'load_to_bigquery', 'scheduled__2026-04-22T06:00:00+00:00', '--job-id', '3', '--raw', '--subdir', 'DAGS_FOLDER/stock_pipeline_dag.py', '--cfg-path', '/tmp/tmpthcxewet']
[2026-04-23T18:35:30.070+0000] {standard_task_runner.py:63} INFO - Started process 213 to run task
[2026-04-23T18:35:30.071+0000] {standard_task_runner.py:91} INFO - Job 3: Subtask load_to_bigquery
[2026-04-23T18:35:30.150+0000] {task_command.py:426} INFO - Running <TaskInstance: stock_pipeline.load_to_bigquery scheduled__2026-04-22T06:00:00+00:00 [running]> on host 7eb82a26259b
[2026-04-23T18:35:30.233+0000] {taskinstance.py:2644} INFO - Exporting env vars: AIRFLOW_CTX_DAG_OWNER='***' AIRFLOW_CTX_DAG_ID='stock_pipeline' AIRFLOW_CTX_TASK_ID='load_to_bigquery' AIRFLOW_CTX_EXECUTION_DATE='2026-04-22T06:00:00+00:00' AIRFLOW_CTX_TRY_NUMBER='1' AIRFLOW_CTX_DAG_RUN_ID='scheduled__2026-04-22T06:00:00+00:00'
[2026-04-23T18:35:30.234+0000] {taskinstance.py:430} INFO - ::endgroup::
[2026-04-23T18:35:30.248+0000] {subprocess.py:63} INFO - Tmp dir root location: /tmp
[2026-04-23T18:35:30.249+0000] {subprocess.py:75} INFO - Running command: ['/usr/bin/bash', '-c', 'python /opt/***/ingestion/load_to_bigquery.py']
[2026-04-23T18:35:30.259+0000] {subprocess.py:86} INFO - Output:
[2026-04-23T18:35:38.029+0000] {subprocess.py:93} INFO - Loading gs://stock-pipeline-raw/raw/candles/2026-04-22.json -> project-933aee0c-10bd-4ab1-888.raw.stock_quotes
[2026-04-23T18:35:38.031+0000] {subprocess.py:93} INFO - Done, Table now has 140 total rows
[2026-04-23T18:35:38.181+0000] {subprocess.py:97} INFO - Command exited with return code 0
[2026-04-23T18:35:38.183+0000] {taskinstance.py:441} INFO - ::group::Post task execution logs
[2026-04-23T18:35:38.205+0000] {taskinstance.py:1205} INFO - Marking task as SUCCESS. dag_id=stock_pipeline, task_id=load_to_bigquery, execution_date=20260422T060000, start_date=20260423T183530, end_date=20260423T183538
[2026-04-23T18:35:38.256+0000] {local_task_job_runner.py:240} INFO - Task exited with return code 0
[2026-04-23T18:35:38.290+0000] {taskinstance.py:3482} INFO - 1 downstream tasks scheduled from follow-on schedule check
[2026-04-23T18:35:38.293+0000] {local_task_job_runner.py:222} INFO - ::endgroup::
