[2026-04-28T18:35:22.370+0000] {local_task_job_runner.py:120} INFO - ::group::Pre task execution logs
[2026-04-28T18:35:22.398+0000] {taskinstance.py:2073} INFO - Dependencies all met for dep_context=non-requeueable deps ti=<TaskInstance: stock_pipeline.dbt_docs_generate scheduled__2026-04-27T06:00:00+00:00 [queued]>
[2026-04-28T18:35:22.406+0000] {taskinstance.py:2073} INFO - Dependencies all met for dep_context=requeueable deps ti=<TaskInstance: stock_pipeline.dbt_docs_generate scheduled__2026-04-27T06:00:00+00:00 [queued]>
[2026-04-28T18:35:22.407+0000] {taskinstance.py:2303} INFO - Starting attempt 1 of 2
[2026-04-28T18:35:22.421+0000] {taskinstance.py:2327} INFO - Executing <Task(BashOperator): dbt_docs_generate> on 2026-04-27 06:00:00+00:00
[2026-04-28T18:35:22.429+0000] {standard_task_runner.py:90} INFO - Running: ['***', 'tasks', 'run', 'stock_pipeline', 'dbt_docs_generate', 'scheduled__2026-04-27T06:00:00+00:00', '--job-id', '18', '--raw', '--subdir', 'DAGS_FOLDER/stock_pipeline_dag.py', '--cfg-path', '/tmp/tmp8a8cnfoi']
[2026-04-28T18:35:22.432+0000] {logging_mixin.py:188} WARNING - /home/***/.local/lib/python3.12/site-packages/***/task/task_runner/standard_task_runner.py:61 DeprecationWarning: This process (pid=4920) is multi-threaded, use of fork() may lead to deadlocks in the child.
[2026-04-28T18:35:22.433+0000] {standard_task_runner.py:91} INFO - Job 18: Subtask dbt_docs_generate
[2026-04-28T18:35:22.433+0000] {standard_task_runner.py:63} INFO - Started process 4921 to run task
[2026-04-28T18:35:22.499+0000] {task_command.py:426} INFO - Running <TaskInstance: stock_pipeline.dbt_docs_generate scheduled__2026-04-27T06:00:00+00:00 [running]> on host 7eb82a26259b
[2026-04-28T18:35:22.582+0000] {taskinstance.py:2644} INFO - Exporting env vars: AIRFLOW_CTX_DAG_OWNER='***' AIRFLOW_CTX_DAG_ID='stock_pipeline' AIRFLOW_CTX_TASK_ID='dbt_docs_generate' AIRFLOW_CTX_EXECUTION_DATE='2026-04-27T06:00:00+00:00' AIRFLOW_CTX_TRY_NUMBER='1' AIRFLOW_CTX_DAG_RUN_ID='scheduled__2026-04-27T06:00:00+00:00'
[2026-04-28T18:35:22.584+0000] {taskinstance.py:430} INFO - ::endgroup::
[2026-04-28T18:35:22.595+0000] {subprocess.py:63} INFO - Tmp dir root location: /tmp
[2026-04-28T18:35:22.597+0000] {subprocess.py:75} INFO - Running command: ['/usr/bin/bash', '-c', 'dbt docs generate --project-dir /opt/***/dbt_project --profiles-dir /opt/***/dbt_project --log-path /tmp/dbt-logs --target-path /tmp/dbt-target']
[2026-04-28T18:35:22.605+0000] {subprocess.py:86} INFO - Output:
[2026-04-28T18:35:25.228+0000] {subprocess.py:93} INFO - [0m18:35:25  Running with dbt=1.7.19
[2026-04-28T18:35:26.213+0000] {subprocess.py:93} INFO - [0m18:35:26  Registered adapter: bigquery=1.7.0
[2026-04-28T18:35:26.988+0000] {subprocess.py:93} INFO - [0m18:35:26  Found 1 seed, 4 models, 16 tests, 1 source, 0 exposures, 0 metrics, 450 macros, 0 groups, 0 semantic models
[2026-04-28T18:35:26.990+0000] {subprocess.py:93} INFO - [0m18:35:26
[2026-04-28T18:35:30.390+0000] {subprocess.py:93} INFO - [0m18:35:30  Concurrency: 4 threads (target='dev')
[2026-04-28T18:35:30.392+0000] {subprocess.py:93} INFO - [0m18:35:30
[2026-04-28T18:35:30.700+0000] {subprocess.py:93} INFO - [0m18:35:30  Building catalog
[2026-04-28T18:35:33.843+0000] {subprocess.py:93} INFO - [0m18:35:33  Catalog written to /tmp/dbt-target/catalog.json
[2026-04-28T18:35:34.545+0000] {subprocess.py:97} INFO - Command exited with return code 0
[2026-04-28T18:35:34.548+0000] {taskinstance.py:441} INFO - ::group::Post task execution logs
[2026-04-28T18:35:34.586+0000] {taskinstance.py:1205} INFO - Marking task as SUCCESS. dag_id=stock_pipeline, task_id=dbt_docs_generate, execution_date=20260427T060000, start_date=20260428T183522, end_date=20260428T183534
[2026-04-28T18:35:34.635+0000] {local_task_job_runner.py:240} INFO - Task exited with return code 0
[2026-04-28T18:35:34.671+0000] {taskinstance.py:3482} INFO - 1 downstream tasks scheduled from follow-on schedule check
[2026-04-28T18:35:34.674+0000] {local_task_job_runner.py:222} INFO - ::endgroup::
