[2026-04-24T15:47:17.256+0000] {local_task_job_runner.py:120} INFO - ::group::Pre task execution logs
[2026-04-24T15:47:17.412+0000] {taskinstance.py:2073} INFO - Dependencies all met for dep_context=non-requeueable deps ti=<TaskInstance: stock_pipeline.fetch_quotes scheduled__2026-04-23T06:00:00+00:00 [queued]>
[2026-04-24T15:47:17.464+0000] {taskinstance.py:2073} INFO - Dependencies all met for dep_context=requeueable deps ti=<TaskInstance: stock_pipeline.fetch_quotes scheduled__2026-04-23T06:00:00+00:00 [queued]>
[2026-04-24T15:47:17.469+0000] {taskinstance.py:2303} INFO - Starting attempt 1 of 2
[2026-04-24T15:47:17.532+0000] {taskinstance.py:2327} INFO - Executing <Task(BashOperator): fetch_quotes> on 2026-04-23 06:00:00+00:00
[2026-04-24T15:47:17.576+0000] {standard_task_runner.py:90} INFO - Running: ['***', 'tasks', 'run', 'stock_pipeline', 'fetch_quotes', 'scheduled__2026-04-23T06:00:00+00:00', '--job-id', '8', '--raw', '--subdir', 'DAGS_FOLDER/stock_pipeline_dag.py', '--cfg-path', '/tmp/tmp_r6b_6b1']
[2026-04-24T15:47:17.589+0000] {logging_mixin.py:188} WARNING - /home/***/.local/lib/python3.12/site-packages/***/task/task_runner/standard_task_runner.py:61 DeprecationWarning: This process (pid=1202) is multi-threaded, use of fork() may lead to deadlocks in the child.
[2026-04-24T15:47:17.598+0000] {standard_task_runner.py:91} INFO - Job 8: Subtask fetch_quotes
[2026-04-24T15:47:17.606+0000] {standard_task_runner.py:63} INFO - Started process 1205 to run task
[2026-04-24T15:47:17.803+0000] {task_command.py:426} INFO - Running <TaskInstance: stock_pipeline.fetch_quotes scheduled__2026-04-23T06:00:00+00:00 [running]> on host 7eb82a26259b
[2026-04-24T15:47:18.062+0000] {taskinstance.py:2644} INFO - Exporting env vars: AIRFLOW_CTX_DAG_OWNER='***' AIRFLOW_CTX_DAG_ID='stock_pipeline' AIRFLOW_CTX_TASK_ID='fetch_quotes' AIRFLOW_CTX_EXECUTION_DATE='2026-04-23T06:00:00+00:00' AIRFLOW_CTX_TRY_NUMBER='1' AIRFLOW_CTX_DAG_RUN_ID='scheduled__2026-04-23T06:00:00+00:00'
[2026-04-24T15:47:18.066+0000] {taskinstance.py:430} INFO - ::endgroup::
[2026-04-24T15:47:18.128+0000] {subprocess.py:63} INFO - Tmp dir root location: /tmp
[2026-04-24T15:47:18.137+0000] {subprocess.py:75} INFO - Running command: ['/usr/bin/bash', '-c', 'python /opt/***/ingestion/fetch_daily_candles.py']
[2026-04-24T15:47:18.159+0000] {subprocess.py:86} INFO - Output:
[2026-04-24T15:47:58.797+0000] {subprocess.py:93} INFO - Fetching quotes for: 2026-04-23
[2026-04-24T15:47:58.800+0000] {subprocess.py:93} INFO - 
[2026-04-24T15:47:58.802+0000] {subprocess.py:93} INFO -   [1/20] AAPL...
[2026-04-24T15:47:58.805+0000] {subprocess.py:93} INFO -   [2/20] MSFT...
[2026-04-24T15:47:58.807+0000] {subprocess.py:93} INFO -   [3/20] GOOGL...
[2026-04-24T15:47:58.808+0000] {subprocess.py:93} INFO -   [4/20] NVDA...
[2026-04-24T15:47:58.810+0000] {subprocess.py:93} INFO -   [5/20] META...
[2026-04-24T15:47:58.811+0000] {subprocess.py:93} INFO -   [6/20] JPM...
[2026-04-24T15:47:58.811+0000] {subprocess.py:93} INFO -   [7/20] BAC...
[2026-04-24T15:47:58.812+0000] {subprocess.py:93} INFO -   [8/20] GS...
[2026-04-24T15:47:58.813+0000] {subprocess.py:93} INFO -   [9/20] V...
[2026-04-24T15:47:58.814+0000] {subprocess.py:93} INFO -   [10/20] MA...
[2026-04-24T15:47:58.816+0000] {subprocess.py:93} INFO -   [11/20] JNJ...
[2026-04-24T15:47:58.818+0000] {subprocess.py:93} INFO -   [12/20] PFE...
[2026-04-24T15:47:58.819+0000] {subprocess.py:93} INFO -   [13/20] UNH...
[2026-04-24T15:47:58.821+0000] {subprocess.py:93} INFO -   [14/20] ABBV...
[2026-04-24T15:47:58.822+0000] {subprocess.py:93} INFO -   [15/20] MRK...
[2026-04-24T15:47:58.824+0000] {subprocess.py:93} INFO -   [16/20] XOM...
[2026-04-24T15:47:58.825+0000] {subprocess.py:93} INFO -   [17/20] CVX...
[2026-04-24T15:47:58.827+0000] {subprocess.py:93} INFO -   [18/20] COP...
[2026-04-24T15:47:58.828+0000] {subprocess.py:93} INFO -   [19/20] WMT...
[2026-04-24T15:47:58.829+0000] {subprocess.py:93} INFO -   [20/20] AMZN...
[2026-04-24T15:47:58.830+0000] {subprocess.py:93} INFO - 
[2026-04-24T15:47:58.831+0000] {subprocess.py:93} INFO - Uploaded 20 records to gs://stock-pipeline-raw/raw/candles/2026-04-23.json
[2026-04-24T15:47:58.833+0000] {subprocess.py:93} INFO - Done!
[2026-04-24T15:47:58.932+0000] {subprocess.py:97} INFO - Command exited with return code 0
[2026-04-24T15:47:58.934+0000] {taskinstance.py:441} INFO - ::group::Post task execution logs
[2026-04-24T15:47:59.011+0000] {taskinstance.py:1205} INFO - Marking task as SUCCESS. dag_id=stock_pipeline, task_id=fetch_quotes, execution_date=20260423T060000, start_date=20260424T154717, end_date=20260424T154759
[2026-04-24T15:47:59.113+0000] {local_task_job_runner.py:240} INFO - Task exited with return code 0
[2026-04-24T15:47:59.207+0000] {taskinstance.py:3482} INFO - 1 downstream tasks scheduled from follow-on schedule check
[2026-04-24T15:47:59.218+0000] {local_task_job_runner.py:222} INFO - ::endgroup::
