[2026-04-24T15:48:20.755+0000] {local_task_job_runner.py:120} INFO - ::group::Pre task execution logs
[2026-04-24T15:48:20.790+0000] {taskinstance.py:2073} INFO - Dependencies all met for dep_context=non-requeueable deps ti=<TaskInstance: stock_pipeline.dbt_run scheduled__2026-04-23T06:00:00+00:00 [queued]>
[2026-04-24T15:48:20.804+0000] {taskinstance.py:2073} INFO - Dependencies all met for dep_context=requeueable deps ti=<TaskInstance: stock_pipeline.dbt_run scheduled__2026-04-23T06:00:00+00:00 [queued]>
[2026-04-24T15:48:20.805+0000] {taskinstance.py:2303} INFO - Starting attempt 1 of 2
[2026-04-24T15:48:20.822+0000] {taskinstance.py:2327} INFO - Executing <Task(BashOperator): dbt_run> on 2026-04-23 06:00:00+00:00
[2026-04-24T15:48:20.832+0000] {standard_task_runner.py:90} INFO - Running: ['***', 'tasks', 'run', 'stock_pipeline', 'dbt_run', 'scheduled__2026-04-23T06:00:00+00:00', '--job-id', '10', '--raw', '--subdir', 'DAGS_FOLDER/stock_pipeline_dag.py', '--cfg-path', '/tmp/tmpmuwnz1e5']
[2026-04-24T15:48:20.835+0000] {logging_mixin.py:188} WARNING - /home/***/.local/lib/python3.12/site-packages/***/task/task_runner/standard_task_runner.py:61 DeprecationWarning: This process (pid=1254) is multi-threaded, use of fork() may lead to deadlocks in the child.
[2026-04-24T15:48:20.835+0000] {standard_task_runner.py:91} INFO - Job 10: Subtask dbt_run
[2026-04-24T15:48:20.836+0000] {standard_task_runner.py:63} INFO - Started process 1255 to run task
[2026-04-24T15:48:20.914+0000] {task_command.py:426} INFO - Running <TaskInstance: stock_pipeline.dbt_run scheduled__2026-04-23T06:00:00+00:00 [running]> on host 7eb82a26259b
[2026-04-24T15:48:21.029+0000] {taskinstance.py:2644} INFO - Exporting env vars: AIRFLOW_CTX_DAG_OWNER='***' AIRFLOW_CTX_DAG_ID='stock_pipeline' AIRFLOW_CTX_TASK_ID='dbt_run' AIRFLOW_CTX_EXECUTION_DATE='2026-04-23T06:00:00+00:00' AIRFLOW_CTX_TRY_NUMBER='1' AIRFLOW_CTX_DAG_RUN_ID='scheduled__2026-04-23T06:00:00+00:00'
[2026-04-24T15:48:21.031+0000] {taskinstance.py:430} INFO - ::endgroup::
[2026-04-24T15:48:21.049+0000] {subprocess.py:63} INFO - Tmp dir root location: /tmp
[2026-04-24T15:48:21.051+0000] {subprocess.py:75} INFO - Running command: ['/usr/bin/bash', '-c', 'dbt run --project-dir /opt/***/dbt_project --profiles-dir /opt/***/dbt_project --log-path /tmp/dbt-logs --target-path /tmp/dbt-target']
[2026-04-24T15:48:21.062+0000] {subprocess.py:86} INFO - Output:
[2026-04-24T15:48:25.741+0000] {subprocess.py:93} INFO - [0m15:48:25  Running with dbt=1.7.19
[2026-04-24T15:48:27.209+0000] {subprocess.py:93} INFO - [0m15:48:27  Registered adapter: bigquery=1.7.0
[2026-04-24T15:48:27.900+0000] {subprocess.py:93} INFO - [0m15:48:27  Found 4 models, 1 seed, 16 tests, 1 source, 0 exposures, 0 metrics, 450 macros, 0 groups, 0 semantic models
[2026-04-24T15:48:27.906+0000] {subprocess.py:93} INFO - [0m15:48:27
[2026-04-24T15:48:32.425+0000] {subprocess.py:93} INFO - [0m15:48:32  Concurrency: 4 threads (target='dev')
[2026-04-24T15:48:32.426+0000] {subprocess.py:93} INFO - [0m15:48:32
[2026-04-24T15:48:32.452+0000] {subprocess.py:93} INFO - [0m15:48:32  1 of 4 START sql table model marts.dim_company ................................. [RUN]
[2026-04-24T15:48:32.454+0000] {subprocess.py:93} INFO - [0m15:48:32  2 of 4 START sql view model staging.stg_stock_quotes ........................... [RUN]
[2026-04-24T15:48:33.505+0000] {subprocess.py:93} INFO - [0m15:48:33  2 of 4 OK created sql view model staging.stg_stock_quotes ...................... [[32mCREATE VIEW (0 processed)[0m in 1.05s]
[2026-04-24T15:48:35.612+0000] {subprocess.py:93} INFO - [0m15:48:35  1 of 4 OK created sql table model marts.dim_company ............................ [[32mCREATE TABLE (20.0 rows, 860.0 Bytes processed)[0m in 3.16s]
[2026-04-24T15:48:35.615+0000] {subprocess.py:93} INFO - [0m15:48:35  3 of 4 START sql table model marts.fct_daily_trading ........................... [RUN]
[2026-04-24T15:48:38.909+0000] {subprocess.py:93} INFO - [0m15:48:38  3 of 4 OK created sql table model marts.fct_daily_trading ...................... [[32mCREATE TABLE (80.0 rows, 7.1 KiB processed)[0m in 3.29s]
[2026-04-24T15:48:38.911+0000] {subprocess.py:93} INFO - [0m15:48:38  4 of 4 START sql table model marts.marts_sector_performance .................... [RUN]
[2026-04-24T15:48:41.951+0000] {subprocess.py:93} INFO - [0m15:48:41  4 of 4 OK created sql table model marts.marts_sector_performance ............... [[32mCREATE TABLE (20.0 rows, 4.2 KiB processed)[0m in 3.04s]
[2026-04-24T15:48:41.958+0000] {subprocess.py:93} INFO - [0m15:48:41
[2026-04-24T15:48:41.960+0000] {subprocess.py:93} INFO - [0m15:48:41  Finished running 1 view model, 3 table models in 0 hours 0 minutes and 14.05 seconds (14.05s).
[2026-04-24T15:48:41.976+0000] {subprocess.py:93} INFO - [0m15:48:41
[2026-04-24T15:48:41.976+0000] {subprocess.py:93} INFO - [0m15:48:41  [32mCompleted successfully[0m
[2026-04-24T15:48:41.977+0000] {subprocess.py:93} INFO - [0m15:48:41
[2026-04-24T15:48:41.978+0000] {subprocess.py:93} INFO - [0m15:48:41  Done. PASS=4 WARN=0 ERROR=0 SKIP=0 TOTAL=4
[2026-04-24T15:48:42.443+0000] {subprocess.py:97} INFO - Command exited with return code 0
[2026-04-24T15:48:42.445+0000] {taskinstance.py:441} INFO - ::group::Post task execution logs
[2026-04-24T15:48:42.482+0000] {taskinstance.py:1205} INFO - Marking task as SUCCESS. dag_id=stock_pipeline, task_id=dbt_run, execution_date=20260423T060000, start_date=20260424T154820, end_date=20260424T154842
[2026-04-24T15:48:42.532+0000] {local_task_job_runner.py:240} INFO - Task exited with return code 0
[2026-04-24T15:48:42.578+0000] {taskinstance.py:3482} INFO - 1 downstream tasks scheduled from follow-on schedule check
[2026-04-24T15:48:42.586+0000] {local_task_job_runner.py:222} INFO - ::endgroup::
