[2026-04-23T18:07:41.246+0000] {local_task_job_runner.py:120} INFO - ::group::Pre task execution logs
[2026-04-23T18:07:41.295+0000] {taskinstance.py:2073} INFO - Dependencies all met for dep_context=non-requeueable deps ti=<TaskInstance: stock_pipeline.dbt_docs_generate manual__2026-04-23T18:07:40.709739+00:00 [queued]>
[2026-04-23T18:07:41.309+0000] {taskinstance.py:2073} INFO - Dependencies all met for dep_context=requeueable deps ti=<TaskInstance: stock_pipeline.dbt_docs_generate manual__2026-04-23T18:07:40.709739+00:00 [queued]>
[2026-04-23T18:07:41.310+0000] {taskinstance.py:2303} INFO - Starting attempt 1 of 2
[2026-04-23T18:07:41.329+0000] {taskinstance.py:2327} INFO - Executing <Task(BashOperator): dbt_docs_generate> on 2026-04-23 18:07:40.709739+00:00
[2026-04-23T18:07:41.339+0000] {standard_task_runner.py:90} INFO - Running: ['***', 'tasks', 'run', 'stock_pipeline', 'dbt_docs_generate', 'manual__2026-04-23T18:07:40.709739+00:00', '--job-id', '6', '--raw', '--subdir', 'DAGS_FOLDER/stock_pipeline_dag.py', '--cfg-path', '/tmp/tmpdtllg_vg']
[2026-04-23T18:07:41.344+0000] {standard_task_runner.py:91} INFO - Job 6: Subtask dbt_docs_generate
[2026-04-23T18:07:41.345+0000] {logging_mixin.py:188} WARNING - /home/***/.local/lib/python3.12/site-packages/***/task/task_runner/standard_task_runner.py:61 DeprecationWarning: This process (pid=189) is multi-threaded, use of fork() may lead to deadlocks in the child.
[2026-04-23T18:07:41.346+0000] {standard_task_runner.py:63} INFO - Started process 191 to run task
[2026-04-23T18:07:41.434+0000] {task_command.py:426} INFO - Running <TaskInstance: stock_pipeline.dbt_docs_generate manual__2026-04-23T18:07:40.709739+00:00 [running]> on host ec8841baf29e
[2026-04-23T18:07:41.514+0000] {taskinstance.py:2644} INFO - Exporting env vars: AIRFLOW_CTX_DAG_OWNER='***' AIRFLOW_CTX_DAG_ID='stock_pipeline' AIRFLOW_CTX_TASK_ID='dbt_docs_generate' AIRFLOW_CTX_EXECUTION_DATE='2026-04-23T18:07:40.709739+00:00' AIRFLOW_CTX_TRY_NUMBER='1' AIRFLOW_CTX_DAG_RUN_ID='manual__2026-04-23T18:07:40.709739+00:00'
[2026-04-23T18:07:41.517+0000] {taskinstance.py:430} INFO - ::endgroup::
[2026-04-23T18:07:41.529+0000] {subprocess.py:63} INFO - Tmp dir root location: /tmp
[2026-04-23T18:07:41.534+0000] {subprocess.py:75} INFO - Running command: ['/usr/bin/bash', '-c', 'dbt docs generate --project-dir /opt/***/dbt_project --profiles-dir /opt/***/dbt_project']
[2026-04-23T18:07:41.544+0000] {subprocess.py:86} INFO - Output:
[2026-04-23T18:07:41.545+0000] {subprocess.py:93} INFO - /usr/bin/bash: line 1: dbt: command not found
[2026-04-23T18:07:41.546+0000] {subprocess.py:97} INFO - Command exited with return code 127
[2026-04-23T18:07:41.549+0000] {taskinstance.py:441} INFO - ::group::Post task execution logs
[2026-04-23T18:07:41.564+0000] {taskinstance.py:2890} ERROR - Task failed with exception
Traceback (most recent call last):
  File "/home/airflow/.local/lib/python3.12/site-packages/airflow/models/taskinstance.py", line 465, in _execute_task
    result = _execute_callable(context=context, **execute_callable_kwargs)
             ^^^^^^^^^^^^^^^^^^^^^^^^^^^^^^^^^^^^^^^^^^^^^^^^^^^^^^^^^^^^^
  File "/home/airflow/.local/lib/python3.12/site-packages/airflow/models/taskinstance.py", line 432, in _execute_callable
    return execute_callable(context=context, **execute_callable_kwargs)
           ^^^^^^^^^^^^^^^^^^^^^^^^^^^^^^^^^^^^^^^^^^^^^^^^^^^^^^^^^^^^
  File "/home/airflow/.local/lib/python3.12/site-packages/airflow/models/baseoperator.py", line 400, in wrapper
    return func(self, *args, **kwargs)
           ^^^^^^^^^^^^^^^^^^^^^^^^^^^
  File "/home/airflow/.local/lib/python3.12/site-packages/airflow/operators/bash.py", line 243, in execute
    raise AirflowException(
airflow.exceptions.AirflowException: Bash command failed. The command returned a non-zero exit code 127.
[2026-04-23T18:07:41.570+0000] {taskinstance.py:1205} INFO - Marking task as UP_FOR_RETRY. dag_id=stock_pipeline, task_id=dbt_docs_generate, execution_date=20260423T180740, start_date=20260423T180741, end_date=20260423T180741
[2026-04-23T18:07:41.585+0000] {standard_task_runner.py:110} ERROR - Failed to execute job 6 for task dbt_docs_generate (Bash command failed. The command returned a non-zero exit code 127.; 191)
[2026-04-23T18:07:41.603+0000] {local_task_job_runner.py:240} INFO - Task exited with return code 1
[2026-04-23T18:07:41.634+0000] {taskinstance.py:3482} INFO - 0 downstream tasks scheduled from follow-on schedule check
[2026-04-23T18:07:41.638+0000] {local_task_job_runner.py:222} INFO - ::endgroup::
