[2026-04-23T18:08:08.682+0000] {local_task_job_runner.py:120} INFO - ::group::Pre task execution logs
[2026-04-23T18:08:08.707+0000] {taskinstance.py:2073} INFO - Dependencies all met for dep_context=non-requeueable deps ti=<TaskInstance: stock_pipeline.load_to_bigquery manual__2026-04-23T18:07:40.709739+00:00 [queued]>
[2026-04-23T18:08:08.716+0000] {taskinstance.py:2073} INFO - Dependencies all met for dep_context=requeueable deps ti=<TaskInstance: stock_pipeline.load_to_bigquery manual__2026-04-23T18:07:40.709739+00:00 [queued]>
[2026-04-23T18:08:08.717+0000] {taskinstance.py:2303} INFO - Starting attempt 1 of 2
[2026-04-23T18:08:08.727+0000] {taskinstance.py:2327} INFO - Executing <Task(BashOperator): load_to_bigquery> on 2026-04-23 18:07:40.709739+00:00
[2026-04-23T18:08:08.733+0000] {standard_task_runner.py:90} INFO - Running: ['***', 'tasks', 'run', 'stock_pipeline', 'load_to_bigquery', 'manual__2026-04-23T18:07:40.709739+00:00', '--job-id', '9', '--raw', '--subdir', 'DAGS_FOLDER/stock_pipeline_dag.py', '--cfg-path', '/tmp/tmp8siowszj']
[2026-04-23T18:08:08.735+0000] {logging_mixin.py:188} WARNING - /home/***/.local/lib/python3.12/site-packages/***/task/task_runner/standard_task_runner.py:61 DeprecationWarning: This process (pid=219) is multi-threaded, use of fork() may lead to deadlocks in the child.
[2026-04-23T18:08:08.735+0000] {standard_task_runner.py:91} INFO - Job 9: Subtask load_to_bigquery
[2026-04-23T18:08:08.736+0000] {standard_task_runner.py:63} INFO - Started process 220 to run task
[2026-04-23T18:08:08.793+0000] {task_command.py:426} INFO - Running <TaskInstance: stock_pipeline.load_to_bigquery manual__2026-04-23T18:07:40.709739+00:00 [running]> on host ec8841baf29e
[2026-04-23T18:08:08.861+0000] {taskinstance.py:2644} INFO - Exporting env vars: AIRFLOW_CTX_DAG_OWNER='***' AIRFLOW_CTX_DAG_ID='stock_pipeline' AIRFLOW_CTX_TASK_ID='load_to_bigquery' AIRFLOW_CTX_EXECUTION_DATE='2026-04-23T18:07:40.709739+00:00' AIRFLOW_CTX_TRY_NUMBER='1' AIRFLOW_CTX_DAG_RUN_ID='manual__2026-04-23T18:07:40.709739+00:00'
[2026-04-23T18:08:08.862+0000] {taskinstance.py:430} INFO - ::endgroup::
[2026-04-23T18:08:08.871+0000] {subprocess.py:63} INFO - Tmp dir root location: /tmp
[2026-04-23T18:08:08.872+0000] {subprocess.py:75} INFO - Running command: ['/usr/bin/bash', '-c', 'python /opt/***/ingestion/load_to_bigquery.py']
[2026-04-23T18:08:08.880+0000] {subprocess.py:86} INFO - Output:
[2026-04-23T18:08:15.047+0000] {subprocess.py:93} INFO - Loading gs://stock-pipeline-raw/raw/candles/2026-04-22.json -> project-933aee0c-10bd-4ab1-888.raw.stock_quotes
[2026-04-23T18:08:15.049+0000] {subprocess.py:93} INFO - Done, Table now has 80 total rows
[2026-04-23T18:08:15.180+0000] {subprocess.py:97} INFO - Command exited with return code 0
[2026-04-23T18:08:15.181+0000] {taskinstance.py:441} INFO - ::group::Post task execution logs
[2026-04-23T18:08:15.200+0000] {taskinstance.py:1205} INFO - Marking task as SUCCESS. dag_id=stock_pipeline, task_id=load_to_bigquery, execution_date=20260423T180740, start_date=20260423T180808, end_date=20260423T180815
[2026-04-23T18:08:15.214+0000] {local_task_job_runner.py:240} INFO - Task exited with return code 0
[2026-04-23T18:08:15.233+0000] {taskinstance.py:3482} INFO - 1 downstream tasks scheduled from follow-on schedule check
[2026-04-23T18:08:15.235+0000] {local_task_job_runner.py:222} INFO - ::endgroup::
