[2026-04-27T14:38:01.294+0000] {processor.py:161} INFO - Started process (PID=4269) to work on /opt/airflow/dags/stock_pipeline_dag.py
[2026-04-27T14:38:01.384+0000] {processor.py:830} INFO - Processing file /opt/airflow/dags/stock_pipeline_dag.py for tasks to queue
[2026-04-27T14:38:01.458+0000] {logging_mixin.py:188} INFO - [2026-04-27T14:38:01.457+0000] {dagbag.py:540} INFO - Filling up the DagBag from /opt/airflow/dags/stock_pipeline_dag.py
[2026-04-27T14:38:02.249+0000] {processor.py:840} INFO - DAG(s) 'stock_pipeline' retrieved from /opt/airflow/dags/stock_pipeline_dag.py
[2026-04-27T14:38:09.126+0000] {logging_mixin.py:188} INFO - [2026-04-27T14:38:09.125+0000] {dag.py:3096} INFO - Sync 1 DAGs
[2026-04-27T14:38:09.315+0000] {logging_mixin.py:188} INFO - [2026-04-27T14:38:09.314+0000] {dag.py:3954} INFO - Setting next_dagrun for stock_pipeline to 2026-04-27 06:00:00+00:00, run_after=2026-04-28 06:00:00+00:00
[2026-04-27T14:38:09.460+0000] {processor.py:183} INFO - Processing /opt/airflow/dags/stock_pipeline_dag.py took 8.216 seconds
[2026-04-27T14:38:39.724+0000] {processor.py:161} INFO - Started process (PID=4274) to work on /opt/airflow/dags/stock_pipeline_dag.py
[2026-04-27T14:38:39.727+0000] {processor.py:830} INFO - Processing file /opt/airflow/dags/stock_pipeline_dag.py for tasks to queue
[2026-04-27T14:38:39.735+0000] {logging_mixin.py:188} INFO - [2026-04-27T14:38:39.734+0000] {dagbag.py:540} INFO - Filling up the DagBag from /opt/airflow/dags/stock_pipeline_dag.py
[2026-04-27T14:38:39.819+0000] {processor.py:840} INFO - DAG(s) 'stock_pipeline' retrieved from /opt/airflow/dags/stock_pipeline_dag.py
[2026-04-27T14:38:39.888+0000] {logging_mixin.py:188} INFO - [2026-04-27T14:38:39.888+0000] {dag.py:3096} INFO - Sync 1 DAGs
[2026-04-27T14:38:39.956+0000] {logging_mixin.py:188} INFO - [2026-04-27T14:38:39.955+0000] {dag.py:3954} INFO - Setting next_dagrun for stock_pipeline to 2026-04-27 06:00:00+00:00, run_after=2026-04-28 06:00:00+00:00
[2026-04-27T14:38:40.007+0000] {processor.py:183} INFO - Processing /opt/airflow/dags/stock_pipeline_dag.py took 0.305 seconds
[2026-04-27T14:39:10.124+0000] {processor.py:161} INFO - Started process (PID=4279) to work on /opt/airflow/dags/stock_pipeline_dag.py
[2026-04-27T14:39:10.126+0000] {processor.py:830} INFO - Processing file /opt/airflow/dags/stock_pipeline_dag.py for tasks to queue
[2026-04-27T14:39:10.129+0000] {logging_mixin.py:188} INFO - [2026-04-27T14:39:10.129+0000] {dagbag.py:540} INFO - Filling up the DagBag from /opt/airflow/dags/stock_pipeline_dag.py
[2026-04-27T14:39:10.161+0000] {processor.py:840} INFO - DAG(s) 'stock_pipeline' retrieved from /opt/airflow/dags/stock_pipeline_dag.py
[2026-04-27T14:39:10.187+0000] {logging_mixin.py:188} INFO - [2026-04-27T14:39:10.186+0000] {dag.py:3096} INFO - Sync 1 DAGs
[2026-04-27T14:39:10.217+0000] {logging_mixin.py:188} INFO - [2026-04-27T14:39:10.216+0000] {dag.py:3954} INFO - Setting next_dagrun for stock_pipeline to 2026-04-27 06:00:00+00:00, run_after=2026-04-28 06:00:00+00:00
[2026-04-27T14:39:10.245+0000] {processor.py:183} INFO - Processing /opt/airflow/dags/stock_pipeline_dag.py took 0.129 seconds
[2026-04-27T14:39:40.575+0000] {processor.py:161} INFO - Started process (PID=4284) to work on /opt/airflow/dags/stock_pipeline_dag.py
[2026-04-27T14:39:40.576+0000] {processor.py:830} INFO - Processing file /opt/airflow/dags/stock_pipeline_dag.py for tasks to queue
[2026-04-27T14:39:40.579+0000] {logging_mixin.py:188} INFO - [2026-04-27T14:39:40.578+0000] {dagbag.py:540} INFO - Filling up the DagBag from /opt/airflow/dags/stock_pipeline_dag.py
[2026-04-27T14:39:40.613+0000] {processor.py:840} INFO - DAG(s) 'stock_pipeline' retrieved from /opt/airflow/dags/stock_pipeline_dag.py
[2026-04-27T14:39:40.640+0000] {logging_mixin.py:188} INFO - [2026-04-27T14:39:40.639+0000] {dag.py:3096} INFO - Sync 1 DAGs
[2026-04-27T14:39:40.660+0000] {logging_mixin.py:188} INFO - [2026-04-27T14:39:40.660+0000] {dag.py:3954} INFO - Setting next_dagrun for stock_pipeline to 2026-04-27 06:00:00+00:00, run_after=2026-04-28 06:00:00+00:00
[2026-04-27T14:39:40.680+0000] {processor.py:183} INFO - Processing /opt/airflow/dags/stock_pipeline_dag.py took 0.114 seconds
[2026-04-27T14:40:10.900+0000] {processor.py:161} INFO - Started process (PID=4289) to work on /opt/airflow/dags/stock_pipeline_dag.py
[2026-04-27T14:40:10.901+0000] {processor.py:830} INFO - Processing file /opt/airflow/dags/stock_pipeline_dag.py for tasks to queue
[2026-04-27T14:40:10.904+0000] {logging_mixin.py:188} INFO - [2026-04-27T14:40:10.903+0000] {dagbag.py:540} INFO - Filling up the DagBag from /opt/airflow/dags/stock_pipeline_dag.py
[2026-04-27T14:40:10.942+0000] {processor.py:840} INFO - DAG(s) 'stock_pipeline' retrieved from /opt/airflow/dags/stock_pipeline_dag.py
[2026-04-27T14:40:10.967+0000] {logging_mixin.py:188} INFO - [2026-04-27T14:40:10.967+0000] {dag.py:3096} INFO - Sync 1 DAGs
[2026-04-27T14:40:10.987+0000] {logging_mixin.py:188} INFO - [2026-04-27T14:40:10.987+0000] {dag.py:3954} INFO - Setting next_dagrun for stock_pipeline to 2026-04-27 06:00:00+00:00, run_after=2026-04-28 06:00:00+00:00
[2026-04-27T14:40:11.005+0000] {processor.py:183} INFO - Processing /opt/airflow/dags/stock_pipeline_dag.py took 0.116 seconds
[2026-04-27T14:40:41.489+0000] {processor.py:161} INFO - Started process (PID=4294) to work on /opt/airflow/dags/stock_pipeline_dag.py
[2026-04-27T14:40:41.491+0000] {processor.py:830} INFO - Processing file /opt/airflow/dags/stock_pipeline_dag.py for tasks to queue
[2026-04-27T14:40:41.494+0000] {logging_mixin.py:188} INFO - [2026-04-27T14:40:41.494+0000] {dagbag.py:540} INFO - Filling up the DagBag from /opt/airflow/dags/stock_pipeline_dag.py
[2026-04-27T14:40:41.552+0000] {processor.py:840} INFO - DAG(s) 'stock_pipeline' retrieved from /opt/airflow/dags/stock_pipeline_dag.py
[2026-04-27T14:40:41.579+0000] {logging_mixin.py:188} INFO - [2026-04-27T14:40:41.579+0000] {dag.py:3096} INFO - Sync 1 DAGs
[2026-04-27T14:40:41.605+0000] {logging_mixin.py:188} INFO - [2026-04-27T14:40:41.604+0000] {dag.py:3954} INFO - Setting next_dagrun for stock_pipeline to 2026-04-27 06:00:00+00:00, run_after=2026-04-28 06:00:00+00:00
[2026-04-27T14:40:41.634+0000] {processor.py:183} INFO - Processing /opt/airflow/dags/stock_pipeline_dag.py took 0.154 seconds
[2026-04-27T14:41:11.836+0000] {processor.py:161} INFO - Started process (PID=4299) to work on /opt/airflow/dags/stock_pipeline_dag.py
[2026-04-27T14:41:11.856+0000] {processor.py:830} INFO - Processing file /opt/airflow/dags/stock_pipeline_dag.py for tasks to queue
[2026-04-27T14:41:11.865+0000] {logging_mixin.py:188} INFO - [2026-04-27T14:41:11.865+0000] {dagbag.py:540} INFO - Filling up the DagBag from /opt/airflow/dags/stock_pipeline_dag.py
[2026-04-27T14:41:11.910+0000] {processor.py:840} INFO - DAG(s) 'stock_pipeline' retrieved from /opt/airflow/dags/stock_pipeline_dag.py
[2026-04-27T14:41:11.955+0000] {logging_mixin.py:188} INFO - [2026-04-27T14:41:11.955+0000] {dag.py:3096} INFO - Sync 1 DAGs
[2026-04-27T14:41:11.991+0000] {logging_mixin.py:188} INFO - [2026-04-27T14:41:11.991+0000] {dag.py:3954} INFO - Setting next_dagrun for stock_pipeline to 2026-04-27 06:00:00+00:00, run_after=2026-04-28 06:00:00+00:00
[2026-04-27T14:41:12.025+0000] {processor.py:183} INFO - Processing /opt/airflow/dags/stock_pipeline_dag.py took 0.200 seconds
[2026-04-27T14:41:42.562+0000] {processor.py:161} INFO - Started process (PID=4304) to work on /opt/airflow/dags/stock_pipeline_dag.py
[2026-04-27T14:41:42.567+0000] {processor.py:830} INFO - Processing file /opt/airflow/dags/stock_pipeline_dag.py for tasks to queue
[2026-04-27T14:41:42.588+0000] {logging_mixin.py:188} INFO - [2026-04-27T14:41:42.584+0000] {dagbag.py:540} INFO - Filling up the DagBag from /opt/airflow/dags/stock_pipeline_dag.py
[2026-04-27T14:43:59.018+0000] {processor.py:840} INFO - DAG(s) 'stock_pipeline' retrieved from /opt/airflow/dags/stock_pipeline_dag.py
[2026-04-27T14:43:59.218+0000] {logging_mixin.py:188} INFO - [2026-04-27T14:43:59.207+0000] {dag.py:3096} INFO - Sync 1 DAGs
[2026-04-27T14:44:29.397+0000] {processor.py:161} INFO - Started process (PID=4309) to work on /opt/airflow/dags/stock_pipeline_dag.py
[2026-04-27T14:44:29.399+0000] {processor.py:830} INFO - Processing file /opt/airflow/dags/stock_pipeline_dag.py for tasks to queue
[2026-04-27T14:44:29.403+0000] {logging_mixin.py:188} INFO - [2026-04-27T14:44:29.402+0000] {dagbag.py:540} INFO - Filling up the DagBag from /opt/airflow/dags/stock_pipeline_dag.py
[2026-04-27T14:44:29.465+0000] {processor.py:840} INFO - DAG(s) 'stock_pipeline' retrieved from /opt/airflow/dags/stock_pipeline_dag.py
[2026-04-27T14:44:29.520+0000] {logging_mixin.py:188} INFO - [2026-04-27T14:44:29.519+0000] {dag.py:3096} INFO - Sync 1 DAGs
[2026-04-27T14:44:29.559+0000] {logging_mixin.py:188} INFO - [2026-04-27T14:44:29.559+0000] {dag.py:3954} INFO - Setting next_dagrun for stock_pipeline to 2026-04-27 06:00:00+00:00, run_after=2026-04-28 06:00:00+00:00
[2026-04-27T14:44:29.594+0000] {processor.py:183} INFO - Processing /opt/airflow/dags/stock_pipeline_dag.py took 0.209 seconds
[2026-04-27T14:44:59.907+0000] {processor.py:161} INFO - Started process (PID=4314) to work on /opt/airflow/dags/stock_pipeline_dag.py
[2026-04-27T14:44:59.911+0000] {processor.py:830} INFO - Processing file /opt/airflow/dags/stock_pipeline_dag.py for tasks to queue
[2026-04-27T14:44:59.915+0000] {logging_mixin.py:188} INFO - [2026-04-27T14:44:59.914+0000] {dagbag.py:540} INFO - Filling up the DagBag from /opt/airflow/dags/stock_pipeline_dag.py
[2026-04-27T14:44:59.969+0000] {processor.py:840} INFO - DAG(s) 'stock_pipeline' retrieved from /opt/airflow/dags/stock_pipeline_dag.py
[2026-04-27T14:45:00.032+0000] {logging_mixin.py:188} INFO - [2026-04-27T14:45:00.032+0000] {dag.py:3096} INFO - Sync 1 DAGs
[2026-04-27T14:45:00.084+0000] {logging_mixin.py:188} INFO - [2026-04-27T14:45:00.083+0000] {dag.py:3954} INFO - Setting next_dagrun for stock_pipeline to 2026-04-27 06:00:00+00:00, run_after=2026-04-28 06:00:00+00:00
[2026-04-27T14:45:00.139+0000] {processor.py:183} INFO - Processing /opt/airflow/dags/stock_pipeline_dag.py took 0.242 seconds
[2026-04-27T14:45:30.429+0000] {processor.py:161} INFO - Started process (PID=4319) to work on /opt/airflow/dags/stock_pipeline_dag.py
[2026-04-27T14:45:30.432+0000] {processor.py:830} INFO - Processing file /opt/airflow/dags/stock_pipeline_dag.py for tasks to queue
[2026-04-27T14:45:30.439+0000] {logging_mixin.py:188} INFO - [2026-04-27T14:45:30.438+0000] {dagbag.py:540} INFO - Filling up the DagBag from /opt/airflow/dags/stock_pipeline_dag.py
[2026-04-27T14:45:30.560+0000] {processor.py:840} INFO - DAG(s) 'stock_pipeline' retrieved from /opt/airflow/dags/stock_pipeline_dag.py
[2026-04-27T14:45:30.702+0000] {logging_mixin.py:188} INFO - [2026-04-27T14:45:30.701+0000] {dag.py:3096} INFO - Sync 1 DAGs
[2026-04-27T14:45:30.782+0000] {logging_mixin.py:188} INFO - [2026-04-27T14:45:30.781+0000] {dag.py:3954} INFO - Setting next_dagrun for stock_pipeline to 2026-04-27 06:00:00+00:00, run_after=2026-04-28 06:00:00+00:00
[2026-04-27T14:45:30.851+0000] {processor.py:183} INFO - Processing /opt/airflow/dags/stock_pipeline_dag.py took 0.447 seconds
[2026-04-27T14:46:01.313+0000] {processor.py:161} INFO - Started process (PID=4324) to work on /opt/airflow/dags/stock_pipeline_dag.py
[2026-04-27T14:46:01.315+0000] {processor.py:830} INFO - Processing file /opt/airflow/dags/stock_pipeline_dag.py for tasks to queue
[2026-04-27T14:46:01.318+0000] {logging_mixin.py:188} INFO - [2026-04-27T14:46:01.318+0000] {dagbag.py:540} INFO - Filling up the DagBag from /opt/airflow/dags/stock_pipeline_dag.py
[2026-04-27T14:46:01.369+0000] {processor.py:840} INFO - DAG(s) 'stock_pipeline' retrieved from /opt/airflow/dags/stock_pipeline_dag.py
[2026-04-27T14:46:01.418+0000] {logging_mixin.py:188} INFO - [2026-04-27T14:46:01.417+0000] {dag.py:3096} INFO - Sync 1 DAGs
[2026-04-27T14:46:01.461+0000] {logging_mixin.py:188} INFO - [2026-04-27T14:46:01.460+0000] {dag.py:3954} INFO - Setting next_dagrun for stock_pipeline to 2026-04-27 06:00:00+00:00, run_after=2026-04-28 06:00:00+00:00
[2026-04-27T14:46:01.503+0000] {processor.py:183} INFO - Processing /opt/airflow/dags/stock_pipeline_dag.py took 0.201 seconds
[2026-04-27T14:46:31.591+0000] {processor.py:161} INFO - Started process (PID=4329) to work on /opt/airflow/dags/stock_pipeline_dag.py
[2026-04-27T14:46:31.593+0000] {processor.py:830} INFO - Processing file /opt/airflow/dags/stock_pipeline_dag.py for tasks to queue
[2026-04-27T14:46:31.596+0000] {logging_mixin.py:188} INFO - [2026-04-27T14:46:31.595+0000] {dagbag.py:540} INFO - Filling up the DagBag from /opt/airflow/dags/stock_pipeline_dag.py
[2026-04-27T14:46:31.642+0000] {processor.py:840} INFO - DAG(s) 'stock_pipeline' retrieved from /opt/airflow/dags/stock_pipeline_dag.py
[2026-04-27T14:46:31.676+0000] {logging_mixin.py:188} INFO - [2026-04-27T14:46:31.676+0000] {dag.py:3096} INFO - Sync 1 DAGs
[2026-04-27T14:46:31.699+0000] {logging_mixin.py:188} INFO - [2026-04-27T14:46:31.698+0000] {dag.py:3954} INFO - Setting next_dagrun for stock_pipeline to 2026-04-27 06:00:00+00:00, run_after=2026-04-28 06:00:00+00:00
[2026-04-27T14:46:31.720+0000] {processor.py:183} INFO - Processing /opt/airflow/dags/stock_pipeline_dag.py took 0.139 seconds
[2026-04-27T14:47:02.151+0000] {processor.py:161} INFO - Started process (PID=4334) to work on /opt/airflow/dags/stock_pipeline_dag.py
[2026-04-27T14:47:02.154+0000] {processor.py:830} INFO - Processing file /opt/airflow/dags/stock_pipeline_dag.py for tasks to queue
[2026-04-27T14:47:02.156+0000] {logging_mixin.py:188} INFO - [2026-04-27T14:47:02.155+0000] {dagbag.py:540} INFO - Filling up the DagBag from /opt/airflow/dags/stock_pipeline_dag.py
[2026-04-27T14:47:02.180+0000] {processor.py:840} INFO - DAG(s) 'stock_pipeline' retrieved from /opt/airflow/dags/stock_pipeline_dag.py
[2026-04-27T14:47:02.209+0000] {logging_mixin.py:188} INFO - [2026-04-27T14:47:02.208+0000] {dag.py:3096} INFO - Sync 1 DAGs
[2026-04-27T14:47:02.231+0000] {logging_mixin.py:188} INFO - [2026-04-27T14:47:02.231+0000] {dag.py:3954} INFO - Setting next_dagrun for stock_pipeline to 2026-04-27 06:00:00+00:00, run_after=2026-04-28 06:00:00+00:00
[2026-04-27T14:47:02.249+0000] {processor.py:183} INFO - Processing /opt/airflow/dags/stock_pipeline_dag.py took 0.104 seconds
[2026-04-27T14:47:32.438+0000] {processor.py:161} INFO - Started process (PID=4339) to work on /opt/airflow/dags/stock_pipeline_dag.py
[2026-04-27T14:47:32.441+0000] {processor.py:830} INFO - Processing file /opt/airflow/dags/stock_pipeline_dag.py for tasks to queue
[2026-04-27T14:47:32.444+0000] {logging_mixin.py:188} INFO - [2026-04-27T14:47:32.444+0000] {dagbag.py:540} INFO - Filling up the DagBag from /opt/airflow/dags/stock_pipeline_dag.py
[2026-04-27T14:47:32.481+0000] {processor.py:840} INFO - DAG(s) 'stock_pipeline' retrieved from /opt/airflow/dags/stock_pipeline_dag.py
[2026-04-27T14:47:32.516+0000] {logging_mixin.py:188} INFO - [2026-04-27T14:47:32.515+0000] {dag.py:3096} INFO - Sync 1 DAGs
[2026-04-27T14:47:32.551+0000] {logging_mixin.py:188} INFO - [2026-04-27T14:47:32.550+0000] {dag.py:3954} INFO - Setting next_dagrun for stock_pipeline to 2026-04-27 06:00:00+00:00, run_after=2026-04-28 06:00:00+00:00
[2026-04-27T14:47:32.593+0000] {processor.py:183} INFO - Processing /opt/airflow/dags/stock_pipeline_dag.py took 0.165 seconds
[2026-04-27T14:48:02.863+0000] {processor.py:161} INFO - Started process (PID=4344) to work on /opt/airflow/dags/stock_pipeline_dag.py
[2026-04-27T14:48:02.869+0000] {processor.py:830} INFO - Processing file /opt/airflow/dags/stock_pipeline_dag.py for tasks to queue
[2026-04-27T14:48:02.872+0000] {logging_mixin.py:188} INFO - [2026-04-27T14:48:02.871+0000] {dagbag.py:540} INFO - Filling up the DagBag from /opt/airflow/dags/stock_pipeline_dag.py
[2026-04-27T14:48:02.929+0000] {processor.py:840} INFO - DAG(s) 'stock_pipeline' retrieved from /opt/airflow/dags/stock_pipeline_dag.py
[2026-04-27T14:48:02.968+0000] {logging_mixin.py:188} INFO - [2026-04-27T14:48:02.967+0000] {dag.py:3096} INFO - Sync 1 DAGs
[2026-04-27T14:48:03.021+0000] {logging_mixin.py:188} INFO - [2026-04-27T14:48:03.020+0000] {dag.py:3954} INFO - Setting next_dagrun for stock_pipeline to 2026-04-27 06:00:00+00:00, run_after=2026-04-28 06:00:00+00:00
[2026-04-27T14:48:03.054+0000] {processor.py:183} INFO - Processing /opt/airflow/dags/stock_pipeline_dag.py took 0.206 seconds
[2026-04-27T14:48:33.370+0000] {processor.py:161} INFO - Started process (PID=4349) to work on /opt/airflow/dags/stock_pipeline_dag.py
[2026-04-27T14:48:33.376+0000] {processor.py:830} INFO - Processing file /opt/airflow/dags/stock_pipeline_dag.py for tasks to queue
[2026-04-27T14:48:33.379+0000] {logging_mixin.py:188} INFO - [2026-04-27T14:48:33.379+0000] {dagbag.py:540} INFO - Filling up the DagBag from /opt/airflow/dags/stock_pipeline_dag.py
[2026-04-27T14:48:33.425+0000] {processor.py:840} INFO - DAG(s) 'stock_pipeline' retrieved from /opt/airflow/dags/stock_pipeline_dag.py
[2026-04-27T14:48:33.458+0000] {logging_mixin.py:188} INFO - [2026-04-27T14:48:33.458+0000] {dag.py:3096} INFO - Sync 1 DAGs
[2026-04-27T14:48:33.485+0000] {logging_mixin.py:188} INFO - [2026-04-27T14:48:33.485+0000] {dag.py:3954} INFO - Setting next_dagrun for stock_pipeline to 2026-04-27 06:00:00+00:00, run_after=2026-04-28 06:00:00+00:00
[2026-04-27T14:48:33.507+0000] {processor.py:183} INFO - Processing /opt/airflow/dags/stock_pipeline_dag.py took 0.148 seconds
[2026-04-27T14:49:03.810+0000] {processor.py:161} INFO - Started process (PID=4354) to work on /opt/airflow/dags/stock_pipeline_dag.py
[2026-04-27T14:49:03.812+0000] {processor.py:830} INFO - Processing file /opt/airflow/dags/stock_pipeline_dag.py for tasks to queue
[2026-04-27T14:49:03.815+0000] {logging_mixin.py:188} INFO - [2026-04-27T14:49:03.814+0000] {dagbag.py:540} INFO - Filling up the DagBag from /opt/airflow/dags/stock_pipeline_dag.py
[2026-04-27T14:49:03.851+0000] {processor.py:840} INFO - DAG(s) 'stock_pipeline' retrieved from /opt/airflow/dags/stock_pipeline_dag.py
[2026-04-27T14:49:03.902+0000] {logging_mixin.py:188} INFO - [2026-04-27T14:49:03.901+0000] {dag.py:3096} INFO - Sync 1 DAGs
[2026-04-27T14:49:03.927+0000] {logging_mixin.py:188} INFO - [2026-04-27T14:49:03.927+0000] {dag.py:3954} INFO - Setting next_dagrun for stock_pipeline to 2026-04-27 06:00:00+00:00, run_after=2026-04-28 06:00:00+00:00
[2026-04-27T14:49:03.948+0000] {processor.py:183} INFO - Processing /opt/airflow/dags/stock_pipeline_dag.py took 0.145 seconds
[2026-04-27T14:49:34.289+0000] {processor.py:161} INFO - Started process (PID=4359) to work on /opt/airflow/dags/stock_pipeline_dag.py
[2026-04-27T14:49:34.294+0000] {processor.py:830} INFO - Processing file /opt/airflow/dags/stock_pipeline_dag.py for tasks to queue
[2026-04-27T14:49:34.299+0000] {logging_mixin.py:188} INFO - [2026-04-27T14:49:34.298+0000] {dagbag.py:540} INFO - Filling up the DagBag from /opt/airflow/dags/stock_pipeline_dag.py
[2026-04-27T14:49:34.375+0000] {processor.py:840} INFO - DAG(s) 'stock_pipeline' retrieved from /opt/airflow/dags/stock_pipeline_dag.py
[2026-04-27T14:49:34.431+0000] {logging_mixin.py:188} INFO - [2026-04-27T14:49:34.431+0000] {dag.py:3096} INFO - Sync 1 DAGs
[2026-04-27T14:49:34.506+0000] {logging_mixin.py:188} INFO - [2026-04-27T14:49:34.506+0000] {dag.py:3954} INFO - Setting next_dagrun for stock_pipeline to 2026-04-27 06:00:00+00:00, run_after=2026-04-28 06:00:00+00:00
[2026-04-27T14:49:34.557+0000] {processor.py:183} INFO - Processing /opt/airflow/dags/stock_pipeline_dag.py took 0.283 seconds
[2026-04-27T14:50:04.928+0000] {processor.py:161} INFO - Started process (PID=4364) to work on /opt/airflow/dags/stock_pipeline_dag.py
[2026-04-27T14:50:04.929+0000] {processor.py:830} INFO - Processing file /opt/airflow/dags/stock_pipeline_dag.py for tasks to queue
[2026-04-27T14:50:04.932+0000] {logging_mixin.py:188} INFO - [2026-04-27T14:50:04.932+0000] {dagbag.py:540} INFO - Filling up the DagBag from /opt/airflow/dags/stock_pipeline_dag.py
[2026-04-27T14:50:04.967+0000] {processor.py:840} INFO - DAG(s) 'stock_pipeline' retrieved from /opt/airflow/dags/stock_pipeline_dag.py
[2026-04-27T14:50:04.996+0000] {logging_mixin.py:188} INFO - [2026-04-27T14:50:04.995+0000] {dag.py:3096} INFO - Sync 1 DAGs
[2026-04-27T14:50:05.019+0000] {logging_mixin.py:188} INFO - [2026-04-27T14:50:05.019+0000] {dag.py:3954} INFO - Setting next_dagrun for stock_pipeline to 2026-04-27 06:00:00+00:00, run_after=2026-04-28 06:00:00+00:00
[2026-04-27T14:50:05.040+0000] {processor.py:183} INFO - Processing /opt/airflow/dags/stock_pipeline_dag.py took 0.119 seconds
[2026-04-27T14:50:35.248+0000] {processor.py:161} INFO - Started process (PID=4369) to work on /opt/airflow/dags/stock_pipeline_dag.py
[2026-04-27T14:50:35.254+0000] {processor.py:830} INFO - Processing file /opt/airflow/dags/stock_pipeline_dag.py for tasks to queue
[2026-04-27T14:50:35.265+0000] {logging_mixin.py:188} INFO - [2026-04-27T14:50:35.264+0000] {dagbag.py:540} INFO - Filling up the DagBag from /opt/airflow/dags/stock_pipeline_dag.py
[2026-04-27T14:50:35.303+0000] {processor.py:840} INFO - DAG(s) 'stock_pipeline' retrieved from /opt/airflow/dags/stock_pipeline_dag.py
[2026-04-27T14:50:35.334+0000] {logging_mixin.py:188} INFO - [2026-04-27T14:50:35.334+0000] {dag.py:3096} INFO - Sync 1 DAGs
[2026-04-27T14:50:35.361+0000] {logging_mixin.py:188} INFO - [2026-04-27T14:50:35.361+0000] {dag.py:3954} INFO - Setting next_dagrun for stock_pipeline to 2026-04-27 06:00:00+00:00, run_after=2026-04-28 06:00:00+00:00
[2026-04-27T14:50:35.380+0000] {processor.py:183} INFO - Processing /opt/airflow/dags/stock_pipeline_dag.py took 0.142 seconds
[2026-04-27T14:51:05.773+0000] {processor.py:161} INFO - Started process (PID=4374) to work on /opt/airflow/dags/stock_pipeline_dag.py
[2026-04-27T14:51:05.774+0000] {processor.py:830} INFO - Processing file /opt/airflow/dags/stock_pipeline_dag.py for tasks to queue
[2026-04-27T14:51:05.777+0000] {logging_mixin.py:188} INFO - [2026-04-27T14:51:05.777+0000] {dagbag.py:540} INFO - Filling up the DagBag from /opt/airflow/dags/stock_pipeline_dag.py
[2026-04-27T14:51:05.831+0000] {processor.py:840} INFO - DAG(s) 'stock_pipeline' retrieved from /opt/airflow/dags/stock_pipeline_dag.py
[2026-04-27T14:51:05.866+0000] {logging_mixin.py:188} INFO - [2026-04-27T14:51:05.866+0000] {dag.py:3096} INFO - Sync 1 DAGs
[2026-04-27T14:51:05.889+0000] {logging_mixin.py:188} INFO - [2026-04-27T14:51:05.889+0000] {dag.py:3954} INFO - Setting next_dagrun for stock_pipeline to 2026-04-27 06:00:00+00:00, run_after=2026-04-28 06:00:00+00:00
[2026-04-27T14:51:05.912+0000] {processor.py:183} INFO - Processing /opt/airflow/dags/stock_pipeline_dag.py took 0.146 seconds
[2026-04-27T14:51:36.134+0000] {processor.py:161} INFO - Started process (PID=4379) to work on /opt/airflow/dags/stock_pipeline_dag.py
[2026-04-27T14:51:36.136+0000] {processor.py:830} INFO - Processing file /opt/airflow/dags/stock_pipeline_dag.py for tasks to queue
[2026-04-27T14:51:36.139+0000] {logging_mixin.py:188} INFO - [2026-04-27T14:51:36.139+0000] {dagbag.py:540} INFO - Filling up the DagBag from /opt/airflow/dags/stock_pipeline_dag.py
[2026-04-27T14:51:36.179+0000] {processor.py:840} INFO - DAG(s) 'stock_pipeline' retrieved from /opt/airflow/dags/stock_pipeline_dag.py
[2026-04-27T14:51:36.207+0000] {logging_mixin.py:188} INFO - [2026-04-27T14:51:36.207+0000] {dag.py:3096} INFO - Sync 1 DAGs
[2026-04-27T14:51:36.233+0000] {logging_mixin.py:188} INFO - [2026-04-27T14:51:36.232+0000] {dag.py:3954} INFO - Setting next_dagrun for stock_pipeline to 2026-04-27 06:00:00+00:00, run_after=2026-04-28 06:00:00+00:00
[2026-04-27T14:51:36.261+0000] {processor.py:183} INFO - Processing /opt/airflow/dags/stock_pipeline_dag.py took 0.134 seconds
[2026-04-27T14:52:06.726+0000] {processor.py:161} INFO - Started process (PID=4384) to work on /opt/airflow/dags/stock_pipeline_dag.py
[2026-04-27T14:52:06.728+0000] {processor.py:830} INFO - Processing file /opt/airflow/dags/stock_pipeline_dag.py for tasks to queue
[2026-04-27T14:52:06.730+0000] {logging_mixin.py:188} INFO - [2026-04-27T14:52:06.729+0000] {dagbag.py:540} INFO - Filling up the DagBag from /opt/airflow/dags/stock_pipeline_dag.py
[2026-04-27T14:52:06.774+0000] {processor.py:840} INFO - DAG(s) 'stock_pipeline' retrieved from /opt/airflow/dags/stock_pipeline_dag.py
[2026-04-27T14:52:06.802+0000] {logging_mixin.py:188} INFO - [2026-04-27T14:52:06.802+0000] {dag.py:3096} INFO - Sync 1 DAGs
[2026-04-27T14:52:06.824+0000] {logging_mixin.py:188} INFO - [2026-04-27T14:52:06.824+0000] {dag.py:3954} INFO - Setting next_dagrun for stock_pipeline to 2026-04-27 06:00:00+00:00, run_after=2026-04-28 06:00:00+00:00
[2026-04-27T14:52:06.848+0000] {processor.py:183} INFO - Processing /opt/airflow/dags/stock_pipeline_dag.py took 0.127 seconds
[2026-04-27T14:52:37.099+0000] {processor.py:161} INFO - Started process (PID=4389) to work on /opt/airflow/dags/stock_pipeline_dag.py
[2026-04-27T14:52:37.101+0000] {processor.py:830} INFO - Processing file /opt/airflow/dags/stock_pipeline_dag.py for tasks to queue
[2026-04-27T14:52:37.103+0000] {logging_mixin.py:188} INFO - [2026-04-27T14:52:37.103+0000] {dagbag.py:540} INFO - Filling up the DagBag from /opt/airflow/dags/stock_pipeline_dag.py
[2026-04-27T14:52:37.145+0000] {processor.py:840} INFO - DAG(s) 'stock_pipeline' retrieved from /opt/airflow/dags/stock_pipeline_dag.py
[2026-04-27T14:52:37.184+0000] {logging_mixin.py:188} INFO - [2026-04-27T14:52:37.184+0000] {dag.py:3096} INFO - Sync 1 DAGs
[2026-04-27T14:52:37.212+0000] {logging_mixin.py:188} INFO - [2026-04-27T14:52:37.212+0000] {dag.py:3954} INFO - Setting next_dagrun for stock_pipeline to 2026-04-27 06:00:00+00:00, run_after=2026-04-28 06:00:00+00:00
[2026-04-27T14:52:37.234+0000] {processor.py:183} INFO - Processing /opt/airflow/dags/stock_pipeline_dag.py took 0.142 seconds
[2026-04-27T14:53:07.554+0000] {processor.py:161} INFO - Started process (PID=4394) to work on /opt/airflow/dags/stock_pipeline_dag.py
[2026-04-27T14:53:07.556+0000] {processor.py:830} INFO - Processing file /opt/airflow/dags/stock_pipeline_dag.py for tasks to queue
[2026-04-27T14:53:07.558+0000] {logging_mixin.py:188} INFO - [2026-04-27T14:53:07.557+0000] {dagbag.py:540} INFO - Filling up the DagBag from /opt/airflow/dags/stock_pipeline_dag.py
[2026-04-27T14:53:07.591+0000] {processor.py:840} INFO - DAG(s) 'stock_pipeline' retrieved from /opt/airflow/dags/stock_pipeline_dag.py
[2026-04-27T14:53:07.623+0000] {logging_mixin.py:188} INFO - [2026-04-27T14:53:07.623+0000] {dag.py:3096} INFO - Sync 1 DAGs
[2026-04-27T14:53:07.649+0000] {logging_mixin.py:188} INFO - [2026-04-27T14:53:07.649+0000] {dag.py:3954} INFO - Setting next_dagrun for stock_pipeline to 2026-04-27 06:00:00+00:00, run_after=2026-04-28 06:00:00+00:00
[2026-04-27T14:53:07.672+0000] {processor.py:183} INFO - Processing /opt/airflow/dags/stock_pipeline_dag.py took 0.124 seconds
[2026-04-27T14:53:37.871+0000] {processor.py:161} INFO - Started process (PID=4399) to work on /opt/airflow/dags/stock_pipeline_dag.py
[2026-04-27T14:53:37.874+0000] {processor.py:830} INFO - Processing file /opt/airflow/dags/stock_pipeline_dag.py for tasks to queue
[2026-04-27T14:53:37.876+0000] {logging_mixin.py:188} INFO - [2026-04-27T14:53:37.876+0000] {dagbag.py:540} INFO - Filling up the DagBag from /opt/airflow/dags/stock_pipeline_dag.py
[2026-04-27T14:53:37.903+0000] {processor.py:840} INFO - DAG(s) 'stock_pipeline' retrieved from /opt/airflow/dags/stock_pipeline_dag.py
[2026-04-27T14:53:37.937+0000] {logging_mixin.py:188} INFO - [2026-04-27T14:53:37.937+0000] {dag.py:3096} INFO - Sync 1 DAGs
[2026-04-27T14:53:37.973+0000] {logging_mixin.py:188} INFO - [2026-04-27T14:53:37.973+0000] {dag.py:3954} INFO - Setting next_dagrun for stock_pipeline to 2026-04-27 06:00:00+00:00, run_after=2026-04-28 06:00:00+00:00
[2026-04-27T14:53:37.997+0000] {processor.py:183} INFO - Processing /opt/airflow/dags/stock_pipeline_dag.py took 0.135 seconds
[2026-04-27T14:54:08.381+0000] {processor.py:161} INFO - Started process (PID=4404) to work on /opt/airflow/dags/stock_pipeline_dag.py
[2026-04-27T14:54:08.382+0000] {processor.py:830} INFO - Processing file /opt/airflow/dags/stock_pipeline_dag.py for tasks to queue
[2026-04-27T14:54:08.385+0000] {logging_mixin.py:188} INFO - [2026-04-27T14:54:08.384+0000] {dagbag.py:540} INFO - Filling up the DagBag from /opt/airflow/dags/stock_pipeline_dag.py
[2026-04-27T14:54:08.423+0000] {processor.py:840} INFO - DAG(s) 'stock_pipeline' retrieved from /opt/airflow/dags/stock_pipeline_dag.py
[2026-04-27T14:54:08.450+0000] {logging_mixin.py:188} INFO - [2026-04-27T14:54:08.450+0000] {dag.py:3096} INFO - Sync 1 DAGs
[2026-04-27T14:54:08.471+0000] {logging_mixin.py:188} INFO - [2026-04-27T14:54:08.470+0000] {dag.py:3954} INFO - Setting next_dagrun for stock_pipeline to 2026-04-27 06:00:00+00:00, run_after=2026-04-28 06:00:00+00:00
[2026-04-27T14:54:08.491+0000] {processor.py:183} INFO - Processing /opt/airflow/dags/stock_pipeline_dag.py took 0.118 seconds
[2026-04-27T14:54:38.717+0000] {processor.py:161} INFO - Started process (PID=4409) to work on /opt/airflow/dags/stock_pipeline_dag.py
[2026-04-27T14:54:38.719+0000] {processor.py:830} INFO - Processing file /opt/airflow/dags/stock_pipeline_dag.py for tasks to queue
[2026-04-27T14:54:38.722+0000] {logging_mixin.py:188} INFO - [2026-04-27T14:54:38.722+0000] {dagbag.py:540} INFO - Filling up the DagBag from /opt/airflow/dags/stock_pipeline_dag.py
[2026-04-27T14:54:38.765+0000] {processor.py:840} INFO - DAG(s) 'stock_pipeline' retrieved from /opt/airflow/dags/stock_pipeline_dag.py
[2026-04-27T14:54:38.803+0000] {logging_mixin.py:188} INFO - [2026-04-27T14:54:38.803+0000] {dag.py:3096} INFO - Sync 1 DAGs
[2026-04-27T14:54:38.840+0000] {logging_mixin.py:188} INFO - [2026-04-27T14:54:38.840+0000] {dag.py:3954} INFO - Setting next_dagrun for stock_pipeline to 2026-04-27 06:00:00+00:00, run_after=2026-04-28 06:00:00+00:00
[2026-04-27T14:54:38.871+0000] {processor.py:183} INFO - Processing /opt/airflow/dags/stock_pipeline_dag.py took 0.163 seconds
[2026-04-27T14:55:09.203+0000] {processor.py:161} INFO - Started process (PID=4414) to work on /opt/airflow/dags/stock_pipeline_dag.py
[2026-04-27T14:55:09.209+0000] {processor.py:830} INFO - Processing file /opt/airflow/dags/stock_pipeline_dag.py for tasks to queue
[2026-04-27T14:55:09.215+0000] {logging_mixin.py:188} INFO - [2026-04-27T14:55:09.214+0000] {dagbag.py:540} INFO - Filling up the DagBag from /opt/airflow/dags/stock_pipeline_dag.py
[2026-04-27T14:55:09.333+0000] {processor.py:840} INFO - DAG(s) 'stock_pipeline' retrieved from /opt/airflow/dags/stock_pipeline_dag.py
[2026-04-27T14:55:09.434+0000] {logging_mixin.py:188} INFO - [2026-04-27T14:55:09.434+0000] {dag.py:3096} INFO - Sync 1 DAGs
[2026-04-27T14:55:09.561+0000] {logging_mixin.py:188} INFO - [2026-04-27T14:55:09.560+0000] {dag.py:3954} INFO - Setting next_dagrun for stock_pipeline to 2026-04-27 06:00:00+00:00, run_after=2026-04-28 06:00:00+00:00
[2026-04-27T14:55:09.636+0000] {processor.py:183} INFO - Processing /opt/airflow/dags/stock_pipeline_dag.py took 0.449 seconds
[2026-04-27T14:55:40.156+0000] {processor.py:161} INFO - Started process (PID=4419) to work on /opt/airflow/dags/stock_pipeline_dag.py
[2026-04-27T14:55:40.157+0000] {processor.py:830} INFO - Processing file /opt/airflow/dags/stock_pipeline_dag.py for tasks to queue
[2026-04-27T14:55:40.160+0000] {logging_mixin.py:188} INFO - [2026-04-27T14:55:40.160+0000] {dagbag.py:540} INFO - Filling up the DagBag from /opt/airflow/dags/stock_pipeline_dag.py
[2026-04-27T14:55:40.202+0000] {processor.py:840} INFO - DAG(s) 'stock_pipeline' retrieved from /opt/airflow/dags/stock_pipeline_dag.py
[2026-04-27T14:55:40.234+0000] {logging_mixin.py:188} INFO - [2026-04-27T14:55:40.233+0000] {dag.py:3096} INFO - Sync 1 DAGs
[2026-04-27T14:55:40.257+0000] {logging_mixin.py:188} INFO - [2026-04-27T14:55:40.257+0000] {dag.py:3954} INFO - Setting next_dagrun for stock_pipeline to 2026-04-27 06:00:00+00:00, run_after=2026-04-28 06:00:00+00:00
[2026-04-27T14:55:40.290+0000] {processor.py:183} INFO - Processing /opt/airflow/dags/stock_pipeline_dag.py took 0.140 seconds
[2026-04-27T14:56:10.527+0000] {processor.py:161} INFO - Started process (PID=4424) to work on /opt/airflow/dags/stock_pipeline_dag.py
[2026-04-27T14:56:10.529+0000] {processor.py:830} INFO - Processing file /opt/airflow/dags/stock_pipeline_dag.py for tasks to queue
[2026-04-27T14:56:10.532+0000] {logging_mixin.py:188} INFO - [2026-04-27T14:56:10.531+0000] {dagbag.py:540} INFO - Filling up the DagBag from /opt/airflow/dags/stock_pipeline_dag.py
[2026-04-27T14:56:10.584+0000] {processor.py:840} INFO - DAG(s) 'stock_pipeline' retrieved from /opt/airflow/dags/stock_pipeline_dag.py
[2026-04-27T14:56:10.614+0000] {logging_mixin.py:188} INFO - [2026-04-27T14:56:10.614+0000] {dag.py:3096} INFO - Sync 1 DAGs
[2026-04-27T14:56:10.636+0000] {logging_mixin.py:188} INFO - [2026-04-27T14:56:10.636+0000] {dag.py:3954} INFO - Setting next_dagrun for stock_pipeline to 2026-04-27 06:00:00+00:00, run_after=2026-04-28 06:00:00+00:00
[2026-04-27T14:56:10.671+0000] {processor.py:183} INFO - Processing /opt/airflow/dags/stock_pipeline_dag.py took 0.153 seconds
[2026-04-27T14:56:40.994+0000] {processor.py:161} INFO - Started process (PID=4429) to work on /opt/airflow/dags/stock_pipeline_dag.py
[2026-04-27T14:56:40.996+0000] {processor.py:830} INFO - Processing file /opt/airflow/dags/stock_pipeline_dag.py for tasks to queue
[2026-04-27T14:56:40.998+0000] {logging_mixin.py:188} INFO - [2026-04-27T14:56:40.998+0000] {dagbag.py:540} INFO - Filling up the DagBag from /opt/airflow/dags/stock_pipeline_dag.py
[2026-04-27T14:56:41.049+0000] {processor.py:840} INFO - DAG(s) 'stock_pipeline' retrieved from /opt/airflow/dags/stock_pipeline_dag.py
[2026-04-27T14:56:41.077+0000] {logging_mixin.py:188} INFO - [2026-04-27T14:56:41.077+0000] {dag.py:3096} INFO - Sync 1 DAGs
[2026-04-27T14:56:41.110+0000] {logging_mixin.py:188} INFO - [2026-04-27T14:56:41.109+0000] {dag.py:3954} INFO - Setting next_dagrun for stock_pipeline to 2026-04-27 06:00:00+00:00, run_after=2026-04-28 06:00:00+00:00
[2026-04-27T14:56:41.134+0000] {processor.py:183} INFO - Processing /opt/airflow/dags/stock_pipeline_dag.py took 0.147 seconds
[2026-04-27T14:57:11.376+0000] {processor.py:161} INFO - Started process (PID=4434) to work on /opt/airflow/dags/stock_pipeline_dag.py
[2026-04-27T14:57:11.377+0000] {processor.py:830} INFO - Processing file /opt/airflow/dags/stock_pipeline_dag.py for tasks to queue
[2026-04-27T14:57:11.380+0000] {logging_mixin.py:188} INFO - [2026-04-27T14:57:11.379+0000] {dagbag.py:540} INFO - Filling up the DagBag from /opt/airflow/dags/stock_pipeline_dag.py
[2026-04-27T14:57:11.423+0000] {processor.py:840} INFO - DAG(s) 'stock_pipeline' retrieved from /opt/airflow/dags/stock_pipeline_dag.py
[2026-04-27T14:57:11.453+0000] {logging_mixin.py:188} INFO - [2026-04-27T14:57:11.453+0000] {dag.py:3096} INFO - Sync 1 DAGs
[2026-04-27T14:57:11.535+0000] {logging_mixin.py:188} INFO - [2026-04-27T14:57:11.535+0000] {dag.py:3954} INFO - Setting next_dagrun for stock_pipeline to 2026-04-27 06:00:00+00:00, run_after=2026-04-28 06:00:00+00:00
[2026-04-27T14:57:11.562+0000] {processor.py:183} INFO - Processing /opt/airflow/dags/stock_pipeline_dag.py took 0.193 seconds
[2026-04-27T14:57:41.896+0000] {processor.py:161} INFO - Started process (PID=4439) to work on /opt/airflow/dags/stock_pipeline_dag.py
[2026-04-27T14:57:41.898+0000] {processor.py:830} INFO - Processing file /opt/airflow/dags/stock_pipeline_dag.py for tasks to queue
[2026-04-27T14:57:41.901+0000] {logging_mixin.py:188} INFO - [2026-04-27T14:57:41.900+0000] {dagbag.py:540} INFO - Filling up the DagBag from /opt/airflow/dags/stock_pipeline_dag.py
[2026-04-27T14:57:41.942+0000] {processor.py:840} INFO - DAG(s) 'stock_pipeline' retrieved from /opt/airflow/dags/stock_pipeline_dag.py
[2026-04-27T14:57:41.978+0000] {logging_mixin.py:188} INFO - [2026-04-27T14:57:41.978+0000] {dag.py:3096} INFO - Sync 1 DAGs
[2026-04-27T14:57:42.009+0000] {logging_mixin.py:188} INFO - [2026-04-27T14:57:42.009+0000] {dag.py:3954} INFO - Setting next_dagrun for stock_pipeline to 2026-04-27 06:00:00+00:00, run_after=2026-04-28 06:00:00+00:00
[2026-04-27T14:57:42.034+0000] {processor.py:183} INFO - Processing /opt/airflow/dags/stock_pipeline_dag.py took 0.145 seconds
[2026-04-27T14:58:12.231+0000] {processor.py:161} INFO - Started process (PID=4444) to work on /opt/airflow/dags/stock_pipeline_dag.py
[2026-04-27T14:58:12.233+0000] {processor.py:830} INFO - Processing file /opt/airflow/dags/stock_pipeline_dag.py for tasks to queue
[2026-04-27T14:58:12.237+0000] {logging_mixin.py:188} INFO - [2026-04-27T14:58:12.236+0000] {dagbag.py:540} INFO - Filling up the DagBag from /opt/airflow/dags/stock_pipeline_dag.py
[2026-04-27T14:58:12.277+0000] {processor.py:840} INFO - DAG(s) 'stock_pipeline' retrieved from /opt/airflow/dags/stock_pipeline_dag.py
[2026-04-27T14:58:12.324+0000] {logging_mixin.py:188} INFO - [2026-04-27T14:58:12.324+0000] {dag.py:3096} INFO - Sync 1 DAGs
[2026-04-27T14:58:12.361+0000] {logging_mixin.py:188} INFO - [2026-04-27T14:58:12.361+0000] {dag.py:3954} INFO - Setting next_dagrun for stock_pipeline to 2026-04-27 06:00:00+00:00, run_after=2026-04-28 06:00:00+00:00
[2026-04-27T14:58:12.398+0000] {processor.py:183} INFO - Processing /opt/airflow/dags/stock_pipeline_dag.py took 0.176 seconds
[2026-04-27T14:58:42.850+0000] {processor.py:161} INFO - Started process (PID=4449) to work on /opt/airflow/dags/stock_pipeline_dag.py
[2026-04-27T14:58:42.852+0000] {processor.py:830} INFO - Processing file /opt/airflow/dags/stock_pipeline_dag.py for tasks to queue
[2026-04-27T14:58:42.854+0000] {logging_mixin.py:188} INFO - [2026-04-27T14:58:42.854+0000] {dagbag.py:540} INFO - Filling up the DagBag from /opt/airflow/dags/stock_pipeline_dag.py
[2026-04-27T14:58:42.905+0000] {processor.py:840} INFO - DAG(s) 'stock_pipeline' retrieved from /opt/airflow/dags/stock_pipeline_dag.py
[2026-04-27T14:58:42.934+0000] {logging_mixin.py:188} INFO - [2026-04-27T14:58:42.934+0000] {dag.py:3096} INFO - Sync 1 DAGs
[2026-04-27T14:58:42.958+0000] {logging_mixin.py:188} INFO - [2026-04-27T14:58:42.958+0000] {dag.py:3954} INFO - Setting next_dagrun for stock_pipeline to 2026-04-27 06:00:00+00:00, run_after=2026-04-28 06:00:00+00:00
[2026-04-27T14:58:42.983+0000] {processor.py:183} INFO - Processing /opt/airflow/dags/stock_pipeline_dag.py took 0.141 seconds
[2026-04-27T14:59:13.214+0000] {processor.py:161} INFO - Started process (PID=4454) to work on /opt/airflow/dags/stock_pipeline_dag.py
[2026-04-27T14:59:13.220+0000] {processor.py:830} INFO - Processing file /opt/airflow/dags/stock_pipeline_dag.py for tasks to queue
[2026-04-27T14:59:13.224+0000] {logging_mixin.py:188} INFO - [2026-04-27T14:59:13.224+0000] {dagbag.py:540} INFO - Filling up the DagBag from /opt/airflow/dags/stock_pipeline_dag.py
[2026-04-27T14:59:13.291+0000] {processor.py:840} INFO - DAG(s) 'stock_pipeline' retrieved from /opt/airflow/dags/stock_pipeline_dag.py
[2026-04-27T14:59:13.329+0000] {logging_mixin.py:188} INFO - [2026-04-27T14:59:13.328+0000] {dag.py:3096} INFO - Sync 1 DAGs
[2026-04-27T14:59:13.365+0000] {logging_mixin.py:188} INFO - [2026-04-27T14:59:13.364+0000] {dag.py:3954} INFO - Setting next_dagrun for stock_pipeline to 2026-04-27 06:00:00+00:00, run_after=2026-04-28 06:00:00+00:00
[2026-04-27T14:59:13.406+0000] {processor.py:183} INFO - Processing /opt/airflow/dags/stock_pipeline_dag.py took 0.202 seconds
[2026-04-27T14:59:43.827+0000] {processor.py:161} INFO - Started process (PID=4459) to work on /opt/airflow/dags/stock_pipeline_dag.py
[2026-04-27T14:59:43.829+0000] {processor.py:830} INFO - Processing file /opt/airflow/dags/stock_pipeline_dag.py for tasks to queue
[2026-04-27T14:59:43.833+0000] {logging_mixin.py:188} INFO - [2026-04-27T14:59:43.832+0000] {dagbag.py:540} INFO - Filling up the DagBag from /opt/airflow/dags/stock_pipeline_dag.py
[2026-04-27T14:59:43.895+0000] {processor.py:840} INFO - DAG(s) 'stock_pipeline' retrieved from /opt/airflow/dags/stock_pipeline_dag.py
[2026-04-27T14:59:43.956+0000] {logging_mixin.py:188} INFO - [2026-04-27T14:59:43.955+0000] {dag.py:3096} INFO - Sync 1 DAGs
[2026-04-27T14:59:44.009+0000] {logging_mixin.py:188} INFO - [2026-04-27T14:59:44.009+0000] {dag.py:3954} INFO - Setting next_dagrun for stock_pipeline to 2026-04-27 06:00:00+00:00, run_after=2026-04-28 06:00:00+00:00
[2026-04-27T14:59:44.050+0000] {processor.py:183} INFO - Processing /opt/airflow/dags/stock_pipeline_dag.py took 0.233 seconds
[2026-04-27T15:00:14.327+0000] {processor.py:161} INFO - Started process (PID=4464) to work on /opt/airflow/dags/stock_pipeline_dag.py
[2026-04-27T15:00:14.331+0000] {processor.py:830} INFO - Processing file /opt/airflow/dags/stock_pipeline_dag.py for tasks to queue
[2026-04-27T15:00:14.337+0000] {logging_mixin.py:188} INFO - [2026-04-27T15:00:14.336+0000] {dagbag.py:540} INFO - Filling up the DagBag from /opt/airflow/dags/stock_pipeline_dag.py
[2026-04-27T15:00:14.417+0000] {processor.py:840} INFO - DAG(s) 'stock_pipeline' retrieved from /opt/airflow/dags/stock_pipeline_dag.py
[2026-04-27T15:00:14.460+0000] {logging_mixin.py:188} INFO - [2026-04-27T15:00:14.460+0000] {dag.py:3096} INFO - Sync 1 DAGs
[2026-04-27T15:00:14.489+0000] {logging_mixin.py:188} INFO - [2026-04-27T15:00:14.488+0000] {dag.py:3954} INFO - Setting next_dagrun for stock_pipeline to 2026-04-27 06:00:00+00:00, run_after=2026-04-28 06:00:00+00:00
[2026-04-27T15:00:14.512+0000] {processor.py:183} INFO - Processing /opt/airflow/dags/stock_pipeline_dag.py took 0.198 seconds
[2026-04-27T15:00:44.806+0000] {processor.py:161} INFO - Started process (PID=4469) to work on /opt/airflow/dags/stock_pipeline_dag.py
[2026-04-27T15:00:44.809+0000] {processor.py:830} INFO - Processing file /opt/airflow/dags/stock_pipeline_dag.py for tasks to queue
[2026-04-27T15:00:44.812+0000] {logging_mixin.py:188} INFO - [2026-04-27T15:00:44.811+0000] {dagbag.py:540} INFO - Filling up the DagBag from /opt/airflow/dags/stock_pipeline_dag.py
[2026-04-27T15:00:44.872+0000] {processor.py:840} INFO - DAG(s) 'stock_pipeline' retrieved from /opt/airflow/dags/stock_pipeline_dag.py
[2026-04-27T15:00:44.926+0000] {logging_mixin.py:188} INFO - [2026-04-27T15:00:44.926+0000] {dag.py:3096} INFO - Sync 1 DAGs
[2026-04-27T15:00:44.957+0000] {logging_mixin.py:188} INFO - [2026-04-27T15:00:44.957+0000] {dag.py:3954} INFO - Setting next_dagrun for stock_pipeline to 2026-04-27 06:00:00+00:00, run_after=2026-04-28 06:00:00+00:00
[2026-04-27T15:00:44.989+0000] {processor.py:183} INFO - Processing /opt/airflow/dags/stock_pipeline_dag.py took 0.192 seconds
[2026-04-27T15:01:15.226+0000] {processor.py:161} INFO - Started process (PID=4474) to work on /opt/airflow/dags/stock_pipeline_dag.py
[2026-04-27T15:01:15.229+0000] {processor.py:830} INFO - Processing file /opt/airflow/dags/stock_pipeline_dag.py for tasks to queue
[2026-04-27T15:01:15.232+0000] {logging_mixin.py:188} INFO - [2026-04-27T15:01:15.231+0000] {dagbag.py:540} INFO - Filling up the DagBag from /opt/airflow/dags/stock_pipeline_dag.py
[2026-04-27T15:01:15.263+0000] {processor.py:840} INFO - DAG(s) 'stock_pipeline' retrieved from /opt/airflow/dags/stock_pipeline_dag.py
[2026-04-27T15:01:15.297+0000] {logging_mixin.py:188} INFO - [2026-04-27T15:01:15.297+0000] {dag.py:3096} INFO - Sync 1 DAGs
[2026-04-27T15:01:15.323+0000] {logging_mixin.py:188} INFO - [2026-04-27T15:01:15.323+0000] {dag.py:3954} INFO - Setting next_dagrun for stock_pipeline to 2026-04-27 06:00:00+00:00, run_after=2026-04-28 06:00:00+00:00
[2026-04-27T15:01:15.365+0000] {processor.py:183} INFO - Processing /opt/airflow/dags/stock_pipeline_dag.py took 0.146 seconds
[2026-04-27T15:01:45.638+0000] {processor.py:161} INFO - Started process (PID=4479) to work on /opt/airflow/dags/stock_pipeline_dag.py
[2026-04-27T15:01:45.642+0000] {processor.py:830} INFO - Processing file /opt/airflow/dags/stock_pipeline_dag.py for tasks to queue
[2026-04-27T15:01:45.645+0000] {logging_mixin.py:188} INFO - [2026-04-27T15:01:45.645+0000] {dagbag.py:540} INFO - Filling up the DagBag from /opt/airflow/dags/stock_pipeline_dag.py
[2026-04-27T15:01:45.698+0000] {processor.py:840} INFO - DAG(s) 'stock_pipeline' retrieved from /opt/airflow/dags/stock_pipeline_dag.py
[2026-04-27T15:01:45.740+0000] {logging_mixin.py:188} INFO - [2026-04-27T15:01:45.739+0000] {dag.py:3096} INFO - Sync 1 DAGs
[2026-04-27T15:01:45.771+0000] {logging_mixin.py:188} INFO - [2026-04-27T15:01:45.771+0000] {dag.py:3954} INFO - Setting next_dagrun for stock_pipeline to 2026-04-27 06:00:00+00:00, run_after=2026-04-28 06:00:00+00:00
[2026-04-27T15:01:45.796+0000] {processor.py:183} INFO - Processing /opt/airflow/dags/stock_pipeline_dag.py took 0.167 seconds
[2026-04-27T15:02:16.137+0000] {processor.py:161} INFO - Started process (PID=4484) to work on /opt/airflow/dags/stock_pipeline_dag.py
[2026-04-27T15:02:16.139+0000] {processor.py:830} INFO - Processing file /opt/airflow/dags/stock_pipeline_dag.py for tasks to queue
[2026-04-27T15:02:16.144+0000] {logging_mixin.py:188} INFO - [2026-04-27T15:02:16.143+0000] {dagbag.py:540} INFO - Filling up the DagBag from /opt/airflow/dags/stock_pipeline_dag.py
[2026-04-27T15:02:16.191+0000] {processor.py:840} INFO - DAG(s) 'stock_pipeline' retrieved from /opt/airflow/dags/stock_pipeline_dag.py
[2026-04-27T15:02:16.222+0000] {logging_mixin.py:188} INFO - [2026-04-27T15:02:16.222+0000] {dag.py:3096} INFO - Sync 1 DAGs
[2026-04-27T15:02:16.247+0000] {logging_mixin.py:188} INFO - [2026-04-27T15:02:16.247+0000] {dag.py:3954} INFO - Setting next_dagrun for stock_pipeline to 2026-04-27 06:00:00+00:00, run_after=2026-04-28 06:00:00+00:00
[2026-04-27T15:02:16.275+0000] {processor.py:183} INFO - Processing /opt/airflow/dags/stock_pipeline_dag.py took 0.143 seconds
[2026-04-27T15:02:46.511+0000] {processor.py:161} INFO - Started process (PID=4489) to work on /opt/airflow/dags/stock_pipeline_dag.py
[2026-04-27T15:02:46.512+0000] {processor.py:830} INFO - Processing file /opt/airflow/dags/stock_pipeline_dag.py for tasks to queue
[2026-04-27T15:02:46.515+0000] {logging_mixin.py:188} INFO - [2026-04-27T15:02:46.515+0000] {dagbag.py:540} INFO - Filling up the DagBag from /opt/airflow/dags/stock_pipeline_dag.py
[2026-04-27T15:02:46.570+0000] {processor.py:840} INFO - DAG(s) 'stock_pipeline' retrieved from /opt/airflow/dags/stock_pipeline_dag.py
[2026-04-27T15:02:46.599+0000] {logging_mixin.py:188} INFO - [2026-04-27T15:02:46.598+0000] {dag.py:3096} INFO - Sync 1 DAGs
[2026-04-27T15:02:46.623+0000] {logging_mixin.py:188} INFO - [2026-04-27T15:02:46.623+0000] {dag.py:3954} INFO - Setting next_dagrun for stock_pipeline to 2026-04-27 06:00:00+00:00, run_after=2026-04-28 06:00:00+00:00
[2026-04-27T15:02:46.649+0000] {processor.py:183} INFO - Processing /opt/airflow/dags/stock_pipeline_dag.py took 0.146 seconds
[2026-04-27T15:03:16.995+0000] {processor.py:161} INFO - Started process (PID=4494) to work on /opt/airflow/dags/stock_pipeline_dag.py
[2026-04-27T15:03:16.996+0000] {processor.py:830} INFO - Processing file /opt/airflow/dags/stock_pipeline_dag.py for tasks to queue
[2026-04-27T15:03:16.999+0000] {logging_mixin.py:188} INFO - [2026-04-27T15:03:16.998+0000] {dagbag.py:540} INFO - Filling up the DagBag from /opt/airflow/dags/stock_pipeline_dag.py
[2026-04-27T15:03:17.034+0000] {processor.py:840} INFO - DAG(s) 'stock_pipeline' retrieved from /opt/airflow/dags/stock_pipeline_dag.py
[2026-04-27T15:03:17.064+0000] {logging_mixin.py:188} INFO - [2026-04-27T15:03:17.064+0000] {dag.py:3096} INFO - Sync 1 DAGs
[2026-04-27T15:03:17.088+0000] {logging_mixin.py:188} INFO - [2026-04-27T15:03:17.088+0000] {dag.py:3954} INFO - Setting next_dagrun for stock_pipeline to 2026-04-27 06:00:00+00:00, run_after=2026-04-28 06:00:00+00:00
[2026-04-27T15:03:17.115+0000] {processor.py:183} INFO - Processing /opt/airflow/dags/stock_pipeline_dag.py took 0.127 seconds
[2026-04-27T15:03:47.330+0000] {processor.py:161} INFO - Started process (PID=4499) to work on /opt/airflow/dags/stock_pipeline_dag.py
[2026-04-27T15:03:47.332+0000] {processor.py:830} INFO - Processing file /opt/airflow/dags/stock_pipeline_dag.py for tasks to queue
[2026-04-27T15:03:47.336+0000] {logging_mixin.py:188} INFO - [2026-04-27T15:03:47.335+0000] {dagbag.py:540} INFO - Filling up the DagBag from /opt/airflow/dags/stock_pipeline_dag.py
[2026-04-27T15:03:47.392+0000] {processor.py:840} INFO - DAG(s) 'stock_pipeline' retrieved from /opt/airflow/dags/stock_pipeline_dag.py
[2026-04-27T15:03:47.455+0000] {logging_mixin.py:188} INFO - [2026-04-27T15:03:47.454+0000] {dag.py:3096} INFO - Sync 1 DAGs
[2026-04-27T15:03:47.502+0000] {logging_mixin.py:188} INFO - [2026-04-27T15:03:47.502+0000] {dag.py:3954} INFO - Setting next_dagrun for stock_pipeline to 2026-04-27 06:00:00+00:00, run_after=2026-04-28 06:00:00+00:00
[2026-04-27T15:03:47.546+0000] {processor.py:183} INFO - Processing /opt/airflow/dags/stock_pipeline_dag.py took 0.222 seconds
[2026-04-27T15:04:17.927+0000] {processor.py:161} INFO - Started process (PID=4504) to work on /opt/airflow/dags/stock_pipeline_dag.py
[2026-04-27T15:04:17.929+0000] {processor.py:830} INFO - Processing file /opt/airflow/dags/stock_pipeline_dag.py for tasks to queue
[2026-04-27T15:04:17.933+0000] {logging_mixin.py:188} INFO - [2026-04-27T15:04:17.931+0000] {dagbag.py:540} INFO - Filling up the DagBag from /opt/airflow/dags/stock_pipeline_dag.py
[2026-04-27T15:04:17.981+0000] {processor.py:840} INFO - DAG(s) 'stock_pipeline' retrieved from /opt/airflow/dags/stock_pipeline_dag.py
[2026-04-27T15:04:18.013+0000] {logging_mixin.py:188} INFO - [2026-04-27T15:04:18.013+0000] {dag.py:3096} INFO - Sync 1 DAGs
[2026-04-27T15:04:18.036+0000] {logging_mixin.py:188} INFO - [2026-04-27T15:04:18.036+0000] {dag.py:3954} INFO - Setting next_dagrun for stock_pipeline to 2026-04-27 06:00:00+00:00, run_after=2026-04-28 06:00:00+00:00
[2026-04-27T15:04:18.056+0000] {processor.py:183} INFO - Processing /opt/airflow/dags/stock_pipeline_dag.py took 0.136 seconds
[2026-04-27T15:04:48.342+0000] {processor.py:161} INFO - Started process (PID=4509) to work on /opt/airflow/dags/stock_pipeline_dag.py
[2026-04-27T15:04:48.343+0000] {processor.py:830} INFO - Processing file /opt/airflow/dags/stock_pipeline_dag.py for tasks to queue
[2026-04-27T15:04:48.345+0000] {logging_mixin.py:188} INFO - [2026-04-27T15:04:48.345+0000] {dagbag.py:540} INFO - Filling up the DagBag from /opt/airflow/dags/stock_pipeline_dag.py
[2026-04-27T15:04:48.372+0000] {processor.py:840} INFO - DAG(s) 'stock_pipeline' retrieved from /opt/airflow/dags/stock_pipeline_dag.py
[2026-04-27T15:04:48.401+0000] {logging_mixin.py:188} INFO - [2026-04-27T15:04:48.401+0000] {dag.py:3096} INFO - Sync 1 DAGs
[2026-04-27T15:04:48.426+0000] {logging_mixin.py:188} INFO - [2026-04-27T15:04:48.426+0000] {dag.py:3954} INFO - Setting next_dagrun for stock_pipeline to 2026-04-27 06:00:00+00:00, run_after=2026-04-28 06:00:00+00:00
[2026-04-27T15:04:48.453+0000] {processor.py:183} INFO - Processing /opt/airflow/dags/stock_pipeline_dag.py took 0.118 seconds
[2026-04-27T15:05:18.810+0000] {processor.py:161} INFO - Started process (PID=4514) to work on /opt/airflow/dags/stock_pipeline_dag.py
[2026-04-27T15:05:18.813+0000] {processor.py:830} INFO - Processing file /opt/airflow/dags/stock_pipeline_dag.py for tasks to queue
[2026-04-27T15:05:18.816+0000] {logging_mixin.py:188} INFO - [2026-04-27T15:05:18.816+0000] {dagbag.py:540} INFO - Filling up the DagBag from /opt/airflow/dags/stock_pipeline_dag.py
[2026-04-27T15:05:18.880+0000] {processor.py:840} INFO - DAG(s) 'stock_pipeline' retrieved from /opt/airflow/dags/stock_pipeline_dag.py
[2026-04-27T15:05:18.948+0000] {logging_mixin.py:188} INFO - [2026-04-27T15:05:18.946+0000] {dag.py:3096} INFO - Sync 1 DAGs
[2026-04-27T15:05:18.972+0000] {logging_mixin.py:188} INFO - [2026-04-27T15:05:18.972+0000] {dag.py:3954} INFO - Setting next_dagrun for stock_pipeline to 2026-04-27 06:00:00+00:00, run_after=2026-04-28 06:00:00+00:00
[2026-04-27T15:05:18.997+0000] {processor.py:183} INFO - Processing /opt/airflow/dags/stock_pipeline_dag.py took 0.196 seconds
[2026-04-27T15:05:49.222+0000] {processor.py:161} INFO - Started process (PID=4519) to work on /opt/airflow/dags/stock_pipeline_dag.py
[2026-04-27T15:05:49.224+0000] {processor.py:830} INFO - Processing file /opt/airflow/dags/stock_pipeline_dag.py for tasks to queue
[2026-04-27T15:05:49.226+0000] {logging_mixin.py:188} INFO - [2026-04-27T15:05:49.226+0000] {dagbag.py:540} INFO - Filling up the DagBag from /opt/airflow/dags/stock_pipeline_dag.py
[2026-04-27T15:05:49.267+0000] {processor.py:840} INFO - DAG(s) 'stock_pipeline' retrieved from /opt/airflow/dags/stock_pipeline_dag.py
[2026-04-27T15:05:49.293+0000] {logging_mixin.py:188} INFO - [2026-04-27T15:05:49.293+0000] {dag.py:3096} INFO - Sync 1 DAGs
[2026-04-27T15:05:49.315+0000] {logging_mixin.py:188} INFO - [2026-04-27T15:05:49.315+0000] {dag.py:3954} INFO - Setting next_dagrun for stock_pipeline to 2026-04-27 06:00:00+00:00, run_after=2026-04-28 06:00:00+00:00
[2026-04-27T15:05:49.338+0000] {processor.py:183} INFO - Processing /opt/airflow/dags/stock_pipeline_dag.py took 0.124 seconds
[2026-04-27T15:06:19.843+0000] {processor.py:161} INFO - Started process (PID=4524) to work on /opt/airflow/dags/stock_pipeline_dag.py
[2026-04-27T15:06:19.847+0000] {processor.py:830} INFO - Processing file /opt/airflow/dags/stock_pipeline_dag.py for tasks to queue
[2026-04-27T15:06:19.854+0000] {logging_mixin.py:188} INFO - [2026-04-27T15:06:19.853+0000] {dagbag.py:540} INFO - Filling up the DagBag from /opt/airflow/dags/stock_pipeline_dag.py
[2026-04-27T15:06:19.952+0000] {processor.py:840} INFO - DAG(s) 'stock_pipeline' retrieved from /opt/airflow/dags/stock_pipeline_dag.py
[2026-04-27T15:06:20.035+0000] {logging_mixin.py:188} INFO - [2026-04-27T15:06:20.034+0000] {dag.py:3096} INFO - Sync 1 DAGs
[2026-04-27T15:06:20.138+0000] {logging_mixin.py:188} INFO - [2026-04-27T15:06:20.137+0000] {dag.py:3954} INFO - Setting next_dagrun for stock_pipeline to 2026-04-27 06:00:00+00:00, run_after=2026-04-28 06:00:00+00:00
[2026-04-27T15:06:20.222+0000] {processor.py:183} INFO - Processing /opt/airflow/dags/stock_pipeline_dag.py took 0.407 seconds
[2026-04-27T15:06:50.636+0000] {processor.py:161} INFO - Started process (PID=4529) to work on /opt/airflow/dags/stock_pipeline_dag.py
[2026-04-27T15:06:50.638+0000] {processor.py:830} INFO - Processing file /opt/airflow/dags/stock_pipeline_dag.py for tasks to queue
[2026-04-27T15:06:50.642+0000] {logging_mixin.py:188} INFO - [2026-04-27T15:06:50.641+0000] {dagbag.py:540} INFO - Filling up the DagBag from /opt/airflow/dags/stock_pipeline_dag.py
[2026-04-27T15:06:50.697+0000] {processor.py:840} INFO - DAG(s) 'stock_pipeline' retrieved from /opt/airflow/dags/stock_pipeline_dag.py
[2026-04-27T15:06:50.742+0000] {logging_mixin.py:188} INFO - [2026-04-27T15:06:50.741+0000] {dag.py:3096} INFO - Sync 1 DAGs
[2026-04-27T15:06:50.785+0000] {logging_mixin.py:188} INFO - [2026-04-27T15:06:50.784+0000] {dag.py:3954} INFO - Setting next_dagrun for stock_pipeline to 2026-04-27 06:00:00+00:00, run_after=2026-04-28 06:00:00+00:00
[2026-04-27T15:06:50.814+0000] {processor.py:183} INFO - Processing /opt/airflow/dags/stock_pipeline_dag.py took 0.190 seconds
[2026-04-27T15:07:21.094+0000] {processor.py:161} INFO - Started process (PID=4534) to work on /opt/airflow/dags/stock_pipeline_dag.py
[2026-04-27T15:07:21.096+0000] {processor.py:830} INFO - Processing file /opt/airflow/dags/stock_pipeline_dag.py for tasks to queue
[2026-04-27T15:07:21.098+0000] {logging_mixin.py:188} INFO - [2026-04-27T15:07:21.098+0000] {dagbag.py:540} INFO - Filling up the DagBag from /opt/airflow/dags/stock_pipeline_dag.py
[2026-04-27T15:07:21.142+0000] {processor.py:840} INFO - DAG(s) 'stock_pipeline' retrieved from /opt/airflow/dags/stock_pipeline_dag.py
[2026-04-27T15:07:21.169+0000] {logging_mixin.py:188} INFO - [2026-04-27T15:07:21.169+0000] {dag.py:3096} INFO - Sync 1 DAGs
[2026-04-27T15:07:21.192+0000] {logging_mixin.py:188} INFO - [2026-04-27T15:07:21.192+0000] {dag.py:3954} INFO - Setting next_dagrun for stock_pipeline to 2026-04-27 06:00:00+00:00, run_after=2026-04-28 06:00:00+00:00
[2026-04-27T15:07:21.220+0000] {processor.py:183} INFO - Processing /opt/airflow/dags/stock_pipeline_dag.py took 0.136 seconds
[2026-04-27T15:07:51.575+0000] {processor.py:161} INFO - Started process (PID=4539) to work on /opt/airflow/dags/stock_pipeline_dag.py
[2026-04-27T15:07:51.577+0000] {processor.py:830} INFO - Processing file /opt/airflow/dags/stock_pipeline_dag.py for tasks to queue
[2026-04-27T15:07:51.581+0000] {logging_mixin.py:188} INFO - [2026-04-27T15:07:51.580+0000] {dagbag.py:540} INFO - Filling up the DagBag from /opt/airflow/dags/stock_pipeline_dag.py
[2026-04-27T15:07:51.644+0000] {processor.py:840} INFO - DAG(s) 'stock_pipeline' retrieved from /opt/airflow/dags/stock_pipeline_dag.py
[2026-04-27T15:07:51.687+0000] {logging_mixin.py:188} INFO - [2026-04-27T15:07:51.686+0000] {dag.py:3096} INFO - Sync 1 DAGs
[2026-04-27T15:07:51.725+0000] {logging_mixin.py:188} INFO - [2026-04-27T15:07:51.724+0000] {dag.py:3954} INFO - Setting next_dagrun for stock_pipeline to 2026-04-27 06:00:00+00:00, run_after=2026-04-28 06:00:00+00:00
[2026-04-27T15:07:51.755+0000] {processor.py:183} INFO - Processing /opt/airflow/dags/stock_pipeline_dag.py took 0.188 seconds
[2026-04-27T15:08:21.951+0000] {processor.py:161} INFO - Started process (PID=4544) to work on /opt/airflow/dags/stock_pipeline_dag.py
[2026-04-27T15:08:21.953+0000] {processor.py:830} INFO - Processing file /opt/airflow/dags/stock_pipeline_dag.py for tasks to queue
[2026-04-27T15:08:21.955+0000] {logging_mixin.py:188} INFO - [2026-04-27T15:08:21.955+0000] {dagbag.py:540} INFO - Filling up the DagBag from /opt/airflow/dags/stock_pipeline_dag.py
[2026-04-27T15:08:21.999+0000] {processor.py:840} INFO - DAG(s) 'stock_pipeline' retrieved from /opt/airflow/dags/stock_pipeline_dag.py
[2026-04-27T15:08:22.036+0000] {logging_mixin.py:188} INFO - [2026-04-27T15:08:22.035+0000] {dag.py:3096} INFO - Sync 1 DAGs
[2026-04-27T15:08:22.098+0000] {logging_mixin.py:188} INFO - [2026-04-27T15:08:22.098+0000] {dag.py:3954} INFO - Setting next_dagrun for stock_pipeline to 2026-04-27 06:00:00+00:00, run_after=2026-04-28 06:00:00+00:00
[2026-04-27T15:08:22.155+0000] {processor.py:183} INFO - Processing /opt/airflow/dags/stock_pipeline_dag.py took 0.212 seconds
[2026-04-27T15:08:52.431+0000] {processor.py:161} INFO - Started process (PID=4549) to work on /opt/airflow/dags/stock_pipeline_dag.py
[2026-04-27T15:08:52.436+0000] {processor.py:830} INFO - Processing file /opt/airflow/dags/stock_pipeline_dag.py for tasks to queue
[2026-04-27T15:08:52.439+0000] {logging_mixin.py:188} INFO - [2026-04-27T15:08:52.438+0000] {dagbag.py:540} INFO - Filling up the DagBag from /opt/airflow/dags/stock_pipeline_dag.py
[2026-04-27T15:08:52.503+0000] {processor.py:840} INFO - DAG(s) 'stock_pipeline' retrieved from /opt/airflow/dags/stock_pipeline_dag.py
[2026-04-27T15:08:52.569+0000] {logging_mixin.py:188} INFO - [2026-04-27T15:08:52.568+0000] {dag.py:3096} INFO - Sync 1 DAGs
[2026-04-27T15:08:52.609+0000] {logging_mixin.py:188} INFO - [2026-04-27T15:08:52.609+0000] {dag.py:3954} INFO - Setting next_dagrun for stock_pipeline to 2026-04-27 06:00:00+00:00, run_after=2026-04-28 06:00:00+00:00
[2026-04-27T15:08:52.645+0000] {processor.py:183} INFO - Processing /opt/airflow/dags/stock_pipeline_dag.py took 0.224 seconds
[2026-04-27T15:09:22.753+0000] {processor.py:161} INFO - Started process (PID=4554) to work on /opt/airflow/dags/stock_pipeline_dag.py
[2026-04-27T15:09:22.754+0000] {processor.py:830} INFO - Processing file /opt/airflow/dags/stock_pipeline_dag.py for tasks to queue
[2026-04-27T15:09:22.757+0000] {logging_mixin.py:188} INFO - [2026-04-27T15:09:22.756+0000] {dagbag.py:540} INFO - Filling up the DagBag from /opt/airflow/dags/stock_pipeline_dag.py
[2026-04-27T15:09:22.794+0000] {processor.py:840} INFO - DAG(s) 'stock_pipeline' retrieved from /opt/airflow/dags/stock_pipeline_dag.py
[2026-04-27T15:09:22.852+0000] {logging_mixin.py:188} INFO - [2026-04-27T15:09:22.851+0000] {dag.py:3096} INFO - Sync 1 DAGs
[2026-04-27T15:09:22.877+0000] {logging_mixin.py:188} INFO - [2026-04-27T15:09:22.877+0000] {dag.py:3954} INFO - Setting next_dagrun for stock_pipeline to 2026-04-27 06:00:00+00:00, run_after=2026-04-28 06:00:00+00:00
[2026-04-27T15:09:22.901+0000] {processor.py:183} INFO - Processing /opt/airflow/dags/stock_pipeline_dag.py took 0.156 seconds
[2026-04-27T15:09:53.155+0000] {processor.py:161} INFO - Started process (PID=4559) to work on /opt/airflow/dags/stock_pipeline_dag.py
[2026-04-27T15:09:53.160+0000] {processor.py:830} INFO - Processing file /opt/airflow/dags/stock_pipeline_dag.py for tasks to queue
[2026-04-27T15:09:53.177+0000] {logging_mixin.py:188} INFO - [2026-04-27T15:09:53.176+0000] {dagbag.py:540} INFO - Filling up the DagBag from /opt/airflow/dags/stock_pipeline_dag.py
[2026-04-27T15:09:53.238+0000] {processor.py:840} INFO - DAG(s) 'stock_pipeline' retrieved from /opt/airflow/dags/stock_pipeline_dag.py
[2026-04-27T15:09:53.270+0000] {logging_mixin.py:188} INFO - [2026-04-27T15:09:53.270+0000] {dag.py:3096} INFO - Sync 1 DAGs
[2026-04-27T15:09:53.298+0000] {logging_mixin.py:188} INFO - [2026-04-27T15:09:53.297+0000] {dag.py:3954} INFO - Setting next_dagrun for stock_pipeline to 2026-04-27 06:00:00+00:00, run_after=2026-04-28 06:00:00+00:00
[2026-04-27T15:09:53.324+0000] {processor.py:183} INFO - Processing /opt/airflow/dags/stock_pipeline_dag.py took 0.183 seconds
[2026-04-27T15:10:23.634+0000] {processor.py:161} INFO - Started process (PID=4564) to work on /opt/airflow/dags/stock_pipeline_dag.py
[2026-04-27T15:10:23.636+0000] {processor.py:830} INFO - Processing file /opt/airflow/dags/stock_pipeline_dag.py for tasks to queue
[2026-04-27T15:10:23.639+0000] {logging_mixin.py:188} INFO - [2026-04-27T15:10:23.639+0000] {dagbag.py:540} INFO - Filling up the DagBag from /opt/airflow/dags/stock_pipeline_dag.py
[2026-04-27T15:10:23.690+0000] {processor.py:840} INFO - DAG(s) 'stock_pipeline' retrieved from /opt/airflow/dags/stock_pipeline_dag.py
[2026-04-27T15:10:23.720+0000] {logging_mixin.py:188} INFO - [2026-04-27T15:10:23.719+0000] {dag.py:3096} INFO - Sync 1 DAGs
[2026-04-27T15:10:23.753+0000] {logging_mixin.py:188} INFO - [2026-04-27T15:10:23.751+0000] {dag.py:3954} INFO - Setting next_dagrun for stock_pipeline to 2026-04-27 06:00:00+00:00, run_after=2026-04-28 06:00:00+00:00
[2026-04-27T15:10:23.788+0000] {processor.py:183} INFO - Processing /opt/airflow/dags/stock_pipeline_dag.py took 0.165 seconds
[2026-04-27T15:10:54.096+0000] {processor.py:161} INFO - Started process (PID=4569) to work on /opt/airflow/dags/stock_pipeline_dag.py
[2026-04-27T15:10:54.099+0000] {processor.py:830} INFO - Processing file /opt/airflow/dags/stock_pipeline_dag.py for tasks to queue
[2026-04-27T15:10:54.106+0000] {logging_mixin.py:188} INFO - [2026-04-27T15:10:54.104+0000] {dagbag.py:540} INFO - Filling up the DagBag from /opt/airflow/dags/stock_pipeline_dag.py
[2026-04-27T15:10:54.204+0000] {processor.py:840} INFO - DAG(s) 'stock_pipeline' retrieved from /opt/airflow/dags/stock_pipeline_dag.py
[2026-04-27T15:10:54.268+0000] {logging_mixin.py:188} INFO - [2026-04-27T15:10:54.267+0000] {dag.py:3096} INFO - Sync 1 DAGs
[2026-04-27T15:10:54.325+0000] {logging_mixin.py:188} INFO - [2026-04-27T15:10:54.325+0000] {dag.py:3954} INFO - Setting next_dagrun for stock_pipeline to 2026-04-27 06:00:00+00:00, run_after=2026-04-28 06:00:00+00:00
[2026-04-27T15:10:54.354+0000] {processor.py:183} INFO - Processing /opt/airflow/dags/stock_pipeline_dag.py took 0.273 seconds
[2026-04-27T15:11:24.567+0000] {processor.py:161} INFO - Started process (PID=4574) to work on /opt/airflow/dags/stock_pipeline_dag.py
[2026-04-27T15:11:24.569+0000] {processor.py:830} INFO - Processing file /opt/airflow/dags/stock_pipeline_dag.py for tasks to queue
[2026-04-27T15:11:24.571+0000] {logging_mixin.py:188} INFO - [2026-04-27T15:11:24.571+0000] {dagbag.py:540} INFO - Filling up the DagBag from /opt/airflow/dags/stock_pipeline_dag.py
[2026-04-27T15:11:24.620+0000] {processor.py:840} INFO - DAG(s) 'stock_pipeline' retrieved from /opt/airflow/dags/stock_pipeline_dag.py
[2026-04-27T15:11:24.649+0000] {logging_mixin.py:188} INFO - [2026-04-27T15:11:24.648+0000] {dag.py:3096} INFO - Sync 1 DAGs
[2026-04-27T15:11:24.670+0000] {logging_mixin.py:188} INFO - [2026-04-27T15:11:24.670+0000] {dag.py:3954} INFO - Setting next_dagrun for stock_pipeline to 2026-04-27 06:00:00+00:00, run_after=2026-04-28 06:00:00+00:00
[2026-04-27T15:11:24.706+0000] {processor.py:183} INFO - Processing /opt/airflow/dags/stock_pipeline_dag.py took 0.146 seconds
[2026-04-27T15:13:38.209+0000] {processor.py:161} INFO - Started process (PID=4579) to work on /opt/airflow/dags/stock_pipeline_dag.py
[2026-04-27T15:13:38.214+0000] {processor.py:830} INFO - Processing file /opt/airflow/dags/stock_pipeline_dag.py for tasks to queue
[2026-04-27T15:13:38.229+0000] {logging_mixin.py:188} INFO - [2026-04-27T15:13:38.228+0000] {dagbag.py:540} INFO - Filling up the DagBag from /opt/airflow/dags/stock_pipeline_dag.py
[2026-04-27T15:13:38.412+0000] {processor.py:840} INFO - DAG(s) 'stock_pipeline' retrieved from /opt/airflow/dags/stock_pipeline_dag.py
[2026-04-27T15:13:38.744+0000] {logging_mixin.py:188} INFO - [2026-04-27T15:13:38.743+0000] {dag.py:3096} INFO - Sync 1 DAGs
[2026-04-27T15:13:38.956+0000] {logging_mixin.py:188} INFO - [2026-04-27T15:13:38.955+0000] {dag.py:3954} INFO - Setting next_dagrun for stock_pipeline to 2026-04-27 06:00:00+00:00, run_after=2026-04-28 06:00:00+00:00
[2026-04-27T15:13:39.125+0000] {processor.py:183} INFO - Processing /opt/airflow/dags/stock_pipeline_dag.py took 0.955 seconds
[2026-04-27T15:14:09.722+0000] {processor.py:161} INFO - Started process (PID=4586) to work on /opt/airflow/dags/stock_pipeline_dag.py
[2026-04-27T15:14:09.731+0000] {processor.py:830} INFO - Processing file /opt/airflow/dags/stock_pipeline_dag.py for tasks to queue
[2026-04-27T15:14:09.744+0000] {logging_mixin.py:188} INFO - [2026-04-27T15:14:09.742+0000] {dagbag.py:540} INFO - Filling up the DagBag from /opt/airflow/dags/stock_pipeline_dag.py
[2026-04-27T15:14:09.822+0000] {processor.py:840} INFO - DAG(s) 'stock_pipeline' retrieved from /opt/airflow/dags/stock_pipeline_dag.py
[2026-04-27T15:14:09.887+0000] {logging_mixin.py:188} INFO - [2026-04-27T15:14:09.887+0000] {dag.py:3096} INFO - Sync 1 DAGs
[2026-04-27T15:14:09.956+0000] {logging_mixin.py:188} INFO - [2026-04-27T15:14:09.955+0000] {dag.py:3954} INFO - Setting next_dagrun for stock_pipeline to 2026-04-27 06:00:00+00:00, run_after=2026-04-28 06:00:00+00:00
[2026-04-27T15:14:10.017+0000] {processor.py:183} INFO - Processing /opt/airflow/dags/stock_pipeline_dag.py took 0.336 seconds
[2026-04-27T15:14:40.403+0000] {processor.py:161} INFO - Started process (PID=4591) to work on /opt/airflow/dags/stock_pipeline_dag.py
[2026-04-27T15:14:40.407+0000] {processor.py:830} INFO - Processing file /opt/airflow/dags/stock_pipeline_dag.py for tasks to queue
[2026-04-27T15:14:40.415+0000] {logging_mixin.py:188} INFO - [2026-04-27T15:14:40.414+0000] {dagbag.py:540} INFO - Filling up the DagBag from /opt/airflow/dags/stock_pipeline_dag.py
[2026-04-27T15:14:40.517+0000] {processor.py:840} INFO - DAG(s) 'stock_pipeline' retrieved from /opt/airflow/dags/stock_pipeline_dag.py
[2026-04-27T15:14:40.602+0000] {logging_mixin.py:188} INFO - [2026-04-27T15:14:40.602+0000] {dag.py:3096} INFO - Sync 1 DAGs
[2026-04-27T15:14:40.682+0000] {logging_mixin.py:188} INFO - [2026-04-27T15:14:40.681+0000] {dag.py:3954} INFO - Setting next_dagrun for stock_pipeline to 2026-04-27 06:00:00+00:00, run_after=2026-04-28 06:00:00+00:00
[2026-04-27T15:14:40.733+0000] {processor.py:183} INFO - Processing /opt/airflow/dags/stock_pipeline_dag.py took 0.345 seconds
[2026-04-27T15:15:11.087+0000] {processor.py:161} INFO - Started process (PID=4596) to work on /opt/airflow/dags/stock_pipeline_dag.py
[2026-04-27T15:15:11.089+0000] {processor.py:830} INFO - Processing file /opt/airflow/dags/stock_pipeline_dag.py for tasks to queue
[2026-04-27T15:15:11.093+0000] {logging_mixin.py:188} INFO - [2026-04-27T15:15:11.093+0000] {dagbag.py:540} INFO - Filling up the DagBag from /opt/airflow/dags/stock_pipeline_dag.py
[2026-04-27T15:15:11.186+0000] {processor.py:840} INFO - DAG(s) 'stock_pipeline' retrieved from /opt/airflow/dags/stock_pipeline_dag.py
[2026-04-27T15:15:11.239+0000] {logging_mixin.py:188} INFO - [2026-04-27T15:15:11.239+0000] {dag.py:3096} INFO - Sync 1 DAGs
[2026-04-27T15:15:11.285+0000] {logging_mixin.py:188} INFO - [2026-04-27T15:15:11.285+0000] {dag.py:3954} INFO - Setting next_dagrun for stock_pipeline to 2026-04-27 06:00:00+00:00, run_after=2026-04-28 06:00:00+00:00
[2026-04-27T15:15:11.321+0000] {processor.py:183} INFO - Processing /opt/airflow/dags/stock_pipeline_dag.py took 0.243 seconds
[2026-04-27T15:15:41.450+0000] {processor.py:161} INFO - Started process (PID=4601) to work on /opt/airflow/dags/stock_pipeline_dag.py
[2026-04-27T15:15:41.453+0000] {processor.py:830} INFO - Processing file /opt/airflow/dags/stock_pipeline_dag.py for tasks to queue
[2026-04-27T15:15:41.456+0000] {logging_mixin.py:188} INFO - [2026-04-27T15:15:41.456+0000] {dagbag.py:540} INFO - Filling up the DagBag from /opt/airflow/dags/stock_pipeline_dag.py
[2026-04-27T15:15:41.506+0000] {processor.py:840} INFO - DAG(s) 'stock_pipeline' retrieved from /opt/airflow/dags/stock_pipeline_dag.py
[2026-04-27T15:15:41.552+0000] {logging_mixin.py:188} INFO - [2026-04-27T15:15:41.552+0000] {dag.py:3096} INFO - Sync 1 DAGs
[2026-04-27T15:15:41.593+0000] {logging_mixin.py:188} INFO - [2026-04-27T15:15:41.593+0000] {dag.py:3954} INFO - Setting next_dagrun for stock_pipeline to 2026-04-27 06:00:00+00:00, run_after=2026-04-28 06:00:00+00:00
[2026-04-27T15:15:41.628+0000] {processor.py:183} INFO - Processing /opt/airflow/dags/stock_pipeline_dag.py took 0.186 seconds
[2026-04-27T15:16:11.829+0000] {processor.py:161} INFO - Started process (PID=4606) to work on /opt/airflow/dags/stock_pipeline_dag.py
[2026-04-27T15:16:11.831+0000] {processor.py:830} INFO - Processing file /opt/airflow/dags/stock_pipeline_dag.py for tasks to queue
[2026-04-27T15:16:11.835+0000] {logging_mixin.py:188} INFO - [2026-04-27T15:16:11.834+0000] {dagbag.py:540} INFO - Filling up the DagBag from /opt/airflow/dags/stock_pipeline_dag.py
[2026-04-27T15:16:11.871+0000] {processor.py:840} INFO - DAG(s) 'stock_pipeline' retrieved from /opt/airflow/dags/stock_pipeline_dag.py
[2026-04-27T15:16:11.918+0000] {logging_mixin.py:188} INFO - [2026-04-27T15:16:11.918+0000] {dag.py:3096} INFO - Sync 1 DAGs
[2026-04-27T15:16:11.951+0000] {logging_mixin.py:188} INFO - [2026-04-27T15:16:11.951+0000] {dag.py:3954} INFO - Setting next_dagrun for stock_pipeline to 2026-04-27 06:00:00+00:00, run_after=2026-04-28 06:00:00+00:00
[2026-04-27T15:16:11.998+0000] {processor.py:183} INFO - Processing /opt/airflow/dags/stock_pipeline_dag.py took 0.185 seconds
[2026-04-27T15:16:42.405+0000] {processor.py:161} INFO - Started process (PID=4611) to work on /opt/airflow/dags/stock_pipeline_dag.py
[2026-04-27T15:16:42.407+0000] {processor.py:830} INFO - Processing file /opt/airflow/dags/stock_pipeline_dag.py for tasks to queue
[2026-04-27T15:16:42.409+0000] {logging_mixin.py:188} INFO - [2026-04-27T15:16:42.409+0000] {dagbag.py:540} INFO - Filling up the DagBag from /opt/airflow/dags/stock_pipeline_dag.py
[2026-04-27T15:16:42.451+0000] {processor.py:840} INFO - DAG(s) 'stock_pipeline' retrieved from /opt/airflow/dags/stock_pipeline_dag.py
[2026-04-27T15:16:42.496+0000] {logging_mixin.py:188} INFO - [2026-04-27T15:16:42.495+0000] {dag.py:3096} INFO - Sync 1 DAGs
[2026-04-27T15:16:42.537+0000] {logging_mixin.py:188} INFO - [2026-04-27T15:16:42.536+0000] {dag.py:3954} INFO - Setting next_dagrun for stock_pipeline to 2026-04-27 06:00:00+00:00, run_after=2026-04-28 06:00:00+00:00
[2026-04-27T15:16:42.574+0000] {processor.py:183} INFO - Processing /opt/airflow/dags/stock_pipeline_dag.py took 0.177 seconds
[2026-04-27T15:17:12.787+0000] {processor.py:161} INFO - Started process (PID=4616) to work on /opt/airflow/dags/stock_pipeline_dag.py
[2026-04-27T15:17:12.789+0000] {processor.py:830} INFO - Processing file /opt/airflow/dags/stock_pipeline_dag.py for tasks to queue
[2026-04-27T15:17:12.791+0000] {logging_mixin.py:188} INFO - [2026-04-27T15:17:12.791+0000] {dagbag.py:540} INFO - Filling up the DagBag from /opt/airflow/dags/stock_pipeline_dag.py
[2026-04-27T15:17:12.834+0000] {processor.py:840} INFO - DAG(s) 'stock_pipeline' retrieved from /opt/airflow/dags/stock_pipeline_dag.py
[2026-04-27T15:17:12.894+0000] {logging_mixin.py:188} INFO - [2026-04-27T15:17:12.893+0000] {dag.py:3096} INFO - Sync 1 DAGs
[2026-04-27T15:17:12.930+0000] {logging_mixin.py:188} INFO - [2026-04-27T15:17:12.930+0000] {dag.py:3954} INFO - Setting next_dagrun for stock_pipeline to 2026-04-27 06:00:00+00:00, run_after=2026-04-28 06:00:00+00:00
[2026-04-27T15:17:12.965+0000] {processor.py:183} INFO - Processing /opt/airflow/dags/stock_pipeline_dag.py took 0.191 seconds
[2026-04-27T15:17:43.307+0000] {processor.py:161} INFO - Started process (PID=4621) to work on /opt/airflow/dags/stock_pipeline_dag.py
[2026-04-27T15:17:43.309+0000] {processor.py:830} INFO - Processing file /opt/airflow/dags/stock_pipeline_dag.py for tasks to queue
[2026-04-27T15:17:43.313+0000] {logging_mixin.py:188} INFO - [2026-04-27T15:17:43.312+0000] {dagbag.py:540} INFO - Filling up the DagBag from /opt/airflow/dags/stock_pipeline_dag.py
[2026-04-27T15:17:43.367+0000] {processor.py:840} INFO - DAG(s) 'stock_pipeline' retrieved from /opt/airflow/dags/stock_pipeline_dag.py
[2026-04-27T15:17:43.419+0000] {logging_mixin.py:188} INFO - [2026-04-27T15:17:43.418+0000] {dag.py:3096} INFO - Sync 1 DAGs
[2026-04-27T15:17:43.472+0000] {logging_mixin.py:188} INFO - [2026-04-27T15:17:43.472+0000] {dag.py:3954} INFO - Setting next_dagrun for stock_pipeline to 2026-04-27 06:00:00+00:00, run_after=2026-04-28 06:00:00+00:00
[2026-04-27T15:17:43.518+0000] {processor.py:183} INFO - Processing /opt/airflow/dags/stock_pipeline_dag.py took 0.222 seconds
[2026-04-27T15:18:13.685+0000] {processor.py:161} INFO - Started process (PID=4626) to work on /opt/airflow/dags/stock_pipeline_dag.py
[2026-04-27T15:18:13.686+0000] {processor.py:830} INFO - Processing file /opt/airflow/dags/stock_pipeline_dag.py for tasks to queue
[2026-04-27T15:18:13.689+0000] {logging_mixin.py:188} INFO - [2026-04-27T15:18:13.689+0000] {dagbag.py:540} INFO - Filling up the DagBag from /opt/airflow/dags/stock_pipeline_dag.py
[2026-04-27T15:18:13.728+0000] {processor.py:840} INFO - DAG(s) 'stock_pipeline' retrieved from /opt/airflow/dags/stock_pipeline_dag.py
[2026-04-27T15:18:13.777+0000] {logging_mixin.py:188} INFO - [2026-04-27T15:18:13.777+0000] {dag.py:3096} INFO - Sync 1 DAGs
[2026-04-27T15:18:13.822+0000] {logging_mixin.py:188} INFO - [2026-04-27T15:18:13.821+0000] {dag.py:3954} INFO - Setting next_dagrun for stock_pipeline to 2026-04-27 06:00:00+00:00, run_after=2026-04-28 06:00:00+00:00
[2026-04-27T15:18:13.903+0000] {processor.py:183} INFO - Processing /opt/airflow/dags/stock_pipeline_dag.py took 0.230 seconds
[2026-04-27T15:18:44.378+0000] {processor.py:161} INFO - Started process (PID=4631) to work on /opt/airflow/dags/stock_pipeline_dag.py
[2026-04-27T15:18:44.380+0000] {processor.py:830} INFO - Processing file /opt/airflow/dags/stock_pipeline_dag.py for tasks to queue
[2026-04-27T15:18:44.384+0000] {logging_mixin.py:188} INFO - [2026-04-27T15:18:44.383+0000] {dagbag.py:540} INFO - Filling up the DagBag from /opt/airflow/dags/stock_pipeline_dag.py
[2026-04-27T15:18:44.439+0000] {processor.py:840} INFO - DAG(s) 'stock_pipeline' retrieved from /opt/airflow/dags/stock_pipeline_dag.py
[2026-04-27T15:18:44.486+0000] {logging_mixin.py:188} INFO - [2026-04-27T15:18:44.485+0000] {dag.py:3096} INFO - Sync 1 DAGs
[2026-04-27T15:18:44.522+0000] {logging_mixin.py:188} INFO - [2026-04-27T15:18:44.521+0000] {dag.py:3954} INFO - Setting next_dagrun for stock_pipeline to 2026-04-27 06:00:00+00:00, run_after=2026-04-28 06:00:00+00:00
[2026-04-27T15:18:44.559+0000] {processor.py:183} INFO - Processing /opt/airflow/dags/stock_pipeline_dag.py took 0.188 seconds
[2026-04-27T15:19:14.793+0000] {processor.py:161} INFO - Started process (PID=4636) to work on /opt/airflow/dags/stock_pipeline_dag.py
[2026-04-27T15:19:14.796+0000] {processor.py:830} INFO - Processing file /opt/airflow/dags/stock_pipeline_dag.py for tasks to queue
[2026-04-27T15:19:14.800+0000] {logging_mixin.py:188} INFO - [2026-04-27T15:19:14.799+0000] {dagbag.py:540} INFO - Filling up the DagBag from /opt/airflow/dags/stock_pipeline_dag.py
[2026-04-27T15:19:14.855+0000] {processor.py:840} INFO - DAG(s) 'stock_pipeline' retrieved from /opt/airflow/dags/stock_pipeline_dag.py
[2026-04-27T15:19:14.903+0000] {logging_mixin.py:188} INFO - [2026-04-27T15:19:14.903+0000] {dag.py:3096} INFO - Sync 1 DAGs
[2026-04-27T15:19:14.952+0000] {logging_mixin.py:188} INFO - [2026-04-27T15:19:14.952+0000] {dag.py:3954} INFO - Setting next_dagrun for stock_pipeline to 2026-04-27 06:00:00+00:00, run_after=2026-04-28 06:00:00+00:00
[2026-04-27T15:19:14.990+0000] {processor.py:183} INFO - Processing /opt/airflow/dags/stock_pipeline_dag.py took 0.206 seconds
[2026-04-27T15:19:45.136+0000] {processor.py:161} INFO - Started process (PID=4641) to work on /opt/airflow/dags/stock_pipeline_dag.py
[2026-04-27T15:19:45.139+0000] {processor.py:830} INFO - Processing file /opt/airflow/dags/stock_pipeline_dag.py for tasks to queue
[2026-04-27T15:19:45.142+0000] {logging_mixin.py:188} INFO - [2026-04-27T15:19:45.141+0000] {dagbag.py:540} INFO - Filling up the DagBag from /opt/airflow/dags/stock_pipeline_dag.py
[2026-04-27T15:19:45.209+0000] {processor.py:840} INFO - DAG(s) 'stock_pipeline' retrieved from /opt/airflow/dags/stock_pipeline_dag.py
[2026-04-27T15:19:45.252+0000] {logging_mixin.py:188} INFO - [2026-04-27T15:19:45.252+0000] {dag.py:3096} INFO - Sync 1 DAGs
[2026-04-27T15:19:45.285+0000] {logging_mixin.py:188} INFO - [2026-04-27T15:19:45.285+0000] {dag.py:3954} INFO - Setting next_dagrun for stock_pipeline to 2026-04-27 06:00:00+00:00, run_after=2026-04-28 06:00:00+00:00
[2026-04-27T15:19:45.318+0000] {processor.py:183} INFO - Processing /opt/airflow/dags/stock_pipeline_dag.py took 0.193 seconds
[2026-04-27T15:20:15.514+0000] {processor.py:161} INFO - Started process (PID=4646) to work on /opt/airflow/dags/stock_pipeline_dag.py
[2026-04-27T15:20:15.516+0000] {processor.py:830} INFO - Processing file /opt/airflow/dags/stock_pipeline_dag.py for tasks to queue
[2026-04-27T15:20:15.518+0000] {logging_mixin.py:188} INFO - [2026-04-27T15:20:15.518+0000] {dagbag.py:540} INFO - Filling up the DagBag from /opt/airflow/dags/stock_pipeline_dag.py
[2026-04-27T15:20:15.571+0000] {processor.py:840} INFO - DAG(s) 'stock_pipeline' retrieved from /opt/airflow/dags/stock_pipeline_dag.py
[2026-04-27T15:20:15.611+0000] {logging_mixin.py:188} INFO - [2026-04-27T15:20:15.610+0000] {dag.py:3096} INFO - Sync 1 DAGs
[2026-04-27T15:20:15.641+0000] {logging_mixin.py:188} INFO - [2026-04-27T15:20:15.640+0000] {dag.py:3954} INFO - Setting next_dagrun for stock_pipeline to 2026-04-27 06:00:00+00:00, run_after=2026-04-28 06:00:00+00:00
[2026-04-27T15:20:15.676+0000] {processor.py:183} INFO - Processing /opt/airflow/dags/stock_pipeline_dag.py took 0.169 seconds
[2026-04-27T15:20:46.068+0000] {processor.py:161} INFO - Started process (PID=4651) to work on /opt/airflow/dags/stock_pipeline_dag.py
[2026-04-27T15:20:46.070+0000] {processor.py:830} INFO - Processing file /opt/airflow/dags/stock_pipeline_dag.py for tasks to queue
[2026-04-27T15:20:46.073+0000] {logging_mixin.py:188} INFO - [2026-04-27T15:20:46.073+0000] {dagbag.py:540} INFO - Filling up the DagBag from /opt/airflow/dags/stock_pipeline_dag.py
[2026-04-27T15:20:46.133+0000] {processor.py:840} INFO - DAG(s) 'stock_pipeline' retrieved from /opt/airflow/dags/stock_pipeline_dag.py
[2026-04-27T15:20:46.190+0000] {logging_mixin.py:188} INFO - [2026-04-27T15:20:46.189+0000] {dag.py:3096} INFO - Sync 1 DAGs
[2026-04-27T15:20:46.236+0000] {logging_mixin.py:188} INFO - [2026-04-27T15:20:46.236+0000] {dag.py:3954} INFO - Setting next_dagrun for stock_pipeline to 2026-04-27 06:00:00+00:00, run_after=2026-04-28 06:00:00+00:00
[2026-04-27T15:20:46.271+0000] {processor.py:183} INFO - Processing /opt/airflow/dags/stock_pipeline_dag.py took 0.214 seconds
[2026-04-27T15:21:16.493+0000] {processor.py:161} INFO - Started process (PID=4656) to work on /opt/airflow/dags/stock_pipeline_dag.py
[2026-04-27T15:21:16.495+0000] {processor.py:830} INFO - Processing file /opt/airflow/dags/stock_pipeline_dag.py for tasks to queue
[2026-04-27T15:21:16.498+0000] {logging_mixin.py:188} INFO - [2026-04-27T15:21:16.498+0000] {dagbag.py:540} INFO - Filling up the DagBag from /opt/airflow/dags/stock_pipeline_dag.py
[2026-04-27T15:21:16.548+0000] {processor.py:840} INFO - DAG(s) 'stock_pipeline' retrieved from /opt/airflow/dags/stock_pipeline_dag.py
[2026-04-27T15:21:16.586+0000] {logging_mixin.py:188} INFO - [2026-04-27T15:21:16.586+0000] {dag.py:3096} INFO - Sync 1 DAGs
[2026-04-27T15:21:16.619+0000] {logging_mixin.py:188} INFO - [2026-04-27T15:21:16.619+0000] {dag.py:3954} INFO - Setting next_dagrun for stock_pipeline to 2026-04-27 06:00:00+00:00, run_after=2026-04-28 06:00:00+00:00
[2026-04-27T15:21:16.659+0000] {processor.py:183} INFO - Processing /opt/airflow/dags/stock_pipeline_dag.py took 0.177 seconds
[2026-04-27T15:21:46.822+0000] {processor.py:161} INFO - Started process (PID=4661) to work on /opt/airflow/dags/stock_pipeline_dag.py
[2026-04-27T15:21:46.824+0000] {processor.py:830} INFO - Processing file /opt/airflow/dags/stock_pipeline_dag.py for tasks to queue
[2026-04-27T15:21:46.826+0000] {logging_mixin.py:188} INFO - [2026-04-27T15:21:46.826+0000] {dagbag.py:540} INFO - Filling up the DagBag from /opt/airflow/dags/stock_pipeline_dag.py
[2026-04-27T15:21:46.876+0000] {processor.py:840} INFO - DAG(s) 'stock_pipeline' retrieved from /opt/airflow/dags/stock_pipeline_dag.py
[2026-04-27T15:21:46.908+0000] {logging_mixin.py:188} INFO - [2026-04-27T15:21:46.907+0000] {dag.py:3096} INFO - Sync 1 DAGs
[2026-04-27T15:21:46.929+0000] {logging_mixin.py:188} INFO - [2026-04-27T15:21:46.929+0000] {dag.py:3954} INFO - Setting next_dagrun for stock_pipeline to 2026-04-27 06:00:00+00:00, run_after=2026-04-28 06:00:00+00:00
[2026-04-27T15:21:46.950+0000] {processor.py:183} INFO - Processing /opt/airflow/dags/stock_pipeline_dag.py took 0.134 seconds
[2026-04-27T15:22:17.274+0000] {processor.py:161} INFO - Started process (PID=4666) to work on /opt/airflow/dags/stock_pipeline_dag.py
[2026-04-27T15:22:17.276+0000] {processor.py:830} INFO - Processing file /opt/airflow/dags/stock_pipeline_dag.py for tasks to queue
[2026-04-27T15:22:17.278+0000] {logging_mixin.py:188} INFO - [2026-04-27T15:22:17.278+0000] {dagbag.py:540} INFO - Filling up the DagBag from /opt/airflow/dags/stock_pipeline_dag.py
[2026-04-27T15:22:17.340+0000] {processor.py:840} INFO - DAG(s) 'stock_pipeline' retrieved from /opt/airflow/dags/stock_pipeline_dag.py
[2026-04-27T15:22:17.376+0000] {logging_mixin.py:188} INFO - [2026-04-27T15:22:17.376+0000] {dag.py:3096} INFO - Sync 1 DAGs
[2026-04-27T15:22:17.451+0000] {logging_mixin.py:188} INFO - [2026-04-27T15:22:17.450+0000] {dag.py:3954} INFO - Setting next_dagrun for stock_pipeline to 2026-04-27 06:00:00+00:00, run_after=2026-04-28 06:00:00+00:00
[2026-04-27T15:22:17.539+0000] {processor.py:183} INFO - Processing /opt/airflow/dags/stock_pipeline_dag.py took 0.274 seconds
[2026-04-27T15:22:47.735+0000] {processor.py:161} INFO - Started process (PID=4671) to work on /opt/airflow/dags/stock_pipeline_dag.py
[2026-04-27T15:22:47.738+0000] {processor.py:830} INFO - Processing file /opt/airflow/dags/stock_pipeline_dag.py for tasks to queue
[2026-04-27T15:22:47.742+0000] {logging_mixin.py:188} INFO - [2026-04-27T15:22:47.741+0000] {dagbag.py:540} INFO - Filling up the DagBag from /opt/airflow/dags/stock_pipeline_dag.py
[2026-04-27T15:22:47.838+0000] {processor.py:840} INFO - DAG(s) 'stock_pipeline' retrieved from /opt/airflow/dags/stock_pipeline_dag.py
[2026-04-27T15:22:47.933+0000] {logging_mixin.py:188} INFO - [2026-04-27T15:22:47.932+0000] {dag.py:3096} INFO - Sync 1 DAGs
[2026-04-27T15:22:48.020+0000] {logging_mixin.py:188} INFO - [2026-04-27T15:22:48.019+0000] {dag.py:3954} INFO - Setting next_dagrun for stock_pipeline to 2026-04-27 06:00:00+00:00, run_after=2026-04-28 06:00:00+00:00
[2026-04-27T15:22:48.073+0000] {processor.py:183} INFO - Processing /opt/airflow/dags/stock_pipeline_dag.py took 0.354 seconds
[2026-04-27T15:23:18.310+0000] {processor.py:161} INFO - Started process (PID=4676) to work on /opt/airflow/dags/stock_pipeline_dag.py
[2026-04-27T15:23:18.312+0000] {processor.py:830} INFO - Processing file /opt/airflow/dags/stock_pipeline_dag.py for tasks to queue
[2026-04-27T15:23:18.316+0000] {logging_mixin.py:188} INFO - [2026-04-27T15:23:18.315+0000] {dagbag.py:540} INFO - Filling up the DagBag from /opt/airflow/dags/stock_pipeline_dag.py
[2026-04-27T15:23:18.362+0000] {processor.py:840} INFO - DAG(s) 'stock_pipeline' retrieved from /opt/airflow/dags/stock_pipeline_dag.py
[2026-04-27T15:23:18.403+0000] {logging_mixin.py:188} INFO - [2026-04-27T15:23:18.403+0000] {dag.py:3096} INFO - Sync 1 DAGs
[2026-04-27T15:23:18.440+0000] {logging_mixin.py:188} INFO - [2026-04-27T15:23:18.440+0000] {dag.py:3954} INFO - Setting next_dagrun for stock_pipeline to 2026-04-27 06:00:00+00:00, run_after=2026-04-28 06:00:00+00:00
[2026-04-27T15:23:18.492+0000] {processor.py:183} INFO - Processing /opt/airflow/dags/stock_pipeline_dag.py took 0.193 seconds
[2026-04-27T15:23:48.872+0000] {processor.py:161} INFO - Started process (PID=4681) to work on /opt/airflow/dags/stock_pipeline_dag.py
[2026-04-27T15:23:48.874+0000] {processor.py:830} INFO - Processing file /opt/airflow/dags/stock_pipeline_dag.py for tasks to queue
[2026-04-27T15:23:48.877+0000] {logging_mixin.py:188} INFO - [2026-04-27T15:23:48.876+0000] {dagbag.py:540} INFO - Filling up the DagBag from /opt/airflow/dags/stock_pipeline_dag.py
[2026-04-27T15:23:48.929+0000] {processor.py:840} INFO - DAG(s) 'stock_pipeline' retrieved from /opt/airflow/dags/stock_pipeline_dag.py
[2026-04-27T15:23:48.965+0000] {logging_mixin.py:188} INFO - [2026-04-27T15:23:48.965+0000] {dag.py:3096} INFO - Sync 1 DAGs
[2026-04-27T15:23:49.026+0000] {logging_mixin.py:188} INFO - [2026-04-27T15:23:49.026+0000] {dag.py:3954} INFO - Setting next_dagrun for stock_pipeline to 2026-04-27 06:00:00+00:00, run_after=2026-04-28 06:00:00+00:00
[2026-04-27T15:23:49.093+0000] {processor.py:183} INFO - Processing /opt/airflow/dags/stock_pipeline_dag.py took 0.228 seconds
[2026-04-27T15:24:19.407+0000] {processor.py:161} INFO - Started process (PID=4686) to work on /opt/airflow/dags/stock_pipeline_dag.py
[2026-04-27T15:24:19.410+0000] {processor.py:830} INFO - Processing file /opt/airflow/dags/stock_pipeline_dag.py for tasks to queue
[2026-04-27T15:24:19.416+0000] {logging_mixin.py:188} INFO - [2026-04-27T15:24:19.415+0000] {dagbag.py:540} INFO - Filling up the DagBag from /opt/airflow/dags/stock_pipeline_dag.py
[2026-04-27T15:24:19.504+0000] {processor.py:840} INFO - DAG(s) 'stock_pipeline' retrieved from /opt/airflow/dags/stock_pipeline_dag.py
[2026-04-27T15:24:19.567+0000] {logging_mixin.py:188} INFO - [2026-04-27T15:24:19.567+0000] {dag.py:3096} INFO - Sync 1 DAGs
[2026-04-27T15:24:19.616+0000] {logging_mixin.py:188} INFO - [2026-04-27T15:24:19.615+0000] {dag.py:3954} INFO - Setting next_dagrun for stock_pipeline to 2026-04-27 06:00:00+00:00, run_after=2026-04-28 06:00:00+00:00
[2026-04-27T15:24:19.663+0000] {processor.py:183} INFO - Processing /opt/airflow/dags/stock_pipeline_dag.py took 0.265 seconds
[2026-04-27T15:24:49.905+0000] {processor.py:161} INFO - Started process (PID=4691) to work on /opt/airflow/dags/stock_pipeline_dag.py
[2026-04-27T15:24:49.906+0000] {processor.py:830} INFO - Processing file /opt/airflow/dags/stock_pipeline_dag.py for tasks to queue
[2026-04-27T15:24:49.910+0000] {logging_mixin.py:188} INFO - [2026-04-27T15:24:49.909+0000] {dagbag.py:540} INFO - Filling up the DagBag from /opt/airflow/dags/stock_pipeline_dag.py
[2026-04-27T15:24:49.960+0000] {processor.py:840} INFO - DAG(s) 'stock_pipeline' retrieved from /opt/airflow/dags/stock_pipeline_dag.py
[2026-04-27T15:24:49.991+0000] {logging_mixin.py:188} INFO - [2026-04-27T15:24:49.990+0000] {dag.py:3096} INFO - Sync 1 DAGs
[2026-04-27T15:24:50.095+0000] {logging_mixin.py:188} INFO - [2026-04-27T15:24:50.094+0000] {dag.py:3954} INFO - Setting next_dagrun for stock_pipeline to 2026-04-27 06:00:00+00:00, run_after=2026-04-28 06:00:00+00:00
[2026-04-27T15:24:50.129+0000] {processor.py:183} INFO - Processing /opt/airflow/dags/stock_pipeline_dag.py took 0.232 seconds
[2026-04-27T15:25:20.389+0000] {processor.py:161} INFO - Started process (PID=4696) to work on /opt/airflow/dags/stock_pipeline_dag.py
[2026-04-27T15:25:20.397+0000] {processor.py:830} INFO - Processing file /opt/airflow/dags/stock_pipeline_dag.py for tasks to queue
[2026-04-27T15:25:20.403+0000] {logging_mixin.py:188} INFO - [2026-04-27T15:25:20.402+0000] {dagbag.py:540} INFO - Filling up the DagBag from /opt/airflow/dags/stock_pipeline_dag.py
[2026-04-27T15:25:20.469+0000] {processor.py:840} INFO - DAG(s) 'stock_pipeline' retrieved from /opt/airflow/dags/stock_pipeline_dag.py
[2026-04-27T15:25:20.532+0000] {logging_mixin.py:188} INFO - [2026-04-27T15:25:20.531+0000] {dag.py:3096} INFO - Sync 1 DAGs
[2026-04-27T15:25:20.582+0000] {logging_mixin.py:188} INFO - [2026-04-27T15:25:20.581+0000] {dag.py:3954} INFO - Setting next_dagrun for stock_pipeline to 2026-04-27 06:00:00+00:00, run_after=2026-04-28 06:00:00+00:00
[2026-04-27T15:25:20.625+0000] {processor.py:183} INFO - Processing /opt/airflow/dags/stock_pipeline_dag.py took 0.251 seconds
[2026-04-27T15:25:50.819+0000] {processor.py:161} INFO - Started process (PID=4701) to work on /opt/airflow/dags/stock_pipeline_dag.py
[2026-04-27T15:25:50.820+0000] {processor.py:830} INFO - Processing file /opt/airflow/dags/stock_pipeline_dag.py for tasks to queue
[2026-04-27T15:25:50.823+0000] {logging_mixin.py:188} INFO - [2026-04-27T15:25:50.823+0000] {dagbag.py:540} INFO - Filling up the DagBag from /opt/airflow/dags/stock_pipeline_dag.py
[2026-04-27T15:25:50.850+0000] {processor.py:840} INFO - DAG(s) 'stock_pipeline' retrieved from /opt/airflow/dags/stock_pipeline_dag.py
[2026-04-27T15:25:50.879+0000] {logging_mixin.py:188} INFO - [2026-04-27T15:25:50.879+0000] {dag.py:3096} INFO - Sync 1 DAGs
[2026-04-27T15:25:50.902+0000] {logging_mixin.py:188} INFO - [2026-04-27T15:25:50.902+0000] {dag.py:3954} INFO - Setting next_dagrun for stock_pipeline to 2026-04-27 06:00:00+00:00, run_after=2026-04-28 06:00:00+00:00
[2026-04-27T15:25:50.928+0000] {processor.py:183} INFO - Processing /opt/airflow/dags/stock_pipeline_dag.py took 0.115 seconds
[2026-04-27T15:26:21.212+0000] {processor.py:161} INFO - Started process (PID=4706) to work on /opt/airflow/dags/stock_pipeline_dag.py
[2026-04-27T15:26:21.213+0000] {processor.py:830} INFO - Processing file /opt/airflow/dags/stock_pipeline_dag.py for tasks to queue
[2026-04-27T15:26:21.216+0000] {logging_mixin.py:188} INFO - [2026-04-27T15:26:21.216+0000] {dagbag.py:540} INFO - Filling up the DagBag from /opt/airflow/dags/stock_pipeline_dag.py
[2026-04-27T15:26:21.277+0000] {processor.py:840} INFO - DAG(s) 'stock_pipeline' retrieved from /opt/airflow/dags/stock_pipeline_dag.py
[2026-04-27T15:26:21.325+0000] {logging_mixin.py:188} INFO - [2026-04-27T15:26:21.325+0000] {dag.py:3096} INFO - Sync 1 DAGs
[2026-04-27T15:26:21.356+0000] {logging_mixin.py:188} INFO - [2026-04-27T15:26:21.356+0000] {dag.py:3954} INFO - Setting next_dagrun for stock_pipeline to 2026-04-27 06:00:00+00:00, run_after=2026-04-28 06:00:00+00:00
[2026-04-27T15:26:21.391+0000] {processor.py:183} INFO - Processing /opt/airflow/dags/stock_pipeline_dag.py took 0.189 seconds
[2026-04-27T15:35:51.830+0000] {processor.py:161} INFO - Started process (PID=4713) to work on /opt/airflow/dags/stock_pipeline_dag.py
[2026-04-27T15:35:51.845+0000] {processor.py:830} INFO - Processing file /opt/airflow/dags/stock_pipeline_dag.py for tasks to queue
[2026-04-27T15:35:51.862+0000] {logging_mixin.py:188} INFO - [2026-04-27T15:35:51.860+0000] {dagbag.py:540} INFO - Filling up the DagBag from /opt/airflow/dags/stock_pipeline_dag.py
[2026-04-27T15:35:52.646+0000] {processor.py:840} INFO - DAG(s) 'stock_pipeline' retrieved from /opt/airflow/dags/stock_pipeline_dag.py
[2026-04-27T15:35:52.932+0000] {logging_mixin.py:188} INFO - [2026-04-27T15:35:52.932+0000] {dag.py:3096} INFO - Sync 1 DAGs
[2026-04-27T15:35:53.128+0000] {logging_mixin.py:188} INFO - [2026-04-27T15:35:53.127+0000] {dag.py:3954} INFO - Setting next_dagrun for stock_pipeline to 2026-04-27 06:00:00+00:00, run_after=2026-04-28 06:00:00+00:00
[2026-04-27T15:35:53.244+0000] {processor.py:183} INFO - Processing /opt/airflow/dags/stock_pipeline_dag.py took 1.473 seconds
[2026-04-27T18:35:55.063+0000] {processor.py:161} INFO - Started process (PID=4720) to work on /opt/airflow/dags/stock_pipeline_dag.py
[2026-04-27T18:35:55.081+0000] {processor.py:830} INFO - Processing file /opt/airflow/dags/stock_pipeline_dag.py for tasks to queue
[2026-04-27T18:35:55.098+0000] {logging_mixin.py:188} INFO - [2026-04-27T18:35:55.097+0000] {dagbag.py:540} INFO - Filling up the DagBag from /opt/airflow/dags/stock_pipeline_dag.py
[2026-04-27T18:35:55.727+0000] {processor.py:840} INFO - DAG(s) 'stock_pipeline' retrieved from /opt/airflow/dags/stock_pipeline_dag.py
[2026-04-27T18:35:56.145+0000] {logging_mixin.py:188} INFO - [2026-04-27T18:35:56.143+0000] {dag.py:3096} INFO - Sync 1 DAGs
[2026-04-27T18:35:56.401+0000] {logging_mixin.py:188} INFO - [2026-04-27T18:35:56.401+0000] {dag.py:3954} INFO - Setting next_dagrun for stock_pipeline to 2026-04-27 06:00:00+00:00, run_after=2026-04-28 06:00:00+00:00
[2026-04-27T18:35:56.547+0000] {processor.py:183} INFO - Processing /opt/airflow/dags/stock_pipeline_dag.py took 1.553 seconds
